[Seed] global random seed set to 4

[Ablation Mode] M0
[WidarDataset] loaded 5400 samples, gesture_map={'G01': 0, 'G02': 1, 'G03': 2, 'G04': 3, 'G05': 4, 'G06': 5}
[WidarDataset] loaded 1350 samples, gesture_map={'G01': 0, 'G02': 1, 'G03': 2, 'G04': 3, 'G05': 4, 'G06': 5}
[WidarDataset] loaded 5400 samples, gesture_map={'G01': 0, 'G02': 1, 'G03': 2, 'G04': 3, 'G05': 4, 'G06': 5}
Train set size: 5400 samples, 169 batches
Test set size:  1350 samples, 43 batches
Source eval size: 5400 samples

[Direction Sensitivity] Manual weights (dir_w=0.5): {0: 0.0, 1: 0.0, 2: 0.0, 3: 0.0, 4: 0.0, 5: 0.0}

======== ROUND 0 ========  [Ablation: M0]
==== M0 Baseline: CE Only ====
epoch            total_loss       cls_loss        
0                0.8359370232     0.8359370232    
1                0.3705130517     0.3705130517    
2                0.6259250641     0.6259250641    
3                0.4599981308     0.4599981308    
  Source acc: 0.938704  |  Target acc: 0.940000
  Best target acc: 0.940000

======== ROUND 1 ========  [Ablation: M0]
==== M0 Baseline: CE Only ====
epoch            total_loss       cls_loss        
0                0.1030895710     0.1030895710    
1                0.5567926764     0.5567926764    
2                0.4569790065     0.4569790065    
3                0.1544675380     0.1544675380    
  Source acc: 0.957222  |  Target acc: 0.923704
  Best target acc: 0.940000

======== ROUND 2 ========  [Ablation: M0]
==== M0 Baseline: CE Only ====
epoch            total_loss       cls_loss        
0                0.1545727849     0.1545727849    
1                0.1073238328     0.1073238328    
2                0.1076689363     0.1076689363    
3                0.4336841106     0.4336841106    
  Source acc: 0.970000  |  Target acc: 0.929630
  Best target acc: 0.940000

======== ROUND 3 ========  [Ablation: M0]
==== M0 Baseline: CE Only ====
epoch            total_loss       cls_loss        
0                0.2212520242     0.2212520242    
1                0.0885730013     0.0885730013    
2                0.1472424567     0.1472424567    
3                0.0168064870     0.0168064870    
  Source acc: 0.986296  |  Target acc: 0.962963
  Best target acc: 0.962963

======== ROUND 4 ========  [Ablation: M0]
==== M0 Baseline: CE Only ====
epoch            total_loss       cls_loss        
0                0.2938646972     0.2938646972    
1                0.0251454841     0.0251454841    
2                0.1262040734     0.1262040734    
3                0.1398772150     0.1398772150    
  Source acc: 0.990556  |  Target acc: 0.952593
  Best target acc: 0.962963

======== ROUND 5 ========  [Ablation: M0]
==== M0 Baseline: CE Only ====
epoch            total_loss       cls_loss        
0                0.1711963415     0.1711963415    
1                0.0235684160     0.0235684160    
2                0.0330883525     0.0330883525    
3                0.2822697461     0.2822697461    
  Source acc: 0.995741  |  Target acc: 0.957037
  Best target acc: 0.962963

======== ROUND 6 ========  [Ablation: M0]
==== M0 Baseline: CE Only ====
epoch            total_loss       cls_loss        
0                0.1256445497     0.1256445497    
1                0.1446921080     0.1446921080    
2                0.4274029434     0.4274029434    
3                0.5185360312     0.5185360312    
  Source acc: 0.979074  |  Target acc: 0.951852
  Best target acc: 0.962963

======== ROUND 7 ========  [Ablation: M0]
==== M0 Baseline: CE Only ====
epoch            total_loss       cls_loss        
0                0.0202408489     0.0202408489    
1                0.1808459163     0.1808459163    
2                0.0567539968     0.0567539968    
3                0.0666507855     0.0666507855    
  Source acc: 0.997407  |  Target acc: 0.971852
  Best target acc: 0.971852

======== ROUND 8 ========  [Ablation: M0]
==== M0 Baseline: CE Only ====
epoch            total_loss       cls_loss        
0                0.0220266078     0.0220266078    
1                0.0146302702     0.0146302702    
2                0.2244141102     0.2244141102    
3                0.0131420866     0.0131420866    
  Source acc: 0.995000  |  Target acc: 0.965185
  Best target acc: 0.971852

======== ROUND 9 ========  [Ablation: M0]
==== M0 Baseline: CE Only ====
epoch            total_loss       cls_loss        
0                0.3228623271     0.3228623271    
1                0.1689847708     0.1689847708    
2                0.1585197598     0.1585197598    
3                0.0803399086     0.0803399086    
  Source acc: 0.990000  |  Target acc: 0.944444
  Best target acc: 0.971852

======== ROUND 10 ========  [Ablation: M0]
==== M0 Baseline: CE Only ====
epoch            total_loss       cls_loss        
0                0.0116786286     0.0116786286    
1                0.0021371823     0.0021371823    
2                0.1073937714     0.1073937714    
3                0.0108221667     0.0108221667    
  Source acc: 1.000000  |  Target acc: 0.973333
  Best target acc: 0.973333

======== ROUND 11 ========  [Ablation: M0]
==== M0 Baseline: CE Only ====
epoch            total_loss       cls_loss        
0                0.0006100808     0.0006100808    
1                0.0240323190     0.0240323190    
2                0.0057005282     0.0057005282    
3                0.0098249195     0.0098249195    
  Source acc: 1.000000  |  Target acc: 0.977037
  Best target acc: 0.977037

======== ROUND 12 ========  [Ablation: M0]
==== M0 Baseline: CE Only ====
epoch            total_loss       cls_loss        
0                0.0010675364     0.0010675364    
1                0.0232823808     0.0232823808    
2                0.0007886691     0.0007886691    
3                0.0022612747     0.0022612747    
  Source acc: 1.000000  |  Target acc: 0.974074
  Best target acc: 0.977037

======== ROUND 13 ========  [Ablation: M0]
==== M0 Baseline: CE Only ====
epoch            total_loss       cls_loss        
0                0.0010338244     0.0010338244    
1                0.0620685108     0.0620685108    
2                0.1520645320     0.1520645320    
3                0.0024686656     0.0024686656    
  Source acc: 1.000000  |  Target acc: 0.971111
  Best target acc: 0.977037

======== ROUND 14 ========  [Ablation: M0]
==== M0 Baseline: CE Only ====
epoch            total_loss       cls_loss        
0                0.0149481073     0.0149481073    
1                0.0100599295     0.0100599295    
2                0.1502067894     0.1502067894    
3                0.0012632895     0.0012632895    
  Source acc: 1.000000  |  Target acc: 0.972593
  Best target acc: 0.977037

======== ROUND 15 ========  [Ablation: M0]
==== M0 Baseline: CE Only ====
epoch            total_loss       cls_loss        
0                0.0991973802     0.0991973802    
1                0.0127721978     0.0127721978    
2                0.0018693899     0.0018693899    
3                0.0006593171     0.0006593171    
  Source acc: 1.000000  |  Target acc: 0.978519
  Best target acc: 0.978519

======== ROUND 16 ========  [Ablation: M0]
==== M0 Baseline: CE Only ====
epoch            total_loss       cls_loss        
0                0.0035132233     0.0035132233    
1                0.0004721719     0.0004721719    
2                0.0018399678     0.0018399678    
3                0.0620607696     0.0620607696    
  Source acc: 1.000000  |  Target acc: 0.976296
  Best target acc: 0.978519

======== ROUND 17 ========  [Ablation: M0]
==== M0 Baseline: CE Only ====
epoch            total_loss       cls_loss        
0                0.0006842511     0.0006842511    
1                0.0020568797     0.0020568797    
2                0.0015804529     0.0015804529    
3                0.0018520952     0.0018520952    
  Source acc: 1.000000  |  Target acc: 0.972593
  Best target acc: 0.978519

======== ROUND 18 ========  [Ablation: M0]
==== M0 Baseline: CE Only ====
epoch            total_loss       cls_loss        
0                0.0017244612     0.0017244612    
1                0.2347774506     0.2347774506    
2                0.0005672420     0.0005672420    
3                0.0028420147     0.0028420147    
  Source acc: 1.000000  |  Target acc: 0.968148
  Best target acc: 0.978519

======== ROUND 19 ========  [Ablation: M0]
==== M0 Baseline: CE Only ====
epoch            total_loss       cls_loss        
0                0.0026713572     0.0026713572    
1                0.0016280450     0.0016280450    
2                0.0192993823     0.0192993823    
3                0.0647178218     0.0647178218    
  Source acc: 1.000000  |  Target acc: 0.976296
  Best target acc: 0.978519

======== ROUND 20 ========  [Ablation: M0]
==== M0 Baseline: CE Only ====
epoch            total_loss       cls_loss        
0                0.0011972963     0.0011972963    
1                0.0007283832     0.0007283832    
2                0.0006090595     0.0006090595    
3                0.0023537374     0.0023537374    
  Source acc: 1.000000  |  Target acc: 0.975556
  Best target acc: 0.978519

======== ROUND 21 ========  [Ablation: M0]
==== M0 Baseline: CE Only ====
epoch            total_loss       cls_loss        
0                0.0012594735     0.0012594735    
1                0.0020749399     0.0020749399    
2                0.0007780525     0.0007780525    
3                0.0007699018     0.0007699018    
  Source acc: 1.000000  |  Target acc: 0.976296
  Best target acc: 0.978519

======== ROUND 22 ========  [Ablation: M0]
==== M0 Baseline: CE Only ====
epoch            total_loss       cls_loss        
0                0.0009202315     0.0009202315    
1                0.0096354047     0.0096354047    
2                0.0007826188     0.0007826188    
3                0.0004049799     0.0004049799    
  Source acc: 1.000000  |  Target acc: 0.977778
  Best target acc: 0.978519

======== ROUND 23 ========  [Ablation: M0]
==== M0 Baseline: CE Only ====
epoch            total_loss       cls_loss        
0                0.0757833198     0.0757833198    
1                0.0009328746     0.0009328746    
2                0.0864768028     0.0864768028    
3                0.0009645692     0.0009645692    
  Source acc: 1.000000  |  Target acc: 0.978519
  Best target acc: 0.978519

======== ROUND 24 ========  [Ablation: M0]
==== M0 Baseline: CE Only ====
epoch            total_loss       cls_loss        
0                0.0040972368     0.0040972368    
1                0.0008377450     0.0008377450    
2                0.0003861326     0.0003861326    
3                0.0005829340     0.0005829340    
  Source acc: 1.000000  |  Target acc: 0.974815
  Best target acc: 0.978519

======== ROUND 25 ========  [Ablation: M0]
==== M0 Baseline: CE Only ====
epoch            total_loss       cls_loss        
0                0.0220627021     0.0220627021    
1                0.0011502759     0.0011502759    
2                0.0006825502     0.0006825502    
3                0.0005553013     0.0005553013    
  Source acc: 1.000000  |  Target acc: 0.974815
  Best target acc: 0.978519

======== ROUND 26 ========  [Ablation: M0]
==== M0 Baseline: CE Only ====
epoch            total_loss       cls_loss        
0                0.0015020360     0.0015020360    
1                0.0003055554     0.0003055554    
2                0.0011043368     0.0011043368    
3                0.0038902846     0.0038902846    
  Source acc: 1.000000  |  Target acc: 0.975556
  Best target acc: 0.978519

======== ROUND 27 ========  [Ablation: M0]
==== M0 Baseline: CE Only ====
epoch            total_loss       cls_loss        
0                0.0029960156     0.0029960156    
1                0.0009606047     0.0009606047    
2                0.0018653162     0.0018653162    
3                0.0009900100     0.0009900100    
  Source acc: 1.000000  |  Target acc: 0.975556
  Best target acc: 0.978519

======== ROUND 28 ========  [Ablation: M0]
==== M0 Baseline: CE Only ====
epoch            total_loss       cls_loss        
0                0.0005242641     0.0005242641    
1                0.0209374726     0.0209374726    
2                0.0005188278     0.0005188278    
3                0.0007753365     0.0007753365    
  Source acc: 1.000000  |  Target acc: 0.972593
  Best target acc: 0.978519

======== ROUND 29 ========  [Ablation: M0]
==== M0 Baseline: CE Only ====
epoch            total_loss       cls_loss        
0                0.0007090732     0.0007090732    
1                0.0004958268     0.0004958268    
2                0.0248873178     0.0248873178    
3                0.0004973234     0.0004973234    
  Source acc: 1.000000  |  Target acc: 0.974074
  Best target acc: 0.978519

======== ROUND 30 ========  [Ablation: M0]
==== M0 Baseline: CE Only ====
epoch            total_loss       cls_loss        
0                0.0008036692     0.0008036692    
1                0.0003608383     0.0003608383    
2                0.0003751928     0.0003751928    
3                0.0019309726     0.0019309726    
  Source acc: 1.000000  |  Target acc: 0.974815
  Best target acc: 0.978519

======== ROUND 31 ========  [Ablation: M0]
==== M0 Baseline: CE Only ====
epoch            total_loss       cls_loss        
0                0.0006141503     0.0006141503    
1                0.0008485077     0.0008485077    
2                0.0011900853     0.0011900853    
3                0.0151208779     0.0151208779    
  Source acc: 1.000000  |  Target acc: 0.975556
  Best target acc: 0.978519

======== ROUND 32 ========  [Ablation: M0]
==== M0 Baseline: CE Only ====
epoch            total_loss       cls_loss        
0                0.0010340876     0.0010340876    
1                0.0004550735     0.0004550735    
2                0.0011582848     0.0011582848    
3                0.0008995309     0.0008995309    
  Source acc: 1.000000  |  Target acc: 0.974074
  Best target acc: 0.978519

======== ROUND 33 ========  [Ablation: M0]
==== M0 Baseline: CE Only ====
epoch            total_loss       cls_loss        
0                0.0018613100     0.0018613100    
1                0.0018227532     0.0018227532    
2                0.0003168544     0.0003168544    
3                0.0015669024     0.0015669024    
  Source acc: 1.000000  |  Target acc: 0.975556
  Best target acc: 0.978519

======== ROUND 34 ========  [Ablation: M0]
==== M0 Baseline: CE Only ====
epoch            total_loss       cls_loss        
0                0.0008471813     0.0008471813    
1                0.0547415577     0.0547415577    
2                0.0013808178     0.0013808178    
3                0.0725520924     0.0725520924    
  Source acc: 1.000000  |  Target acc: 0.974815
  Best target acc: 0.978519

======== ROUND 35 ========  [Ablation: M0]
==== M0 Baseline: CE Only ====
epoch            total_loss       cls_loss        
0                0.0010766948     0.0010766948    
1                0.0012097367     0.0012097367    
2                0.0003971707     0.0003971707    
3                0.0005490287     0.0005490287    
  Source acc: 1.000000  |  Target acc: 0.974815
  Best target acc: 0.978519

======== ROUND 36 ========  [Ablation: M0]
==== M0 Baseline: CE Only ====
epoch            total_loss       cls_loss        
0                0.5391755104     0.5391755104    
1                0.0004508284     0.0004508284    
2                0.0003331779     0.0003331779    
3                0.0004032026     0.0004032026    
  Source acc: 1.000000  |  Target acc: 0.974815
  Best target acc: 0.978519

======== ROUND 37 ========  [Ablation: M0]
==== M0 Baseline: CE Only ====
epoch            total_loss       cls_loss        
0                0.0009024483     0.0009024483    
1                0.0003903774     0.0003903774    
2                0.0016565857     0.0016565857    
3                0.0006848449     0.0006848449    
  Source acc: 1.000000  |  Target acc: 0.974815
  Best target acc: 0.978519

======== ROUND 38 ========  [Ablation: M0]
==== M0 Baseline: CE Only ====
epoch            total_loss       cls_loss        
0                0.0012328090     0.0012328090    
1                0.0008584284     0.0008584284    
2                0.0022433840     0.0022433840    
3                0.0007378862     0.0007378862    
  Source acc: 1.000000  |  Target acc: 0.977778
  Best target acc: 0.978519

======== ROUND 39 ========  [Ablation: M0]
==== M0 Baseline: CE Only ====
epoch            total_loss       cls_loss        
0                0.0005649648     0.0005649648    
1                0.0012612115     0.0012612115    
2                0.0006833115     0.0006833115    
3                0.0011827511     0.0011827511    
  Source acc: 1.000000  |  Target acc: 0.975556
  Best target acc: 0.978519

======== ROUND 40 ========  [Ablation: M0]
==== M0 Baseline: CE Only ====
epoch            total_loss       cls_loss        
0                0.0004911654     0.0004911654    
1                0.0003091819     0.0003091819    
2                0.0208106749     0.0208106749    
3                0.0015842573     0.0015842573    
  Source acc: 1.000000  |  Target acc: 0.977037
  Best target acc: 0.978519

======== ROUND 41 ========  [Ablation: M0]
==== M0 Baseline: CE Only ====
epoch            total_loss       cls_loss        
0                0.0005402170     0.0005402170    
1                0.0005999785     0.0005999785    
2                0.0004272093     0.0004272093    
3                0.0009253836     0.0009253836    
  Source acc: 1.000000  |  Target acc: 0.974074
  Best target acc: 0.978519

======== ROUND 42 ========  [Ablation: M0]
==== M0 Baseline: CE Only ====
epoch            total_loss       cls_loss        
0                0.0007653960     0.0007653960    
1                0.0007222688     0.0007222688    
2                0.0025640873     0.0025640873    
3                0.0003871645     0.0003871645    
  Source acc: 1.000000  |  Target acc: 0.974074
  Best target acc: 0.978519

======== ROUND 43 ========  [Ablation: M0]
==== M0 Baseline: CE Only ====
epoch            total_loss       cls_loss        
0                0.0006509356     0.0006509356    
1                0.0027262673     0.0027262673    
2                0.0010468449     0.0010468449    
3                0.0019515618     0.0019515618    
  Source acc: 1.000000  |  Target acc: 0.973333
  Best target acc: 0.978519

======== ROUND 44 ========  [Ablation: M0]
==== M0 Baseline: CE Only ====
epoch            total_loss       cls_loss        
0                0.0035998251     0.0035998251    
1                0.0009867701     0.0009867701    
2                0.0008987740     0.0008987740    
3                0.0012168273     0.0012168273    
  Source acc: 1.000000  |  Target acc: 0.975556
  Best target acc: 0.978519

======== ROUND 45 ========  [Ablation: M0]
==== M0 Baseline: CE Only ====
epoch            total_loss       cls_loss        
0                0.0011498139     0.0011498139    
1                0.0002608174     0.0002608174    
2                0.0005326485     0.0005326485    
3                0.0044324924     0.0044324924    
  Source acc: 1.000000  |  Target acc: 0.974074
  Best target acc: 0.978519

======== ROUND 46 ========  [Ablation: M0]
==== M0 Baseline: CE Only ====
epoch            total_loss       cls_loss        
0                0.0026955756     0.0026955756    
1                0.0564338006     0.0564338006    
2                0.0006084128     0.0006084128    
3                0.0015060492     0.0015060492    
  Source acc: 1.000000  |  Target acc: 0.973333
  Best target acc: 0.978519

======== ROUND 47 ========  [Ablation: M0]
==== M0 Baseline: CE Only ====
epoch            total_loss       cls_loss        
0                0.0004559154     0.0004559154    
1                0.0006290436     0.0006290436    
2                0.0004578434     0.0004578434    
3                0.0016270834     0.0016270834    
  Source acc: 1.000000  |  Target acc: 0.975556
  Best target acc: 0.978519

======== ROUND 48 ========  [Ablation: M0]
==== M0 Baseline: CE Only ====
epoch            total_loss       cls_loss        
0                0.0615684800     0.0615684800    
1                0.0007870725     0.0007870725    
2                0.0384343378     0.0384343378    
3                0.0002961704     0.0002961704    
  Source acc: 1.000000  |  Target acc: 0.973333
  Best target acc: 0.978519

======== ROUND 49 ========  [Ablation: M0]
==== M0 Baseline: CE Only ====
epoch            total_loss       cls_loss        
0                0.0003810170     0.0003810170    
1                0.0022149591     0.0022149591    
2                0.0004515012     0.0004515012    
3                0.0339170992     0.0339170992    
  Source acc: 1.000000  |  Target acc: 0.974074
  Best target acc: 0.978519
[ConfMatrix] saved to log/abl_widar1ap_cross_loc_M0_s4 (cm shape=(6, 6))

Results saved to log/abl_widar1ap_cross_loc_M0_s4
acc.txt: log/abl_widar1ap_cross_loc_M0_s4/acc.txt
bestacc.txt: log/abl_widar1ap_cross_loc_M0_s4/bestacc.txt
