[Seed] global random seed set to 0

[Ablation Mode] M2
[XRF55 cross_env] Train scenes: [1, 2, 3], Test scene: 4
[XRF55Dataset] loaded 5760 samples from 3 dirs
[XRF55Dataset] loaded 480 samples from 1 dirs
[XRF55Dataset] loaded 5760 samples from 3 dirs
Train set size: 5760 samples, 180 batches
Test set size:  480 samples, 15 batches
Source eval size: 5760 samples

[Direction Sensitivity] Manual weights (dir_w=0.5): {0: 0.0, 1: 0.5, 2: 0.5, 3: 0.5, 4: 0.5, 5: 0.5, 6: 0.5, 7: 0.5}

======== ROUND 0 ========  [Ablation: M2]
==== Stage 1: SupCon Pre-training ====
epoch            total_loss       cls_loss         supcon_loss     
0                4.3279390335     1.1824959517     6.2908859253    
1                3.9530453682     0.9622485638     5.9815936089    
==== Stage 2: SKIPPED (M2 ablation) ====
  Random domain assignment: Counter({1: 1940, 0: 1931, 2: 1889})
==== Stage 3: Domain-invariant + HardNCE ====
epoch            total_loss       cls_loss         dis_loss         hard_loss       
0                2.3766427040     1.0903385878     1.0676093102     0.7289825678    
  Source acc: 0.710590  |  Target acc: 0.516667
  Best target acc: 0.516667

======== ROUND 1 ========  [Ablation: M2]
==== Stage 1: SupCon Pre-training ====
epoch            total_loss       cls_loss         supcon_loss     
0                3.5381283760     0.5906925797     5.8948717117    
1                3.2952466011     0.4351103306     5.7202725410    
==== Stage 2: SKIPPED (M2 ablation) ====
  Random domain assignment: Counter({1: 2013, 0: 1882, 2: 1865})
==== Stage 3: Domain-invariant + HardNCE ====
epoch            total_loss       cls_loss         dis_loss         hard_loss       
0                1.8013620377     0.4808318019     1.0859334469     0.7819890380    
  Source acc: 0.826042  |  Target acc: 0.558333
  Best target acc: 0.558333

======== ROUND 2 ========  [Ablation: M2]
==== Stage 1: SupCon Pre-training ====
epoch            total_loss       cls_loss         supcon_loss     
0                2.9599642754     0.3125342429     5.2948598862    
1                2.8772692680     0.1978107989     5.3589167595    
==== Stage 2: SKIPPED (M2 ablation) ====
  Random domain assignment: Counter({2: 1971, 0: 1945, 1: 1844})
==== Stage 3: Domain-invariant + HardNCE ====
epoch            total_loss       cls_loss         dis_loss         hard_loss       
0                1.5690751076     0.2451628447     1.0694727898     0.8481315374    
  Source acc: 0.958854  |  Target acc: 0.702083
  Best target acc: 0.702083

======== ROUND 3 ========  [Ablation: M2]
==== Stage 1: SupCon Pre-training ====
epoch            total_loss       cls_loss        
0                0.5306597948     0.5306597948    
1                0.3401769698     0.3401769698    
==== Stage 2: SKIPPED (M2 ablation) ====
  Random domain assignment: Counter({0: 1937, 2: 1925, 1: 1898})
==== Stage 3: Domain-invariant + HardNCE ====
epoch            total_loss       cls_loss         dis_loss         hard_loss       
0                1.8480799198     0.5377965569     1.0962957144     0.7132920623    
  Source acc: 0.959028  |  Target acc: 0.720833
  Best target acc: 0.720833

======== ROUND 4 ========  [Ablation: M2]
==== Stage 1: SupCon Pre-training ====
epoch            total_loss       cls_loss        
0                0.1326710880     0.1326710880    
1                0.2072663009     0.2072663009    
==== Stage 2: SKIPPED (M2 ablation) ====
  Random domain assignment: Counter({1: 1983, 0: 1896, 2: 1881})
==== Stage 3: Domain-invariant + HardNCE ====
epoch            total_loss       cls_loss         dis_loss         hard_loss       
0                1.3576515913     0.1000186950     1.0299866199     0.7588206530    
  Source acc: 0.990104  |  Target acc: 0.735417
  Best target acc: 0.735417

======== ROUND 5 ========  [Ablation: M2]
==== Stage 1: SupCon Pre-training ====
epoch            total_loss       cls_loss        
0                0.1796513796     0.1796513796    
1                0.1014479846     0.1014479846    
==== Stage 2: SKIPPED (M2 ablation) ====
  Random domain assignment: Counter({2: 1936, 0: 1922, 1: 1902})
==== Stage 3: Domain-invariant + HardNCE ====
epoch            total_loss       cls_loss         dis_loss         hard_loss       
0                1.5210098028     0.1208788306     1.1685233116     0.7720254660    
  Source acc: 0.988368  |  Target acc: 0.706250
  Best target acc: 0.735417

======== ROUND 6 ========  [Ablation: M2]
==== Stage 1: SupCon Pre-training ====
epoch            total_loss       cls_loss        
0                0.2405905128     0.2405905128    
1                0.1904336512     0.1904336512    
==== Stage 2: SKIPPED (M2 ablation) ====
  Random domain assignment: Counter({1: 1965, 0: 1925, 2: 1870})
==== Stage 3: Domain-invariant + HardNCE ====
epoch            total_loss       cls_loss         dis_loss         hard_loss       
0                1.3628004789     0.0508421436     1.1050939560     0.6895478964    
  Source acc: 0.984722  |  Target acc: 0.654167
  Best target acc: 0.735417

======== ROUND 7 ========  [Ablation: M2]
==== Stage 1: SupCon Pre-training ====
epoch            total_loss       cls_loss        
0                0.2009974420     0.2009974420    
1                0.1187691614     0.1187691614    
==== Stage 2: SKIPPED (M2 ablation) ====
  Random domain assignment: Counter({2: 1978, 0: 1911, 1: 1871})
==== Stage 3: Domain-invariant + HardNCE ====
epoch            total_loss       cls_loss         dis_loss         hard_loss       
0                1.4935036898     0.1626190245     1.1134542227     0.7247682810    
  Source acc: 0.990972  |  Target acc: 0.704167
  Best target acc: 0.735417

======== ROUND 8 ========  [Ablation: M2]
==== Stage 1: SupCon Pre-training ====
epoch            total_loss       cls_loss        
0                0.1783250868     0.1783250868    
1                0.1560626328     0.1560626328    
==== Stage 2: SKIPPED (M2 ablation) ====
  Random domain assignment: Counter({2: 1947, 0: 1915, 1: 1898})
==== Stage 3: Domain-invariant + HardNCE ====
epoch            total_loss       cls_loss         dis_loss         hard_loss       
0                1.6190183163     0.3348251879     1.0773328543     0.6895343065    
  Source acc: 0.997396  |  Target acc: 0.700000
  Best target acc: 0.735417

======== ROUND 9 ========  [Ablation: M2]
==== Stage 1: SupCon Pre-training ====
epoch            total_loss       cls_loss        
0                0.0513613820     0.0513613820    
1                0.4250417352     0.4250417352    
==== Stage 2: SKIPPED (M2 ablation) ====
  Random domain assignment: Counter({2: 1957, 1: 1913, 0: 1890})
==== Stage 3: Domain-invariant + HardNCE ====
epoch            total_loss       cls_loss         dis_loss         hard_loss       
0                1.5872982740     0.2711513937     1.1072812080     0.6962189078    
  Source acc: 0.993750  |  Target acc: 0.706250
  Best target acc: 0.735417

======== ROUND 10 ========  [Ablation: M2]
==== Stage 1: SupCon Pre-training ====
epoch            total_loss       cls_loss        
0                0.2223275602     0.2223275602    
1                0.2553243637     0.2553243637    
==== Stage 2: SKIPPED (M2 ablation) ====
  Random domain assignment: Counter({0: 1935, 1: 1921, 2: 1904})
==== Stage 3: Domain-invariant + HardNCE ====
epoch            total_loss       cls_loss         dis_loss         hard_loss       
0                1.3150737286     0.0305306949     1.0694363117     0.7170224190    
  Source acc: 1.000000  |  Target acc: 0.739583
  Best target acc: 0.739583

======== ROUND 11 ========  [Ablation: M2]
==== Stage 1: SupCon Pre-training ====
epoch            total_loss       cls_loss        
0                0.0324503221     0.0324503221    
1                0.1211470962     0.1211470962    
==== Stage 2: SKIPPED (M2 ablation) ====
  Random domain assignment: Counter({0: 1932, 1: 1928, 2: 1900})
==== Stage 3: Domain-invariant + HardNCE ====
epoch            total_loss       cls_loss         dis_loss         hard_loss       
0                1.3222659826     0.0539833903     1.0814794302     0.6226773262    
  Source acc: 1.000000  |  Target acc: 0.731250
  Best target acc: 0.739583

======== ROUND 12 ========  [Ablation: M2]
==== Stage 1: SupCon Pre-training ====
epoch            total_loss       cls_loss        
0                0.0058445609     0.0058445609    
1                0.0233680476     0.0233680476    
==== Stage 2: SKIPPED (M2 ablation) ====
  Random domain assignment: Counter({0: 1945, 2: 1909, 1: 1906})
==== Stage 3: Domain-invariant + HardNCE ====
epoch            total_loss       cls_loss         dis_loss         hard_loss       
0                1.3706866503     0.0414190702     1.1375309229     0.6391224265    
  Source acc: 1.000000  |  Target acc: 0.741667
  Best target acc: 0.741667

======== ROUND 13 ========  [Ablation: M2]
==== Stage 1: SupCon Pre-training ====
epoch            total_loss       cls_loss        
0                0.0093617607     0.0093617607    
1                0.0032000258     0.0032000258    
==== Stage 2: SKIPPED (M2 ablation) ====
  Random domain assignment: Counter({0: 1950, 2: 1942, 1: 1868})
==== Stage 3: Domain-invariant + HardNCE ====
epoch            total_loss       cls_loss         dis_loss         hard_loss       
0                1.3368496895     0.0388393179     1.1198605299     0.5938326716    
  Source acc: 1.000000  |  Target acc: 0.722917
  Best target acc: 0.741667

======== ROUND 14 ========  [Ablation: M2]
==== Stage 1: SupCon Pre-training ====
epoch            total_loss       cls_loss        
0                0.0872237235     0.0872237235    
1                0.0109859565     0.0109859565    
==== Stage 2: SKIPPED (M2 ablation) ====
  Random domain assignment: Counter({1: 1952, 2: 1918, 0: 1890})
==== Stage 3: Domain-invariant + HardNCE ====
epoch            total_loss       cls_loss         dis_loss         hard_loss       
0                1.2977988720     0.0089799687     1.1214358807     0.5579435229    
  Source acc: 1.000000  |  Target acc: 0.727083
  Best target acc: 0.741667

======== ROUND 15 ========  [Ablation: M2]
==== Stage 1: SupCon Pre-training ====
epoch            total_loss       cls_loss        
0                0.0104272496     0.0104272496    
1                0.0456117839     0.0456117839    
==== Stage 2: SKIPPED (M2 ablation) ====
  Random domain assignment: Counter({0: 1951, 1: 1928, 2: 1881})
==== Stage 3: Domain-invariant + HardNCE ====
epoch            total_loss       cls_loss         dis_loss         hard_loss       
0                1.3002263308     0.0290235057     1.0812115669     0.6333039999    
  Source acc: 1.000000  |  Target acc: 0.733333
  Best target acc: 0.741667

======== ROUND 16 ========  [Ablation: M2]
==== Stage 1: SupCon Pre-training ====
epoch            total_loss       cls_loss        
0                0.0516227856     0.0516227856    
1                0.0047161588     0.0047161588    
==== Stage 2: SKIPPED (M2 ablation) ====
  Random domain assignment: Counter({1: 1936, 0: 1916, 2: 1908})
==== Stage 3: Domain-invariant + HardNCE ====
epoch            total_loss       cls_loss         dis_loss         hard_loss       
0                1.2934775352     0.0177362673     1.1003204584     0.5847356319    
  Source acc: 1.000000  |  Target acc: 0.727083
  Best target acc: 0.741667

======== ROUND 17 ========  [Ablation: M2]
==== Stage 1: SupCon Pre-training ====
epoch            total_loss       cls_loss        
0                0.0115876626     0.0115876626    
1                0.0213924032     0.0213924032    
==== Stage 2: SKIPPED (M2 ablation) ====
  Random domain assignment: Counter({0: 1965, 1: 1937, 2: 1858})
==== Stage 3: Domain-invariant + HardNCE ====
epoch            total_loss       cls_loss         dis_loss         hard_loss       
0                1.3284751177     0.0747165307     1.0788491964     0.5830311179    
  Source acc: 1.000000  |  Target acc: 0.725000
  Best target acc: 0.741667

======== ROUND 18 ========  [Ablation: M2]
==== Stage 1: SupCon Pre-training ====
epoch            total_loss       cls_loss        
0                0.0048577348     0.0048577348    
1                0.0209408700     0.0209408700    
==== Stage 2: SKIPPED (M2 ablation) ====
  Random domain assignment: Counter({2: 1955, 0: 1919, 1: 1886})
==== Stage 3: Domain-invariant + HardNCE ====
epoch            total_loss       cls_loss         dis_loss         hard_loss       
0                1.3175966740     0.0144105647     1.1297048330     0.5782706141    
  Source acc: 1.000000  |  Target acc: 0.722917
  Best target acc: 0.741667

======== ROUND 19 ========  [Ablation: M2]
==== Stage 1: SupCon Pre-training ====
epoch            total_loss       cls_loss        
0                0.0030250340     0.0030250340    
1                0.0565623119     0.0565623119    
==== Stage 2: SKIPPED (M2 ablation) ====
  Random domain assignment: Counter({1: 1969, 0: 1933, 2: 1858})
==== Stage 3: Domain-invariant + HardNCE ====
epoch            total_loss       cls_loss         dis_loss         hard_loss       
0                1.2940242290     0.0102677494     1.1273137331     0.5214756727    
  Source acc: 1.000000  |  Target acc: 0.731250
  Best target acc: 0.741667

======== ROUND 20 ========  [Ablation: M2]
==== Stage 1: SupCon Pre-training ====
epoch            total_loss       cls_loss        
0                0.0135861682     0.0135861682    
1                0.0069934428     0.0069934428    
==== Stage 2: SKIPPED (M2 ablation) ====
  Random domain assignment: Counter({2: 1981, 0: 1907, 1: 1872})
==== Stage 3: Domain-invariant + HardNCE ====
epoch            total_loss       cls_loss         dis_loss         hard_loss       
0                1.3249154091     0.0410494171     1.1181783676     0.5522920489    
  Source acc: 1.000000  |  Target acc: 0.733333
  Best target acc: 0.741667

======== ROUND 21 ========  [Ablation: M2]
==== Stage 1: SupCon Pre-training ====
epoch            total_loss       cls_loss        
0                0.0062017334     0.0062017334    
1                0.0040720068     0.0040720068    
==== Stage 2: SKIPPED (M2 ablation) ====
  Random domain assignment: Counter({0: 1960, 1: 1927, 2: 1873})
==== Stage 3: Domain-invariant + HardNCE ====
epoch            total_loss       cls_loss         dis_loss         hard_loss       
0                1.2772643566     0.0336452164     1.0740023851     0.5653889775    
  Source acc: 1.000000  |  Target acc: 0.737500
  Best target acc: 0.741667

======== ROUND 22 ========  [Ablation: M2]
==== Stage 1: SupCon Pre-training ====
epoch            total_loss       cls_loss        
0                0.0042095971     0.0042095971    
1                0.0106855445     0.0106855445    
==== Stage 2: SKIPPED (M2 ablation) ====
  Random domain assignment: Counter({2: 1925, 0: 1923, 1: 1912})
==== Stage 3: Domain-invariant + HardNCE ====
epoch            total_loss       cls_loss         dis_loss         hard_loss       
0                1.2799067497     0.0101046376     1.1082751751     0.5384229422    
  Source acc: 1.000000  |  Target acc: 0.735417
  Best target acc: 0.741667

======== ROUND 23 ========  [Ablation: M2]
==== Stage 1: SupCon Pre-training ====
epoch            total_loss       cls_loss        
0                0.0382234603     0.0382234603    
1                0.0451884530     0.0451884530    
==== Stage 2: SKIPPED (M2 ablation) ====
  Random domain assignment: Counter({0: 1933, 2: 1930, 1: 1897})
==== Stage 3: Domain-invariant + HardNCE ====
epoch            total_loss       cls_loss         dis_loss         hard_loss       
0                1.3190023899     0.0108159296     1.1258593798     0.6077567935    
  Source acc: 1.000000  |  Target acc: 0.735417
  Best target acc: 0.741667

======== ROUND 24 ========  [Ablation: M2]
==== Stage 1: SupCon Pre-training ====
epoch            total_loss       cls_loss        
0                0.0122163668     0.0122163668    
1                0.0078949258     0.0078949258    
==== Stage 2: SKIPPED (M2 ablation) ====
  Random domain assignment: Counter({1: 1944, 2: 1916, 0: 1900})
==== Stage 3: Domain-invariant + HardNCE ====
epoch            total_loss       cls_loss         dis_loss         hard_loss       
0                1.3113305569     0.0108110607     1.1071525812     0.6445561647    
  Source acc: 1.000000  |  Target acc: 0.729167
  Best target acc: 0.741667

======== ROUND 25 ========  [Ablation: M2]
==== Stage 1: SupCon Pre-training ====
epoch            total_loss       cls_loss        
0                0.0448319018     0.0448319018    
1                0.0020044819     0.0020044819    
==== Stage 2: SKIPPED (M2 ablation) ====
  Random domain assignment: Counter({2: 1933, 1: 1925, 0: 1902})
==== Stage 3: Domain-invariant + HardNCE ====
epoch            total_loss       cls_loss         dis_loss         hard_loss       
0                1.2490643263     0.0063604298     1.0716683865     0.5701183081    
  Source acc: 1.000000  |  Target acc: 0.737500
  Best target acc: 0.741667

======== ROUND 26 ========  [Ablation: M2]
==== Stage 1: SupCon Pre-training ====
epoch            total_loss       cls_loss        
0                0.0498444438     0.0498444438    
1                0.0014721998     0.0014721998    
==== Stage 2: SKIPPED (M2 ablation) ====
  Random domain assignment: Counter({1: 1947, 0: 1938, 2: 1875})
==== Stage 3: Domain-invariant + HardNCE ====
epoch            total_loss       cls_loss         dis_loss         hard_loss       
0                1.4016590118     0.0967850164     1.1182832718     0.6219687462    
  Source acc: 1.000000  |  Target acc: 0.729167
  Best target acc: 0.741667

======== ROUND 27 ========  [Ablation: M2]
==== Stage 1: SupCon Pre-training ====
epoch            total_loss       cls_loss        
0                0.0025584528     0.0025584528    
1                0.0081179626     0.0081179626    
==== Stage 2: SKIPPED (M2 ablation) ====
  Random domain assignment: Counter({2: 1949, 1: 1923, 0: 1888})
==== Stage 3: Domain-invariant + HardNCE ====
epoch            total_loss       cls_loss         dis_loss         hard_loss       
0                1.3257416487     0.0272785816     1.1118270159     0.6221204400    
  Source acc: 1.000000  |  Target acc: 0.741667
  Best target acc: 0.741667

======== ROUND 28 ========  [Ablation: M2]
==== Stage 1: SupCon Pre-training ====
epoch            total_loss       cls_loss        
0                0.0034604790     0.0034604790    
1                0.0027060667     0.0027060667    
==== Stage 2: SKIPPED (M2 ablation) ====
  Random domain assignment: Counter({1: 1965, 2: 1947, 0: 1848})
==== Stage 3: Domain-invariant + HardNCE ====
epoch            total_loss       cls_loss         dis_loss         hard_loss       
0                1.3046115637     0.0309430193     1.0912189484     0.6081652045    
  Source acc: 1.000000  |  Target acc: 0.739583
  Best target acc: 0.741667

======== ROUND 29 ========  [Ablation: M2]
==== Stage 1: SupCon Pre-training ====
epoch            total_loss       cls_loss        
0                0.1147346795     0.1147346795    
1                0.0019899339     0.0019899339    
==== Stage 2: SKIPPED (M2 ablation) ====
  Random domain assignment: Counter({1: 1989, 0: 1903, 2: 1868})
==== Stage 3: Domain-invariant + HardNCE ====
epoch            total_loss       cls_loss         dis_loss         hard_loss       
0                1.3256255388     0.0100441277     1.1385008097     0.5902687907    
  Source acc: 1.000000  |  Target acc: 0.725000
  Best target acc: 0.741667

======== ROUND 30 ========  [Ablation: M2]
==== Stage 1: SupCon Pre-training ====
epoch            total_loss       cls_loss        
0                0.0023529932     0.0023529932    
1                0.0044877250     0.0044877250    
==== Stage 2: SKIPPED (M2 ablation) ====
  Random domain assignment: Counter({2: 2011, 0: 1881, 1: 1868})
==== Stage 3: Domain-invariant + HardNCE ====
epoch            total_loss       cls_loss         dis_loss         hard_loss       
0                1.3294111490     0.0422588177     1.1189056635     0.5608221889    
  Source acc: 1.000000  |  Target acc: 0.735417
  Best target acc: 0.741667

======== ROUND 31 ========  [Ablation: M2]
==== Stage 1: SupCon Pre-training ====
epoch            total_loss       cls_loss        
0                0.0060037998     0.0060037998    
1                0.0077916719     0.0077916719    
==== Stage 2: SKIPPED (M2 ablation) ====
  Random domain assignment: Counter({2: 1955, 1: 1950, 0: 1855})
==== Stage 3: Domain-invariant + HardNCE ====
epoch            total_loss       cls_loss         dis_loss         hard_loss       
0                1.2650289536     0.0130621213     1.0985974073     0.5112311840    
  Source acc: 1.000000  |  Target acc: 0.735417
  Best target acc: 0.741667

======== ROUND 32 ========  [Ablation: M2]
==== Stage 1: SupCon Pre-training ====
epoch            total_loss       cls_loss        
0                0.0023069272     0.0023069272    
1                0.0018266254     0.0018266254    
==== Stage 2: SKIPPED (M2 ablation) ====
  Random domain assignment: Counter({0: 1939, 2: 1933, 1: 1888})
==== Stage 3: Domain-invariant + HardNCE ====
epoch            total_loss       cls_loss         dis_loss         hard_loss       
0                1.3847591877     0.1140118614     1.0942016840     0.5884855986    
  Source acc: 1.000000  |  Target acc: 0.733333
  Best target acc: 0.741667

======== ROUND 33 ========  [Ablation: M2]
==== Stage 1: SupCon Pre-training ====
epoch            total_loss       cls_loss        
0                0.0048102294     0.0048102294    
1                0.0213213973     0.0213213973    
==== Stage 2: SKIPPED (M2 ablation) ====
  Random domain assignment: Counter({1: 1943, 0: 1920, 2: 1897})
==== Stage 3: Domain-invariant + HardNCE ====
epoch            total_loss       cls_loss         dis_loss         hard_loss       
0                1.2675671577     0.0087075923     1.0905710459     0.5609613657    
  Source acc: 1.000000  |  Target acc: 0.733333
  Best target acc: 0.741667

======== ROUND 34 ========  [Ablation: M2]
==== Stage 1: SupCon Pre-training ====
epoch            total_loss       cls_loss        
0                0.0039906856     0.0039906856    
1                0.0025944868     0.0025944868    
==== Stage 2: SKIPPED (M2 ablation) ====
  Random domain assignment: Counter({1: 1932, 0: 1923, 2: 1905})
==== Stage 3: Domain-invariant + HardNCE ====
epoch            total_loss       cls_loss         dis_loss         hard_loss       
0                1.2976354361     0.0294824131     1.1020590067     0.5536468029    
  Source acc: 1.000000  |  Target acc: 0.743750
  Best target acc: 0.743750

======== ROUND 35 ========  [Ablation: M2]
==== Stage 1: SupCon Pre-training ====
epoch            total_loss       cls_loss        
0                0.0166486856     0.0166486856    
1                0.0012075776     0.0012075776    
==== Stage 2: SKIPPED (M2 ablation) ====
  Random domain assignment: Counter({0: 1964, 2: 1932, 1: 1864})
==== Stage 3: Domain-invariant + HardNCE ====
epoch            total_loss       cls_loss         dis_loss         hard_loss       
0                1.2784826756     0.0217156447     1.0865508318     0.5673873425    
  Source acc: 1.000000  |  Target acc: 0.733333
  Best target acc: 0.743750

======== ROUND 36 ========  [Ablation: M2]
==== Stage 1: SupCon Pre-training ====
epoch            total_loss       cls_loss        
0                0.0080550564     0.0080550564    
1                0.0025842804     0.0025842804    
==== Stage 2: SKIPPED (M2 ablation) ====
  Random domain assignment: Counter({1: 1947, 2: 1921, 0: 1892})
==== Stage 3: Domain-invariant + HardNCE ====
epoch            total_loss       cls_loss         dis_loss         hard_loss       
0                1.2275145054     0.0043419190     1.0633388758     0.5327787399    
  Source acc: 1.000000  |  Target acc: 0.729167
  Best target acc: 0.743750

======== ROUND 37 ========  [Ablation: M2]
==== Stage 1: SupCon Pre-training ====
epoch            total_loss       cls_loss        
0                0.0071510514     0.0071510514    
1                0.0040164846     0.0040164846    
==== Stage 2: SKIPPED (M2 ablation) ====
  Random domain assignment: Counter({0: 1977, 2: 1925, 1: 1858})
==== Stage 3: Domain-invariant + HardNCE ====
epoch            total_loss       cls_loss         dis_loss         hard_loss       
0                1.2849646807     0.0065403311     1.1018909216     0.5884448290    
  Source acc: 1.000000  |  Target acc: 0.733333
  Best target acc: 0.743750

======== ROUND 38 ========  [Ablation: M2]
==== Stage 1: SupCon Pre-training ====
epoch            total_loss       cls_loss        
0                0.0017095174     0.0017095174    
1                0.0052035013     0.0052035013    
==== Stage 2: SKIPPED (M2 ablation) ====
  Random domain assignment: Counter({1: 1935, 2: 1913, 0: 1912})
==== Stage 3: Domain-invariant + HardNCE ====
epoch            total_loss       cls_loss         dis_loss         hard_loss       
0                1.2709912062     0.0089244349     1.1058727503     0.5206465125    
  Source acc: 1.000000  |  Target acc: 0.733333
  Best target acc: 0.743750

======== ROUND 39 ========  [Ablation: M2]
==== Stage 1: SupCon Pre-training ====
epoch            total_loss       cls_loss        
0                0.0059020091     0.0059020091    
1                0.0015925206     0.0015925206    
==== Stage 2: SKIPPED (M2 ablation) ====
  Random domain assignment: Counter({1: 1938, 0: 1926, 2: 1896})
==== Stage 3: Domain-invariant + HardNCE ====
epoch            total_loss       cls_loss         dis_loss         hard_loss       
0                1.3079020977     0.0123445112     1.1154272556     0.6004344225    
  Source acc: 1.000000  |  Target acc: 0.731250
  Best target acc: 0.743750

======== ROUND 40 ========  [Ablation: M2]
==== Stage 1: SupCon Pre-training ====
epoch            total_loss       cls_loss        
0                0.0806271657     0.0806271657    
1                0.0337119550     0.0337119550    
==== Stage 2: SKIPPED (M2 ablation) ====
  Random domain assignment: Counter({1: 1998, 0: 1903, 2: 1859})
==== Stage 3: Domain-invariant + HardNCE ====
epoch            total_loss       cls_loss         dis_loss         hard_loss       
0                1.3068270683     0.0342723876     1.0856608152     0.6229792833    
  Source acc: 1.000000  |  Target acc: 0.737500
  Best target acc: 0.743750

======== ROUND 41 ========  [Ablation: M2]
==== Stage 1: SupCon Pre-training ====
epoch            total_loss       cls_loss        
0                0.0025147160     0.0025147160    
1                0.0085716583     0.0085716583    
==== Stage 2: SKIPPED (M2 ablation) ====
  Random domain assignment: Counter({0: 1992, 2: 1885, 1: 1883})
==== Stage 3: Domain-invariant + HardNCE ====
epoch            total_loss       cls_loss         dis_loss         hard_loss       
0                1.2937886715     0.0302680805     1.0966448784     0.5562524796    
  Source acc: 1.000000  |  Target acc: 0.727083
  Best target acc: 0.743750

======== ROUND 42 ========  [Ablation: M2]
==== Stage 1: SupCon Pre-training ====
epoch            total_loss       cls_loss        
0                0.0068955310     0.0068955310    
1                0.0190867446     0.0190867446    
==== Stage 2: SKIPPED (M2 ablation) ====
  Random domain assignment: Counter({2: 1936, 1: 1924, 0: 1900})
==== Stage 3: Domain-invariant + HardNCE ====
epoch            total_loss       cls_loss         dis_loss         hard_loss       
0                1.3657114506     0.0696339533     1.1217234135     0.5811803341    
  Source acc: 1.000000  |  Target acc: 0.733333
  Best target acc: 0.743750

======== ROUND 43 ========  [Ablation: M2]
==== Stage 1: SupCon Pre-training ====
epoch            total_loss       cls_loss        
0                0.0019997328     0.0019997328    
1                0.0421101227     0.0421101227    
==== Stage 2: SKIPPED (M2 ablation) ====
  Random domain assignment: Counter({1: 1960, 2: 1928, 0: 1872})
==== Stage 3: Domain-invariant + HardNCE ====
epoch            total_loss       cls_loss         dis_loss         hard_loss       
0                1.3185617924     0.0126670785     1.1498856544     0.5200303197    
  Source acc: 1.000000  |  Target acc: 0.729167
  Best target acc: 0.743750

======== ROUND 44 ========  [Ablation: M2]
==== Stage 1: SupCon Pre-training ====
epoch            total_loss       cls_loss        
0                0.0153314602     0.0153314602    
1                0.0024511563     0.0024511563    
==== Stage 2: SKIPPED (M2 ablation) ====
  Random domain assignment: Counter({1: 1932, 2: 1918, 0: 1910})
==== Stage 3: Domain-invariant + HardNCE ====
epoch            total_loss       cls_loss         dis_loss         hard_loss       
0                1.2819255590     0.0042304546     1.0970115662     0.6022782326    
  Source acc: 1.000000  |  Target acc: 0.722917
  Best target acc: 0.743750

======== ROUND 45 ========  [Ablation: M2]
==== Stage 1: SupCon Pre-training ====
epoch            total_loss       cls_loss        
0                0.0012291179     0.0012291179    
1                0.0196135845     0.0196135845    
==== Stage 2: SKIPPED (M2 ablation) ====
  Random domain assignment: Counter({0: 1978, 1: 1895, 2: 1887})
==== Stage 3: Domain-invariant + HardNCE ====
epoch            total_loss       cls_loss         dis_loss         hard_loss       
0                1.2613778114     0.0038353712     1.0900807381     0.5582060218    
  Source acc: 1.000000  |  Target acc: 0.731250
  Best target acc: 0.743750

======== ROUND 46 ========  [Ablation: M2]
==== Stage 1: SupCon Pre-training ====
epoch            total_loss       cls_loss        
0                0.0074500013     0.0074500013    
1                0.0092139496     0.0092139496    
==== Stage 2: SKIPPED (M2 ablation) ====
  Random domain assignment: Counter({0: 1964, 1: 1905, 2: 1891})
==== Stage 3: Domain-invariant + HardNCE ====
epoch            total_loss       cls_loss         dis_loss         hard_loss       
0                1.2916607857     0.0171640739     1.1012141705     0.5776082277    
  Source acc: 1.000000  |  Target acc: 0.737500
  Best target acc: 0.743750

======== ROUND 47 ========  [Ablation: M2]
==== Stage 1: SupCon Pre-training ====
epoch            total_loss       cls_loss        
0                0.0227422528     0.0227422528    
1                0.0046996581     0.0046996581    
==== Stage 2: SKIPPED (M2 ablation) ====
  Random domain assignment: Counter({0: 1946, 1: 1920, 2: 1894})
==== Stage 3: Domain-invariant + HardNCE ====
epoch            total_loss       cls_loss         dis_loss         hard_loss       
0                1.2578043938     0.0066903685     1.0935581923     0.5251862407    
  Source acc: 1.000000  |  Target acc: 0.729167
  Best target acc: 0.743750

======== ROUND 48 ========  [Ablation: M2]
==== Stage 1: SupCon Pre-training ====
epoch            total_loss       cls_loss        
0                0.0077176252     0.0077176252    
1                0.0046854932     0.0046854932    
==== Stage 2: SKIPPED (M2 ablation) ====
  Random domain assignment: Counter({1: 1933, 2: 1923, 0: 1904})
==== Stage 3: Domain-invariant + HardNCE ====
epoch            total_loss       cls_loss         dis_loss         hard_loss       
0                1.2768466473     0.0155951995     1.0938625336     0.5579631925    
  Source acc: 1.000000  |  Target acc: 0.727083
  Best target acc: 0.743750

======== ROUND 49 ========  [Ablation: M2]
==== Stage 1: SupCon Pre-training ====
epoch            total_loss       cls_loss        
0                0.0019774279     0.0019774279    
1                0.0081364922     0.0081364922    
==== Stage 2: SKIPPED (M2 ablation) ====
  Random domain assignment: Counter({2: 1927, 0: 1922, 1: 1911})
==== Stage 3: Domain-invariant + HardNCE ====
epoch            total_loss       cls_loss         dis_loss         hard_loss       
0                1.3033604622     0.0086652711     1.1333127022     0.5379413366    
  Source acc: 1.000000  |  Target acc: 0.735417
  Best target acc: 0.743750
[ConfMatrix] saved to log/abl_xrf_cross_env_M2_s0 (cm shape=(8, 8))

Results saved to log/abl_xrf_cross_env_M2_s0
acc.txt: log/abl_xrf_cross_env_M2_s0/acc.txt
bestacc.txt: log/abl_xrf_cross_env_M2_s0/bestacc.txt
