[Seed] global random seed set to 2

[Ablation Mode] M2
[WidarDataset] loaded 5250 samples, gesture_map={'G01': 0, 'G02': 1, 'G03': 2, 'G04': 3, 'G05': 4, 'G06': 5}
[WidarDataset] loaded 1500 samples, gesture_map={'G01': 0, 'G02': 1, 'G03': 2, 'G04': 3, 'G05': 4, 'G06': 5}
[WidarDataset] loaded 5250 samples, gesture_map={'G01': 0, 'G02': 1, 'G03': 2, 'G04': 3, 'G05': 4, 'G06': 5}
Train set size: 5250 samples, 165 batches
Test set size:  1500 samples, 47 batches
Source eval size: 5250 samples

[Direction Sensitivity] Manual weights (dir_w=0.5): {0: 0.0, 1: 0.0, 2: 0.0, 3: 0.0, 4: 0.0, 5: 0.0}

======== ROUND 0 ========  [Ablation: M2]
==== Stage 1: SupCon Pre-training ====
epoch            total_loss       cls_loss         supcon_loss     
0                6.4202871323     2.3492064476     8.1421613693    
1                6.5548391342     1.7895672321     9.5305433273    
==== Stage 2: SKIPPED (M2 ablation) ====
  Random domain assignment: Counter({1: 1796, 2: 1740, 0: 1714})
==== Stage 3: Domain-invariant + HardNCE ====
epoch            total_loss       cls_loss         dis_loss         hard_loss       
0                3.6160736084     2.5213677883     1.0946888924     0.0000560284    
  Source acc: 0.894286  |  Target acc: 0.699333
  Best target acc: 0.699333

======== ROUND 1 ========  [Ablation: M2]
==== Stage 1: SupCon Pre-training ====
epoch            total_loss       cls_loss         supcon_loss     
0                3.8472466469     0.4191747308     6.8561439514    
1                4.7235760689     0.8103872538     7.8263778687    
==== Stage 2: SKIPPED (M2 ablation) ====
  Random domain assignment: Counter({0: 1777, 2: 1744, 1: 1729})
==== Stage 3: Domain-invariant + HardNCE ====
epoch            total_loss       cls_loss         dis_loss         hard_loss       
0                1.5289477110     0.2367067784     1.2922396660     0.0000042915    
  Source acc: 0.956762  |  Target acc: 0.818667
  Best target acc: 0.818667

======== ROUND 2 ========  [Ablation: M2]
==== Stage 1: SupCon Pre-training ====
epoch            total_loss       cls_loss         supcon_loss     
0                8.5541934967     4.1112890244     8.8858089447    
1                5.2521452904     1.1885981560     8.1270942688    
==== Stage 2: SKIPPED (M2 ablation) ====
  Random domain assignment: Counter({1: 1791, 0: 1747, 2: 1712})
==== Stage 3: Domain-invariant + HardNCE ====
epoch            total_loss       cls_loss         dis_loss         hard_loss       
0                1.4071934223     0.3283182085     1.0788738728     0.0000045300    
  Source acc: 0.978476  |  Target acc: 0.799333
  Best target acc: 0.818667

======== ROUND 3 ========  [Ablation: M2]
==== Stage 1: SupCon Pre-training ====
epoch            total_loss       cls_loss        
0                0.4743935764     0.4743935764    
1                0.6648263931     0.6648263931    
==== Stage 2: SKIPPED (M2 ablation) ====
  Random domain assignment: Counter({1: 1786, 0: 1748, 2: 1716})
==== Stage 3: Domain-invariant + HardNCE ====
epoch            total_loss       cls_loss         dis_loss         hard_loss       
0                1.4241176844     0.0529205054     1.3711960316     0.0000038147    
  Source acc: 0.991048  |  Target acc: 0.870667
  Best target acc: 0.870667

======== ROUND 4 ========  [Ablation: M2]
==== Stage 1: SupCon Pre-training ====
epoch            total_loss       cls_loss        
0                0.1322028786     0.1322028786    
1                0.5578143597     0.5578143597    
==== Stage 2: SKIPPED (M2 ablation) ====
  Random domain assignment: Counter({0: 1846, 1: 1726, 2: 1678})
==== Stage 3: Domain-invariant + HardNCE ====
epoch            total_loss       cls_loss         dis_loss         hard_loss       
0                1.4586896896     0.2070921063     1.2515972853     0.0000009537    
  Source acc: 0.992571  |  Target acc: 0.856667
  Best target acc: 0.870667

======== ROUND 5 ========  [Ablation: M2]
==== Stage 1: SupCon Pre-training ====
epoch            total_loss       cls_loss        
0                0.0654692799     0.0654692799    
1                0.1696650833     0.1696650833    
==== Stage 2: SKIPPED (M2 ablation) ====
  Random domain assignment: Counter({0: 1840, 2: 1725, 1: 1685})
==== Stage 3: Domain-invariant + HardNCE ====
epoch            total_loss       cls_loss         dis_loss         hard_loss       
0                1.1788560152     0.1170758605     1.0617796183     0.0000019073    
  Source acc: 0.960762  |  Target acc: 0.812667
  Best target acc: 0.870667

======== ROUND 6 ========  [Ablation: M2]
==== Stage 1: SupCon Pre-training ====
epoch            total_loss       cls_loss        
0                0.2151288688     0.2151288688    
1                6.2214865685     6.2214865685    
==== Stage 2: SKIPPED (M2 ablation) ====
  Random domain assignment: Counter({2: 1818, 1: 1723, 0: 1709})
==== Stage 3: Domain-invariant + HardNCE ====
epoch            total_loss       cls_loss         dis_loss         hard_loss       
0                1.4336286783     0.1189637929     1.3146369457     0.0000929832    
  Source acc: 0.996190  |  Target acc: 0.894000
  Best target acc: 0.894000

======== ROUND 7 ========  [Ablation: M2]
==== Stage 1: SupCon Pre-training ====
epoch            total_loss       cls_loss        
0                0.0929146111     0.0929146111    
1                1.0783157349     1.0783157349    
==== Stage 2: SKIPPED (M2 ablation) ====
  Random domain assignment: Counter({0: 1769, 1: 1752, 2: 1729})
==== Stage 3: Domain-invariant + HardNCE ====
epoch            total_loss       cls_loss         dis_loss         hard_loss       
0                1.2125886679     0.0861844122     1.1263915300     0.0000426769    
  Source acc: 0.979238  |  Target acc: 0.887333
  Best target acc: 0.894000

======== ROUND 8 ========  [Ablation: M2]
==== Stage 1: SupCon Pre-training ====
epoch            total_loss       cls_loss        
0                0.0387764573     0.0387764573    
1                0.3191180229     0.3191180229    
==== Stage 2: SKIPPED (M2 ablation) ====
  Random domain assignment: Counter({0: 1787, 2: 1753, 1: 1710})
==== Stage 3: Domain-invariant + HardNCE ====
epoch            total_loss       cls_loss         dis_loss         hard_loss       
0                1.3551384211     0.2127160132     1.1424211264     0.0000042915    
  Source acc: 0.986667  |  Target acc: 0.867333
  Best target acc: 0.894000

======== ROUND 9 ========  [Ablation: M2]
==== Stage 1: SupCon Pre-training ====
epoch            total_loss       cls_loss        
0                4.6450462341     4.6450462341    
1                0.1447173804     0.1447173804    
==== Stage 2: SKIPPED (M2 ablation) ====
  Random domain assignment: Counter({0: 1800, 2: 1730, 1: 1720})
==== Stage 3: Domain-invariant + HardNCE ====
epoch            total_loss       cls_loss         dis_loss         hard_loss       
0                2.2719304562     0.8605921865     1.4113378525     0.0000019073    
  Source acc: 0.935238  |  Target acc: 0.839333
  Best target acc: 0.894000

======== ROUND 10 ========  [Ablation: M2]
==== Stage 1: SupCon Pre-training ====
epoch            total_loss       cls_loss        
0                0.0150507540     0.0150507540    
1                0.0860701054     0.0860701054    
==== Stage 2: SKIPPED (M2 ablation) ====
  Random domain assignment: Counter({0: 1793, 1: 1737, 2: 1720})
==== Stage 3: Domain-invariant + HardNCE ====
epoch            total_loss       cls_loss         dis_loss         hard_loss       
0                1.1167703867     0.2007357776     0.9160295725     0.0000166893    
  Source acc: 0.999619  |  Target acc: 0.891333
  Best target acc: 0.894000

======== ROUND 11 ========  [Ablation: M2]
==== Stage 1: SupCon Pre-training ====
epoch            total_loss       cls_loss        
0                0.0104461126     0.0104461126    
1                0.0626552105     0.0626552105    
==== Stage 2: SKIPPED (M2 ablation) ====
  Random domain assignment: Counter({1: 1774, 0: 1767, 2: 1709})
==== Stage 3: Domain-invariant + HardNCE ====
epoch            total_loss       cls_loss         dis_loss         hard_loss       
0                1.2580482960     0.0741285160     1.1839191914     0.0000019073    
  Source acc: 1.000000  |  Target acc: 0.900667
  Best target acc: 0.900667

======== ROUND 12 ========  [Ablation: M2]
==== Stage 1: SupCon Pre-training ====
epoch            total_loss       cls_loss        
0                0.0266118813     0.0266118813    
1                5.5976285934     5.5976285934    
==== Stage 2: SKIPPED (M2 ablation) ====
  Random domain assignment: Counter({0: 1814, 1: 1752, 2: 1684})
==== Stage 3: Domain-invariant + HardNCE ====
epoch            total_loss       cls_loss         dis_loss         hard_loss       
0                1.0340992212     0.0205191430     1.0135793686     0.0000023842    
  Source acc: 1.000000  |  Target acc: 0.908667
  Best target acc: 0.908667

======== ROUND 13 ========  [Ablation: M2]
==== Stage 1: SupCon Pre-training ====
epoch            total_loss       cls_loss        
0                0.0388785824     0.0388785824    
1                0.0106116310     0.0106116310    
==== Stage 2: SKIPPED (M2 ablation) ====
  Random domain assignment: Counter({0: 1773, 2: 1754, 1: 1723})
==== Stage 3: Domain-invariant + HardNCE ====
epoch            total_loss       cls_loss         dis_loss         hard_loss       
0                1.2015749216     0.0837248191     1.1178488731     0.0000040531    
  Source acc: 1.000000  |  Target acc: 0.908000
  Best target acc: 0.908667

======== ROUND 14 ========  [Ablation: M2]
==== Stage 1: SupCon Pre-training ====
epoch            total_loss       cls_loss        
0                0.0168617293     0.0168617293    
1                0.0266165398     0.0266165398    
==== Stage 2: SKIPPED (M2 ablation) ====
  Random domain assignment: Counter({1: 1867, 0: 1728, 2: 1655})
==== Stage 3: Domain-invariant + HardNCE ====
epoch            total_loss       cls_loss         dis_loss         hard_loss       
0                1.1730462313     0.0407377556     1.1323070526     0.0000047684    
  Source acc: 1.000000  |  Target acc: 0.918667
  Best target acc: 0.918667

======== ROUND 15 ========  [Ablation: M2]
==== Stage 1: SupCon Pre-training ====
epoch            total_loss       cls_loss        
0                0.0254599936     0.0254599936    
1                0.0812073350     0.0812073350    
==== Stage 2: SKIPPED (M2 ablation) ====
  Random domain assignment: Counter({1: 1775, 0: 1744, 2: 1731})
==== Stage 3: Domain-invariant + HardNCE ====
epoch            total_loss       cls_loss         dis_loss         hard_loss       
0                1.2721180916     0.1233624965     1.1487524509     0.0000102520    
  Source acc: 1.000000  |  Target acc: 0.914000
  Best target acc: 0.918667

======== ROUND 16 ========  [Ablation: M2]
==== Stage 1: SupCon Pre-training ====
epoch            total_loss       cls_loss        
0                0.0087764589     0.0087764589    
1                0.6413139105     0.6413139105    
==== Stage 2: SKIPPED (M2 ablation) ====
  Random domain assignment: Counter({2: 1780, 1: 1776, 0: 1694})
==== Stage 3: Domain-invariant + HardNCE ====
epoch            total_loss       cls_loss         dis_loss         hard_loss       
0                1.3359916210     0.0486958846     1.2872955799     0.0000002384    
  Source acc: 1.000000  |  Target acc: 0.914667
  Best target acc: 0.918667

======== ROUND 17 ========  [Ablation: M2]
==== Stage 1: SupCon Pre-training ====
epoch            total_loss       cls_loss        
0                4.7216506004     4.7216506004    
1                0.0343137383     0.0343137383    
==== Stage 2: SKIPPED (M2 ablation) ====
  Random domain assignment: Counter({0: 1799, 1: 1770, 2: 1681})
==== Stage 3: Domain-invariant + HardNCE ====
epoch            total_loss       cls_loss         dis_loss         hard_loss       
0                1.3665883541     0.2833237648     1.0832637548     0.0000028610    
  Source acc: 1.000000  |  Target acc: 0.909333
  Best target acc: 0.918667

======== ROUND 18 ========  [Ablation: M2]
==== Stage 1: SupCon Pre-training ====
epoch            total_loss       cls_loss        
0                5.8128113747     5.8128113747    
1                5.1532621384     5.1532621384    
==== Stage 2: SKIPPED (M2 ablation) ====
  Random domain assignment: Counter({0: 1759, 1: 1746, 2: 1745})
==== Stage 3: Domain-invariant + HardNCE ====
epoch            total_loss       cls_loss         dis_loss         hard_loss       
0                1.0353199244     0.0084201470     1.0268988609     0.0000030994    
  Source acc: 1.000000  |  Target acc: 0.902000
  Best target acc: 0.918667

======== ROUND 19 ========  [Ablation: M2]
==== Stage 1: SupCon Pre-training ====
epoch            total_loss       cls_loss        
0                0.0066224071     0.0066224071    
1                0.1638351977     0.1638351977    
==== Stage 2: SKIPPED (M2 ablation) ====
  Random domain assignment: Counter({2: 1813, 1: 1723, 0: 1714})
==== Stage 3: Domain-invariant + HardNCE ====
epoch            total_loss       cls_loss         dis_loss         hard_loss       
0                1.5011494160     0.3686432838     1.1325058937     0.0000007153    
  Source acc: 1.000000  |  Target acc: 0.904000
  Best target acc: 0.918667

======== ROUND 20 ========  [Ablation: M2]
==== Stage 1: SupCon Pre-training ====
epoch            total_loss       cls_loss        
0                0.1053373665     0.1053373665    
1                0.1444842368     0.1444842368    
==== Stage 2: SKIPPED (M2 ablation) ====
  Random domain assignment: Counter({2: 1794, 0: 1733, 1: 1723})
==== Stage 3: Domain-invariant + HardNCE ====
epoch            total_loss       cls_loss         dis_loss         hard_loss       
0                1.5571895838     0.3309031725     1.2262861729     0.0000009537    
  Source acc: 1.000000  |  Target acc: 0.909333
  Best target acc: 0.918667

======== ROUND 21 ========  [Ablation: M2]
==== Stage 1: SupCon Pre-training ====
epoch            total_loss       cls_loss        
0                0.0195384007     0.0195384007    
1                0.0346398540     0.0346398540    
==== Stage 2: SKIPPED (M2 ablation) ====
  Random domain assignment: Counter({1: 1799, 0: 1730, 2: 1721})
==== Stage 3: Domain-invariant + HardNCE ====
epoch            total_loss       cls_loss         dis_loss         hard_loss       
0                1.2546215057     0.0560212880     1.1985925436     0.0000255108    
  Source acc: 1.000000  |  Target acc: 0.908000
  Best target acc: 0.918667

======== ROUND 22 ========  [Ablation: M2]
==== Stage 1: SupCon Pre-training ====
epoch            total_loss       cls_loss        
0                0.0144246696     0.0144246696    
1                0.0290860739     0.0290860739    
==== Stage 2: SKIPPED (M2 ablation) ====
  Random domain assignment: Counter({1: 1798, 2: 1745, 0: 1707})
==== Stage 3: Domain-invariant + HardNCE ====
epoch            total_loss       cls_loss         dis_loss         hard_loss       
0                1.4120285511     0.3207092285     1.0913188457     0.0000014305    
  Source acc: 1.000000  |  Target acc: 0.900000
  Best target acc: 0.918667

======== ROUND 23 ========  [Ablation: M2]
==== Stage 1: SupCon Pre-training ====
epoch            total_loss       cls_loss        
0                0.0487398058     0.0487398058    
1                0.0074657882     0.0074657882    
==== Stage 2: SKIPPED (M2 ablation) ====
  Random domain assignment: Counter({1: 1785, 2: 1773, 0: 1692})
==== Stage 3: Domain-invariant + HardNCE ====
epoch            total_loss       cls_loss         dis_loss         hard_loss       
0                1.1981054544     0.0805116147     1.1175932884     0.0000019073    
  Source acc: 1.000000  |  Target acc: 0.919333
  Best target acc: 0.919333

======== ROUND 24 ========  [Ablation: M2]
==== Stage 1: SupCon Pre-training ====
epoch            total_loss       cls_loss        
0                0.0091913138     0.0091913138    
1                0.0330230817     0.0330230817    
==== Stage 2: SKIPPED (M2 ablation) ====
  Random domain assignment: Counter({1: 1802, 2: 1738, 0: 1710})
==== Stage 3: Domain-invariant + HardNCE ====
epoch            total_loss       cls_loss         dis_loss         hard_loss       
0                5.8667922020     4.8461751938     1.0206143856     0.0000085831    
  Source acc: 1.000000  |  Target acc: 0.912000
  Best target acc: 0.919333

======== ROUND 25 ========  [Ablation: M2]
==== Stage 1: SupCon Pre-training ====
epoch            total_loss       cls_loss        
0                0.1039728597     0.1039728597    
1                0.2121982276     0.2121982276    
==== Stage 2: SKIPPED (M2 ablation) ====
  Random domain assignment: Counter({1: 1794, 2: 1740, 0: 1716})
==== Stage 3: Domain-invariant + HardNCE ====
epoch            total_loss       cls_loss         dis_loss         hard_loss       
0                1.2878458500     0.1180031300     1.1698422432     0.0000016689    
  Source acc: 1.000000  |  Target acc: 0.896667
  Best target acc: 0.919333

======== ROUND 26 ========  [Ablation: M2]
==== Stage 1: SupCon Pre-training ====
epoch            total_loss       cls_loss        
0                0.0412404910     0.0412404910    
1                6.1382455826     6.1382455826    
==== Stage 2: SKIPPED (M2 ablation) ====
  Random domain assignment: Counter({2: 1784, 0: 1778, 1: 1688})
==== Stage 3: Domain-invariant + HardNCE ====
epoch            total_loss       cls_loss         dis_loss         hard_loss       
0                1.3512504101     0.1688144803     1.1824347973     0.0000038147    
  Source acc: 1.000000  |  Target acc: 0.913333
  Best target acc: 0.919333

======== ROUND 27 ========  [Ablation: M2]
==== Stage 1: SupCon Pre-training ====
epoch            total_loss       cls_loss        
0                0.0088347746     0.0088347746    
1                0.0786594823     0.0786594823    
==== Stage 2: SKIPPED (M2 ablation) ====
  Random domain assignment: Counter({0: 1828, 2: 1770, 1: 1652})
==== Stage 3: Domain-invariant + HardNCE ====
epoch            total_loss       cls_loss         dis_loss         hard_loss       
0                1.0727483034     0.0638672411     1.0088796616     0.0000047684    
  Source acc: 1.000000  |  Target acc: 0.906667
  Best target acc: 0.919333

======== ROUND 28 ========  [Ablation: M2]
==== Stage 1: SupCon Pre-training ====
epoch            total_loss       cls_loss        
0                0.1682003587     0.1682003587    
1                0.0429775119     0.0429775119    
==== Stage 2: SKIPPED (M2 ablation) ====
  Random domain assignment: Counter({2: 1796, 1: 1790, 0: 1664})
==== Stage 3: Domain-invariant + HardNCE ====
epoch            total_loss       cls_loss         dis_loss         hard_loss       
0                0.9654019475     0.0242910050     0.9411101937     0.0000026226    
  Source acc: 1.000000  |  Target acc: 0.908000
  Best target acc: 0.919333

======== ROUND 29 ========  [Ablation: M2]
==== Stage 1: SupCon Pre-training ====
epoch            total_loss       cls_loss        
0                0.0200091973     0.0200091973    
1                4.5135283470     4.5135283470    
==== Stage 2: SKIPPED (M2 ablation) ====
  Random domain assignment: Counter({0: 1811, 1: 1758, 2: 1681})
==== Stage 3: Domain-invariant + HardNCE ====
epoch            total_loss       cls_loss         dis_loss         hard_loss       
0                1.2418396473     0.0857305825     1.1561081409     0.0000030994    
  Source acc: 1.000000  |  Target acc: 0.910667
  Best target acc: 0.919333

======== ROUND 30 ========  [Ablation: M2]
==== Stage 1: SupCon Pre-training ====
epoch            total_loss       cls_loss        
0                4.8265242577     4.8265242577    
1                4.6065807343     4.6065807343    
==== Stage 2: SKIPPED (M2 ablation) ====
  Random domain assignment: Counter({0: 1783, 1: 1749, 2: 1718})
==== Stage 3: Domain-invariant + HardNCE ====
epoch            total_loss       cls_loss         dis_loss         hard_loss       
0                1.1605070829     0.0485932454     1.1119133234     0.0000016689    
  Source acc: 1.000000  |  Target acc: 0.896667
  Best target acc: 0.919333

======== ROUND 31 ========  [Ablation: M2]
==== Stage 1: SupCon Pre-training ====
epoch            total_loss       cls_loss        
0                5.0075478554     5.0075478554    
1                0.0162658244     0.0162658244    
==== Stage 2: SKIPPED (M2 ablation) ====
  Random domain assignment: Counter({2: 1828, 1: 1712, 0: 1710})
==== Stage 3: Domain-invariant + HardNCE ====
epoch            total_loss       cls_loss         dis_loss         hard_loss       
0                1.1521317959     0.0579162985     1.0942149162     0.0000019073    
  Source acc: 1.000000  |  Target acc: 0.906667
  Best target acc: 0.919333

======== ROUND 32 ========  [Ablation: M2]
==== Stage 1: SupCon Pre-training ====
epoch            total_loss       cls_loss        
0                0.1069487706     0.1069487706    
1                0.0666631684     0.0666631684    
==== Stage 2: SKIPPED (M2 ablation) ====
  Random domain assignment: Counter({0: 1765, 1: 1750, 2: 1735})
==== Stage 3: Domain-invariant + HardNCE ====
epoch            total_loss       cls_loss         dis_loss         hard_loss       
0                1.3055289984     0.1687200665     1.1368081570     0.0000026226    
  Source acc: 1.000000  |  Target acc: 0.914000
  Best target acc: 0.919333

======== ROUND 33 ========  [Ablation: M2]
==== Stage 1: SupCon Pre-training ====
epoch            total_loss       cls_loss        
0                0.0349288285     0.0349288285    
1                5.0024948120     5.0024948120    
==== Stage 2: SKIPPED (M2 ablation) ====
  Random domain assignment: Counter({2: 1780, 0: 1754, 1: 1716})
==== Stage 3: Domain-invariant + HardNCE ====
epoch            total_loss       cls_loss         dis_loss         hard_loss       
0                1.1658465862     0.0464162081     1.1194249392     0.0000183582    
  Source acc: 1.000000  |  Target acc: 0.911333
  Best target acc: 0.919333

======== ROUND 34 ========  [Ablation: M2]
==== Stage 1: SupCon Pre-training ====
epoch            total_loss       cls_loss        
0                0.1203088909     0.1203088909    
1                0.0107984375     0.0107984375    
==== Stage 2: SKIPPED (M2 ablation) ====
  Random domain assignment: Counter({2: 1774, 1: 1763, 0: 1713})
==== Stage 3: Domain-invariant + HardNCE ====
epoch            total_loss       cls_loss         dis_loss         hard_loss       
0                1.1676118374     0.0627044141     1.1049070358     0.0000011921    
  Source acc: 1.000000  |  Target acc: 0.905333
  Best target acc: 0.919333

======== ROUND 35 ========  [Ablation: M2]
==== Stage 1: SupCon Pre-training ====
epoch            total_loss       cls_loss        
0                6.5067048073     6.5067048073    
1                5.6907496452     5.6907496452    
==== Stage 2: SKIPPED (M2 ablation) ====
  Random domain assignment: Counter({0: 1785, 2: 1767, 1: 1698})
==== Stage 3: Domain-invariant + HardNCE ====
epoch            total_loss       cls_loss         dis_loss         hard_loss       
0                1.2997708321     0.0750781074     1.2246692181     0.0000782013    
  Source acc: 1.000000  |  Target acc: 0.908000
  Best target acc: 0.919333

======== ROUND 36 ========  [Ablation: M2]
==== Stage 1: SupCon Pre-training ====
epoch            total_loss       cls_loss        
0                5.2066097260     5.2066097260    
1                0.0033089565     0.0033089565    
==== Stage 2: SKIPPED (M2 ablation) ====
  Random domain assignment: Counter({2: 1778, 1: 1767, 0: 1705})
==== Stage 3: Domain-invariant + HardNCE ====
epoch            total_loss       cls_loss         dis_loss         hard_loss       
0                1.3369175196     0.0491383150     1.2877776623     0.0000050068    
  Source acc: 1.000000  |  Target acc: 0.910000
  Best target acc: 0.919333

======== ROUND 37 ========  [Ablation: M2]
==== Stage 1: SupCon Pre-training ====
epoch            total_loss       cls_loss        
0                0.4476599395     0.4476599395    
1                0.0430718735     0.0430718735    
==== Stage 2: SKIPPED (M2 ablation) ====
  Random domain assignment: Counter({1: 1771, 0: 1767, 2: 1712})
==== Stage 3: Domain-invariant + HardNCE ====
epoch            total_loss       cls_loss         dis_loss         hard_loss       
0                1.1754860878     0.0142961256     1.1611886024     0.0000042915    
  Source acc: 1.000000  |  Target acc: 0.902667
  Best target acc: 0.919333

======== ROUND 38 ========  [Ablation: M2]
==== Stage 1: SupCon Pre-training ====
epoch            total_loss       cls_loss        
0                0.0212575160     0.0212575160    
1                0.0066762245     0.0066762245    
==== Stage 2: SKIPPED (M2 ablation) ====
  Random domain assignment: Counter({0: 1801, 2: 1735, 1: 1714})
==== Stage 3: Domain-invariant + HardNCE ====
epoch            total_loss       cls_loss         dis_loss         hard_loss       
0                1.2319433689     0.0364574604     1.1954851151     0.0000026226    
  Source acc: 1.000000  |  Target acc: 0.903333
  Best target acc: 0.919333

======== ROUND 39 ========  [Ablation: M2]
==== Stage 1: SupCon Pre-training ====
epoch            total_loss       cls_loss        
0                0.0180937350     0.0180937350    
1                0.1161608323     0.1161608323    
==== Stage 2: SKIPPED (M2 ablation) ====
  Random domain assignment: Counter({0: 1778, 2: 1770, 1: 1702})
==== Stage 3: Domain-invariant + HardNCE ====
epoch            total_loss       cls_loss         dis_loss         hard_loss       
0                1.1227245331     0.1081710756     1.0145528316     0.0000019073    
  Source acc: 1.000000  |  Target acc: 0.909333
  Best target acc: 0.919333

======== ROUND 40 ========  [Ablation: M2]
==== Stage 1: SupCon Pre-training ====
epoch            total_loss       cls_loss        
0                0.0129665583     0.0129665583    
1                0.0162932724     0.0162932724    
==== Stage 2: SKIPPED (M2 ablation) ====
  Random domain assignment: Counter({2: 1806, 0: 1747, 1: 1697})
==== Stage 3: Domain-invariant + HardNCE ====
epoch            total_loss       cls_loss         dis_loss         hard_loss       
0                1.1863613129     0.0242908038     1.1620693207     0.0000038147    
  Source acc: 1.000000  |  Target acc: 0.908667
  Best target acc: 0.919333

======== ROUND 41 ========  [Ablation: M2]
==== Stage 1: SupCon Pre-training ====
epoch            total_loss       cls_loss        
0                0.0062227547     0.0062227547    
1                0.0460334606     0.0460334606    
==== Stage 2: SKIPPED (M2 ablation) ====
  Random domain assignment: Counter({1: 1767, 0: 1746, 2: 1737})
==== Stage 3: Domain-invariant + HardNCE ====
epoch            total_loss       cls_loss         dis_loss         hard_loss       
0                1.2134841681     0.1197371036     1.0937464237     0.0000019073    
  Source acc: 1.000000  |  Target acc: 0.908667
  Best target acc: 0.919333

======== ROUND 42 ========  [Ablation: M2]
==== Stage 1: SupCon Pre-training ====
epoch            total_loss       cls_loss        
0                0.6216912866     0.6216912866    
1                0.0677245706     0.0677245706    
==== Stage 2: SKIPPED (M2 ablation) ====
  Random domain assignment: Counter({1: 1776, 2: 1752, 0: 1722})
==== Stage 3: Domain-invariant + HardNCE ====
epoch            total_loss       cls_loss         dis_loss         hard_loss       
0                1.2256901264     0.0904171392     1.1352713108     0.0000054836    
  Source acc: 1.000000  |  Target acc: 0.908667
  Best target acc: 0.919333

======== ROUND 43 ========  [Ablation: M2]
==== Stage 1: SupCon Pre-training ====
epoch            total_loss       cls_loss        
0                0.6631286144     0.6631286144    
1                6.4019017220     6.4019017220    
==== Stage 2: SKIPPED (M2 ablation) ====
  Random domain assignment: Counter({0: 1863, 2: 1710, 1: 1677})
==== Stage 3: Domain-invariant + HardNCE ====
epoch            total_loss       cls_loss         dis_loss         hard_loss       
0                1.3141107559     0.2422986776     1.0718111992     0.0000028610    
  Source acc: 1.000000  |  Target acc: 0.909333
  Best target acc: 0.919333

======== ROUND 44 ========  [Ablation: M2]
==== Stage 1: SupCon Pre-training ====
epoch            total_loss       cls_loss        
0                5.5456943512     5.5456943512    
1                0.0289302617     0.0289302617    
==== Stage 2: SKIPPED (M2 ablation) ====
  Random domain assignment: Counter({1: 1815, 2: 1746, 0: 1689})
==== Stage 3: Domain-invariant + HardNCE ====
epoch            total_loss       cls_loss         dis_loss         hard_loss       
0                1.0438709259     0.0222667865     1.0216014385     0.0000090599    
  Source acc: 1.000000  |  Target acc: 0.912000
  Best target acc: 0.919333

======== ROUND 45 ========  [Ablation: M2]
==== Stage 1: SupCon Pre-training ====
epoch            total_loss       cls_loss        
0                0.0236877874     0.0236877874    
1                0.5712741017     0.5712741017    
==== Stage 2: SKIPPED (M2 ablation) ====
  Random domain assignment: Counter({0: 1784, 1: 1744, 2: 1722})
==== Stage 3: Domain-invariant + HardNCE ====
epoch            total_loss       cls_loss         dis_loss         hard_loss       
0                5.3114399910     4.2153940201     1.0960445404     0.0000052452    
  Source acc: 1.000000  |  Target acc: 0.905333
  Best target acc: 0.919333

======== ROUND 46 ========  [Ablation: M2]
==== Stage 1: SupCon Pre-training ====
epoch            total_loss       cls_loss        
0                0.0249873772     0.0249873772    
1                0.2018457800     0.2018457800    
==== Stage 2: SKIPPED (M2 ablation) ====
  Random domain assignment: Counter({1: 1751, 2: 1750, 0: 1749})
==== Stage 3: Domain-invariant + HardNCE ====
epoch            total_loss       cls_loss         dis_loss         hard_loss       
0                1.7693203688     0.6661776900     1.1031413078     0.0000042915    
  Source acc: 1.000000  |  Target acc: 0.913333
  Best target acc: 0.919333

======== ROUND 47 ========  [Ablation: M2]
==== Stage 1: SupCon Pre-training ====
epoch            total_loss       cls_loss        
0                0.0282452051     0.0282452051    
1                0.0140771568     0.0140771568    
==== Stage 2: SKIPPED (M2 ablation) ====
  Random domain assignment: Counter({1: 1790, 0: 1735, 2: 1725})
==== Stage 3: Domain-invariant + HardNCE ====
epoch            total_loss       cls_loss         dis_loss         hard_loss       
0                1.3619425297     0.2076371312     1.1541986465     0.0003561974    
  Source acc: 1.000000  |  Target acc: 0.918667
  Best target acc: 0.919333

======== ROUND 48 ========  [Ablation: M2]
==== Stage 1: SupCon Pre-training ====
epoch            total_loss       cls_loss        
0                0.1030019373     0.1030019373    
1                0.0077930144     0.0077930144    
==== Stage 2: SKIPPED (M2 ablation) ====
  Random domain assignment: Counter({2: 1759, 1: 1753, 0: 1738})
==== Stage 3: Domain-invariant + HardNCE ====
epoch            total_loss       cls_loss         dis_loss         hard_loss       
0                3.8621561527     2.7551693916     1.1069855690     0.0000038147    
  Source acc: 1.000000  |  Target acc: 0.895333
  Best target acc: 0.919333

======== ROUND 49 ========  [Ablation: M2]
==== Stage 1: SupCon Pre-training ====
epoch            total_loss       cls_loss        
0                0.0171281174     0.0171281174    
1                0.0237849560     0.0237849560    
==== Stage 2: SKIPPED (M2 ablation) ====
  Random domain assignment: Counter({2: 1797, 0: 1747, 1: 1706})
==== Stage 3: Domain-invariant + HardNCE ====
epoch            total_loss       cls_loss         dis_loss         hard_loss       
0                2.6651713848     1.5660490990     1.0987997055     0.0010751486    
  Source acc: 1.000000  |  Target acc: 0.907333
  Best target acc: 0.919333
[ConfMatrix] saved to log/abl_widar1ap_cross_user_M2_s2 (cm shape=(6, 6))

Results saved to log/abl_widar1ap_cross_user_M2_s2
acc.txt: log/abl_widar1ap_cross_user_M2_s2/acc.txt
bestacc.txt: log/abl_widar1ap_cross_user_M2_s2/bestacc.txt
