[Seed] global random seed set to 4

[Ablation Mode] M1
[WidarDataset] loaded 5400 samples, gesture_map={'G01': 0, 'G02': 1, 'G03': 2, 'G04': 3, 'G05': 4, 'G06': 5}
[WidarDataset] loaded 1350 samples, gesture_map={'G01': 0, 'G02': 1, 'G03': 2, 'G04': 3, 'G05': 4, 'G06': 5}
[WidarDataset] loaded 5400 samples, gesture_map={'G01': 0, 'G02': 1, 'G03': 2, 'G04': 3, 'G05': 4, 'G06': 5}
Train set size: 5400 samples, 169 batches
Test set size:  1350 samples, 43 batches
Source eval size: 5400 samples

[Direction Sensitivity] Manual weights (dir_w=0.5): {0: 0.0, 1: 0.0, 2: 0.0, 3: 0.0, 4: 0.0, 5: 0.0}

======== ROUND 0 ========  [Ablation: M1]
==== Stage 1: SupCon Pre-training ====
epoch            total_loss       cls_loss        
0                0.6664600372     0.6664600372    
1                0.3191918433     0.3191918433    
==== Stage 2: Latent Domain PCL ====
epoch            total_loss       dis_loss         proto_loss       ent_pen_loss    
0                2.1911494732     1.8911494017     0.0000000000     0.3000000119    
Counter({np.int64(1): 2212, np.int64(0): 1901, np.int64(2): 1287})
==== Stage 3: Domain-invariant + HardNCE ====
epoch            total_loss       cls_loss         dis_loss         hard_loss       
0                1.5502209663     0.6648166776     0.8147802353     0.2354137003    
  Source acc: 0.815000  |  Target acc: 0.765185
  Best target acc: 0.765185

======== ROUND 1 ========  [Ablation: M1]
==== Stage 1: SupCon Pre-training ====
epoch            total_loss       cls_loss        
0                0.6230797172     0.6230797172    
1                0.3370381296     0.3370381296    
==== Stage 2: Latent Domain PCL ====
epoch            total_loss       dis_loss         proto_loss       ent_pen_loss    
0                2.0328142643     1.4236665964     1.1823217869     0.0179868266    
Counter({np.int64(1): 2097, np.int64(2): 1932, np.int64(0): 1371})
==== Stage 3: Domain-invariant + HardNCE ====
epoch            total_loss       cls_loss         dis_loss         hard_loss       
0                1.1159373522     0.3309171498     0.6992907524     0.2857649326    
  Source acc: 0.948889  |  Target acc: 0.918519
  Best target acc: 0.918519

======== ROUND 2 ========  [Ablation: M1]
==== Stage 1: SupCon Pre-training ====
epoch            total_loss       cls_loss        
0                0.1173366532     0.1173366532    
1                0.2225993425     0.2225993425    
==== Stage 2: Latent Domain PCL ====
epoch            total_loss       dis_loss         proto_loss       ent_pen_loss    
0                1.6212288141     1.3952335119     0.4328260422     0.0095823081    
Counter({np.int64(1): 2733, np.int64(0): 1361, np.int64(2): 1306})
==== Stage 3: Domain-invariant + HardNCE ====
epoch            total_loss       cls_loss         dis_loss         hard_loss       
0                0.8888512850     0.4150795937     0.3953019977     0.2615656257    
  Source acc: 0.972593  |  Target acc: 0.950370
  Best target acc: 0.950370

======== ROUND 3 ========  [Ablation: M1]
==== Stage 1: SupCon Pre-training ====
epoch            total_loss       cls_loss        
0                0.0721211359     0.0721211359    
1                0.1494881958     0.1494881958    
==== Stage 2: Latent Domain PCL ====
epoch            total_loss       dis_loss         proto_loss       ent_pen_loss    
0                1.8492414951     1.5066729784     0.6659724712     0.0095823081    
Counter({np.int64(2): 2534, np.int64(1): 1581, np.int64(0): 1285})
==== Stage 3: Domain-invariant + HardNCE ====
epoch            total_loss       cls_loss         dis_loss         hard_loss       
0                1.2228575945     0.4202563465     0.6842440367     0.3945238590    
  Source acc: 0.968519  |  Target acc: 0.921481
  Best target acc: 0.950370

======== ROUND 4 ========  [Ablation: M1]
==== Stage 1: SupCon Pre-training ====
epoch            total_loss       cls_loss        
0                0.1223492548     0.1223492548    
1                0.1321973205     0.1321973205    
==== Stage 2: Latent Domain PCL ====
epoch            total_loss       dis_loss         proto_loss       ent_pen_loss    
0                1.7986400127     1.6103873253     0.3405318260     0.0179868266    
Counter({np.int64(0): 2135, np.int64(1): 1748, np.int64(2): 1517})
==== Stage 3: Domain-invariant + HardNCE ====
epoch            total_loss       cls_loss         dis_loss         hard_loss       
0                1.5393799543     0.1979625076     1.2549400330     0.2882578969    
  Source acc: 0.945556  |  Target acc: 0.880741
  Best target acc: 0.950370

======== ROUND 5 ========  [Ablation: M1]
==== Stage 1: SupCon Pre-training ====
epoch            total_loss       cls_loss        
0                0.4123469591     0.4123469591    
1                0.0204609577     0.0204609577    
==== Stage 2: Latent Domain PCL ====
epoch            total_loss       dis_loss         proto_loss       ent_pen_loss    
0                1.6727935076     1.3818755150     0.5735985041     0.0041187946    
Counter({np.int64(2): 2273, np.int64(0): 1666, np.int64(1): 1461})
==== Stage 3: Domain-invariant + HardNCE ====
epoch            total_loss       cls_loss         dis_loss         hard_loss       
0                1.1035835743     0.1959636211     0.8029689789     0.3488364220    
  Source acc: 0.991852  |  Target acc: 0.968148
  Best target acc: 0.968148

======== ROUND 6 ========  [Ablation: M1]
==== Stage 1: SupCon Pre-training ====
epoch            total_loss       cls_loss        
0                0.1010856405     0.1010856405    
1                0.1346237510     0.1346237510    
==== Stage 2: Latent Domain PCL ====
epoch            total_loss       dis_loss         proto_loss       ent_pen_loss    
0                1.7749278545     1.4664564133     0.6140908003     0.0014259706    
Counter({np.int64(0): 1987, np.int64(2): 1971, np.int64(1): 1442})
==== Stage 3: Domain-invariant + HardNCE ====
epoch            total_loss       cls_loss         dis_loss         hard_loss       
0                1.2068248987     0.2436615229     0.8823000789     0.2695444524    
  Source acc: 0.994259  |  Target acc: 0.960741
  Best target acc: 0.968148

======== ROUND 7 ========  [Ablation: M1]
==== Stage 1: SupCon Pre-training ====
epoch            total_loss       cls_loss        
0                0.0999642536     0.0999642536    
1                0.0828044191     0.0828044191    
==== Stage 2: Latent Domain PCL ====
epoch            total_loss       dis_loss         proto_loss       ent_pen_loss    
0                2.1639056206     1.6995701790     0.8778001666     0.0254354049    
Counter({np.int64(2): 2280, np.int64(1): 1699, np.int64(0): 1421})
==== Stage 3: Domain-invariant + HardNCE ====
epoch            total_loss       cls_loss         dis_loss         hard_loss       
0                0.9478781223     0.0646512136     0.7757266760     0.3583341539    
  Source acc: 0.950556  |  Target acc: 0.898519
  Best target acc: 0.968148

======== ROUND 8 ========  [Ablation: M1]
==== Stage 1: SupCon Pre-training ====
epoch            total_loss       cls_loss        
0                0.0339115225     0.0339115225    
1                0.2453911901     0.2453911901    
==== Stage 2: Latent Domain PCL ====
epoch            total_loss       dis_loss         proto_loss       ent_pen_loss    
0                1.6974343061     1.4834161997     0.3601518869     0.0339421555    
Counter({np.int64(2): 1967, np.int64(1): 1812, np.int64(0): 1621})
==== Stage 3: Domain-invariant + HardNCE ====
epoch            total_loss       cls_loss         dis_loss         hard_loss       
0                1.2421088219     0.4297994673     0.7362641692     0.2534838915    
  Source acc: 0.988333  |  Target acc: 0.957037
  Best target acc: 0.968148

======== ROUND 9 ========  [Ablation: M1]
==== Stage 1: SupCon Pre-training ====
epoch            total_loss       cls_loss        
0                0.0725360662     0.0725360662    
1                0.0116618201     0.0116618201    
==== Stage 2: Latent Domain PCL ====
epoch            total_loss       dis_loss         proto_loss       ent_pen_loss    
0                1.6506017447     1.5130206347     0.2723102868     0.0014259706    
Counter({np.int64(1): 2234, np.int64(2): 2146, np.int64(0): 1020})
==== Stage 3: Domain-invariant + HardNCE ====
epoch            total_loss       cls_loss         dis_loss         hard_loss       
0                1.4332020283     0.5442011952     0.8302766681     0.1957473755    
  Source acc: 0.990926  |  Target acc: 0.940000
  Best target acc: 0.968148

======== ROUND 10 ========  [Ablation: M1]
==== Stage 1: SupCon Pre-training ====
epoch            total_loss       cls_loss        
0                0.0612719543     0.0612719543    
1                0.0082498388     0.0082498388    
==== Stage 2: Latent Domain PCL ====
epoch            total_loss       dis_loss         proto_loss       ent_pen_loss    
0                0.9865076542     0.7988540530     0.3538832366     0.0107119847    
Counter({np.int64(1): 2555, np.int64(0): 1491, np.int64(2): 1354})
==== Stage 3: Domain-invariant + HardNCE ====
epoch            total_loss       cls_loss         dis_loss         hard_loss       
0                0.8738727570     0.0344499201     0.7914365530     0.1599542350    
  Source acc: 0.999444  |  Target acc: 0.974074
  Best target acc: 0.974074

======== ROUND 11 ========  [Ablation: M1]
==== Stage 1: SupCon Pre-training ====
epoch            total_loss       cls_loss        
0                0.0172569230     0.0172569230    
1                0.0105710952     0.0105710952    
==== Stage 2: Latent Domain PCL ====
epoch            total_loss       dis_loss         proto_loss       ent_pen_loss    
0                0.5574656725     0.3096070588     0.4867512882     0.0044829613    
Counter({np.int64(1): 2060, np.int64(0): 1916, np.int64(2): 1424})
==== Stage 3: Domain-invariant + HardNCE ====
epoch            total_loss       cls_loss         dis_loss         hard_loss       
0                0.9681930542     0.0468199365     0.8699848652     0.1712941378    
  Source acc: 0.999815  |  Target acc: 0.971111
  Best target acc: 0.974074

======== ROUND 12 ========  [Ablation: M1]
==== Stage 1: SupCon Pre-training ====
epoch            total_loss       cls_loss        
0                0.0060292534     0.0060292534    
1                0.0588017367     0.0588017367    
==== Stage 2: Latent Domain PCL ====
epoch            total_loss       dis_loss         proto_loss       ent_pen_loss    
0                0.8306972980     0.4244588912     0.7532135844     0.0296316408    
Counter({np.int64(1): 2359, np.int64(0): 1718, np.int64(2): 1323})
==== Stage 3: Domain-invariant + HardNCE ====
epoch            total_loss       cls_loss         dis_loss         hard_loss       
0                0.5087440610     0.0203149617     0.4020757675     0.2878444195    
  Source acc: 0.999815  |  Target acc: 0.969630
  Best target acc: 0.974074

======== ROUND 13 ========  [Ablation: M1]
==== Stage 1: SupCon Pre-training ====
epoch            total_loss       cls_loss        
0                0.0306193829     0.0306193829    
1                0.0184725281     0.0184725281    
==== Stage 2: Latent Domain PCL ====
epoch            total_loss       dis_loss         proto_loss       ent_pen_loss    
0                0.4535669982     0.1718590260     0.5605639815     0.0014259706    
Counter({np.int64(1): 2455, np.int64(0): 1521, np.int64(2): 1424})
==== Stage 3: Domain-invariant + HardNCE ====
epoch            total_loss       cls_loss         dis_loss         hard_loss       
0                0.6499007940     0.0210951567     0.5618088245     0.2233227342    
  Source acc: 1.000000  |  Target acc: 0.973333
  Best target acc: 0.974074

======== ROUND 14 ========  [Ablation: M1]
==== Stage 1: SupCon Pre-training ====
epoch            total_loss       cls_loss        
0                0.0069961459     0.0069961459    
1                0.0051836651     0.0051836651    
==== Stage 2: Latent Domain PCL ====
epoch            total_loss       dis_loss         proto_loss       ent_pen_loss    
0                0.7015674710     0.3178072870     0.6355845928     0.0659678802    
Counter({np.int64(1): 2596, np.int64(0): 1693, np.int64(2): 1111})
==== Stage 3: Domain-invariant + HardNCE ====
epoch            total_loss       cls_loss         dis_loss         hard_loss       
0                0.6763978004     0.1294926256     0.5025171041     0.1479601264    
  Source acc: 1.000000  |  Target acc: 0.971111
  Best target acc: 0.974074

======== ROUND 15 ========  [Ablation: M1]
==== Stage 1: SupCon Pre-training ====
epoch            total_loss       cls_loss        
0                0.0303196460     0.0303196460    
1                0.0067236559     0.0067236559    
==== Stage 2: Latent Domain PCL ====
epoch            total_loss       dis_loss         proto_loss       ent_pen_loss    
0                0.3377574384     0.1086381674     0.4320015311     0.0131185073    
Counter({np.int64(1): 2621, np.int64(0): 1795, np.int64(2): 984})
==== Stage 3: Domain-invariant + HardNCE ====
epoch            total_loss       cls_loss         dis_loss         hard_loss       
0                0.5955290794     0.0145906704     0.5165879726     0.2145013064    
  Source acc: 1.000000  |  Target acc: 0.974815
  Best target acc: 0.974815

======== ROUND 16 ========  [Ablation: M1]
==== Stage 1: SupCon Pre-training ====
epoch            total_loss       cls_loss        
0                0.0401996747     0.0401996747    
1                0.0851503313     0.0851503313    
==== Stage 2: Latent Domain PCL ====
epoch            total_loss       dis_loss         proto_loss       ent_pen_loss    
0                0.2777471840     0.1278351694     0.2319397032     0.0339421555    
Counter({np.int64(1): 2493, np.int64(0): 2000, np.int64(2): 907})
==== Stage 3: Domain-invariant + HardNCE ====
epoch            total_loss       cls_loss         dis_loss         hard_loss       
0                0.4199806154     0.0088722678     0.3559701145     0.1837940812    
  Source acc: 1.000000  |  Target acc: 0.975556
  Best target acc: 0.975556

======== ROUND 17 ========  [Ablation: M1]
==== Stage 1: SupCon Pre-training ====
epoch            total_loss       cls_loss        
0                0.0035798317     0.0035798317    
1                0.0043848245     0.0043848245    
==== Stage 2: Latent Domain PCL ====
epoch            total_loss       dis_loss         proto_loss       ent_pen_loss    
0                0.5313714743     0.3435373008     0.3756683767     0.0000000000    
Counter({np.int64(1): 2858, np.int64(0): 1695, np.int64(2): 847})
==== Stage 3: Domain-invariant + HardNCE ====
epoch            total_loss       cls_loss         dis_loss         hard_loss       
0                0.8738433123     0.1515785307     0.6551145315     0.2238340676    
  Source acc: 1.000000  |  Target acc: 0.975556
  Best target acc: 0.975556

======== ROUND 18 ========  [Ablation: M1]
==== Stage 1: SupCon Pre-training ====
epoch            total_loss       cls_loss        
0                0.0024352754     0.0024352754    
1                0.0533195585     0.0533195585    
==== Stage 2: Latent Domain PCL ====
epoch            total_loss       dis_loss         proto_loss       ent_pen_loss    
0                0.2527914643     0.1378999501     0.1531155258     0.0383337587    
Counter({np.int64(1): 2613, np.int64(0): 1765, np.int64(2): 1022})
==== Stage 3: Domain-invariant + HardNCE ====
epoch            total_loss       cls_loss         dis_loss         hard_loss       
0                0.4734587073     0.0230817124     0.3856590390     0.2157264948    
  Source acc: 1.000000  |  Target acc: 0.973333
  Best target acc: 0.975556

======== ROUND 19 ========  [Ablation: M1]
==== Stage 1: SupCon Pre-training ====
epoch            total_loss       cls_loss        
0                0.0529543050     0.0529543050    
1                0.0146076456     0.0146076456    
==== Stage 2: Latent Domain PCL ====
epoch            total_loss       dis_loss         proto_loss       ent_pen_loss    
0                0.2096837163     0.0970066413     0.1574698091     0.0339421555    
Counter({np.int64(1): 2702, np.int64(0): 1838, np.int64(2): 860})
==== Stage 3: Domain-invariant + HardNCE ====
epoch            total_loss       cls_loss         dis_loss         hard_loss       
0                0.6020835638     0.0499277599     0.4825765491     0.2319307774    
  Source acc: 1.000000  |  Target acc: 0.977778
  Best target acc: 0.977778

======== ROUND 20 ========  [Ablation: M1]
==== Stage 1: SupCon Pre-training ====
epoch            total_loss       cls_loss        
0                0.0014544398     0.0014544398    
1                0.0016886992     0.0016886992    
==== Stage 2: Latent Domain PCL ====
epoch            total_loss       dis_loss         proto_loss       ent_pen_loss    
0                0.2006173432     0.0393364057     0.2818183899     0.0203717351    
Counter({np.int64(1): 2979, np.int64(0): 1528, np.int64(2): 893})
==== Stage 3: Domain-invariant + HardNCE ====
epoch            total_loss       cls_loss         dis_loss         hard_loss       
0                0.5441153049     0.0058720056     0.4850889444     0.1771812439    
  Source acc: 1.000000  |  Target acc: 0.974074
  Best target acc: 0.977778

======== ROUND 21 ========  [Ablation: M1]
==== Stage 1: SupCon Pre-training ====
epoch            total_loss       cls_loss        
0                0.0024991499     0.0024991499    
1                0.0032630777     0.0032630777    
==== Stage 2: Latent Domain PCL ====
epoch            total_loss       dis_loss         proto_loss       ent_pen_loss    
0                0.3561383486     0.1435768604     0.3988859355     0.0131185073    
Counter({np.int64(1): 2897, np.int64(0): 1819, np.int64(2): 684})
==== Stage 3: Domain-invariant + HardNCE ====
epoch            total_loss       cls_loss         dis_loss         hard_loss       
0                0.4413997531     0.0112059368     0.3605072498     0.2322884798    
  Source acc: 1.000000  |  Target acc: 0.973333
  Best target acc: 0.977778

======== ROUND 22 ========  [Ablation: M1]
==== Stage 1: SupCon Pre-training ====
epoch            total_loss       cls_loss        
0                0.0168852825     0.0168852825    
1                0.0007502614     0.0007502614    
==== Stage 2: Latent Domain PCL ====
epoch            total_loss       dis_loss         proto_loss       ent_pen_loss    
0                0.3628654182     0.1250115782     0.3773010671     0.0492032990    
Counter({np.int64(1): 2994, np.int64(0): 1790, np.int64(2): 616})
==== Stage 3: Domain-invariant + HardNCE ====
epoch            total_loss       cls_loss         dis_loss         hard_loss       
0                0.5092251897     0.0136179896     0.4408328533     0.1825810522    
  Source acc: 1.000000  |  Target acc: 0.975556
  Best target acc: 0.977778

======== ROUND 23 ========  [Ablation: M1]
==== Stage 1: SupCon Pre-training ====
epoch            total_loss       cls_loss        
0                0.0074975379     0.0074975379    
1                0.0040185614     0.0040185614    
==== Stage 2: Latent Domain PCL ====
epoch            total_loss       dis_loss         proto_loss       ent_pen_loss    
0                0.2610963881     0.0755149499     0.2952502966     0.0379563086    
Counter({np.int64(1): 3046, np.int64(0): 1823, np.int64(2): 531})
==== Stage 3: Domain-invariant + HardNCE ====
epoch            total_loss       cls_loss         dis_loss         hard_loss       
0                0.4412783384     0.0070426506     0.3456889093     0.2951559722    
  Source acc: 1.000000  |  Target acc: 0.975556
  Best target acc: 0.977778

======== ROUND 24 ========  [Ablation: M1]
==== Stage 1: SupCon Pre-training ====
epoch            total_loss       cls_loss        
0                0.0030875001     0.0030875001    
1                0.1340491921     0.1340491921    
==== Stage 2: Latent Domain PCL ====
epoch            total_loss       dis_loss         proto_loss       ent_pen_loss    
0                0.3654795885     0.0958406031     0.2689505219     0.1351637244    
Counter({np.int64(1): 3079, np.int64(0): 1806, np.int64(2): 515})
==== Stage 3: Domain-invariant + HardNCE ====
epoch            total_loss       cls_loss         dis_loss         hard_loss       
0                0.6102053523     0.1130802706     0.4355571270     0.2052265406    
  Source acc: 1.000000  |  Target acc: 0.973333
  Best target acc: 0.977778

======== ROUND 25 ========  [Ablation: M1]
==== Stage 1: SupCon Pre-training ====
epoch            total_loss       cls_loss        
0                0.0022977006     0.0022977006    
1                0.0176045205     0.0176045205    
==== Stage 2: Latent Domain PCL ====
epoch            total_loss       dis_loss         proto_loss       ent_pen_loss    
0                0.2233780473     0.0904399827     0.1107889265     0.0775436014    
Counter({np.int64(1): 3173, np.int64(0): 1650, np.int64(2): 577})
==== Stage 3: Domain-invariant + HardNCE ====
epoch            total_loss       cls_loss         dis_loss         hard_loss       
0                0.5185005069     0.0131670022     0.4631975591     0.1404531449    
  Source acc: 1.000000  |  Target acc: 0.977778
  Best target acc: 0.977778

======== ROUND 26 ========  [Ablation: M1]
==== Stage 1: SupCon Pre-training ====
epoch            total_loss       cls_loss        
0                0.0531018823     0.0531018823    
1                0.0016298887     0.0016298887    
==== Stage 2: Latent Domain PCL ====
epoch            total_loss       dis_loss         proto_loss       ent_pen_loss    
0                0.4767843485     0.2075075060     0.4706693292     0.0339421555    
Counter({np.int64(1): 3148, np.int64(0): 1838, np.int64(2): 414})
==== Stage 3: Domain-invariant + HardNCE ====
epoch            total_loss       cls_loss         dis_loss         hard_loss       
0                0.4464390874     0.0332373492     0.3627894521     0.1680410206    
  Source acc: 1.000000  |  Target acc: 0.977037
  Best target acc: 0.977778

======== ROUND 27 ========  [Ablation: M1]
==== Stage 1: SupCon Pre-training ====
epoch            total_loss       cls_loss        
0                0.0015191223     0.0015191223    
1                0.0015937783     0.0015937783    
==== Stage 2: Latent Domain PCL ====
epoch            total_loss       dis_loss         proto_loss       ent_pen_loss    
0                0.2574191689     0.0911619887     0.2173228711     0.0575957559    
Counter({np.int64(1): 3142, np.int64(0): 1941, np.int64(2): 317})
==== Stage 3: Domain-invariant + HardNCE ====
epoch            total_loss       cls_loss         dis_loss         hard_loss       
0                0.2621751726     0.0110029401     0.2111655176     0.1333557367    
  Source acc: 1.000000  |  Target acc: 0.975556
  Best target acc: 0.977778

======== ROUND 28 ========  [Ablation: M1]
==== Stage 1: SupCon Pre-training ====
epoch            total_loss       cls_loss        
0                0.0015467047     0.0015467047    
1                0.0010617641     0.0010617641    
==== Stage 2: Latent Domain PCL ====
epoch            total_loss       dis_loss         proto_loss       ent_pen_loss    
0                0.2399321049     0.1234300211     0.0779169500     0.0775436014    
Counter({np.int64(1): 3180, np.int64(0): 1924, np.int64(2): 296})
==== Stage 3: Domain-invariant + HardNCE ====
epoch            total_loss       cls_loss         dis_loss         hard_loss       
0                0.4030722976     0.0178073738     0.2935143113     0.3058354259    
  Source acc: 1.000000  |  Target acc: 0.974815
  Best target acc: 0.977778

======== ROUND 29 ========  [Ablation: M1]
==== Stage 1: SupCon Pre-training ====
epoch            total_loss       cls_loss        
0                0.0032131169     0.0032131169    
1                0.0061740926     0.0061740926    
==== Stage 2: Latent Domain PCL ====
epoch            total_loss       dis_loss         proto_loss       ent_pen_loss    
0                0.2555548549     0.0343589298     0.2873046100     0.0775436014    
Counter({np.int64(1): 3194, np.int64(0): 1952, np.int64(2): 254})
==== Stage 3: Domain-invariant + HardNCE ====
epoch            total_loss       cls_loss         dis_loss         hard_loss       
0                0.4116650820     0.0116699375     0.3624794483     0.1250523776    
  Source acc: 1.000000  |  Target acc: 0.976296
  Best target acc: 0.977778

======== ROUND 30 ========  [Ablation: M1]
==== Stage 1: SupCon Pre-training ====
epoch            total_loss       cls_loss        
0                0.0015302338     0.0015302338    
1                0.0028362826     0.0028362826    
==== Stage 2: Latent Domain PCL ====
epoch            total_loss       dis_loss         proto_loss       ent_pen_loss    
0                0.2890858054     0.0563351996     0.2672563493     0.0991224274    
Counter({np.int64(1): 3251, np.int64(0): 1818, np.int64(2): 331})
==== Stage 3: Domain-invariant + HardNCE ====
epoch            total_loss       cls_loss         dis_loss         hard_loss       
0                0.5109792948     0.0295960251     0.4289865196     0.1746558249    
  Source acc: 1.000000  |  Target acc: 0.974074
  Best target acc: 0.977778

======== ROUND 31 ========  [Ablation: M1]
==== Stage 1: SupCon Pre-training ====
epoch            total_loss       cls_loss        
0                0.2415334433     0.2415334433    
1                0.0008512391     0.0008512391    
==== Stage 2: Latent Domain PCL ====
epoch            total_loss       dis_loss         proto_loss       ent_pen_loss    
0                0.3914384246     0.1415931135     0.4096357524     0.0450274199    
Counter({np.int64(1): 3184, np.int64(0): 1956, np.int64(2): 260})
==== Stage 3: Domain-invariant + HardNCE ====
epoch            total_loss       cls_loss         dis_loss         hard_loss       
0                0.5102797747     0.0136355208     0.4313319921     0.2177075595    
  Source acc: 1.000000  |  Target acc: 0.974815
  Best target acc: 0.977778

======== ROUND 32 ========  [Ablation: M1]
==== Stage 1: SupCon Pre-training ====
epoch            total_loss       cls_loss        
0                0.0054296697     0.0054296697    
1                0.0012285073     0.0012285073    
==== Stage 2: Latent Domain PCL ====
epoch            total_loss       dis_loss         proto_loss       ent_pen_loss    
0                0.1861442924     0.0929548740     0.1184945107     0.0339421555    
Counter({np.int64(1): 3195, np.int64(0): 2008, np.int64(2): 197})
==== Stage 3: Domain-invariant + HardNCE ====
epoch            total_loss       cls_loss         dis_loss         hard_loss       
0                0.5600003600     0.1800503284     0.3090524077     0.2363255322    
  Source acc: 1.000000  |  Target acc: 0.977778
  Best target acc: 0.977778

======== ROUND 33 ========  [Ablation: M1]
==== Stage 1: SupCon Pre-training ====
epoch            total_loss       cls_loss        
0                0.0007310433     0.0007310433    
1                0.0029778497     0.0029778497    
==== Stage 2: Latent Domain PCL ====
epoch            total_loss       dis_loss         proto_loss       ent_pen_loss    
0                0.2804000676     0.0294521507     0.2785551548     0.1116703525    
Counter({np.int64(1): 3130, np.int64(0): 1957, np.int64(2): 313})
==== Stage 3: Domain-invariant + HardNCE ====
epoch            total_loss       cls_loss         dis_loss         hard_loss       
0                0.4482913911     0.0856798589     0.3316953182     0.1030540317    
  Source acc: 1.000000  |  Target acc: 0.974815
  Best target acc: 0.977778

======== ROUND 34 ========  [Ablation: M1]
==== Stage 1: SupCon Pre-training ====
epoch            total_loss       cls_loss        
0                0.0010975348     0.0010975348    
1                0.0011344681     0.0011344681    
==== Stage 2: Latent Domain PCL ====
epoch            total_loss       dis_loss         proto_loss       ent_pen_loss    
0                0.3505154550     0.2206033021     0.1446328014     0.0575957559    
Counter({np.int64(1): 3229, np.int64(0): 2009, np.int64(2): 162})
==== Stage 3: Domain-invariant + HardNCE ====
epoch            total_loss       cls_loss         dis_loss         hard_loss       
0                0.4437128901     0.0341227427     0.3521725535     0.1913919896    
  Source acc: 1.000000  |  Target acc: 0.978519
  Best target acc: 0.978519

======== ROUND 35 ========  [Ablation: M1]
==== Stage 1: SupCon Pre-training ====
epoch            total_loss       cls_loss        
0                0.0181980841     0.0181980841    
1                0.0014195330     0.0014195330    
==== Stage 2: Latent Domain PCL ====
epoch            total_loss       dis_loss         proto_loss       ent_pen_loss    
0                0.2945796251     0.1186252460     0.1968215108     0.0775436014    
Counter({np.int64(1): 3288, np.int64(0): 1975, np.int64(2): 137})
==== Stage 3: Domain-invariant + HardNCE ====
epoch            total_loss       cls_loss         dis_loss         hard_loss       
0                0.2983553708     0.0186476875     0.2142177224     0.2182998657    
  Source acc: 1.000000  |  Target acc: 0.977037
  Best target acc: 0.978519

======== ROUND 36 ========  [Ablation: M1]
==== Stage 1: SupCon Pre-training ====
epoch            total_loss       cls_loss        
0                0.0014080066     0.0014080066    
1                0.0077109267     0.0077109267    
==== Stage 2: Latent Domain PCL ====
epoch            total_loss       dis_loss         proto_loss       ent_pen_loss    
0                0.1303860247     0.0398122333     0.0764914602     0.0523280613    
Counter({np.int64(1): 3215, np.int64(0): 2000, np.int64(2): 185})
==== Stage 3: Domain-invariant + HardNCE ====
epoch            total_loss       cls_loss         dis_loss         hard_loss       
0                0.3664125204     0.0073791668     0.3259653151     0.1102267951    
  Source acc: 1.000000  |  Target acc: 0.977037
  Best target acc: 0.978519

======== ROUND 37 ========  [Ablation: M1]
==== Stage 1: SupCon Pre-training ====
epoch            total_loss       cls_loss        
0                0.0234442633     0.0234442633    
1                0.0022429230     0.0022429230    
==== Stage 2: Latent Domain PCL ====
epoch            total_loss       dis_loss         proto_loss       ent_pen_loss    
0                0.2076333761     0.0223520398     0.1867809147     0.0918908715    
Counter({np.int64(1): 3302, np.int64(0): 1973, np.int64(2): 125})
==== Stage 3: Domain-invariant + HardNCE ====
epoch            total_loss       cls_loss         dis_loss         hard_loss       
0                0.5157612562     0.0301486179     0.4385124147     0.1570007503    
  Source acc: 1.000000  |  Target acc: 0.976296
  Best target acc: 0.978519

======== ROUND 38 ========  [Ablation: M1]
==== Stage 1: SupCon Pre-training ====
epoch            total_loss       cls_loss        
0                0.0588121079     0.0588121079    
1                0.0075570415     0.0075570415    
==== Stage 2: Latent Domain PCL ====
epoch            total_loss       dis_loss         proto_loss       ent_pen_loss    
0                0.4720286727     0.0526893623     0.6153379083     0.1116703525    
Counter({np.int64(1): 3317, np.int64(0): 1957, np.int64(2): 126})
==== Stage 3: Domain-invariant + HardNCE ====
epoch            total_loss       cls_loss         dis_loss         hard_loss       
0                0.7286129594     0.0053512179     0.6480619907     0.2506657839    
  Source acc: 1.000000  |  Target acc: 0.976296
  Best target acc: 0.978519

======== ROUND 39 ========  [Ablation: M1]
==== Stage 1: SupCon Pre-training ====
epoch            total_loss       cls_loss        
0                0.0163691845     0.0163691845    
1                0.1431714743     0.1431714743    
==== Stage 2: Latent Domain PCL ====
epoch            total_loss       dis_loss         proto_loss       ent_pen_loss    
0                0.2307401747     0.0958199501     0.0483982861     0.1107210815    
Counter({np.int64(1): 3237, np.int64(0): 1976, np.int64(2): 187})
==== Stage 3: Domain-invariant + HardNCE ====
epoch            total_loss       cls_loss         dis_loss         hard_loss       
0                0.3048561513     0.0096784318     0.2448335141     0.1678139865    
  Source acc: 1.000000  |  Target acc: 0.977778
  Best target acc: 0.978519

======== ROUND 40 ========  [Ablation: M1]
==== Stage 1: SupCon Pre-training ====
epoch            total_loss       cls_loss        
0                0.0018199211     0.0018199211    
1                0.0220048428     0.0220048428    
==== Stage 2: Latent Domain PCL ====
epoch            total_loss       dis_loss         proto_loss       ent_pen_loss    
0                0.5162350535     0.3373527527     0.2942312956     0.0317666605    
Counter({np.int64(1): 3250, np.int64(0): 2019, np.int64(2): 131})
==== Stage 3: Domain-invariant + HardNCE ====
epoch            total_loss       cls_loss         dis_loss         hard_loss       
0                0.5221543908     0.0758664086     0.3997353017     0.1551756263    
  Source acc: 1.000000  |  Target acc: 0.976296
  Best target acc: 0.978519

======== ROUND 41 ========  [Ablation: M1]
==== Stage 1: SupCon Pre-training ====
epoch            total_loss       cls_loss        
0                0.0250057504     0.0250057504    
1                0.0010703737     0.0010703737    
==== Stage 2: Latent Domain PCL ====
epoch            total_loss       dis_loss         proto_loss       ent_pen_loss    
0                0.2559188306     0.0715200230     0.1454569101     0.1116703525    
Counter({np.int64(1): 3258, np.int64(0): 2024, np.int64(2): 118})
==== Stage 3: Domain-invariant + HardNCE ====
epoch            total_loss       cls_loss         dis_loss         hard_loss       
0                0.5361594558     0.0569096319     0.4050623178     0.2472916842    
  Source acc: 1.000000  |  Target acc: 0.976296
  Best target acc: 0.978519

======== ROUND 42 ========  [Ablation: M1]
==== Stage 1: SupCon Pre-training ====
epoch            total_loss       cls_loss        
0                0.0007004699     0.0007004699    
1                0.0007373292     0.0007373292    
==== Stage 2: Latent Domain PCL ====
epoch            total_loss       dis_loss         proto_loss       ent_pen_loss    
0                0.2270993292     0.1027886868     0.0195582751     0.1145315021    
Counter({np.int64(1): 3294, np.int64(0): 2009, np.int64(2): 97})
==== Stage 3: Domain-invariant + HardNCE ====
epoch            total_loss       cls_loss         dis_loss         hard_loss       
0                0.2676420212     0.0046890774     0.2211021185     0.1395026892    
  Source acc: 1.000000  |  Target acc: 0.977037
  Best target acc: 0.978519

======== ROUND 43 ========  [Ablation: M1]
==== Stage 1: SupCon Pre-training ====
epoch            total_loss       cls_loss        
0                0.0020064318     0.0020064318    
1                0.0240630489     0.0240630489    
==== Stage 2: Latent Domain PCL ====
epoch            total_loss       dis_loss         proto_loss       ent_pen_loss    
0                0.1991149336     0.0546250753     0.0366078019     0.1261859536    
Counter({np.int64(1): 3313, np.int64(0): 2019, np.int64(2): 68})
==== Stage 3: Domain-invariant + HardNCE ====
epoch            total_loss       cls_loss         dis_loss         hard_loss       
0                0.6201879382     0.0094039170     0.5626773834     0.1603552699    
  Source acc: 1.000000  |  Target acc: 0.976296
  Best target acc: 0.978519

======== ROUND 44 ========  [Ablation: M1]
==== Stage 1: SupCon Pre-training ====
epoch            total_loss       cls_loss        
0                0.0051618018     0.0051618018    
1                0.0074322014     0.0074322014    
==== Stage 2: Latent Domain PCL ====
epoch            total_loss       dis_loss         proto_loss       ent_pen_loss    
0                0.3067594767     0.0795194879     0.1005510390     0.1769644618    
Counter({np.int64(1): 3205, np.int64(0): 1977, np.int64(2): 218})
==== Stage 3: Domain-invariant + HardNCE ====
epoch            total_loss       cls_loss         dis_loss         hard_loss       
0                0.8232041001     0.0069322041     0.7523610592     0.2130362093    
  Source acc: 1.000000  |  Target acc: 0.977778
  Best target acc: 0.978519

======== ROUND 45 ========  [Ablation: M1]
==== Stage 1: SupCon Pre-training ====
epoch            total_loss       cls_loss        
0                0.0158036426     0.0158036426    
1                0.0014434828     0.0014434828    
==== Stage 2: Latent Domain PCL ====
epoch            total_loss       dis_loss         proto_loss       ent_pen_loss    
0                0.3523997664     0.1825750917     0.1845621467     0.0775436014    
Counter({np.int64(1): 3276, np.int64(0): 2048, np.int64(2): 76})
==== Stage 3: Domain-invariant + HardNCE ====
epoch            total_loss       cls_loss         dis_loss         hard_loss       
0                0.9258804917     0.0235368907     0.8615510464     0.1359750032    
  Source acc: 1.000000  |  Target acc: 0.977037
  Best target acc: 0.978519

======== ROUND 46 ========  [Ablation: M1]
==== Stage 1: SupCon Pre-training ====
epoch            total_loss       cls_loss        
0                0.0034235176     0.0034235176    
1                0.0007334445     0.0007334445    
==== Stage 2: Latent Domain PCL ====
epoch            total_loss       dis_loss         proto_loss       ent_pen_loss    
0                0.3441637158     0.0698625371     0.4015168846     0.0735427290    
Counter({np.int64(1): 3301, np.int64(0): 2033, np.int64(2): 66})
==== Stage 3: Domain-invariant + HardNCE ====
epoch            total_loss       cls_loss         dis_loss         hard_loss       
0                0.2553936243     0.0142907118     0.1871871948     0.1797191203    
  Source acc: 1.000000  |  Target acc: 0.978519
  Best target acc: 0.978519

======== ROUND 47 ========  [Ablation: M1]
==== Stage 1: SupCon Pre-training ====
epoch            total_loss       cls_loss        
0                0.0015522236     0.0015522236    
1                0.0080908630     0.0080908630    
==== Stage 2: Latent Domain PCL ====
epoch            total_loss       dis_loss         proto_loss       ent_pen_loss    
0                0.3243765533     0.1272229403     0.2105254829     0.0918908715    
Counter({np.int64(1): 3285, np.int64(0): 2030, np.int64(2): 85})
==== Stage 3: Domain-invariant + HardNCE ====
epoch            total_loss       cls_loss         dis_loss         hard_loss       
0                0.2621050179     0.0169464555     0.1913729012     0.1792855710    
  Source acc: 1.000000  |  Target acc: 0.977037
  Best target acc: 0.978519

======== ROUND 48 ========  [Ablation: M1]
==== Stage 1: SupCon Pre-training ====
epoch            total_loss       cls_loss        
0                0.0017136643     0.0017136643    
1                0.0176631100     0.0176631100    
==== Stage 2: Latent Domain PCL ====
epoch            total_loss       dis_loss         proto_loss       ent_pen_loss    
0                0.3888069689     0.1787622422     0.1497619897     0.1351637244    
Counter({np.int64(1): 3262, np.int64(0): 2062, np.int64(2): 76})
==== Stage 3: Domain-invariant + HardNCE ====
epoch            total_loss       cls_loss         dis_loss         hard_loss       
0                0.3126946092     0.0070484951     0.2643205225     0.1377519369    
  Source acc: 1.000000  |  Target acc: 0.974815
  Best target acc: 0.978519

======== ROUND 49 ========  [Ablation: M1]
==== Stage 1: SupCon Pre-training ====
epoch            total_loss       cls_loss        
0                0.0005598495     0.0005598495    
1                0.0014010948     0.0014010948    
==== Stage 2: Latent Domain PCL ====
epoch            total_loss       dis_loss         proto_loss       ent_pen_loss    
0                0.2436222285     0.0934966207     0.0478793085     0.1261859536    
Counter({np.int64(1): 3283, np.int64(0): 2059, np.int64(2): 58})
==== Stage 3: Domain-invariant + HardNCE ====
epoch            total_loss       cls_loss         dis_loss         hard_loss       
0                0.2651194930     0.0072600334     0.1815360039     0.2544115186    
  Source acc: 1.000000  |  Target acc: 0.977778
  Best target acc: 0.978519
[ConfMatrix] saved to log/abl_widar1ap_cross_loc_M1_s4 (cm shape=(6, 6))

Results saved to log/abl_widar1ap_cross_loc_M1_s4
acc.txt: log/abl_widar1ap_cross_loc_M1_s4/acc.txt
bestacc.txt: log/abl_widar1ap_cross_loc_M1_s4/bestacc.txt
