[Seed] global random seed set to 2

[Ablation Mode] M0
[WidarDataset] loaded 5400 samples, gesture_map={'G01': 0, 'G02': 1, 'G03': 2, 'G04': 3, 'G05': 4, 'G06': 5}
[WidarDataset] loaded 1350 samples, gesture_map={'G01': 0, 'G02': 1, 'G03': 2, 'G04': 3, 'G05': 4, 'G06': 5}
[WidarDataset] loaded 5400 samples, gesture_map={'G01': 0, 'G02': 1, 'G03': 2, 'G04': 3, 'G05': 4, 'G06': 5}
Train set size: 5400 samples, 169 batches
Test set size:  1350 samples, 43 batches
Source eval size: 5400 samples

[Direction Sensitivity] Manual weights (dir_w=0.5): {0: 0.0, 1: 0.0, 2: 0.0, 3: 0.0, 4: 0.0, 5: 0.0}

======== ROUND 0 ========  [Ablation: M0]
==== M0 Baseline: CE Only ====
epoch            total_loss       cls_loss        
0                0.5303508639     0.5303508639    
1                0.2928342819     0.2928342819    
2                0.7372962832     0.7372962832    
3                0.0684061274     0.0684061274    
  Source acc: 0.931852  |  Target acc: 0.885185
  Best target acc: 0.885185

======== ROUND 1 ========  [Ablation: M0]
==== M0 Baseline: CE Only ====
epoch            total_loss       cls_loss        
0                1.0254479647     1.0254479647    
1                0.1174510643     0.1174510643    
2                0.0556658171     0.0556658171    
3                0.1206679121     0.1206679121    
  Source acc: 0.985370  |  Target acc: 0.952593
  Best target acc: 0.952593

======== ROUND 2 ========  [Ablation: M0]
==== M0 Baseline: CE Only ====
epoch            total_loss       cls_loss        
0                0.3818402588     0.3818402588    
1                0.0875629708     0.0875629708    
2                0.3810597956     0.3810597956    
3                0.0319705196     0.0319705196    
  Source acc: 0.980000  |  Target acc: 0.940741
  Best target acc: 0.952593

======== ROUND 3 ========  [Ablation: M0]
==== M0 Baseline: CE Only ====
epoch            total_loss       cls_loss        
0                0.0508886874     0.0508886874    
1                0.0295455363     0.0295455363    
2                0.3189770281     0.3189770281    
3                0.1659305245     0.1659305245    
  Source acc: 0.976852  |  Target acc: 0.951111
  Best target acc: 0.952593

======== ROUND 4 ========  [Ablation: M0]
==== M0 Baseline: CE Only ====
epoch            total_loss       cls_loss        
0                0.4194695950     0.4194695950    
1                0.0191910490     0.0191910490    
2                0.2588830292     0.2588830292    
3                0.0584599562     0.0584599562    
  Source acc: 0.994444  |  Target acc: 0.962222
  Best target acc: 0.962222

======== ROUND 5 ========  [Ablation: M0]
==== M0 Baseline: CE Only ====
epoch            total_loss       cls_loss        
0                0.3921775520     0.3921775520    
1                0.7519495487     0.7519495487    
2                0.0719410554     0.0719410554    
3                0.2982460856     0.2982460856    
  Source acc: 0.989259  |  Target acc: 0.948889
  Best target acc: 0.962222

======== ROUND 6 ========  [Ablation: M0]
==== M0 Baseline: CE Only ====
epoch            total_loss       cls_loss        
0                0.0994728133     0.0994728133    
1                0.0514085628     0.0514085628    
2                0.0173697695     0.0173697695    
3                0.5169401765     0.5169401765    
  Source acc: 0.995926  |  Target acc: 0.959259
  Best target acc: 0.962222

======== ROUND 7 ========  [Ablation: M0]
==== M0 Baseline: CE Only ====
epoch            total_loss       cls_loss        
0                0.0083659738     0.0083659738    
1                0.0939981416     0.0939981416    
2                0.0126746790     0.0126746790    
3                0.3714551926     0.3714551926    
  Source acc: 0.994444  |  Target acc: 0.960000
  Best target acc: 0.962222

======== ROUND 8 ========  [Ablation: M0]
==== M0 Baseline: CE Only ====
epoch            total_loss       cls_loss        
0                0.2164731026     0.2164731026    
1                0.2651736736     0.2651736736    
2                0.0322074741     0.0322074741    
3                0.0215184838     0.0215184838    
  Source acc: 0.997778  |  Target acc: 0.960741
  Best target acc: 0.962222

======== ROUND 9 ========  [Ablation: M0]
==== M0 Baseline: CE Only ====
epoch            total_loss       cls_loss        
0                0.0289912950     0.0289912950    
1                0.0169361290     0.0169361290    
2                0.0276147816     0.0276147816    
3                0.0099037886     0.0099037886    
  Source acc: 0.995741  |  Target acc: 0.963704
  Best target acc: 0.963704

======== ROUND 10 ========  [Ablation: M0]
==== M0 Baseline: CE Only ====
epoch            total_loss       cls_loss        
0                0.0013920078     0.0013920078    
1                0.0140840476     0.0140840476    
2                0.0016684156     0.0016684156    
3                0.0111676306     0.0111676306    
  Source acc: 1.000000  |  Target acc: 0.976296
  Best target acc: 0.976296

======== ROUND 11 ========  [Ablation: M0]
==== M0 Baseline: CE Only ====
epoch            total_loss       cls_loss        
0                0.0036915012     0.0036915012    
1                0.0020943421     0.0020943421    
2                0.0470841564     0.0470841564    
3                0.0032325995     0.0032325995    
  Source acc: 1.000000  |  Target acc: 0.974815
  Best target acc: 0.976296

======== ROUND 12 ========  [Ablation: M0]
==== M0 Baseline: CE Only ====
epoch            total_loss       cls_loss        
0                0.0007456613     0.0007456613    
1                0.0006287501     0.0006287501    
2                0.0017915886     0.0017915886    
3                0.0058821160     0.0058821160    
  Source acc: 1.000000  |  Target acc: 0.974815
  Best target acc: 0.976296

======== ROUND 13 ========  [Ablation: M0]
==== M0 Baseline: CE Only ====
epoch            total_loss       cls_loss        
0                0.0695497617     0.0695497617    
1                0.0036653019     0.0036653019    
2                0.0028719462     0.0028719462    
3                0.0039904104     0.0039904104    
  Source acc: 1.000000  |  Target acc: 0.973333
  Best target acc: 0.976296

======== ROUND 14 ========  [Ablation: M0]
==== M0 Baseline: CE Only ====
epoch            total_loss       cls_loss        
0                0.0006571063     0.0006571063    
1                0.0006077131     0.0006077131    
2                0.0030350788     0.0030350788    
3                0.0048942165     0.0048942165    
  Source acc: 1.000000  |  Target acc: 0.974074
  Best target acc: 0.976296

======== ROUND 15 ========  [Ablation: M0]
==== M0 Baseline: CE Only ====
epoch            total_loss       cls_loss        
0                0.0008852046     0.0008852046    
1                0.0020282362     0.0020282362    
2                0.0036231370     0.0036231370    
3                0.0139601305     0.0139601305    
  Source acc: 1.000000  |  Target acc: 0.968148
  Best target acc: 0.976296

======== ROUND 16 ========  [Ablation: M0]
==== M0 Baseline: CE Only ====
epoch            total_loss       cls_loss        
0                0.0016770555     0.0016770555    
1                0.0020243933     0.0020243933    
2                0.0011460494     0.0011460494    
3                0.0096753826     0.0096753826    
  Source acc: 1.000000  |  Target acc: 0.970370
  Best target acc: 0.976296

======== ROUND 17 ========  [Ablation: M0]
==== M0 Baseline: CE Only ====
epoch            total_loss       cls_loss        
0                0.0006331986     0.0006331986    
1                0.0026124467     0.0026124467    
2                0.0009554162     0.0009554162    
3                0.0003357097     0.0003357097    
  Source acc: 1.000000  |  Target acc: 0.973333
  Best target acc: 0.976296

======== ROUND 18 ========  [Ablation: M0]
==== M0 Baseline: CE Only ====
epoch            total_loss       cls_loss        
0                0.0007768307     0.0007768307    
1                0.0053391475     0.0053391475    
2                0.0004653285     0.0004653285    
3                0.0011712702     0.0011712702    
  Source acc: 1.000000  |  Target acc: 0.972593
  Best target acc: 0.976296

======== ROUND 19 ========  [Ablation: M0]
==== M0 Baseline: CE Only ====
epoch            total_loss       cls_loss        
0                0.0011752462     0.0011752462    
1                0.0006736780     0.0006736780    
2                0.1845754236     0.1845754236    
3                0.0021665555     0.0021665555    
  Source acc: 1.000000  |  Target acc: 0.974074
  Best target acc: 0.976296

======== ROUND 20 ========  [Ablation: M0]
==== M0 Baseline: CE Only ====
epoch            total_loss       cls_loss        
0                0.0010551052     0.0010551052    
1                0.0027736889     0.0027736889    
2                0.0007642166     0.0007642166    
3                0.3938524425     0.3938524425    
  Source acc: 1.000000  |  Target acc: 0.974815
  Best target acc: 0.976296

======== ROUND 21 ========  [Ablation: M0]
==== M0 Baseline: CE Only ====
epoch            total_loss       cls_loss        
0                0.0006732902     0.0006732902    
1                0.0014770767     0.0014770767    
2                0.0005118840     0.0005118840    
3                0.0041115261     0.0041115261    
  Source acc: 1.000000  |  Target acc: 0.976296
  Best target acc: 0.976296

======== ROUND 22 ========  [Ablation: M0]
==== M0 Baseline: CE Only ====
epoch            total_loss       cls_loss        
0                0.0023572813     0.0023572813    
1                0.0400733426     0.0400733426    
2                0.0950361565     0.0950361565    
3                0.0775671974     0.0775671974    
  Source acc: 1.000000  |  Target acc: 0.974815
  Best target acc: 0.976296

======== ROUND 23 ========  [Ablation: M0]
==== M0 Baseline: CE Only ====
epoch            total_loss       cls_loss        
0                0.0020668651     0.0020668651    
1                0.0013724306     0.0013724306    
2                0.0034233059     0.0034233059    
3                0.0048683337     0.0048683337    
  Source acc: 1.000000  |  Target acc: 0.976296
  Best target acc: 0.976296

======== ROUND 24 ========  [Ablation: M0]
==== M0 Baseline: CE Only ====
epoch            total_loss       cls_loss        
0                0.0053310585     0.0053310585    
1                0.0015187083     0.0015187083    
2                0.0028980440     0.0028980440    
3                0.0003355191     0.0003355191    
  Source acc: 1.000000  |  Target acc: 0.975556
  Best target acc: 0.976296

======== ROUND 25 ========  [Ablation: M0]
==== M0 Baseline: CE Only ====
epoch            total_loss       cls_loss        
0                0.0080790967     0.0080790967    
1                0.2246500850     0.2246500850    
2                0.0007879066     0.0007879066    
3                0.0018671998     0.0018671998    
  Source acc: 1.000000  |  Target acc: 0.977037
  Best target acc: 0.977037

======== ROUND 26 ========  [Ablation: M0]
==== M0 Baseline: CE Only ====
epoch            total_loss       cls_loss        
0                0.0026823271     0.0026823271    
1                0.0005728621     0.0005728621    
2                0.0005186161     0.0005186161    
3                0.0007259462     0.0007259462    
  Source acc: 1.000000  |  Target acc: 0.977778
  Best target acc: 0.977778

======== ROUND 27 ========  [Ablation: M0]
==== M0 Baseline: CE Only ====
epoch            total_loss       cls_loss        
0                0.0036482562     0.0036482562    
1                0.0010043083     0.0010043083    
2                0.0006905098     0.0006905098    
3                0.0005869390     0.0005869390    
  Source acc: 1.000000  |  Target acc: 0.977778
  Best target acc: 0.977778

======== ROUND 28 ========  [Ablation: M0]
==== M0 Baseline: CE Only ====
epoch            total_loss       cls_loss        
0                0.0004438092     0.0004438092    
1                0.0005562705     0.0005562705    
2                0.0011409547     0.0011409547    
3                0.0028019852     0.0028019852    
  Source acc: 1.000000  |  Target acc: 0.976296
  Best target acc: 0.977778

======== ROUND 29 ========  [Ablation: M0]
==== M0 Baseline: CE Only ====
epoch            total_loss       cls_loss        
0                0.0447402149     0.0447402149    
1                0.0025733730     0.0025733730    
2                0.0004796994     0.0004796994    
3                0.0026292701     0.0026292701    
  Source acc: 1.000000  |  Target acc: 0.975556
  Best target acc: 0.977778

======== ROUND 30 ========  [Ablation: M0]
==== M0 Baseline: CE Only ====
epoch            total_loss       cls_loss        
0                0.0006496183     0.0006496183    
1                0.0004924302     0.0004924302    
2                0.0016887564     0.0016887564    
3                0.0005292004     0.0005292004    
  Source acc: 1.000000  |  Target acc: 0.976296
  Best target acc: 0.977778

======== ROUND 31 ========  [Ablation: M0]
==== M0 Baseline: CE Only ====
epoch            total_loss       cls_loss        
0                0.0005787333     0.0005787333    
1                0.0013132425     0.0013132425    
2                0.0069218059     0.0069218059    
3                0.0820142552     0.0820142552    
  Source acc: 1.000000  |  Target acc: 0.976296
  Best target acc: 0.977778

======== ROUND 32 ========  [Ablation: M0]
==== M0 Baseline: CE Only ====
epoch            total_loss       cls_loss        
0                0.0005776340     0.0005776340    
1                0.0034306578     0.0034306578    
2                0.0003404154     0.0003404154    
3                0.0010846459     0.0010846459    
  Source acc: 1.000000  |  Target acc: 0.975556
  Best target acc: 0.977778

======== ROUND 33 ========  [Ablation: M0]
==== M0 Baseline: CE Only ====
epoch            total_loss       cls_loss        
0                0.0071626343     0.0071626343    
1                0.0019215449     0.0019215449    
2                0.0014618086     0.0014618086    
3                0.0003047123     0.0003047123    
  Source acc: 1.000000  |  Target acc: 0.977037
  Best target acc: 0.977778

======== ROUND 34 ========  [Ablation: M0]
==== M0 Baseline: CE Only ====
epoch            total_loss       cls_loss        
0                0.0005377140     0.0005377140    
1                0.0007013413     0.0007013413    
2                0.0036644060     0.0036644060    
3                0.0007336840     0.0007336840    
  Source acc: 1.000000  |  Target acc: 0.978519
  Best target acc: 0.978519

======== ROUND 35 ========  [Ablation: M0]
==== M0 Baseline: CE Only ====
epoch            total_loss       cls_loss        
0                0.0007512947     0.0007512947    
1                0.0210694615     0.0210694615    
2                0.0013004787     0.0013004787    
3                0.0009938640     0.0009938640    
  Source acc: 1.000000  |  Target acc: 0.975556
  Best target acc: 0.978519

======== ROUND 36 ========  [Ablation: M0]
==== M0 Baseline: CE Only ====
epoch            total_loss       cls_loss        
0                0.0012341681     0.0012341681    
1                0.0019999398     0.0019999398    
2                0.0014205904     0.0014205904    
3                0.0028473071     0.0028473071    
  Source acc: 1.000000  |  Target acc: 0.977037
  Best target acc: 0.978519

======== ROUND 37 ========  [Ablation: M0]
==== M0 Baseline: CE Only ====
epoch            total_loss       cls_loss        
0                0.0040811566     0.0040811566    
1                0.0005917652     0.0005917652    
2                0.0013520947     0.0013520947    
3                0.0004243004     0.0004243004    
  Source acc: 1.000000  |  Target acc: 0.977037
  Best target acc: 0.978519

======== ROUND 38 ========  [Ablation: M0]
==== M0 Baseline: CE Only ====
epoch            total_loss       cls_loss        
0                0.0030594573     0.0030594573    
1                0.0024909526     0.0024909526    
2                0.0005374257     0.0005374257    
3                0.0015474268     0.0015474268    
  Source acc: 1.000000  |  Target acc: 0.974815
  Best target acc: 0.978519

======== ROUND 39 ========  [Ablation: M0]
==== M0 Baseline: CE Only ====
epoch            total_loss       cls_loss        
0                0.0009975218     0.0009975218    
1                0.0005280082     0.0005280082    
2                0.0006755494     0.0006755494    
3                0.0008101575     0.0008101575    
  Source acc: 1.000000  |  Target acc: 0.976296
  Best target acc: 0.978519

======== ROUND 40 ========  [Ablation: M0]
==== M0 Baseline: CE Only ====
epoch            total_loss       cls_loss        
0                0.0006717308     0.0006717308    
1                0.0004399968     0.0004399968    
2                0.0005260589     0.0005260589    
3                0.0004228896     0.0004228896    
  Source acc: 1.000000  |  Target acc: 0.975556
  Best target acc: 0.978519

======== ROUND 41 ========  [Ablation: M0]
==== M0 Baseline: CE Only ====
epoch            total_loss       cls_loss        
0                0.0010799702     0.0010799702    
1                0.0004968694     0.0004968694    
2                0.0521686077     0.0521686077    
3                0.0006393829     0.0006393829    
  Source acc: 1.000000  |  Target acc: 0.977778
  Best target acc: 0.978519

======== ROUND 42 ========  [Ablation: M0]
==== M0 Baseline: CE Only ====
epoch            total_loss       cls_loss        
0                0.2556584775     0.2556584775    
1                0.0002217316     0.0002217316    
2                0.0007675211     0.0007675211    
3                0.0005743219     0.0005743219    
  Source acc: 1.000000  |  Target acc: 0.975556
  Best target acc: 0.978519

======== ROUND 43 ========  [Ablation: M0]
==== M0 Baseline: CE Only ====
epoch            total_loss       cls_loss        
0                0.0009302578     0.0009302578    
1                0.0006421263     0.0006421263    
2                0.0002594275     0.0002594275    
3                0.0008918641     0.0008918641    
  Source acc: 1.000000  |  Target acc: 0.976296
  Best target acc: 0.978519

======== ROUND 44 ========  [Ablation: M0]
==== M0 Baseline: CE Only ====
epoch            total_loss       cls_loss        
0                0.0003089024     0.0003089024    
1                0.0019149454     0.0019149454    
2                0.0021804562     0.0021804562    
3                0.0004412411     0.0004412411    
  Source acc: 1.000000  |  Target acc: 0.976296
  Best target acc: 0.978519

======== ROUND 45 ========  [Ablation: M0]
==== M0 Baseline: CE Only ====
epoch            total_loss       cls_loss        
0                0.0006315346     0.0006315346    
1                0.0014546755     0.0014546755    
2                0.0007452802     0.0007452802    
3                0.0008692821     0.0008692821    
  Source acc: 1.000000  |  Target acc: 0.974815
  Best target acc: 0.978519

======== ROUND 46 ========  [Ablation: M0]
==== M0 Baseline: CE Only ====
epoch            total_loss       cls_loss        
0                0.0011756023     0.0011756023    
1                0.0006791304     0.0006791304    
2                0.0034966830     0.0034966830    
3                0.0123738954     0.0123738954    
  Source acc: 1.000000  |  Target acc: 0.977037
  Best target acc: 0.978519

======== ROUND 47 ========  [Ablation: M0]
==== M0 Baseline: CE Only ====
epoch            total_loss       cls_loss        
0                0.0031541765     0.0031541765    
1                0.0006349899     0.0006349899    
2                0.0228833575     0.0228833575    
3                0.0006901493     0.0006901493    
  Source acc: 1.000000  |  Target acc: 0.977037
  Best target acc: 0.978519

======== ROUND 48 ========  [Ablation: M0]
==== M0 Baseline: CE Only ====
epoch            total_loss       cls_loss        
0                0.0002298363     0.0002298363    
1                0.0047664954     0.0047664954    
2                0.0004149307     0.0004149307    
3                0.0007161009     0.0007161009    
  Source acc: 1.000000  |  Target acc: 0.977037
  Best target acc: 0.978519

======== ROUND 49 ========  [Ablation: M0]
==== M0 Baseline: CE Only ====
epoch            total_loss       cls_loss        
0                0.0008376978     0.0008376978    
1                0.0003293008     0.0003293008    
2                0.0010682413     0.0010682413    
3                0.0003080666     0.0003080666    
  Source acc: 1.000000  |  Target acc: 0.976296
  Best target acc: 0.978519
[ConfMatrix] saved to log/abl_widar1ap_cross_loc_M0_s2 (cm shape=(6, 6))

Results saved to log/abl_widar1ap_cross_loc_M0_s2
acc.txt: log/abl_widar1ap_cross_loc_M0_s2/acc.txt
bestacc.txt: log/abl_widar1ap_cross_loc_M0_s2/bestacc.txt
