[Seed] global random seed set to 2

[Ablation Mode] M1
[XRF55Dataset] loaded 3840 samples from 1 dirs
[XRF55Dataset] loaded 960 samples from 1 dirs
[XRF55Dataset] loaded 3840 samples from 1 dirs
Train set size: 3840 samples, 120 batches
Test set size:  960 samples, 30 batches
Source eval size: 3840 samples

[Direction Sensitivity] Manual weights (dir_w=0.5): {0: 0.0, 1: 0.5, 2: 0.5, 3: 0.5, 4: 0.5, 5: 0.5, 6: 0.5, 7: 0.5}

======== ROUND 0 ========  [Ablation: M1]
==== Stage 1: SupCon Pre-training ====
epoch            total_loss       cls_loss        
0                1.0139102936     1.0139102936    
1                0.7325490713     0.7325490713    
==== Stage 2: Latent Domain PCL ====
epoch            total_loss       dis_loss         proto_loss       ent_pen_loss    
0                2.5665242672     2.2665243149     0.0000000000     0.3000000119    
Counter({np.int64(1): 1670, np.int64(0): 1338, np.int64(2): 832})
==== Stage 3: Domain-invariant + HardNCE ====
epoch            total_loss       cls_loss         dis_loss         hard_loss       
0                1.5740183592     0.7129605412     0.6546207070     0.6881235838    
  Source acc: 0.848437  |  Target acc: 0.572917
  Best target acc: 0.572917

======== ROUND 1 ========  [Ablation: M1]
==== Stage 1: SupCon Pre-training ====
epoch            total_loss       cls_loss        
0                0.4019068778     0.4019068778    
1                0.4665597081     0.4665597081    
==== Stage 2: Latent Domain PCL ====
epoch            total_loss       dis_loss         proto_loss       ent_pen_loss    
0                2.0994250774     1.8279063702     0.4730465710     0.0349954143    
Counter({np.int64(0): 1527, np.int64(1): 1209, np.int64(2): 1104})
==== Stage 3: Domain-invariant + HardNCE ====
epoch            total_loss       cls_loss         dis_loss         hard_loss       
0                1.7054619789     0.7022254467     0.7321096659     0.9037562013    
  Source acc: 0.929688  |  Target acc: 0.548958
  Best target acc: 0.572917

======== ROUND 2 ========  [Ablation: M1]
==== Stage 1: SupCon Pre-training ====
epoch            total_loss       cls_loss        
0                0.3196644783     0.3196644783    
1                0.6692173481     0.6692173481    
==== Stage 2: Latent Domain PCL ====
epoch            total_loss       dis_loss         proto_loss       ent_pen_loss    
0                2.1531295776     1.8699877262     0.5319815874     0.0171511024    
Counter({np.int64(2): 1911, np.int64(1): 1149, np.int64(0): 780})
==== Stage 3: Domain-invariant + HardNCE ====
epoch            total_loss       cls_loss         dis_loss         hard_loss       
0                1.2419316769     0.4435445666     0.5206098557     0.9259241223    
  Source acc: 0.946094  |  Target acc: 0.527083
  Best target acc: 0.572917

======== ROUND 3 ========  [Ablation: M1]
==== Stage 1: SupCon Pre-training ====
epoch            total_loss       cls_loss        
0                0.2354009748     0.2354009748    
1                0.4369750619     0.4369750619    
==== Stage 2: Latent Domain PCL ====
epoch            total_loss       dis_loss         proto_loss       ent_pen_loss    
0                2.2243545055     1.9402811527     0.4714146852     0.0483661704    
Counter({np.int64(0): 1715, np.int64(1): 1354, np.int64(2): 771})
==== Stage 3: Domain-invariant + HardNCE ====
epoch            total_loss       cls_loss         dis_loss         hard_loss       
0                1.1387546062     0.3057989180     0.6101596355     0.7426537871    
  Source acc: 0.965625  |  Target acc: 0.562500
  Best target acc: 0.572917

======== ROUND 4 ========  [Ablation: M1]
==== Stage 1: SupCon Pre-training ====
epoch            total_loss       cls_loss        
0                0.3396660686     0.3396660686    
1                0.2785133719     0.2785133719    
==== Stage 2: Latent Domain PCL ====
epoch            total_loss       dis_loss         proto_loss       ent_pen_loss    
0                2.0801904202     1.8303937912     0.4477525055     0.0259205047    
Counter({np.int64(0): 1773, np.int64(2): 1167, np.int64(1): 900})
==== Stage 3: Domain-invariant + HardNCE ====
epoch            total_loss       cls_loss         dis_loss         hard_loss       
0                1.0474284887     0.1555069387     0.6538168192     0.7936821580    
  Source acc: 0.983854  |  Target acc: 0.594792
  Best target acc: 0.594792

======== ROUND 5 ========  [Ablation: M1]
==== Stage 1: SupCon Pre-training ====
epoch            total_loss       cls_loss        
0                0.2144468427     0.2144468427    
1                0.0621983409     0.0621983409    
==== Stage 2: Latent Domain PCL ====
epoch            total_loss       dis_loss         proto_loss       ent_pen_loss    
0                2.1382012367     1.8787506819     0.4867378473     0.0160816163    
Counter({np.int64(0): 1672, np.int64(2): 1298, np.int64(1): 870})
==== Stage 3: Domain-invariant + HardNCE ====
epoch            total_loss       cls_loss         dis_loss         hard_loss       
0                1.2508462667     0.2653400898     0.7687803507     0.7224193811    
  Source acc: 0.984115  |  Target acc: 0.579167
  Best target acc: 0.594792

======== ROUND 6 ========  [Ablation: M1]
==== Stage 1: SupCon Pre-training ====
epoch            total_loss       cls_loss        
0                0.2064927369     0.2064927369    
1                0.1420333683     0.1420333683    
==== Stage 2: Latent Domain PCL ====
epoch            total_loss       dis_loss         proto_loss       ent_pen_loss    
0                1.9030169249     1.7045822144     0.3821878433     0.0073407623    
Counter({np.int64(2): 1447, np.int64(0): 1378, np.int64(1): 1015})
==== Stage 3: Domain-invariant + HardNCE ====
epoch            total_loss       cls_loss         dis_loss         hard_loss       
0                1.0980558395     0.3295371830     0.5409376025     0.7586033344    
  Source acc: 0.986198  |  Target acc: 0.576042
  Best target acc: 0.594792

======== ROUND 7 ========  [Ablation: M1]
==== Stage 1: SupCon Pre-training ====
epoch            total_loss       cls_loss        
0                0.0275763776     0.0275763776    
1                0.2028852254     0.2028852254    
==== Stage 2: Latent Domain PCL ====
epoch            total_loss       dis_loss         proto_loss       ent_pen_loss    
0                2.1946895123     1.8228662014     0.7259547114     0.0088461619    
Counter({np.int64(1): 1593, np.int64(0): 1493, np.int64(2): 754})
==== Stage 3: Domain-invariant + HardNCE ====
epoch            total_loss       cls_loss         dis_loss         hard_loss       
0                1.2395098209     0.3577295840     0.6750491858     0.6891037822    
  Source acc: 0.991146  |  Target acc: 0.573958
  Best target acc: 0.594792

======== ROUND 8 ========  [Ablation: M1]
==== Stage 1: SupCon Pre-training ====
epoch            total_loss       cls_loss        
0                0.2140720785     0.2140720785    
1                0.3562611043     0.3562611043    
==== Stage 2: Latent Domain PCL ====
epoch            total_loss       dis_loss         proto_loss       ent_pen_loss    
0                1.7665071487     1.4937062263     0.5388218760     0.0033900046    
Counter({np.int64(1): 1677, np.int64(0): 1411, np.int64(2): 752})
==== Stage 3: Domain-invariant + HardNCE ====
epoch            total_loss       cls_loss         dis_loss         hard_loss       
0                1.0113854408     0.1616407186     0.6512323022     0.6617079377    
  Source acc: 0.984635  |  Target acc: 0.544792
  Best target acc: 0.594792

======== ROUND 9 ========  [Ablation: M1]
==== Stage 1: SupCon Pre-training ====
epoch            total_loss       cls_loss        
0                0.2654654980     0.2654654980    
1                0.0834012032     0.0834012032    
==== Stage 2: Latent Domain PCL ====
epoch            total_loss       dis_loss         proto_loss       ent_pen_loss    
0                2.3032970428     1.9958511591     0.5133185387     0.0507864021    
Counter({np.int64(1): 1592, np.int64(2): 1205, np.int64(0): 1043})
==== Stage 3: Domain-invariant + HardNCE ====
epoch            total_loss       cls_loss         dis_loss         hard_loss       
0                0.9718516469     0.1278270930     0.6290054917     0.7167301178    
  Source acc: 0.994792  |  Target acc: 0.596875
  Best target acc: 0.596875

======== ROUND 10 ========  [Ablation: M1]
==== Stage 1: SupCon Pre-training ====
epoch            total_loss       cls_loss        
0                0.1316377968     0.1316377968    
1                0.0487093255     0.0487093255    
==== Stage 2: Latent Domain PCL ====
epoch            total_loss       dis_loss         proto_loss       ent_pen_loss    
0                1.2633547783     0.9148418903     0.6451846957     0.0259205047    
Counter({np.int64(1): 1909, np.int64(0): 1139, np.int64(2): 792})
==== Stage 3: Domain-invariant + HardNCE ====
epoch            total_loss       cls_loss         dis_loss         hard_loss       
0                1.3277205229     0.0691976994     1.0295165777     0.7633544207    
  Source acc: 0.999740  |  Target acc: 0.606250
  Best target acc: 0.606250

======== ROUND 11 ========  [Ablation: M1]
==== Stage 1: SupCon Pre-training ====
epoch            total_loss       cls_loss        
0                0.0570525974     0.0570525974    
1                0.0203516409     0.0203516409    
==== Stage 2: Latent Domain PCL ====
epoch            total_loss       dis_loss         proto_loss       ent_pen_loss    
0                1.0690586567     0.8333845139     0.4609584212     0.0051949215    
Counter({np.int64(1): 2051, np.int64(0): 1154, np.int64(2): 635})
==== Stage 3: Domain-invariant + HardNCE ====
epoch            total_loss       cls_loss         dis_loss         hard_loss       
0                0.9370082021     0.0759244412     0.6500527263     0.7034366727    
  Source acc: 0.999740  |  Target acc: 0.620833
  Best target acc: 0.620833

======== ROUND 12 ========  [Ablation: M1]
==== Stage 1: SupCon Pre-training ====
epoch            total_loss       cls_loss        
0                0.0339004882     0.0339004882    
1                0.0569995791     0.0569995791    
==== Stage 2: Latent Domain PCL ====
epoch            total_loss       dis_loss         proto_loss       ent_pen_loss    
0                0.9127808213     0.8204473257     0.0902628601     0.0472020544    
Counter({np.int64(1): 2101, np.int64(0): 1183, np.int64(2): 556})
==== Stage 3: Domain-invariant + HardNCE ====
epoch            total_loss       cls_loss         dis_loss         hard_loss       
0                0.6457639933     0.0495429784     0.4153145850     0.6030213833    
  Source acc: 1.000000  |  Target acc: 0.628125
  Best target acc: 0.628125

======== ROUND 13 ========  [Ablation: M1]
==== Stage 1: SupCon Pre-training ====
epoch            total_loss       cls_loss        
0                0.1040367335     0.1040367335    
1                0.0224412009     0.0224412009    
==== Stage 2: Latent Domain PCL ====
epoch            total_loss       dis_loss         proto_loss       ent_pen_loss    
0                1.3278799057     1.2065765858     0.1529428065     0.0448319279    
Counter({np.int64(1): 2102, np.int64(0): 1179, np.int64(2): 559})
==== Stage 3: Domain-invariant + HardNCE ====
epoch            total_loss       cls_loss         dis_loss         hard_loss       
0                0.7271801233     0.1759751737     0.3691681027     0.6067894697    
  Source acc: 1.000000  |  Target acc: 0.619792
  Best target acc: 0.628125

======== ROUND 14 ========  [Ablation: M1]
==== Stage 1: SupCon Pre-training ====
epoch            total_loss       cls_loss        
0                0.0123907104     0.0123907104    
1                0.0189064108     0.0189064108    
==== Stage 2: Latent Domain PCL ====
epoch            total_loss       dis_loss         proto_loss       ent_pen_loss    
0                1.6029947996     1.3910300732     0.2673877776     0.0782707930    
Counter({np.int64(1): 2142, np.int64(2): 942, np.int64(0): 756})
==== Stage 3: Domain-invariant + HardNCE ====
epoch            total_loss       cls_loss         dis_loss         hard_loss       
0                0.7657802701     0.0274589602     0.5534420013     0.6162642837    
  Source acc: 1.000000  |  Target acc: 0.648958
  Best target acc: 0.648958

======== ROUND 15 ========  [Ablation: M1]
==== Stage 1: SupCon Pre-training ====
epoch            total_loss       cls_loss        
0                0.0785081908     0.0785081908    
1                0.0186933000     0.0186933000    
==== Stage 2: Latent Domain PCL ====
epoch            total_loss       dis_loss         proto_loss       ent_pen_loss    
0                1.3876876831     1.2351801395     0.2593850791     0.0228149444    
Counter({np.int64(1): 2063, np.int64(2): 990, np.int64(0): 787})
==== Stage 3: Domain-invariant + HardNCE ====
epoch            total_loss       cls_loss         dis_loss         hard_loss       
0                0.7921689153     0.0577138923     0.5326359868     0.6727302074    
  Source acc: 1.000000  |  Target acc: 0.615625
  Best target acc: 0.648958

======== ROUND 16 ========  [Ablation: M1]
==== Stage 1: SupCon Pre-training ====
epoch            total_loss       cls_loss        
0                0.0222093202     0.0222093202    
1                0.0234067962     0.0234067962    
==== Stage 2: Latent Domain PCL ====
epoch            total_loss       dis_loss         proto_loss       ent_pen_loss    
0                1.7589603662     1.6780675650     0.1150413677     0.0233721174    
Counter({np.int64(1): 1913, np.int64(2): 1269, np.int64(0): 658})
==== Stage 3: Domain-invariant + HardNCE ====
epoch            total_loss       cls_loss         dis_loss         hard_loss       
0                0.9480283260     0.0802880228     0.6674138308     0.6677548885    
  Source acc: 1.000000  |  Target acc: 0.633333
  Best target acc: 0.648958

======== ROUND 17 ========  [Ablation: M1]
==== Stage 1: SupCon Pre-training ====
epoch            total_loss       cls_loss        
0                0.0551776774     0.0551776774    
1                0.0078434935     0.0078434935    
==== Stage 2: Latent Domain PCL ====
epoch            total_loss       dis_loss         proto_loss       ent_pen_loss    
0                1.6680294275     1.5690913200     0.1637387276     0.0170687437    
Counter({np.int64(1): 1487, np.int64(2): 1456, np.int64(0): 897})
==== Stage 3: Domain-invariant + HardNCE ====
epoch            total_loss       cls_loss         dis_loss         hard_loss       
0                0.8255783319     0.0282686930     0.6011104584     0.6539973021    
  Source acc: 1.000000  |  Target acc: 0.620833
  Best target acc: 0.648958

======== ROUND 18 ========  [Ablation: M1]
==== Stage 1: SupCon Pre-training ====
epoch            total_loss       cls_loss        
0                0.0046092412     0.0046092412    
1                0.0048237913     0.0048237913    
==== Stage 2: Latent Domain PCL ====
epoch            total_loss       dis_loss         proto_loss       ent_pen_loss    
0                1.5017085075     1.3359366655     0.2847993970     0.0233721174    
Counter({np.int64(1): 1731, np.int64(2): 1302, np.int64(0): 807})
==== Stage 3: Domain-invariant + HardNCE ====
epoch            total_loss       cls_loss         dis_loss         hard_loss       
0                0.6602129936     0.0929544494     0.3820309937     0.6174250841    
  Source acc: 1.000000  |  Target acc: 0.614583
  Best target acc: 0.648958

======== ROUND 19 ========  [Ablation: M1]
==== Stage 1: SupCon Pre-training ====
epoch            total_loss       cls_loss        
0                0.0060929283     0.0060929283    
1                0.0184910521     0.0184910521    
==== Stage 2: Latent Domain PCL ====
epoch            total_loss       dis_loss         proto_loss       ent_pen_loss    
0                1.5258120298     1.4063909054     0.1932122409     0.0228149444    
Counter({np.int64(1): 1712, np.int64(2): 1269, np.int64(0): 859})
==== Stage 3: Domain-invariant + HardNCE ====
epoch            total_loss       cls_loss         dis_loss         hard_loss       
0                0.5428940654     0.0421605706     0.3244343698     0.5876637697    
  Source acc: 1.000000  |  Target acc: 0.628125
  Best target acc: 0.648958

======== ROUND 20 ========  [Ablation: M1]
==== Stage 1: SupCon Pre-training ====
epoch            total_loss       cls_loss        
0                0.0121487873     0.0121487873    
1                0.0058910679     0.0058910679    
==== Stage 2: Latent Domain PCL ====
epoch            total_loss       dis_loss         proto_loss       ent_pen_loss    
0                1.5043522120     1.2875971794     0.3635191917     0.0349954143    
Counter({np.int64(1): 1754, np.int64(2): 1245, np.int64(0): 841})
==== Stage 3: Domain-invariant + HardNCE ====
epoch            total_loss       cls_loss         dis_loss         hard_loss       
0                0.8199673295     0.0187682025     0.6164228916     0.6159208417    
  Source acc: 1.000000  |  Target acc: 0.621875
  Best target acc: 0.648958

======== ROUND 21 ========  [Ablation: M1]
==== Stage 1: SupCon Pre-training ====
epoch            total_loss       cls_loss        
0                0.0126600564     0.0126600564    
1                0.0051503079     0.0051503079    
==== Stage 2: Latent Domain PCL ====
epoch            total_loss       dis_loss         proto_loss       ent_pen_loss    
0                1.4532603025     1.2227475643     0.4009244740     0.0300505292    
Counter({np.int64(1): 1741, np.int64(2): 1227, np.int64(0): 872})
==== Stage 3: Domain-invariant + HardNCE ====
epoch            total_loss       cls_loss         dis_loss         hard_loss       
0                0.5495559573     0.0170165785     0.3504687250     0.6069020629    
  Source acc: 1.000000  |  Target acc: 0.622917
  Best target acc: 0.648958

======== ROUND 22 ========  [Ablation: M1]
==== Stage 1: SupCon Pre-training ====
epoch            total_loss       cls_loss        
0                0.0124444794     0.0124444794    
1                0.0200361963     0.0200361963    
==== Stage 2: Latent Domain PCL ====
epoch            total_loss       dis_loss         proto_loss       ent_pen_loss    
0                1.1903234720     1.1101692915     0.1260062009     0.0171511024    
Counter({np.int64(1): 1767, np.int64(2): 1226, np.int64(0): 847})
==== Stage 3: Domain-invariant + HardNCE ====
epoch            total_loss       cls_loss         dis_loss         hard_loss       
0                0.6900943518     0.0188659132     0.4908873439     0.6011369824    
  Source acc: 1.000000  |  Target acc: 0.619792
  Best target acc: 0.648958

======== ROUND 23 ========  [Ablation: M1]
==== Stage 1: SupCon Pre-training ====
epoch            total_loss       cls_loss        
0                0.1110090613     0.1110090613    
1                0.0190848354     0.0190848354    
==== Stage 2: Latent Domain PCL ====
epoch            total_loss       dis_loss         proto_loss       ent_pen_loss    
0                1.0812826157     1.0196623802     0.1013373286     0.0109514743    
Counter({np.int64(1): 1755, np.int64(2): 1242, np.int64(0): 843})
==== Stage 3: Domain-invariant + HardNCE ====
epoch            total_loss       cls_loss         dis_loss         hard_loss       
0                0.6544783711     0.0240646936     0.4602974057     0.5670542717    
  Source acc: 1.000000  |  Target acc: 0.618750
  Best target acc: 0.648958

======== ROUND 24 ========  [Ablation: M1]
==== Stage 1: SupCon Pre-training ====
epoch            total_loss       cls_loss        
0                0.0235919040     0.0235919040    
1                0.0230496153     0.0230496153    
==== Stage 2: Latent Domain PCL ====
epoch            total_loss       dis_loss         proto_loss       ent_pen_loss    
0                1.3322663307     1.1629111767     0.2646616697     0.0370242447    
Counter({np.int64(1): 1764, np.int64(2): 1183, np.int64(0): 893})
==== Stage 3: Domain-invariant + HardNCE ====
epoch            total_loss       cls_loss         dis_loss         hard_loss       
0                0.5898796320     0.0391937532     0.3469330966     0.6791758537    
  Source acc: 1.000000  |  Target acc: 0.616667
  Best target acc: 0.648958

======== ROUND 25 ========  [Ablation: M1]
==== Stage 1: SupCon Pre-training ====
epoch            total_loss       cls_loss        
0                0.0045979386     0.0045979386    
1                0.0129160518     0.0129160518    
==== Stage 2: Latent Domain PCL ====
epoch            total_loss       dis_loss         proto_loss       ent_pen_loss    
0                1.4513436556     1.3633508682     0.1292412430     0.0233721174    
Counter({np.int64(1): 1799, np.int64(2): 1142, np.int64(0): 899})
==== Stage 3: Domain-invariant + HardNCE ====
epoch            total_loss       cls_loss         dis_loss         hard_loss       
0                0.6874868870     0.0097694686     0.5080629587     0.5655149221    
  Source acc: 1.000000  |  Target acc: 0.618750
  Best target acc: 0.648958

======== ROUND 26 ========  [Ablation: M1]
==== Stage 1: SupCon Pre-training ====
epoch            total_loss       cls_loss        
0                0.1315240115     0.1315240115    
1                0.0033046596     0.0033046596    
==== Stage 2: Latent Domain PCL ====
epoch            total_loss       dis_loss         proto_loss       ent_pen_loss    
0                0.9436983466     0.8861479759     0.0891584903     0.0129710762    
Counter({np.int64(1): 1852, np.int64(2): 1081, np.int64(0): 907})
==== Stage 3: Domain-invariant + HardNCE ====
epoch            total_loss       cls_loss         dis_loss         hard_loss       
0                0.6334989071     0.0196347348     0.4215442538     0.6410664320    
  Source acc: 1.000000  |  Target acc: 0.626042
  Best target acc: 0.648958

======== ROUND 27 ========  [Ablation: M1]
==== Stage 1: SupCon Pre-training ====
epoch            total_loss       cls_loss        
0                0.0029418340     0.0029418340    
1                0.0325945057     0.0325945057    
==== Stage 2: Latent Domain PCL ====
epoch            total_loss       dis_loss         proto_loss       ent_pen_loss    
0                1.1993306875     1.1212855577     0.1414087117     0.0073407623    
Counter({np.int64(1): 1854, np.int64(2): 1042, np.int64(0): 944})
==== Stage 3: Domain-invariant + HardNCE ====
epoch            total_loss       cls_loss         dis_loss         hard_loss       
0                0.7175168991     0.0203692392     0.5049592257     0.6406282187    
  Source acc: 1.000000  |  Target acc: 0.625000
  Best target acc: 0.648958

======== ROUND 28 ========  [Ablation: M1]
==== Stage 1: SupCon Pre-training ====
epoch            total_loss       cls_loss        
0                0.0868444368     0.0868444368    
1                0.0060034259     0.0060034259    
==== Stage 2: Latent Domain PCL ====
epoch            total_loss       dis_loss         proto_loss       ent_pen_loss    
0                1.2330584526     0.9935147762     0.3707564175     0.0541654974    
Counter({np.int64(1): 1820, np.int64(2): 1017, np.int64(0): 1003})
==== Stage 3: Domain-invariant + HardNCE ====
epoch            total_loss       cls_loss         dis_loss         hard_loss       
0                0.6752760410     0.0349093527     0.4678454697     0.5750707388    
  Source acc: 1.000000  |  Target acc: 0.622917
  Best target acc: 0.648958

======== ROUND 29 ========  [Ablation: M1]
==== Stage 1: SupCon Pre-training ====
epoch            total_loss       cls_loss        
0                0.0042931619     0.0042931619    
1                0.0026234468     0.0026234468    
==== Stage 2: Latent Domain PCL ====
epoch            total_loss       dis_loss         proto_loss       ent_pen_loss    
0                1.3561533689     1.2999418974     0.0498753935     0.0312737636    
Counter({np.int64(1): 1801, np.int64(0): 1036, np.int64(2): 1003})
==== Stage 3: Domain-invariant + HardNCE ====
epoch            total_loss       cls_loss         dis_loss         hard_loss       
0                0.9716464281     0.0457889996     0.7160734534     0.6992799044    
  Source acc: 1.000000  |  Target acc: 0.621875
  Best target acc: 0.648958

======== ROUND 30 ========  [Ablation: M1]
==== Stage 1: SupCon Pre-training ====
epoch            total_loss       cls_loss        
0                0.0166390706     0.0166390706    
1                0.0079019247     0.0079019247    
==== Stage 2: Latent Domain PCL ====
epoch            total_loss       dis_loss         proto_loss       ent_pen_loss    
0                1.3272846937     1.2678542137     0.1011685729     0.0088461293    
Counter({np.int64(1): 1789, np.int64(0): 1084, np.int64(2): 967})
==== Stage 3: Domain-invariant + HardNCE ====
epoch            total_loss       cls_loss         dis_loss         hard_loss       
0                0.7577663660     0.0278503299     0.5474213362     0.6083155274    
  Source acc: 1.000000  |  Target acc: 0.614583
  Best target acc: 0.648958

======== ROUND 31 ========  [Ablation: M1]
==== Stage 1: SupCon Pre-training ====
epoch            total_loss       cls_loss        
0                0.0366769470     0.0366769470    
1                0.0146929026     0.0146929026    
==== Stage 2: Latent Domain PCL ====
epoch            total_loss       dis_loss         proto_loss       ent_pen_loss    
0                1.4832453728     1.4173743725     0.1249621511     0.0033900046    
Counter({np.int64(1): 1825, np.int64(0): 1078, np.int64(2): 937})
==== Stage 3: Domain-invariant + HardNCE ====
epoch            total_loss       cls_loss         dis_loss         hard_loss       
0                0.6427052021     0.0129902903     0.4349980652     0.6490560174    
  Source acc: 1.000000  |  Target acc: 0.625000
  Best target acc: 0.648958

======== ROUND 32 ========  [Ablation: M1]
==== Stage 1: SupCon Pre-training ====
epoch            total_loss       cls_loss        
0                0.0022098471     0.0022098471    
1                0.0028085699     0.0028085699    
==== Stage 2: Latent Domain PCL ====
epoch            total_loss       dis_loss         proto_loss       ent_pen_loss    
0                1.2072279453     1.1160447598     0.1222652197     0.0300505292    
Counter({np.int64(1): 1778, np.int64(0): 1105, np.int64(2): 957})
==== Stage 3: Domain-invariant + HardNCE ====
epoch            total_loss       cls_loss         dis_loss         hard_loss       
0                0.8417357206     0.0169146955     0.6221633554     0.6755256653    
  Source acc: 1.000000  |  Target acc: 0.617708
  Best target acc: 0.648958

======== ROUND 33 ========  [Ablation: M1]
==== Stage 1: SupCon Pre-training ====
epoch            total_loss       cls_loss        
0                0.0063716928     0.0063716928    
1                0.0021854974     0.0021854974    
==== Stage 2: Latent Domain PCL ====
epoch            total_loss       dis_loss         proto_loss       ent_pen_loss    
0                1.2873464823     1.2130482197     0.1339148581     0.0073407623    
Counter({np.int64(1): 1785, np.int64(0): 1153, np.int64(2): 902})
==== Stage 3: Domain-invariant + HardNCE ====
epoch            total_loss       cls_loss         dis_loss         hard_loss       
0                0.7969039083     0.0242490023     0.5904865861     0.6072276235    
  Source acc: 1.000000  |  Target acc: 0.625000
  Best target acc: 0.648958

======== ROUND 34 ========  [Ablation: M1]
==== Stage 1: SupCon Pre-training ====
epoch            total_loss       cls_loss        
0                0.0017226562     0.0017226562    
1                0.0082844943     0.0082844943    
==== Stage 2: Latent Domain PCL ====
epoch            total_loss       dis_loss         proto_loss       ent_pen_loss    
0                1.4156517982     1.2379269600     0.3087053895     0.0233721174    
Counter({np.int64(1): 1788, np.int64(0): 1160, np.int64(2): 892})
==== Stage 3: Domain-invariant + HardNCE ====
epoch            total_loss       cls_loss         dis_loss         hard_loss       
0                0.8433052301     0.0527238250     0.6042087674     0.6212422252    
  Source acc: 1.000000  |  Target acc: 0.629167
  Best target acc: 0.648958

======== ROUND 35 ========  [Ablation: M1]
==== Stage 1: SupCon Pre-training ====
epoch            total_loss       cls_loss        
0                0.0039907694     0.0039907694    
1                0.0220912658     0.0220912658    
==== Stage 2: Latent Domain PCL ====
epoch            total_loss       dis_loss         proto_loss       ent_pen_loss    
0                1.4552098513     1.2456101179     0.3735695481     0.0228149444    
Counter({np.int64(1): 1770, np.int64(0): 1268, np.int64(2): 802})
==== Stage 3: Domain-invariant + HardNCE ====
epoch            total_loss       cls_loss         dis_loss         hard_loss       
0                1.4701352119     0.0300828256     1.2627700567     0.5909410119    
  Source acc: 1.000000  |  Target acc: 0.622917
  Best target acc: 0.648958

======== ROUND 36 ========  [Ablation: M1]
==== Stage 1: SupCon Pre-training ====
epoch            total_loss       cls_loss        
0                0.0048912116     0.0048912116    
1                0.0050958367     0.0050958367    
==== Stage 2: Latent Domain PCL ====
epoch            total_loss       dis_loss         proto_loss       ent_pen_loss    
0                1.4387342930     1.3208694458     0.2210482210     0.0073407623    
Counter({np.int64(1): 1792, np.int64(0): 1214, np.int64(2): 834})
==== Stage 3: Domain-invariant + HardNCE ====
epoch            total_loss       cls_loss         dis_loss         hard_loss       
0                1.0809286833     0.0191095881     0.8748806715     0.6231279373    
  Source acc: 1.000000  |  Target acc: 0.621875
  Best target acc: 0.648958

======== ROUND 37 ========  [Ablation: M1]
==== Stage 1: SupCon Pre-training ====
epoch            total_loss       cls_loss        
0                0.0037040473     0.0037040473    
1                0.0039599100     0.0039599100    
==== Stage 2: Latent Domain PCL ====
epoch            total_loss       dis_loss         proto_loss       ent_pen_loss    
0                1.3764231205     1.2621152401     0.2109233588     0.0088461619    
Counter({np.int64(1): 1765, np.int64(0): 1251, np.int64(2): 824})
==== Stage 3: Domain-invariant + HardNCE ====
epoch            total_loss       cls_loss         dis_loss         hard_loss       
0                0.7078859806     0.0123349298     0.5192021132     0.5878298283    
  Source acc: 1.000000  |  Target acc: 0.620833
  Best target acc: 0.648958

======== ROUND 38 ========  [Ablation: M1]
==== Stage 1: SupCon Pre-training ====
epoch            total_loss       cls_loss        
0                0.0070068445     0.0070068445    
1                0.0010673937     0.0010673937    
==== Stage 2: Latent Domain PCL ====
epoch            total_loss       dis_loss         proto_loss       ent_pen_loss    
0                1.5514867306     1.3482503891     0.4026702642     0.0019012074    
Counter({np.int64(1): 1750, np.int64(0): 1295, np.int64(2): 795})
==== Stage 3: Domain-invariant + HardNCE ====
epoch            total_loss       cls_loss         dis_loss         hard_loss       
0                0.8721432686     0.0491184145     0.6744111776     0.4953789115    
  Source acc: 1.000000  |  Target acc: 0.622917
  Best target acc: 0.648958

======== ROUND 39 ========  [Ablation: M1]
==== Stage 1: SupCon Pre-training ====
epoch            total_loss       cls_loss        
0                0.0531813391     0.0531813391    
1                0.0265678894     0.0265678894    
==== Stage 2: Latent Domain PCL ====
epoch            total_loss       dis_loss         proto_loss       ent_pen_loss    
0                1.3714413643     1.2822505236     0.1265407354     0.0259205047    
Counter({np.int64(1): 1709, np.int64(0): 1351, np.int64(2): 780})
==== Stage 3: Domain-invariant + HardNCE ====
epoch            total_loss       cls_loss         dis_loss         hard_loss       
0                0.6611028314     0.0188358035     0.4723630548     0.5663465261    
  Source acc: 1.000000  |  Target acc: 0.625000
  Best target acc: 0.648958

======== ROUND 40 ========  [Ablation: M1]
==== Stage 1: SupCon Pre-training ====
epoch            total_loss       cls_loss        
0                0.0257420242     0.0257420242    
1                0.0520883799     0.0520883799    
==== Stage 2: Latent Domain PCL ====
epoch            total_loss       dis_loss         proto_loss       ent_pen_loss    
0                1.2077089548     1.1000909805     0.2114336789     0.0019012074    
Counter({np.int64(1): 1694, np.int64(0): 1306, np.int64(2): 840})
==== Stage 3: Domain-invariant + HardNCE ====
epoch            total_loss       cls_loss         dis_loss         hard_loss       
0                0.9381685853     0.0305797849     0.7324357629     0.5838434100    
  Source acc: 1.000000  |  Target acc: 0.628125
  Best target acc: 0.648958

======== ROUND 41 ========  [Ablation: M1]
==== Stage 1: SupCon Pre-training ====
epoch            total_loss       cls_loss        
0                0.0021982447     0.0021982447    
1                0.0025861550     0.0025861550    
==== Stage 2: Latent Domain PCL ====
epoch            total_loss       dis_loss         proto_loss       ent_pen_loss    
0                1.0119687319     0.8888451457     0.2020372450     0.0221050046    
Counter({np.int64(1): 1664, np.int64(0): 1311, np.int64(2): 865})
==== Stage 3: Domain-invariant + HardNCE ====
epoch            total_loss       cls_loss         dis_loss         hard_loss       
0                1.0040216446     0.0212997887     0.7949917316     0.6257672310    
  Source acc: 1.000000  |  Target acc: 0.628125
  Best target acc: 0.648958

======== ROUND 42 ========  [Ablation: M1]
==== Stage 1: SupCon Pre-training ====
epoch            total_loss       cls_loss        
0                0.0265906826     0.0265906826    
1                0.0032041564     0.0032041564    
==== Stage 2: Latent Domain PCL ====
epoch            total_loss       dis_loss         proto_loss       ent_pen_loss    
0                1.4612327814     1.3120255470     0.2682352960     0.0150896702    
Counter({np.int64(1): 1675, np.int64(0): 1293, np.int64(2): 872})
==== Stage 3: Domain-invariant + HardNCE ====
epoch            total_loss       cls_loss         dis_loss         hard_loss       
0                1.0165882111     0.1118387356     0.7245433927     0.6006867290    
  Source acc: 1.000000  |  Target acc: 0.638542
  Best target acc: 0.648958

======== ROUND 43 ========  [Ablation: M1]
==== Stage 1: SupCon Pre-training ====
epoch            total_loss       cls_loss        
0                0.0015131052     0.0015131052    
1                0.0088079618     0.0088079618    
==== Stage 2: Latent Domain PCL ====
epoch            total_loss       dis_loss         proto_loss       ent_pen_loss    
0                1.4108177423     1.3024249077     0.1525743902     0.0321056955    
Counter({np.int64(1): 1642, np.int64(0): 1299, np.int64(2): 899})
==== Stage 3: Domain-invariant + HardNCE ====
epoch            total_loss       cls_loss         dis_loss         hard_loss       
0                0.9347692132     0.0171719249     0.7233384252     0.6475296021    
  Source acc: 1.000000  |  Target acc: 0.633333
  Best target acc: 0.648958

======== ROUND 44 ========  [Ablation: M1]
==== Stage 1: SupCon Pre-training ====
epoch            total_loss       cls_loss        
0                0.0026527960     0.0026527960    
1                0.0024011820     0.0024011820    
==== Stage 2: Latent Domain PCL ====
epoch            total_loss       dis_loss         proto_loss       ent_pen_loss    
0                1.6106020212     1.3479170799     0.4425990283     0.0413854420    
Counter({np.int64(1): 1647, np.int64(0): 1280, np.int64(2): 913})
==== Stage 3: Domain-invariant + HardNCE ====
epoch            total_loss       cls_loss         dis_loss         hard_loss       
0                0.6111301184     0.0120270476     0.4367317259     0.5412377119    
  Source acc: 1.000000  |  Target acc: 0.632292
  Best target acc: 0.648958

======== ROUND 45 ========  [Ablation: M1]
==== Stage 1: SupCon Pre-training ====
epoch            total_loss       cls_loss        
0                0.0538643450     0.0538643450    
1                0.0059206509     0.0059206509    
==== Stage 2: Latent Domain PCL ====
epoch            total_loss       dis_loss         proto_loss       ent_pen_loss    
0                1.2533620596     1.1693460941     0.1552506536     0.0063906796    
Counter({np.int64(1): 1619, np.int64(0): 1350, np.int64(2): 871})
==== Stage 3: Domain-invariant + HardNCE ====
epoch            total_loss       cls_loss         dis_loss         hard_loss       
0                0.9546296000     0.0194343645     0.7596535683     0.5851387978    
  Source acc: 1.000000  |  Target acc: 0.630208
  Best target acc: 0.648958

======== ROUND 46 ========  [Ablation: M1]
==== Stage 1: SupCon Pre-training ====
epoch            total_loss       cls_loss        
0                0.0210900344     0.0210900344    
1                0.0138643328     0.0138643328    
==== Stage 2: Latent Domain PCL ====
epoch            total_loss       dis_loss         proto_loss       ent_pen_loss    
0                1.2884535789     1.1655015945     0.2391240299     0.0033900046    
Counter({np.int64(1): 1630, np.int64(0): 1314, np.int64(2): 896})
==== Stage 3: Domain-invariant + HardNCE ====
epoch            total_loss       cls_loss         dis_loss         hard_loss       
0                0.7174400091     0.0178326517     0.5121602416     0.6248236895    
  Source acc: 1.000000  |  Target acc: 0.640625
  Best target acc: 0.648958

======== ROUND 47 ========  [Ablation: M1]
==== Stage 1: SupCon Pre-training ====
epoch            total_loss       cls_loss        
0                0.0091238488     0.0091238488    
1                0.0095518650     0.0095518650    
==== Stage 2: Latent Domain PCL ====
epoch            total_loss       dis_loss         proto_loss       ent_pen_loss    
0                1.1322060823     1.0086292028     0.2466144264     0.0002696014    
Counter({np.int64(1): 1612, np.int64(0): 1323, np.int64(2): 905})
==== Stage 3: Domain-invariant + HardNCE ====
epoch            total_loss       cls_loss         dis_loss         hard_loss       
0                1.2922757864     0.0149334166     1.0995661020     0.5925874710    
  Source acc: 1.000000  |  Target acc: 0.622917
  Best target acc: 0.648958

======== ROUND 48 ========  [Ablation: M1]
==== Stage 1: SupCon Pre-training ====
epoch            total_loss       cls_loss        
0                0.0083626015     0.0083626015    
1                0.0052342415     0.0052342415    
==== Stage 2: Latent Domain PCL ====
epoch            total_loss       dis_loss         proto_loss       ent_pen_loss    
0                1.3672554493     1.2490360737     0.2326364815     0.0019012074    
Counter({np.int64(1): 1625, np.int64(0): 1334, np.int64(2): 881})
==== Stage 3: Domain-invariant + HardNCE ====
epoch            total_loss       cls_loss         dis_loss         hard_loss       
0                0.7168265581     0.0402716920     0.5145989656     0.5398529768    
  Source acc: 1.000000  |  Target acc: 0.622917
  Best target acc: 0.648958

======== ROUND 49 ========  [Ablation: M1]
==== Stage 1: SupCon Pre-training ====
epoch            total_loss       cls_loss        
0                0.0028905573     0.0028905573    
1                0.0066383397     0.0066383397    
==== Stage 2: Latent Domain PCL ====
epoch            total_loss       dis_loss         proto_loss       ent_pen_loss    
0                1.3979094028     1.2802596092     0.2009973824     0.0171511024    
Counter({np.int64(1): 1621, np.int64(0): 1355, np.int64(2): 864})
==== Stage 3: Domain-invariant + HardNCE ====
epoch            total_loss       cls_loss         dis_loss         hard_loss       
0                0.6597623825     0.0192110389     0.4706189930     0.5664412975    
  Source acc: 1.000000  |  Target acc: 0.632292
  Best target acc: 0.648958
[ConfMatrix] saved to log/abl_xrf_cross_user_M1_s2 (cm shape=(8, 8))

Results saved to log/abl_xrf_cross_user_M1_s2
acc.txt: log/abl_xrf_cross_user_M1_s2/acc.txt
bestacc.txt: log/abl_xrf_cross_user_M1_s2/bestacc.txt
