[Seed] global random seed set to 2

[Ablation Mode] M0
[WidarDataset] loaded 5250 samples, gesture_map={'G01': 0, 'G02': 1, 'G03': 2, 'G04': 3, 'G05': 4, 'G06': 5}
[WidarDataset] loaded 1500 samples, gesture_map={'G01': 0, 'G02': 1, 'G03': 2, 'G04': 3, 'G05': 4, 'G06': 5}
[WidarDataset] loaded 5250 samples, gesture_map={'G01': 0, 'G02': 1, 'G03': 2, 'G04': 3, 'G05': 4, 'G06': 5}
Train set size: 5250 samples, 165 batches
Test set size:  1500 samples, 47 batches
Source eval size: 5250 samples

[Direction Sensitivity] Manual weights (dir_w=0.5): {0: 0.0, 1: 0.0, 2: 0.0, 3: 0.0, 4: 0.0, 5: 0.0}

======== ROUND 0 ========  [Ablation: M0]
==== M0 Baseline: CE Only ====
epoch            total_loss       cls_loss        
0                3.4493658543     3.4493658543    
1                0.3174258769     0.3174258769    
2                0.5204675198     0.5204675198    
3                0.3528181911     0.3528181911    
  Source acc: 0.949714  |  Target acc: 0.790000
  Best target acc: 0.790000

======== ROUND 1 ========  [Ablation: M0]
==== M0 Baseline: CE Only ====
epoch            total_loss       cls_loss        
0                2.0870320797     2.0870320797    
1                0.6080640554     0.6080640554    
2                1.4322069883     1.4322069883    
3                5.0053277016     5.0053277016    
  Source acc: 0.878857  |  Target acc: 0.698000
  Best target acc: 0.790000

======== ROUND 2 ========  [Ablation: M0]
==== M0 Baseline: CE Only ====
epoch            total_loss       cls_loss        
0                5.3466382027     5.3466382027    
1                1.9253342152     1.9253342152    
2                0.6812290549     0.6812290549    
3                0.0239397157     0.0239397157    
  Source acc: 0.937905  |  Target acc: 0.777333
  Best target acc: 0.790000

======== ROUND 3 ========  [Ablation: M0]
==== M0 Baseline: CE Only ====
epoch            total_loss       cls_loss        
0                0.2746128440     0.2746128440    
1                0.7891033888     0.7891033888    
2                0.1211775392     0.1211775392    
3                0.1625255644     0.1625255644    
  Source acc: 0.996000  |  Target acc: 0.888667
  Best target acc: 0.888667

======== ROUND 4 ========  [Ablation: M0]
==== M0 Baseline: CE Only ====
epoch            total_loss       cls_loss        
0                0.3958988190     0.3958988190    
1                1.2258979082     1.2258979082    
2                0.0221551936     0.0221551936    
3                0.8644624949     0.8644624949    
  Source acc: 0.913714  |  Target acc: 0.669333
  Best target acc: 0.888667

======== ROUND 5 ========  [Ablation: M0]
==== M0 Baseline: CE Only ====
epoch            total_loss       cls_loss        
0                0.0308920555     0.0308920555    
1                5.2868947983     5.2868947983    
2                1.0577465296     1.0577465296    
3                0.0595647879     0.0595647879    
  Source acc: 0.990095  |  Target acc: 0.873333
  Best target acc: 0.888667

======== ROUND 6 ========  [Ablation: M0]
==== M0 Baseline: CE Only ====
epoch            total_loss       cls_loss        
0                0.0227093436     0.0227093436    
1                0.1991182268     0.1991182268    
2                0.6182078719     0.6182078719    
3                0.6142124534     0.6142124534    
  Source acc: 0.995238  |  Target acc: 0.880667
  Best target acc: 0.888667

======== ROUND 7 ========  [Ablation: M0]
==== M0 Baseline: CE Only ====
epoch            total_loss       cls_loss        
0                5.7092170715     5.7092170715    
1                6.1877293587     6.1877293587    
2                1.3541537523     1.3541537523    
3                6.0298442841     6.0298442841    
  Source acc: 0.944190  |  Target acc: 0.753333
  Best target acc: 0.888667

======== ROUND 8 ========  [Ablation: M0]
==== M0 Baseline: CE Only ====
epoch            total_loss       cls_loss        
0                0.1414580792     0.1414580792    
1                0.2005625814     0.2005625814    
2                0.0130184703     0.0130184703    
3                0.0333379246     0.0333379246    
  Source acc: 0.997905  |  Target acc: 0.850000
  Best target acc: 0.888667

======== ROUND 9 ========  [Ablation: M0]
==== M0 Baseline: CE Only ====
epoch            total_loss       cls_loss        
0                0.2702324390     0.2702324390    
1                0.0645964220     0.0645964220    
2                0.9635391235     0.9635391235    
3                0.5488976240     0.5488976240    
  Source acc: 0.998667  |  Target acc: 0.894667
  Best target acc: 0.894667

======== ROUND 10 ========  [Ablation: M0]
==== M0 Baseline: CE Only ====
epoch            total_loss       cls_loss        
0                5.6966466904     5.6966466904    
1                0.0074455338     0.0074455338    
2                0.0052873488     0.0052873488    
3                0.0098331328     0.0098331328    
  Source acc: 1.000000  |  Target acc: 0.914000
  Best target acc: 0.914000

======== ROUND 11 ========  [Ablation: M0]
==== M0 Baseline: CE Only ====
epoch            total_loss       cls_loss        
0                0.4075286686     0.4075286686    
1                0.3667069674     0.3667069674    
2                0.0547367819     0.0547367819    
3                0.0206175167     0.0206175167    
  Source acc: 1.000000  |  Target acc: 0.902667
  Best target acc: 0.914000

======== ROUND 12 ========  [Ablation: M0]
==== M0 Baseline: CE Only ====
epoch            total_loss       cls_loss        
0                4.9990868568     4.9990868568    
1                0.6999998689     0.6999998689    
2                0.0718716308     0.0718716308    
3                0.0248082113     0.0248082113    
  Source acc: 1.000000  |  Target acc: 0.908667
  Best target acc: 0.914000

======== ROUND 13 ========  [Ablation: M0]
==== M0 Baseline: CE Only ====
epoch            total_loss       cls_loss        
0                0.0266970377     0.0266970377    
1                6.2827920914     6.2827920914    
2                0.0381743498     0.0381743498    
3                0.4436950684     0.4436950684    
  Source acc: 1.000000  |  Target acc: 0.903333
  Best target acc: 0.914000

======== ROUND 14 ========  [Ablation: M0]
==== M0 Baseline: CE Only ====
epoch            total_loss       cls_loss        
0                0.0321475714     0.0321475714    
1                0.0934804827     0.0934804827    
2                0.0148242628     0.0148242628    
3                0.0478111580     0.0478111580    
  Source acc: 1.000000  |  Target acc: 0.906000
  Best target acc: 0.914000

======== ROUND 15 ========  [Ablation: M0]
==== M0 Baseline: CE Only ====
epoch            total_loss       cls_loss        
0                0.0072227670     0.0072227670    
1                0.9653141499     0.9653141499    
2                0.5633386374     0.5633386374    
3                0.2034009993     0.2034009993    
  Source acc: 1.000000  |  Target acc: 0.906667
  Best target acc: 0.914000

======== ROUND 16 ========  [Ablation: M0]
==== M0 Baseline: CE Only ====
epoch            total_loss       cls_loss        
0                0.0775003210     0.0775003210    
1                0.0343941115     0.0343941115    
2                0.0463325791     0.0463325791    
3                0.0887616500     0.0887616500    
  Source acc: 1.000000  |  Target acc: 0.910000
  Best target acc: 0.914000

======== ROUND 17 ========  [Ablation: M0]
==== M0 Baseline: CE Only ====
epoch            total_loss       cls_loss        
0                0.1416778415     0.1416778415    
1                0.7387144566     0.7387144566    
2                0.0622588061     0.0622588061    
3                0.2632226646     0.2632226646    
  Source acc: 1.000000  |  Target acc: 0.919333
  Best target acc: 0.919333

======== ROUND 18 ========  [Ablation: M0]
==== M0 Baseline: CE Only ====
epoch            total_loss       cls_loss        
0                5.6299514771     5.6299514771    
1                0.1624930501     0.1624930501    
2                0.1646671593     0.1646671593    
3                0.0270514674     0.0270514674    
  Source acc: 1.000000  |  Target acc: 0.914667
  Best target acc: 0.919333

======== ROUND 19 ========  [Ablation: M0]
==== M0 Baseline: CE Only ====
epoch            total_loss       cls_loss        
0                0.1058543026     0.1058543026    
1                0.0474141464     0.0474141464    
2                0.0446141511     0.0446141511    
3                0.0120576276     0.0120576276    
  Source acc: 1.000000  |  Target acc: 0.910000
  Best target acc: 0.919333

======== ROUND 20 ========  [Ablation: M0]
==== M0 Baseline: CE Only ====
epoch            total_loss       cls_loss        
0                0.0136981029     0.0136981029    
1                0.0225780495     0.0225780495    
2                7.3598947525     7.3598947525    
3                0.0123947356     0.0123947356    
  Source acc: 1.000000  |  Target acc: 0.919333
  Best target acc: 0.919333

======== ROUND 21 ========  [Ablation: M0]
==== M0 Baseline: CE Only ====
epoch            total_loss       cls_loss        
0                0.1081174761     0.1081174761    
1                4.7566137314     4.7566137314    
2                0.1329796910     0.1329796910    
3                0.2437405884     0.2437405884    
  Source acc: 1.000000  |  Target acc: 0.911333
  Best target acc: 0.919333

======== ROUND 22 ========  [Ablation: M0]
==== M0 Baseline: CE Only ====
epoch            total_loss       cls_loss        
0                0.0224318840     0.0224318840    
1                0.0733983219     0.0733983219    
2                0.3054112792     0.3054112792    
3                0.0178371388     0.0178371388    
  Source acc: 1.000000  |  Target acc: 0.922667
  Best target acc: 0.922667

======== ROUND 23 ========  [Ablation: M0]
==== M0 Baseline: CE Only ====
epoch            total_loss       cls_loss        
0                0.1988778859     0.1988778859    
1                0.1682374924     0.1682374924    
2                0.1194901392     0.1194901392    
3                0.0611517541     0.0611517541    
  Source acc: 1.000000  |  Target acc: 0.914000
  Best target acc: 0.922667

======== ROUND 24 ========  [Ablation: M0]
==== M0 Baseline: CE Only ====
epoch            total_loss       cls_loss        
0                6.3679351807     6.3679351807    
1                4.3995203972     4.3995203972    
2                0.0336546414     0.0336546414    
3                0.0287205242     0.0287205242    
  Source acc: 1.000000  |  Target acc: 0.910667
  Best target acc: 0.922667

======== ROUND 25 ========  [Ablation: M0]
==== M0 Baseline: CE Only ====
epoch            total_loss       cls_loss        
0                0.0537804402     0.0537804402    
1                1.0886236429     1.0886236429    
2                0.8436261415     0.8436261415    
3                6.0558428764     6.0558428764    
  Source acc: 1.000000  |  Target acc: 0.915333
  Best target acc: 0.922667

======== ROUND 26 ========  [Ablation: M0]
==== M0 Baseline: CE Only ====
epoch            total_loss       cls_loss        
0                0.1512349546     0.1512349546    
1                0.2727934122     0.2727934122    
2                0.0684954599     0.0684954599    
3                0.0632514581     0.0632514581    
  Source acc: 1.000000  |  Target acc: 0.913333
  Best target acc: 0.922667

======== ROUND 27 ========  [Ablation: M0]
==== M0 Baseline: CE Only ====
epoch            total_loss       cls_loss        
0                0.0184024721     0.0184024721    
1                0.2348840088     0.2348840088    
2                5.1397366524     5.1397366524    
3                0.2572393417     0.2572393417    
  Source acc: 1.000000  |  Target acc: 0.913333
  Best target acc: 0.922667

======== ROUND 28 ========  [Ablation: M0]
==== M0 Baseline: CE Only ====
epoch            total_loss       cls_loss        
0                0.0138091836     0.0138091836    
1                0.0123975947     0.0123975947    
2                0.0044958638     0.0044958638    
3                0.1620570123     0.1620570123    
  Source acc: 1.000000  |  Target acc: 0.914000
  Best target acc: 0.922667

======== ROUND 29 ========  [Ablation: M0]
==== M0 Baseline: CE Only ====
epoch            total_loss       cls_loss        
0                0.1025350541     0.1025350541    
1                0.0403948613     0.0403948613    
2                0.1491307765     0.1491307765    
3                5.4604644775     5.4604644775    
  Source acc: 1.000000  |  Target acc: 0.913333
  Best target acc: 0.922667

======== ROUND 30 ========  [Ablation: M0]
==== M0 Baseline: CE Only ====
epoch            total_loss       cls_loss        
0                0.0259938482     0.0259938482    
1                0.0183505565     0.0183505565    
2                0.6026196480     0.6026196480    
3                0.0182484817     0.0182484817    
  Source acc: 1.000000  |  Target acc: 0.913333
  Best target acc: 0.922667

======== ROUND 31 ========  [Ablation: M0]
==== M0 Baseline: CE Only ====
epoch            total_loss       cls_loss        
0                4.8258118629     4.8258118629    
1                0.0246971175     0.0246971175    
2                0.6630844474     0.6630844474    
3                0.0456748493     0.0456748493    
  Source acc: 1.000000  |  Target acc: 0.907333
  Best target acc: 0.922667

======== ROUND 32 ========  [Ablation: M0]
==== M0 Baseline: CE Only ====
epoch            total_loss       cls_loss        
0                0.4669853747     0.4669853747    
1                0.6020797491     0.6020797491    
2                0.4208801389     0.4208801389    
3                5.8752589226     5.8752589226    
  Source acc: 1.000000  |  Target acc: 0.914667
  Best target acc: 0.922667

======== ROUND 33 ========  [Ablation: M0]
==== M0 Baseline: CE Only ====
epoch            total_loss       cls_loss        
0                0.0516256280     0.0516256280    
1                0.1453436464     0.1453436464    
2                0.0557080843     0.0557080843    
3                0.2595550120     0.2595550120    
  Source acc: 1.000000  |  Target acc: 0.920667
  Best target acc: 0.922667

======== ROUND 34 ========  [Ablation: M0]
==== M0 Baseline: CE Only ====
epoch            total_loss       cls_loss        
0                0.0377938971     0.0377938971    
1                0.2670976222     0.2670976222    
2                0.2780954242     0.2780954242    
3                0.1473844051     0.1473844051    
  Source acc: 1.000000  |  Target acc: 0.918667
  Best target acc: 0.922667

======== ROUND 35 ========  [Ablation: M0]
==== M0 Baseline: CE Only ====
epoch            total_loss       cls_loss        
0                0.0943501964     0.0943501964    
1                0.1082820520     0.1082820520    
2                5.7217960358     5.7217960358    
3                0.0550430976     0.0550430976    
  Source acc: 1.000000  |  Target acc: 0.922000
  Best target acc: 0.922667

======== ROUND 36 ========  [Ablation: M0]
==== M0 Baseline: CE Only ====
epoch            total_loss       cls_loss        
0                0.0206493586     0.0206493586    
1                0.0082136458     0.0082136458    
2                0.0793702975     0.0793702975    
3                0.0282123163     0.0282123163    
  Source acc: 1.000000  |  Target acc: 0.916667
  Best target acc: 0.922667

======== ROUND 37 ========  [Ablation: M0]
==== M0 Baseline: CE Only ====
epoch            total_loss       cls_loss        
0                0.0640959069     0.0640959069    
1                0.0381091535     0.0381091535    
2                0.9013494253     0.9013494253    
3                0.5424809456     0.5424809456    
  Source acc: 1.000000  |  Target acc: 0.912667
  Best target acc: 0.922667

======== ROUND 38 ========  [Ablation: M0]
==== M0 Baseline: CE Only ====
epoch            total_loss       cls_loss        
0                0.0134082679     0.0134082679    
1                0.0394885130     0.0394885130    
2                0.4385197163     0.4385197163    
3                0.0146316700     0.0146316700    
  Source acc: 1.000000  |  Target acc: 0.919333
  Best target acc: 0.922667

======== ROUND 39 ========  [Ablation: M0]
==== M0 Baseline: CE Only ====
epoch            total_loss       cls_loss        
0                0.3904410005     0.3904410005    
1                0.0631204098     0.0631204098    
2                0.1239181086     0.1239181086    
3                0.0210023131     0.0210023131    
  Source acc: 1.000000  |  Target acc: 0.919333
  Best target acc: 0.922667

======== ROUND 40 ========  [Ablation: M0]
==== M0 Baseline: CE Only ====
epoch            total_loss       cls_loss        
0                4.7992224693     4.7992224693    
1                0.0255458429     0.0255458429    
2                0.0184934903     0.0184934903    
3                0.0115463557     0.0115463557    
  Source acc: 1.000000  |  Target acc: 0.917333
  Best target acc: 0.922667

======== ROUND 41 ========  [Ablation: M0]
==== M0 Baseline: CE Only ====
epoch            total_loss       cls_loss        
0                0.0329822712     0.0329822712    
1                0.0765743777     0.0765743777    
2                0.0316535048     0.0316535048    
3                5.8013343811     5.8013343811    
  Source acc: 1.000000  |  Target acc: 0.920667
  Best target acc: 0.922667

======== ROUND 42 ========  [Ablation: M0]
==== M0 Baseline: CE Only ====
epoch            total_loss       cls_loss        
0                0.3317295611     0.3317295611    
1                5.7456297874     5.7456297874    
2                0.0826795846     0.0826795846    
3                0.0255336389     0.0255336389    
  Source acc: 1.000000  |  Target acc: 0.915333
  Best target acc: 0.922667

======== ROUND 43 ========  [Ablation: M0]
==== M0 Baseline: CE Only ====
epoch            total_loss       cls_loss        
0                0.1407050043     0.1407050043    
1                0.0221999288     0.0221999288    
2                0.3329808712     0.3329808712    
3                0.3183124065     0.3183124065    
  Source acc: 1.000000  |  Target acc: 0.904667
  Best target acc: 0.922667

======== ROUND 44 ========  [Ablation: M0]
==== M0 Baseline: CE Only ====
epoch            total_loss       cls_loss        
0                0.5925002694     0.5925002694    
1                0.1736649573     0.1736649573    
2                0.0833352581     0.0833352581    
3                0.0066475398     0.0066475398    
  Source acc: 1.000000  |  Target acc: 0.921333
  Best target acc: 0.922667

======== ROUND 45 ========  [Ablation: M0]
==== M0 Baseline: CE Only ====
epoch            total_loss       cls_loss        
0                4.8650846481     4.8650846481    
1                0.0169252865     0.0169252865    
2                7.4608626366     7.4608626366    
3                5.9088354111     5.9088354111    
  Source acc: 1.000000  |  Target acc: 0.909333
  Best target acc: 0.922667

======== ROUND 46 ========  [Ablation: M0]
==== M0 Baseline: CE Only ====
epoch            total_loss       cls_loss        
0                0.0528175607     0.0528175607    
1                0.0235304162     0.0235304162    
2                0.3405261636     0.3405261636    
3                0.0571135506     0.0571135506    
  Source acc: 1.000000  |  Target acc: 0.912667
  Best target acc: 0.922667

======== ROUND 47 ========  [Ablation: M0]
==== M0 Baseline: CE Only ====
epoch            total_loss       cls_loss        
0                0.0962820128     0.0962820128    
1                0.0206286721     0.0206286721    
2                0.0122285206     0.0122285206    
3                0.4931164980     0.4931164980    
  Source acc: 1.000000  |  Target acc: 0.904000
  Best target acc: 0.922667

======== ROUND 48 ========  [Ablation: M0]
==== M0 Baseline: CE Only ====
epoch            total_loss       cls_loss        
0                0.3406850696     0.3406850696    
1                6.5587244034     6.5587244034    
2                4.7629694939     4.7629694939    
3                0.0174296834     0.0174296834    
  Source acc: 1.000000  |  Target acc: 0.910000
  Best target acc: 0.922667

======== ROUND 49 ========  [Ablation: M0]
==== M0 Baseline: CE Only ====
epoch            total_loss       cls_loss        
0                0.2753779590     0.2753779590    
1                5.7113008499     5.7113008499    
2                0.0927372798     0.0927372798    
3                0.0765951276     0.0765951276    
  Source acc: 1.000000  |  Target acc: 0.906667
  Best target acc: 0.922667
[ConfMatrix] saved to log/abl_widar1ap_cross_user_M0_s2 (cm shape=(6, 6))

Results saved to log/abl_widar1ap_cross_user_M0_s2
acc.txt: log/abl_widar1ap_cross_user_M0_s2/acc.txt
bestacc.txt: log/abl_widar1ap_cross_user_M0_s2/bestacc.txt
