[Seed] global random seed set to 4

[Ablation Mode] M0
[WidarDataset] loaded 5250 samples, gesture_map={'G01': 0, 'G02': 1, 'G03': 2, 'G04': 3, 'G05': 4, 'G06': 5}
[WidarDataset] loaded 1500 samples, gesture_map={'G01': 0, 'G02': 1, 'G03': 2, 'G04': 3, 'G05': 4, 'G06': 5}
[WidarDataset] loaded 5250 samples, gesture_map={'G01': 0, 'G02': 1, 'G03': 2, 'G04': 3, 'G05': 4, 'G06': 5}
Train set size: 5250 samples, 165 batches
Test set size:  1500 samples, 47 batches
Source eval size: 5250 samples

[Direction Sensitivity] Manual weights (dir_w=0.5): {0: 0.0, 1: 0.0, 2: 0.0, 3: 0.0, 4: 0.0, 5: 0.0}

======== ROUND 0 ========  [Ablation: M0]
==== M0 Baseline: CE Only ====
epoch            total_loss       cls_loss        
0                0.6623107195     0.6623107195    
1                1.7387223244     1.7387223244    
2                3.8742671013     3.8742671013    
3                0.1392147243     0.1392147243    
  Source acc: 0.957333  |  Target acc: 0.849333
  Best target acc: 0.849333

======== ROUND 1 ========  [Ablation: M0]
==== M0 Baseline: CE Only ====
epoch            total_loss       cls_loss        
0                0.9522536993     0.9522536993    
1                0.0617706962     0.0617706962    
2                0.2143181562     0.2143181562    
3                4.7084341049     4.7084341049    
  Source acc: 0.918095  |  Target acc: 0.742667
  Best target acc: 0.849333

======== ROUND 2 ========  [Ablation: M0]
==== M0 Baseline: CE Only ====
epoch            total_loss       cls_loss        
0                0.0374683253     0.0374683253    
1                0.1590799987     0.1590799987    
2                1.0504773855     1.0504773855    
3                4.8289813995     4.8289813995    
  Source acc: 0.965714  |  Target acc: 0.794000
  Best target acc: 0.849333

======== ROUND 3 ========  [Ablation: M0]
==== M0 Baseline: CE Only ====
epoch            total_loss       cls_loss        
0                0.3341950476     0.3341950476    
1                0.8226484656     0.8226484656    
2                1.3728691339     1.3728691339    
3                5.3822822571     5.3822822571    
  Source acc: 0.967429  |  Target acc: 0.826667
  Best target acc: 0.849333

======== ROUND 4 ========  [Ablation: M0]
==== M0 Baseline: CE Only ====
epoch            total_loss       cls_loss        
0                1.2625782490     1.2625782490    
1                3.0239653587     3.0239653587    
2                0.7645208836     0.7645208836    
3                1.4981794357     1.4981794357    
  Source acc: 0.955429  |  Target acc: 0.804000
  Best target acc: 0.849333

======== ROUND 5 ========  [Ablation: M0]
==== M0 Baseline: CE Only ====
epoch            total_loss       cls_loss        
0                0.0483463258     0.0483463258    
1                5.3247113228     5.3247113228    
2                0.1367334574     0.1367334574    
3                0.8536139131     0.8536139131    
  Source acc: 0.998667  |  Target acc: 0.876667
  Best target acc: 0.876667

======== ROUND 6 ========  [Ablation: M0]
==== M0 Baseline: CE Only ====
epoch            total_loss       cls_loss        
0                0.0189478043     0.0189478043    
1                0.5026678443     0.5026678443    
2                0.5402962565     0.5402962565    
3                0.2409650087     0.2409650087    
  Source acc: 0.993333  |  Target acc: 0.872000
  Best target acc: 0.876667

======== ROUND 7 ========  [Ablation: M0]
==== M0 Baseline: CE Only ====
epoch            total_loss       cls_loss        
0                1.3252984285     1.3252984285    
1                0.0618181825     0.0618181825    
2                5.2758378983     5.2758378983    
3                0.1212517098     0.1212517098    
  Source acc: 0.995048  |  Target acc: 0.860000
  Best target acc: 0.876667

======== ROUND 8 ========  [Ablation: M0]
==== M0 Baseline: CE Only ====
epoch            total_loss       cls_loss        
0                5.6733641624     5.6733641624    
1                1.4660924673     1.4660924673    
2                0.0808925629     0.0808925629    
3                0.4779391289     0.4779391289    
  Source acc: 0.991238  |  Target acc: 0.815333
  Best target acc: 0.876667

======== ROUND 9 ========  [Ablation: M0]
==== M0 Baseline: CE Only ====
epoch            total_loss       cls_loss        
0                0.0094008809     0.0094008809    
1                0.8356850147     0.8356850147    
2                0.7443321943     0.7443321943    
3                6.1299920082     6.1299920082    
  Source acc: 0.976762  |  Target acc: 0.872667
  Best target acc: 0.876667

======== ROUND 10 ========  [Ablation: M0]
==== M0 Baseline: CE Only ====
epoch            total_loss       cls_loss        
0                0.4670380950     0.4670380950    
1                0.0293113552     0.0293113552    
2                0.1564856768     0.1564856768    
3                0.4224742055     0.4224742055    
  Source acc: 1.000000  |  Target acc: 0.902000
  Best target acc: 0.902000

======== ROUND 11 ========  [Ablation: M0]
==== M0 Baseline: CE Only ====
epoch            total_loss       cls_loss        
0                0.2375725806     0.2375725806    
1                0.1797183007     0.1797183007    
2                0.0389495865     0.0389495865    
3                0.0165505614     0.0165505614    
  Source acc: 1.000000  |  Target acc: 0.912667
  Best target acc: 0.912667

======== ROUND 12 ========  [Ablation: M0]
==== M0 Baseline: CE Only ====
epoch            total_loss       cls_loss        
0                0.0673137233     0.0673137233    
1                0.1134854034     0.1134854034    
2                0.6515967846     0.6515967846    
3                6.9556779861     6.9556779861    
  Source acc: 1.000000  |  Target acc: 0.911333
  Best target acc: 0.912667

======== ROUND 13 ========  [Ablation: M0]
==== M0 Baseline: CE Only ====
epoch            total_loss       cls_loss        
0                0.0104605341     0.0104605341    
1                0.2022476494     0.2022476494    
2                0.3588550389     0.3588550389    
3                0.0258016847     0.0258016847    
  Source acc: 1.000000  |  Target acc: 0.906000
  Best target acc: 0.912667

======== ROUND 14 ========  [Ablation: M0]
==== M0 Baseline: CE Only ====
epoch            total_loss       cls_loss        
0                0.2056110799     0.2056110799    
1                0.3418016434     0.3418016434    
2                4.9489598274     4.9489598274    
3                1.0450898409     1.0450898409    
  Source acc: 1.000000  |  Target acc: 0.902000
  Best target acc: 0.912667

======== ROUND 15 ========  [Ablation: M0]
==== M0 Baseline: CE Only ====
epoch            total_loss       cls_loss        
0                0.2515422404     0.2515422404    
1                0.0049289321     0.0049289321    
2                0.2996994555     0.2996994555    
3                0.5056738257     0.5056738257    
  Source acc: 1.000000  |  Target acc: 0.912667
  Best target acc: 0.912667

======== ROUND 16 ========  [Ablation: M0]
==== M0 Baseline: CE Only ====
epoch            total_loss       cls_loss        
0                5.0951728821     5.0951728821    
1                0.0081319436     0.0081319436    
2                0.2567910850     0.2567910850    
3                0.4882726073     0.4882726073    
  Source acc: 1.000000  |  Target acc: 0.901333
  Best target acc: 0.912667

======== ROUND 17 ========  [Ablation: M0]
==== M0 Baseline: CE Only ====
epoch            total_loss       cls_loss        
0                0.0452746414     0.0452746414    
1                4.8755507469     4.8755507469    
2                0.3769901395     0.3769901395    
3                0.0669384450     0.0669384450    
  Source acc: 1.000000  |  Target acc: 0.905333
  Best target acc: 0.912667

======== ROUND 18 ========  [Ablation: M0]
==== M0 Baseline: CE Only ====
epoch            total_loss       cls_loss        
0                0.1641269028     0.1641269028    
1                0.0144129070     0.0144129070    
2                5.2779369354     5.2779369354    
3                0.0375234112     0.0375234112    
  Source acc: 1.000000  |  Target acc: 0.912000
  Best target acc: 0.912667

======== ROUND 19 ========  [Ablation: M0]
==== M0 Baseline: CE Only ====
epoch            total_loss       cls_loss        
0                0.4078893661     0.4078893661    
1                0.2609034181     0.2609034181    
2                0.0134930303     0.0134930303    
3                0.0896860287     0.0896860287    
  Source acc: 1.000000  |  Target acc: 0.908667
  Best target acc: 0.912667

======== ROUND 20 ========  [Ablation: M0]
==== M0 Baseline: CE Only ====
epoch            total_loss       cls_loss        
0                0.0922619775     0.0922619775    
1                5.8680253029     5.8680253029    
2                5.2953147888     5.2953147888    
3                0.0601178259     0.0601178259    
  Source acc: 1.000000  |  Target acc: 0.908667
  Best target acc: 0.912667

======== ROUND 21 ========  [Ablation: M0]
==== M0 Baseline: CE Only ====
epoch            total_loss       cls_loss        
0                0.3922389746     0.3922389746    
1                0.0697256252     0.0697256252    
2                0.0082370974     0.0082370974    
3                0.0297286864     0.0297286864    
  Source acc: 1.000000  |  Target acc: 0.917333
  Best target acc: 0.917333

======== ROUND 22 ========  [Ablation: M0]
==== M0 Baseline: CE Only ====
epoch            total_loss       cls_loss        
0                0.0962696820     0.0962696820    
1                0.0489234142     0.0489234142    
2                0.8167868257     0.8167868257    
3                0.0499288179     0.0499288179    
  Source acc: 1.000000  |  Target acc: 0.920667
  Best target acc: 0.920667

======== ROUND 23 ========  [Ablation: M0]
==== M0 Baseline: CE Only ====
epoch            total_loss       cls_loss        
0                0.0506167077     0.0506167077    
1                0.3757851124     0.3757851124    
2                0.0295621566     0.0295621566    
3                0.0100701079     0.0100701079    
  Source acc: 1.000000  |  Target acc: 0.912667
  Best target acc: 0.920667

======== ROUND 24 ========  [Ablation: M0]
==== M0 Baseline: CE Only ====
epoch            total_loss       cls_loss        
0                0.0563799664     0.0563799664    
1                0.5563044548     0.5563044548    
2                0.3295527399     0.3295527399    
3                0.0631435812     0.0631435812    
  Source acc: 1.000000  |  Target acc: 0.912000
  Best target acc: 0.920667

======== ROUND 25 ========  [Ablation: M0]
==== M0 Baseline: CE Only ====
epoch            total_loss       cls_loss        
0                0.0428824015     0.0428824015    
1                1.0350598097     1.0350598097    
2                6.0001153946     6.0001153946    
3                0.0216569584     0.0216569584    
  Source acc: 1.000000  |  Target acc: 0.915333
  Best target acc: 0.920667

======== ROUND 26 ========  [Ablation: M0]
==== M0 Baseline: CE Only ====
epoch            total_loss       cls_loss        
0                0.0093735475     0.0093735475    
1                0.1515276879     0.1515276879    
2                0.0188803039     0.0188803039    
3                0.0276691131     0.0276691131    
  Source acc: 1.000000  |  Target acc: 0.916000
  Best target acc: 0.920667

======== ROUND 27 ========  [Ablation: M0]
==== M0 Baseline: CE Only ====
epoch            total_loss       cls_loss        
0                0.0082167257     0.0082167257    
1                0.5730971098     0.5730971098    
2                0.0158187412     0.0158187412    
3                0.0189586375     0.0189586375    
  Source acc: 1.000000  |  Target acc: 0.911333
  Best target acc: 0.920667

======== ROUND 28 ========  [Ablation: M0]
==== M0 Baseline: CE Only ====
epoch            total_loss       cls_loss        
0                0.0645706132     0.0645706132    
1                0.0706542358     0.0706542358    
2                3.8093209267     3.8093209267    
3                0.1152860150     0.1152860150    
  Source acc: 1.000000  |  Target acc: 0.924000
  Best target acc: 0.924000

======== ROUND 29 ========  [Ablation: M0]
==== M0 Baseline: CE Only ====
epoch            total_loss       cls_loss        
0                0.4008260369     0.4008260369    
1                0.0333425701     0.0333425701    
2                0.0102840662     0.0102840662    
3                0.0518846512     0.0518846512    
  Source acc: 1.000000  |  Target acc: 0.914667
  Best target acc: 0.924000

======== ROUND 30 ========  [Ablation: M0]
==== M0 Baseline: CE Only ====
epoch            total_loss       cls_loss        
0                0.3640437126     0.3640437126    
1                0.0634096935     0.0634096935    
2                0.0106080361     0.0106080361    
3                0.1681802124     0.1681802124    
  Source acc: 1.000000  |  Target acc: 0.918667
  Best target acc: 0.924000

======== ROUND 31 ========  [Ablation: M0]
==== M0 Baseline: CE Only ====
epoch            total_loss       cls_loss        
0                0.0109423986     0.0109423986    
1                0.2399484217     0.2399484217    
2                0.0694568157     0.0694568157    
3                0.0364827774     0.0364827774    
  Source acc: 1.000000  |  Target acc: 0.921333
  Best target acc: 0.924000

======== ROUND 32 ========  [Ablation: M0]
==== M0 Baseline: CE Only ====
epoch            total_loss       cls_loss        
0                5.9308609962     5.9308609962    
1                0.0505252741     0.0505252741    
2                0.0271015093     0.0271015093    
3                0.2090074420     0.2090074420    
  Source acc: 1.000000  |  Target acc: 0.918667
  Best target acc: 0.924000

======== ROUND 33 ========  [Ablation: M0]
==== M0 Baseline: CE Only ====
epoch            total_loss       cls_loss        
0                1.2210968733     1.2210968733    
1                0.2086151987     0.2086151987    
2                0.2884495854     0.2884495854    
3                0.1033200324     0.1033200324    
  Source acc: 1.000000  |  Target acc: 0.925333
  Best target acc: 0.925333

======== ROUND 34 ========  [Ablation: M0]
==== M0 Baseline: CE Only ====
epoch            total_loss       cls_loss        
0                0.1042352468     0.1042352468    
1                1.1008371115     1.1008371115    
2                0.1471732855     0.1471732855    
3                7.0472788811     7.0472788811    
  Source acc: 1.000000  |  Target acc: 0.925333
  Best target acc: 0.925333

======== ROUND 35 ========  [Ablation: M0]
==== M0 Baseline: CE Only ====
epoch            total_loss       cls_loss        
0                0.3110766411     0.3110766411    
1                0.0894304365     0.0894304365    
2                0.0110653322     0.0110653322    
3                0.0115545485     0.0115545485    
  Source acc: 1.000000  |  Target acc: 0.914000
  Best target acc: 0.925333

======== ROUND 36 ========  [Ablation: M0]
==== M0 Baseline: CE Only ====
epoch            total_loss       cls_loss        
0                0.0074147973     0.0074147973    
1                0.0545717664     0.0545717664    
2                0.0464291647     0.0464291647    
3                0.0597900748     0.0597900748    
  Source acc: 1.000000  |  Target acc: 0.924000
  Best target acc: 0.925333

======== ROUND 37 ========  [Ablation: M0]
==== M0 Baseline: CE Only ====
epoch            total_loss       cls_loss        
0                0.0447472408     0.0447472408    
1                0.0054737721     0.0054737721    
2                5.9483675957     5.9483675957    
3                0.0145057468     0.0145057468    
  Source acc: 1.000000  |  Target acc: 0.921333
  Best target acc: 0.925333

======== ROUND 38 ========  [Ablation: M0]
==== M0 Baseline: CE Only ====
epoch            total_loss       cls_loss        
0                0.1947237253     0.1947237253    
1                0.0267829113     0.0267829113    
2                0.7835424542     0.7835424542    
3                5.2484731674     5.2484731674    
  Source acc: 1.000000  |  Target acc: 0.919333
  Best target acc: 0.925333

======== ROUND 39 ========  [Ablation: M0]
==== M0 Baseline: CE Only ====
epoch            total_loss       cls_loss        
0                0.0283051953     0.0283051953    
1                0.1389660537     0.1389660537    
2                5.6703696251     5.6703696251    
3                5.2208352089     5.2208352089    
  Source acc: 1.000000  |  Target acc: 0.914667
  Best target acc: 0.925333

======== ROUND 40 ========  [Ablation: M0]
==== M0 Baseline: CE Only ====
epoch            total_loss       cls_loss        
0                0.0213621110     0.0213621110    
1                0.0211135950     0.0211135950    
2                0.4300841987     0.4300841987    
3                0.0650940612     0.0650940612    
  Source acc: 1.000000  |  Target acc: 0.902000
  Best target acc: 0.925333

======== ROUND 41 ========  [Ablation: M0]
==== M0 Baseline: CE Only ====
epoch            total_loss       cls_loss        
0                0.0892045945     0.0892045945    
1                0.1643838584     0.1643838584    
2                0.0080688801     0.0080688801    
3                0.0347748362     0.0347748362    
  Source acc: 1.000000  |  Target acc: 0.910667
  Best target acc: 0.925333

======== ROUND 42 ========  [Ablation: M0]
==== M0 Baseline: CE Only ====
epoch            total_loss       cls_loss        
0                5.5704641342     5.5704641342    
1                0.0270385388     0.0270385388    
2                0.1455643326     0.1455643326    
3                6.6702194214     6.6702194214    
  Source acc: 1.000000  |  Target acc: 0.913333
  Best target acc: 0.925333

======== ROUND 43 ========  [Ablation: M0]
==== M0 Baseline: CE Only ====
epoch            total_loss       cls_loss        
0                0.1261526942     0.1261526942    
1                0.0887124985     0.0887124985    
2                0.0810532197     0.0810532197    
3                0.0149901500     0.0149901500    
  Source acc: 1.000000  |  Target acc: 0.918000
  Best target acc: 0.925333

======== ROUND 44 ========  [Ablation: M0]
==== M0 Baseline: CE Only ====
epoch            total_loss       cls_loss        
0                0.3252133429     0.3252133429    
1                0.1580699533     0.1580699533    
2                0.3173561692     0.3173561692    
3                0.1784214973     0.1784214973    
  Source acc: 1.000000  |  Target acc: 0.908667
  Best target acc: 0.925333

======== ROUND 45 ========  [Ablation: M0]
==== M0 Baseline: CE Only ====
epoch            total_loss       cls_loss        
0                0.0741428807     0.0741428807    
1                0.1487672031     0.1487672031    
2                0.1892686039     0.1892686039    
3                0.0351156890     0.0351156890    
  Source acc: 1.000000  |  Target acc: 0.908667
  Best target acc: 0.925333

======== ROUND 46 ========  [Ablation: M0]
==== M0 Baseline: CE Only ====
epoch            total_loss       cls_loss        
0                0.0235070381     0.0235070381    
1                0.0331502333     0.0331502333    
2                0.0662481040     0.0662481040    
3                0.0717704818     0.0717704818    
  Source acc: 1.000000  |  Target acc: 0.924000
  Best target acc: 0.925333

======== ROUND 47 ========  [Ablation: M0]
==== M0 Baseline: CE Only ====
epoch            total_loss       cls_loss        
0                0.0256564282     0.0256564282    
1                0.0254143104     0.0254143104    
2                0.0249243844     0.0249243844    
3                0.0116558420     0.0116558420    
  Source acc: 1.000000  |  Target acc: 0.903333
  Best target acc: 0.925333

======== ROUND 48 ========  [Ablation: M0]
==== M0 Baseline: CE Only ====
epoch            total_loss       cls_loss        
0                0.1038710400     0.1038710400    
1                0.0176707599     0.0176707599    
2                0.0252084769     0.0252084769    
3                5.5470080376     5.5470080376    
  Source acc: 1.000000  |  Target acc: 0.917333
  Best target acc: 0.925333

======== ROUND 49 ========  [Ablation: M0]
==== M0 Baseline: CE Only ====
epoch            total_loss       cls_loss        
0                0.2458870858     0.2458870858    
1                0.0138046173     0.0138046173    
2                0.0296871793     0.0296871793    
3                0.3231054842     0.3231054842    
  Source acc: 1.000000  |  Target acc: 0.913333
  Best target acc: 0.925333
[ConfMatrix] saved to log/abl_widar1ap_cross_user_M0_s4 (cm shape=(6, 6))

Results saved to log/abl_widar1ap_cross_user_M0_s4
acc.txt: log/abl_widar1ap_cross_user_M0_s4/acc.txt
bestacc.txt: log/abl_widar1ap_cross_user_M0_s4/bestacc.txt
