[Seed] global random seed set to 4

[Ablation Mode] M2
[WidarDataset] loaded 5250 samples, gesture_map={'G01': 0, 'G02': 1, 'G03': 2, 'G04': 3, 'G05': 4, 'G06': 5}
[WidarDataset] loaded 1500 samples, gesture_map={'G01': 0, 'G02': 1, 'G03': 2, 'G04': 3, 'G05': 4, 'G06': 5}
[WidarDataset] loaded 5250 samples, gesture_map={'G01': 0, 'G02': 1, 'G03': 2, 'G04': 3, 'G05': 4, 'G06': 5}
Train set size: 5250 samples, 165 batches
Test set size:  1500 samples, 47 batches
Source eval size: 5250 samples

[Direction Sensitivity] Manual weights (dir_w=0.5): {0: 0.0, 1: 0.0, 2: 0.0, 3: 0.0, 4: 0.0, 5: 0.0}

======== ROUND 0 ========  [Ablation: M2]
==== Stage 1: SupCon Pre-training ====
epoch            total_loss       cls_loss         supcon_loss     
0                6.6206150055     2.6275177002     7.9861946106    
1                4.5709171295     1.0357403755     7.0703539848    
==== Stage 2: SKIPPED (M2 ablation) ====
  Random domain assignment: Counter({1: 1755, 2: 1754, 0: 1741})
==== Stage 3: Domain-invariant + HardNCE ====
epoch            total_loss       cls_loss         dis_loss         hard_loss       
0                2.7869832516     1.4526832104     1.3342419863     0.0001929998    
  Source acc: 0.958286  |  Target acc: 0.806000
  Best target acc: 0.806000

======== ROUND 1 ========  [Ablation: M2]
==== Stage 1: SupCon Pre-training ====
epoch            total_loss       cls_loss         supcon_loss     
0                4.5473647118     0.4309070706     8.2329149246    
1                5.3262653351     1.6842930317     7.2839446068    
==== Stage 2: SKIPPED (M2 ablation) ====
  Random domain assignment: Counter({0: 1817, 1: 1732, 2: 1701})
==== Stage 3: Domain-invariant + HardNCE ====
epoch            total_loss       cls_loss         dis_loss         hard_loss       
0                1.4566680193     0.2115386128     1.2451291084     0.0000011921    
  Source acc: 0.932762  |  Target acc: 0.771333
  Best target acc: 0.806000

======== ROUND 2 ========  [Ablation: M2]
==== Stage 1: SupCon Pre-training ====
epoch            total_loss       cls_loss         supcon_loss     
0                3.8394896984     0.1218290552     7.4353213310    
1                4.1087961197     0.2331691235     7.7512540817    
==== Stage 2: SKIPPED (M2 ablation) ====
  Random domain assignment: Counter({1: 1787, 0: 1746, 2: 1717})
==== Stage 3: Domain-invariant + HardNCE ====
epoch            total_loss       cls_loss         dis_loss         hard_loss       
0                5.2759113312     4.2705211639     1.0053818226     0.0000278950    
  Source acc: 0.966095  |  Target acc: 0.766000
  Best target acc: 0.806000

======== ROUND 3 ========  [Ablation: M2]
==== Stage 1: SupCon Pre-training ====
epoch            total_loss       cls_loss        
0                1.0141997337     1.0141997337    
1                1.2653080225     1.2653080225    
==== Stage 2: SKIPPED (M2 ablation) ====
  Random domain assignment: Counter({2: 1755, 0: 1749, 1: 1746})
==== Stage 3: Domain-invariant + HardNCE ====
epoch            total_loss       cls_loss         dis_loss         hard_loss       
0                1.4756573439     0.3605051339     1.1151518822     0.0000011921    
  Source acc: 0.976571  |  Target acc: 0.883333
  Best target acc: 0.883333

======== ROUND 4 ========  [Ablation: M2]
==== Stage 1: SupCon Pre-training ====
epoch            total_loss       cls_loss        
0                0.0090111205     0.0090111205    
1                0.0447351635     0.0447351635    
==== Stage 2: SKIPPED (M2 ablation) ====
  Random domain assignment: Counter({2: 1790, 1: 1751, 0: 1709})
==== Stage 3: Domain-invariant + HardNCE ====
epoch            total_loss       cls_loss         dis_loss         hard_loss       
0                1.2498507500     0.1606112123     1.0892357826     0.0000126362    
  Source acc: 0.934857  |  Target acc: 0.846667
  Best target acc: 0.883333

======== ROUND 5 ========  [Ablation: M2]
==== Stage 1: SupCon Pre-training ====
epoch            total_loss       cls_loss        
0                0.3997424841     0.3997424841    
1                5.5484519005     5.5484519005    
==== Stage 2: SKIPPED (M2 ablation) ====
  Random domain assignment: Counter({2: 1780, 0: 1736, 1: 1734})
==== Stage 3: Domain-invariant + HardNCE ====
epoch            total_loss       cls_loss         dis_loss         hard_loss       
0                1.2362903357     0.0482817777     1.1880061626     0.0000081062    
  Source acc: 0.995619  |  Target acc: 0.888667
  Best target acc: 0.888667

======== ROUND 6 ========  [Ablation: M2]
==== Stage 1: SupCon Pre-training ====
epoch            total_loss       cls_loss        
0                0.2199377567     0.2199377567    
1                0.4103761911     0.4103761911    
==== Stage 2: SKIPPED (M2 ablation) ====
  Random domain assignment: Counter({1: 1793, 0: 1741, 2: 1716})
==== Stage 3: Domain-invariant + HardNCE ====
epoch            total_loss       cls_loss         dis_loss         hard_loss       
0                1.3586342335     0.1129618064     1.2456717491     0.0000023842    
  Source acc: 0.992952  |  Target acc: 0.864667
  Best target acc: 0.888667

======== ROUND 7 ========  [Ablation: M2]
==== Stage 1: SupCon Pre-training ====
epoch            total_loss       cls_loss        
0                0.0307125896     0.0307125896    
1                0.3816756010     0.3816756010    
==== Stage 2: SKIPPED (M2 ablation) ====
  Random domain assignment: Counter({1: 1790, 2: 1739, 0: 1721})
==== Stage 3: Domain-invariant + HardNCE ====
epoch            total_loss       cls_loss         dis_loss         hard_loss       
0                1.2854238749     0.0928044766     1.1926174164     0.0000069141    
  Source acc: 0.988762  |  Target acc: 0.824000
  Best target acc: 0.888667

======== ROUND 8 ========  [Ablation: M2]
==== Stage 1: SupCon Pre-training ====
epoch            total_loss       cls_loss        
0                0.2421896756     0.2421896756    
1                5.0132188797     5.0132188797    
==== Stage 2: SKIPPED (M2 ablation) ====
  Random domain assignment: Counter({2: 1808, 0: 1738, 1: 1704})
==== Stage 3: Domain-invariant + HardNCE ====
epoch            total_loss       cls_loss         dis_loss         hard_loss       
0                1.2019842863     0.0391960181     1.1627831459     0.0000169277    
  Source acc: 0.996762  |  Target acc: 0.876667
  Best target acc: 0.888667

======== ROUND 9 ========  [Ablation: M2]
==== Stage 1: SupCon Pre-training ====
epoch            total_loss       cls_loss        
0                0.1748062521     0.1748062521    
1                0.0234529041     0.0234529041    
==== Stage 2: SKIPPED (M2 ablation) ====
  Random domain assignment: Counter({1: 1779, 0: 1773, 2: 1698})
==== Stage 3: Domain-invariant + HardNCE ====
epoch            total_loss       cls_loss         dis_loss         hard_loss       
0                1.1452679634     0.0723283663     1.0729392767     0.0000011921    
  Source acc: 0.999429  |  Target acc: 0.903333
  Best target acc: 0.903333

======== ROUND 10 ========  [Ablation: M2]
==== Stage 1: SupCon Pre-training ====
epoch            total_loss       cls_loss        
0                0.0163659956     0.0163659956    
1                0.1602699608     0.1602699608    
==== Stage 2: SKIPPED (M2 ablation) ====
  Random domain assignment: Counter({1: 1782, 0: 1740, 2: 1728})
==== Stage 3: Domain-invariant + HardNCE ====
epoch            total_loss       cls_loss         dis_loss         hard_loss       
0                1.5148992538     0.4087713659     1.1061267853     0.0000035763    
  Source acc: 1.000000  |  Target acc: 0.900000
  Best target acc: 0.903333

======== ROUND 11 ========  [Ablation: M2]
==== Stage 1: SupCon Pre-training ====
epoch            total_loss       cls_loss        
0                3.6150276661     3.6150276661    
1                0.0342929661     0.0342929661    
==== Stage 2: SKIPPED (M2 ablation) ====
  Random domain assignment: Counter({2: 1806, 0: 1754, 1: 1690})
==== Stage 3: Domain-invariant + HardNCE ====
epoch            total_loss       cls_loss         dis_loss         hard_loss       
0                1.1343704462     0.0799620226     1.0544066429     0.0000059605    
  Source acc: 1.000000  |  Target acc: 0.906000
  Best target acc: 0.906000

======== ROUND 12 ========  [Ablation: M2]
==== Stage 1: SupCon Pre-training ====
epoch            total_loss       cls_loss        
0                0.0177077074     0.0177077074    
1                0.0158504806     0.0158504806    
==== Stage 2: SKIPPED (M2 ablation) ====
  Random domain assignment: Counter({0: 1802, 1: 1734, 2: 1714})
==== Stage 3: Domain-invariant + HardNCE ====
epoch            total_loss       cls_loss         dis_loss         hard_loss       
0                1.3040149212     0.1012702957     1.2027437687     0.0000028610    
  Source acc: 1.000000  |  Target acc: 0.918000
  Best target acc: 0.918000

======== ROUND 13 ========  [Ablation: M2]
==== Stage 1: SupCon Pre-training ====
epoch            total_loss       cls_loss        
0                0.0694118813     0.0694118813    
1                0.0096709859     0.0096709859    
==== Stage 2: SKIPPED (M2 ablation) ====
  Random domain assignment: Counter({0: 1780, 1: 1767, 2: 1703})
==== Stage 3: Domain-invariant + HardNCE ====
epoch            total_loss       cls_loss         dis_loss         hard_loss       
0                4.6619057655     3.5715825558     1.0903213024     0.0000066757    
  Source acc: 1.000000  |  Target acc: 0.901333
  Best target acc: 0.918000

======== ROUND 14 ========  [Ablation: M2]
==== Stage 1: SupCon Pre-training ====
epoch            total_loss       cls_loss        
0                0.0269353837     0.0269353837    
1                0.0158262178     0.0158262178    
==== Stage 2: SKIPPED (M2 ablation) ====
  Random domain assignment: Counter({0: 1778, 2: 1766, 1: 1706})
==== Stage 3: Domain-invariant + HardNCE ====
epoch            total_loss       cls_loss         dis_loss         hard_loss       
0                1.2281033993     0.1571259797     1.0709772110     0.0000007153    
  Source acc: 1.000000  |  Target acc: 0.902667
  Best target acc: 0.918000

======== ROUND 15 ========  [Ablation: M2]
==== Stage 1: SupCon Pre-training ====
epoch            total_loss       cls_loss        
0                0.0159772392     0.0159772392    
1                0.1286763847     0.1286763847    
==== Stage 2: SKIPPED (M2 ablation) ====
  Random domain assignment: Counter({2: 1784, 0: 1772, 1: 1694})
==== Stage 3: Domain-invariant + HardNCE ====
epoch            total_loss       cls_loss         dis_loss         hard_loss       
0                1.1051326990     0.0208148994     1.0843175650     0.0000007153    
  Source acc: 1.000000  |  Target acc: 0.921333
  Best target acc: 0.921333

======== ROUND 16 ========  [Ablation: M2]
==== Stage 1: SupCon Pre-training ====
epoch            total_loss       cls_loss        
0                0.0176578779     0.0176578779    
1                0.0845356286     0.0845356286    
==== Stage 2: SKIPPED (M2 ablation) ====
  Random domain assignment: Counter({0: 1816, 1: 1736, 2: 1698})
==== Stage 3: Domain-invariant + HardNCE ====
epoch            total_loss       cls_loss         dis_loss         hard_loss       
0                1.0861607790     0.0296058878     1.0565545559     0.0000011921    
  Source acc: 1.000000  |  Target acc: 0.906667
  Best target acc: 0.921333

======== ROUND 17 ========  [Ablation: M2]
==== Stage 1: SupCon Pre-training ====
epoch            total_loss       cls_loss        
0                0.0874287933     0.0874287933    
1                0.0649351627     0.0649351627    
==== Stage 2: SKIPPED (M2 ablation) ====
  Random domain assignment: Counter({0: 1768, 1: 1758, 2: 1724})
==== Stage 3: Domain-invariant + HardNCE ====
epoch            total_loss       cls_loss         dis_loss         hard_loss       
0                1.3127512932     0.1457730532     1.1669750214     0.0000107288    
  Source acc: 1.000000  |  Target acc: 0.922000
  Best target acc: 0.922000

======== ROUND 18 ========  [Ablation: M2]
==== Stage 1: SupCon Pre-training ====
epoch            total_loss       cls_loss        
0                0.0202722307     0.0202722307    
1                0.0629339218     0.0629339218    
==== Stage 2: SKIPPED (M2 ablation) ====
  Random domain assignment: Counter({1: 1790, 2: 1740, 0: 1720})
==== Stage 3: Domain-invariant + HardNCE ====
epoch            total_loss       cls_loss         dis_loss         hard_loss       
0                1.1422804594     0.0541809201     1.0880579948     0.0001385212    
  Source acc: 1.000000  |  Target acc: 0.934000
  Best target acc: 0.934000

======== ROUND 19 ========  [Ablation: M2]
==== Stage 1: SupCon Pre-training ====
epoch            total_loss       cls_loss        
0                0.5799905658     0.5799905658    
1                0.0104691591     0.0104691591    
==== Stage 2: SKIPPED (M2 ablation) ====
  Random domain assignment: Counter({2: 1791, 1: 1745, 0: 1714})
==== Stage 3: Domain-invariant + HardNCE ====
epoch            total_loss       cls_loss         dis_loss         hard_loss       
0                1.0631872416     0.0674233511     0.9957622290     0.0000057220    
  Source acc: 1.000000  |  Target acc: 0.922000
  Best target acc: 0.934000

======== ROUND 20 ========  [Ablation: M2]
==== Stage 1: SupCon Pre-training ====
epoch            total_loss       cls_loss        
0                0.0401664302     0.0401664302    
1                0.1150533333     0.1150533333    
==== Stage 2: SKIPPED (M2 ablation) ====
  Random domain assignment: Counter({2: 1758, 0: 1758, 1: 1734})
==== Stage 3: Domain-invariant + HardNCE ====
epoch            total_loss       cls_loss         dis_loss         hard_loss       
0                1.0537760258     0.0392983854     1.0144770145     0.0000019073    
  Source acc: 1.000000  |  Target acc: 0.926667
  Best target acc: 0.934000

======== ROUND 21 ========  [Ablation: M2]
==== Stage 1: SupCon Pre-training ====
epoch            total_loss       cls_loss        
0                0.0989903659     0.0989903659    
1                5.0154151917     5.0154151917    
==== Stage 2: SKIPPED (M2 ablation) ====
  Random domain assignment: Counter({2: 1813, 1: 1727, 0: 1710})
==== Stage 3: Domain-invariant + HardNCE ====
epoch            total_loss       cls_loss         dis_loss         hard_loss       
0                1.1345894337     0.0373679511     1.0970249176     0.0006551743    
  Source acc: 1.000000  |  Target acc: 0.913333
  Best target acc: 0.934000

======== ROUND 22 ========  [Ablation: M2]
==== Stage 1: SupCon Pre-training ====
epoch            total_loss       cls_loss        
0                0.0289644562     0.0289644562    
1                3.4299106598     3.4299106598    
==== Stage 2: SKIPPED (M2 ablation) ====
  Random domain assignment: Counter({2: 1806, 0: 1736, 1: 1708})
==== Stage 3: Domain-invariant + HardNCE ====
epoch            total_loss       cls_loss         dis_loss         hard_loss       
0                1.1802967787     0.0619542189     1.1183408499     0.0000054836    
  Source acc: 1.000000  |  Target acc: 0.925333
  Best target acc: 0.934000

======== ROUND 23 ========  [Ablation: M2]
==== Stage 1: SupCon Pre-training ====
epoch            total_loss       cls_loss        
0                0.1149591431     0.1149591431    
1                0.0152012864     0.0152012864    
==== Stage 2: SKIPPED (M2 ablation) ====
  Random domain assignment: Counter({1: 1772, 2: 1765, 0: 1713})
==== Stage 3: Domain-invariant + HardNCE ====
epoch            total_loss       cls_loss         dis_loss         hard_loss       
0                1.1225354671     0.0601965003     1.0623338223     0.0000171661    
  Source acc: 1.000000  |  Target acc: 0.921333
  Best target acc: 0.934000

======== ROUND 24 ========  [Ablation: M2]
==== Stage 1: SupCon Pre-training ====
epoch            total_loss       cls_loss        
0                0.0142240971     0.0142240971    
1                0.0099355960     0.0099355960    
==== Stage 2: SKIPPED (M2 ablation) ====
  Random domain assignment: Counter({1: 1826, 2: 1773, 0: 1651})
==== Stage 3: Domain-invariant + HardNCE ====
epoch            total_loss       cls_loss         dis_loss         hard_loss       
0                1.0911387205     0.1004194990     0.9907183647     0.0000026226    
  Source acc: 1.000000  |  Target acc: 0.926000
  Best target acc: 0.934000

======== ROUND 25 ========  [Ablation: M2]
==== Stage 1: SupCon Pre-training ====
epoch            total_loss       cls_loss        
0                0.0217652135     0.0217652135    
1                0.0202778168     0.0202778168    
==== Stage 2: SKIPPED (M2 ablation) ====
  Random domain assignment: Counter({1: 1794, 0: 1747, 2: 1709})
==== Stage 3: Domain-invariant + HardNCE ====
epoch            total_loss       cls_loss         dis_loss         hard_loss       
0                1.2498652935     0.0909585282     1.1589066982     0.0000004768    
  Source acc: 1.000000  |  Target acc: 0.916667
  Best target acc: 0.934000

======== ROUND 26 ========  [Ablation: M2]
==== Stage 1: SupCon Pre-training ====
epoch            total_loss       cls_loss        
0                0.0529571287     0.0529571287    
1                0.0170309395     0.0170309395    
==== Stage 2: SKIPPED (M2 ablation) ====
  Random domain assignment: Counter({1: 1779, 2: 1752, 0: 1719})
==== Stage 3: Domain-invariant + HardNCE ====
epoch            total_loss       cls_loss         dis_loss         hard_loss       
0                1.3381625414     0.1808009446     1.1573612690     0.0000011921    
  Source acc: 1.000000  |  Target acc: 0.905333
  Best target acc: 0.934000

======== ROUND 27 ========  [Ablation: M2]
==== Stage 1: SupCon Pre-training ====
epoch            total_loss       cls_loss        
0                4.4313435555     4.4313435555    
1                0.0201831274     0.0201831274    
==== Stage 2: SKIPPED (M2 ablation) ====
  Random domain assignment: Counter({2: 1798, 1: 1744, 0: 1708})
==== Stage 3: Domain-invariant + HardNCE ====
epoch            total_loss       cls_loss         dis_loss         hard_loss       
0                1.3273993731     0.1394150555     1.1879830360     0.0000045300    
  Source acc: 1.000000  |  Target acc: 0.907333
  Best target acc: 0.934000

======== ROUND 28 ========  [Ablation: M2]
==== Stage 1: SupCon Pre-training ====
epoch            total_loss       cls_loss        
0                0.1274483949     0.1274483949    
1                0.0138887968     0.0138887968    
==== Stage 2: SKIPPED (M2 ablation) ====
  Random domain assignment: Counter({0: 1791, 1: 1782, 2: 1677})
==== Stage 3: Domain-invariant + HardNCE ====
epoch            total_loss       cls_loss         dis_loss         hard_loss       
0                1.4106462002     0.2772962749     1.1333489418     0.0000033379    
  Source acc: 1.000000  |  Target acc: 0.913333
  Best target acc: 0.934000

======== ROUND 29 ========  [Ablation: M2]
==== Stage 1: SupCon Pre-training ====
epoch            total_loss       cls_loss        
0                0.2312075794     0.2312075794    
1                0.0957519412     0.0957519412    
==== Stage 2: SKIPPED (M2 ablation) ====
  Random domain assignment: Counter({0: 1796, 2: 1746, 1: 1708})
==== Stage 3: Domain-invariant + HardNCE ====
epoch            total_loss       cls_loss         dis_loss         hard_loss       
0                4.9937596321     3.6534242630     1.3402976990     0.0001258850    
  Source acc: 1.000000  |  Target acc: 0.916667
  Best target acc: 0.934000

======== ROUND 30 ========  [Ablation: M2]
==== Stage 1: SupCon Pre-training ====
epoch            total_loss       cls_loss        
0                0.0259049125     0.0259049125    
1                0.0313740671     0.0313740671    
==== Stage 2: SKIPPED (M2 ablation) ====
  Random domain assignment: Counter({0: 1777, 1: 1751, 2: 1722})
==== Stage 3: Domain-invariant + HardNCE ====
epoch            total_loss       cls_loss         dis_loss         hard_loss       
0                1.2049764395     0.0922078043     1.1127674580     0.0000038147    
  Source acc: 1.000000  |  Target acc: 0.924000
  Best target acc: 0.934000

======== ROUND 31 ========  [Ablation: M2]
==== Stage 1: SupCon Pre-training ====
epoch            total_loss       cls_loss        
0                0.0064190687     0.0064190687    
1                0.0418924130     0.0418924130    
==== Stage 2: SKIPPED (M2 ablation) ====
  Random domain assignment: Counter({1: 1763, 0: 1760, 2: 1727})
==== Stage 3: Domain-invariant + HardNCE ====
epoch            total_loss       cls_loss         dis_loss         hard_loss       
0                5.1113471985     4.2930021286     0.8183280230     0.0000572205    
  Source acc: 1.000000  |  Target acc: 0.913333
  Best target acc: 0.934000

======== ROUND 32 ========  [Ablation: M2]
==== Stage 1: SupCon Pre-training ====
epoch            total_loss       cls_loss        
0                0.0073253466     0.0073253466    
1                0.0163903963     0.0163903963    
==== Stage 2: SKIPPED (M2 ablation) ====
  Random domain assignment: Counter({0: 1795, 1: 1752, 2: 1703})
==== Stage 3: Domain-invariant + HardNCE ====
epoch            total_loss       cls_loss         dis_loss         hard_loss       
0                1.1462503672     0.0672571361     1.0789911747     0.0000069141    
  Source acc: 1.000000  |  Target acc: 0.918000
  Best target acc: 0.934000

======== ROUND 33 ========  [Ablation: M2]
==== Stage 1: SupCon Pre-training ====
epoch            total_loss       cls_loss        
0                5.6061754227     5.6061754227    
1                0.0278662294     0.0278662294    
==== Stage 2: SKIPPED (M2 ablation) ====
  Random domain assignment: Counter({0: 1804, 2: 1725, 1: 1721})
==== Stage 3: Domain-invariant + HardNCE ====
epoch            total_loss       cls_loss         dis_loss         hard_loss       
0                1.3221741915     0.2280828655     1.0940854549     0.0000195503    
  Source acc: 1.000000  |  Target acc: 0.906667
  Best target acc: 0.934000

======== ROUND 34 ========  [Ablation: M2]
==== Stage 1: SupCon Pre-training ====
epoch            total_loss       cls_loss        
0                0.0137912249     0.0137912249    
1                0.0212126486     0.0212126486    
==== Stage 2: SKIPPED (M2 ablation) ====
  Random domain assignment: Counter({0: 1765, 2: 1750, 1: 1735})
==== Stage 3: Domain-invariant + HardNCE ====
epoch            total_loss       cls_loss         dis_loss         hard_loss       
0                1.3279443979     0.1610176712     1.1669260263     0.0000023842    
  Source acc: 1.000000  |  Target acc: 0.916667
  Best target acc: 0.934000

======== ROUND 35 ========  [Ablation: M2]
==== Stage 1: SupCon Pre-training ====
epoch            total_loss       cls_loss        
0                0.0187432375     0.0187432375    
1                0.0114181843     0.0114181843    
==== Stage 2: SKIPPED (M2 ablation) ====
  Random domain assignment: Counter({0: 1799, 2: 1737, 1: 1714})
==== Stage 3: Domain-invariant + HardNCE ====
epoch            total_loss       cls_loss         dis_loss         hard_loss       
0                1.1803251505     0.1083889604     1.0719358921     0.0000011921    
  Source acc: 1.000000  |  Target acc: 0.904667
  Best target acc: 0.934000

======== ROUND 36 ========  [Ablation: M2]
==== Stage 1: SupCon Pre-training ====
epoch            total_loss       cls_loss        
0                0.5044453144     0.5044453144    
1                0.0030479780     0.0030479780    
==== Stage 2: SKIPPED (M2 ablation) ====
  Random domain assignment: Counter({0: 1848, 2: 1740, 1: 1662})
==== Stage 3: Domain-invariant + HardNCE ====
epoch            total_loss       cls_loss         dis_loss         hard_loss       
0                1.2021713257     0.2148593217     0.9873100519     0.0000061989    
  Source acc: 1.000000  |  Target acc: 0.913333
  Best target acc: 0.934000

======== ROUND 37 ========  [Ablation: M2]
==== Stage 1: SupCon Pre-training ====
epoch            total_loss       cls_loss        
0                6.5323586464     6.5323586464    
1                0.0195929557     0.0195929557    
==== Stage 2: SKIPPED (M2 ablation) ====
  Random domain assignment: Counter({0: 1760, 1: 1753, 2: 1737})
==== Stage 3: Domain-invariant + HardNCE ====
epoch            total_loss       cls_loss         dis_loss         hard_loss       
0                1.1801508665     0.0487777665     1.1313728094     0.0000007153    
  Source acc: 1.000000  |  Target acc: 0.920667
  Best target acc: 0.934000

======== ROUND 38 ========  [Ablation: M2]
==== Stage 1: SupCon Pre-training ====
epoch            total_loss       cls_loss        
0                0.0119876359     0.0119876359    
1                0.0715940520     0.0715940520    
==== Stage 2: SKIPPED (M2 ablation) ====
  Random domain assignment: Counter({2: 1782, 1: 1742, 0: 1726})
==== Stage 3: Domain-invariant + HardNCE ====
epoch            total_loss       cls_loss         dis_loss         hard_loss       
0                1.4606077671     0.3492888510     1.1113176346     0.0000045300    
  Source acc: 1.000000  |  Target acc: 0.920000
  Best target acc: 0.934000

======== ROUND 39 ========  [Ablation: M2]
==== Stage 1: SupCon Pre-training ====
epoch            total_loss       cls_loss        
0                5.6247797012     5.6247797012    
1                0.0123150004     0.0123150004    
==== Stage 2: SKIPPED (M2 ablation) ====
  Random domain assignment: Counter({2: 1769, 1: 1758, 0: 1723})
==== Stage 3: Domain-invariant + HardNCE ====
epoch            total_loss       cls_loss         dis_loss         hard_loss       
0                1.2088780403     0.0799263045     1.1289486885     0.0000102520    
  Source acc: 1.000000  |  Target acc: 0.916000
  Best target acc: 0.934000

======== ROUND 40 ========  [Ablation: M2]
==== Stage 1: SupCon Pre-training ====
epoch            total_loss       cls_loss        
0                0.0376219116     0.0376219116    
1                2.8813135624     2.8813135624    
==== Stage 2: SKIPPED (M2 ablation) ====
  Random domain assignment: Counter({2: 1770, 0: 1756, 1: 1724})
==== Stage 3: Domain-invariant + HardNCE ====
epoch            total_loss       cls_loss         dis_loss         hard_loss       
0                1.3647607565     0.2421161383     1.1226434708     0.0000038147    
  Source acc: 1.000000  |  Target acc: 0.915333
  Best target acc: 0.934000

======== ROUND 41 ========  [Ablation: M2]
==== Stage 1: SupCon Pre-training ====
epoch            total_loss       cls_loss        
0                0.0923303366     0.0923303366    
1                0.0808535591     0.0808535591    
==== Stage 2: SKIPPED (M2 ablation) ====
  Random domain assignment: Counter({0: 1771, 2: 1740, 1: 1739})
==== Stage 3: Domain-invariant + HardNCE ====
epoch            total_loss       cls_loss         dis_loss         hard_loss       
0                3.8561699390     2.7710485458     1.0851180553     0.0000109673    
  Source acc: 1.000000  |  Target acc: 0.912667
  Best target acc: 0.934000

======== ROUND 42 ========  [Ablation: M2]
==== Stage 1: SupCon Pre-training ====
epoch            total_loss       cls_loss        
0                0.0321970209     0.0321970209    
1                0.0541098937     0.0541098937    
==== Stage 2: SKIPPED (M2 ablation) ====
  Random domain assignment: Counter({0: 1783, 2: 1748, 1: 1719})
==== Stage 3: Domain-invariant + HardNCE ====
epoch            total_loss       cls_loss         dis_loss         hard_loss       
0                1.2126355171     0.1027597114     1.1098678112     0.0000264645    
  Source acc: 1.000000  |  Target acc: 0.913333
  Best target acc: 0.934000

======== ROUND 43 ========  [Ablation: M2]
==== Stage 1: SupCon Pre-training ====
epoch            total_loss       cls_loss        
0                0.0111612091     0.0111612091    
1                0.0070417691     0.0070417691    
==== Stage 2: SKIPPED (M2 ablation) ====
  Random domain assignment: Counter({1: 1754, 0: 1753, 2: 1743})
==== Stage 3: Domain-invariant + HardNCE ====
epoch            total_loss       cls_loss         dis_loss         hard_loss       
0                1.0018477440     0.0307984017     0.9710485935     0.0000023842    
  Source acc: 1.000000  |  Target acc: 0.914667
  Best target acc: 0.934000

======== ROUND 44 ========  [Ablation: M2]
==== Stage 1: SupCon Pre-training ====
epoch            total_loss       cls_loss        
0                0.0797582418     0.0797582418    
1                0.0042872950     0.0042872950    
==== Stage 2: SKIPPED (M2 ablation) ====
  Random domain assignment: Counter({2: 1798, 1: 1763, 0: 1689})
==== Stage 3: Domain-invariant + HardNCE ====
epoch            total_loss       cls_loss         dis_loss         hard_loss       
0                0.9633636475     0.0913104713     0.8720524311     0.0000023842    
  Source acc: 1.000000  |  Target acc: 0.916000
  Best target acc: 0.934000

======== ROUND 45 ========  [Ablation: M2]
==== Stage 1: SupCon Pre-training ====
epoch            total_loss       cls_loss        
0                0.2852650881     0.2852650881    
1                0.0263008382     0.0263008382    
==== Stage 2: SKIPPED (M2 ablation) ====
  Random domain assignment: Counter({2: 1789, 1: 1776, 0: 1685})
==== Stage 3: Domain-invariant + HardNCE ====
epoch            total_loss       cls_loss         dis_loss         hard_loss       
0                1.1042906046     0.0185233727     1.0857656002     0.0000057220    
  Source acc: 1.000000  |  Target acc: 0.927333
  Best target acc: 0.934000

======== ROUND 46 ========  [Ablation: M2]
==== Stage 1: SupCon Pre-training ====
epoch            total_loss       cls_loss        
0                0.0043910742     0.0043910742    
1                3.0329580307     3.0329580307    
==== Stage 2: SKIPPED (M2 ablation) ====
  Random domain assignment: Counter({2: 1792, 0: 1732, 1: 1726})
==== Stage 3: Domain-invariant + HardNCE ====
epoch            total_loss       cls_loss         dis_loss         hard_loss       
0                1.4952081442     0.4252200723     1.0699815750     0.0000219345    
  Source acc: 1.000000  |  Target acc: 0.922000
  Best target acc: 0.934000

======== ROUND 47 ========  [Ablation: M2]
==== Stage 1: SupCon Pre-training ====
epoch            total_loss       cls_loss        
0                0.0457603857     0.0457603857    
1                0.0092318635     0.0092318635    
==== Stage 2: SKIPPED (M2 ablation) ====
  Random domain assignment: Counter({2: 1807, 1: 1794, 0: 1649})
==== Stage 3: Domain-invariant + HardNCE ====
epoch            total_loss       cls_loss         dis_loss         hard_loss       
0                1.1602518559     0.0255753770     1.1346763372     0.0000004768    
  Source acc: 1.000000  |  Target acc: 0.920000
  Best target acc: 0.934000

======== ROUND 48 ========  [Ablation: M2]
==== Stage 1: SupCon Pre-training ====
epoch            total_loss       cls_loss        
0                0.0127420891     0.0127420891    
1                5.4311408997     5.4311408997    
==== Stage 2: SKIPPED (M2 ablation) ====
  Random domain assignment: Counter({0: 1793, 2: 1747, 1: 1710})
==== Stage 3: Domain-invariant + HardNCE ====
epoch            total_loss       cls_loss         dis_loss         hard_loss       
0                3.5908453465     2.5706982613     1.0201466084     0.0000014305    
  Source acc: 1.000000  |  Target acc: 0.902667
  Best target acc: 0.934000

======== ROUND 49 ========  [Ablation: M2]
==== Stage 1: SupCon Pre-training ====
epoch            total_loss       cls_loss        
0                0.0329126716     0.0329126716    
1                0.0091384975     0.0091384975    
==== Stage 2: SKIPPED (M2 ablation) ====
  Random domain assignment: Counter({0: 1822, 2: 1742, 1: 1686})
==== Stage 3: Domain-invariant + HardNCE ====
epoch            total_loss       cls_loss         dis_loss         hard_loss       
0                1.1853306293     0.0424913988     1.1428385973     0.0000021458    
  Source acc: 1.000000  |  Target acc: 0.922000
  Best target acc: 0.934000
[ConfMatrix] saved to log/abl_widar1ap_cross_user_M2_s4 (cm shape=(6, 6))

Results saved to log/abl_widar1ap_cross_user_M2_s4
acc.txt: log/abl_widar1ap_cross_user_M2_s4/acc.txt
bestacc.txt: log/abl_widar1ap_cross_user_M2_s4/bestacc.txt
