[Seed] global random seed set to 1

[Ablation Mode] full
[WidarDataset] loaded 5250 samples, gesture_map={'G01': 0, 'G02': 1, 'G03': 2, 'G04': 3, 'G05': 4, 'G06': 5}
[WidarDataset] loaded 1500 samples, gesture_map={'G01': 0, 'G02': 1, 'G03': 2, 'G04': 3, 'G05': 4, 'G06': 5}
[WidarDataset] loaded 5250 samples, gesture_map={'G01': 0, 'G02': 1, 'G03': 2, 'G04': 3, 'G05': 4, 'G06': 5}
Train set size: 5250 samples, 165 batches
Test set size:  1500 samples, 47 batches
Source eval size: 5250 samples

[Direction Sensitivity] Manual weights (dir_w=0.5): {0: 0.0, 1: 0.0, 2: 0.0, 3: 0.0, 4: 0.0, 5: 0.0}

======== ROUND 0 ========  [Ablation: full]
==== Stage 1: SupCon Pre-training ====
epoch            total_loss       cls_loss         supcon_loss     
0                5.2768640518     1.4774414301     7.5988454819    
1                5.7675313950     1.7922072411     7.9506483078    
==== Stage 2: Latent Domain PCL ====
epoch            total_loss       dis_loss         proto_loss       ent_pen_loss    
0                2.0463752747     1.7463753223     0.0000000000     0.3000000119    
Counter({np.int64(1): 2247, np.int64(0): 1801, np.int64(2): 1202})
==== Stage 3: Domain-invariant + HardNCE ====
epoch            total_loss       cls_loss         dis_loss         hard_loss       
0                1.0201120377     0.5634568930     0.4566531777     0.0000061989    
  Source acc: 0.920762  |  Target acc: 0.728000
  Best target acc: 0.728000

======== ROUND 1 ========  [Ablation: full]
==== Stage 1: SupCon Pre-training ====
epoch            total_loss       cls_loss         supcon_loss     
0                6.1410522461     1.7552018166     8.7717008591    
1                6.6121091843     1.4380751848     10.3480682373   
==== Stage 2: Latent Domain PCL ====
epoch            total_loss       dis_loss         proto_loss       ent_pen_loss    
0                2.2526285648     2.0054695606     0.2728756964     0.1107210815    
Counter({np.int64(1): 2406, np.int64(2): 1521, np.int64(0): 1323})
==== Stage 3: Domain-invariant + HardNCE ====
epoch            total_loss       cls_loss         dis_loss         hard_loss       
0                1.0731114149     0.2587993741     0.8143085837     0.0000114441    
  Source acc: 0.936952  |  Target acc: 0.763333
  Best target acc: 0.763333

======== ROUND 2 ========  [Ablation: full]
==== Stage 1: SupCon Pre-training ====
epoch            total_loss       cls_loss         supcon_loss     
0                4.7327551842     0.0724676326     9.3205747604    
1                4.5134596825     0.0760405511     8.8748378754    
==== Stage 2: Latent Domain PCL ====
epoch            total_loss       dis_loss         proto_loss       ent_pen_loss    
0                1.8322886229     1.2779172659     0.8873004317     0.1107210815    
Counter({np.int64(2): 2401, np.int64(1): 1598, np.int64(0): 1251})
==== Stage 3: Domain-invariant + HardNCE ====
epoch            total_loss       cls_loss         dis_loss         hard_loss       
0                1.7426784039     0.6897901297     1.0528879166     0.0000011921    
  Source acc: 0.966286  |  Target acc: 0.787333
  Best target acc: 0.787333

======== ROUND 3 ========  [Ablation: full]
==== Stage 1: SupCon Pre-training ====
epoch            total_loss       cls_loss        
0                0.2710781395     0.2710781395    
1                0.7461873293     0.7461873293    
==== Stage 2: Latent Domain PCL ====
epoch            total_loss       dis_loss         proto_loss       ent_pen_loss    
0                1.1097369194     0.9342901707     0.1294513196     0.1107210815    
Counter({np.int64(2): 2032, np.int64(0): 1798, np.int64(1): 1420})
==== Stage 3: Domain-invariant + HardNCE ====
epoch            total_loss       cls_loss         dis_loss         hard_loss       
0                0.9121716022     0.4338183701     0.4783530831     0.0000004768    
  Source acc: 0.868190  |  Target acc: 0.767333
  Best target acc: 0.787333

======== ROUND 4 ========  [Ablation: full]
==== Stage 1: SupCon Pre-training ====
epoch            total_loss       cls_loss        
0                0.1893325597     0.1893325597    
1                0.6141352654     0.6141352654    
==== Stage 2: Latent Domain PCL ====
epoch            total_loss       dis_loss         proto_loss       ent_pen_loss    
0                1.8616790771     1.0936225653     1.3146708012     0.1107210815    
Counter({np.int64(0): 2360, np.int64(2): 1891, np.int64(1): 999})
==== Stage 3: Domain-invariant + HardNCE ====
epoch            total_loss       cls_loss         dis_loss         hard_loss       
0                2.3270516396     1.3338408470     0.9932100773     0.0000026226    
  Source acc: 0.932762  |  Target acc: 0.830667
  Best target acc: 0.830667

======== ROUND 5 ========  [Ablation: full]
==== Stage 1: SupCon Pre-training ====
epoch            total_loss       cls_loss        
0                0.4130676389     0.4130676389    
1                0.3919810057     0.3919810057    
==== Stage 2: Latent Domain PCL ====
epoch            total_loss       dis_loss         proto_loss       ent_pen_loss    
0                3.7207009792     1.4353224039     3.9707574844     0.3000000119    
Counter({np.int64(0): 2393, np.int64(2): 1798, np.int64(1): 1059})
==== Stage 3: Domain-invariant + HardNCE ====
epoch            total_loss       cls_loss         dis_loss         hard_loss       
0                4.1388015747     3.1716294289     0.9671635628     0.0000290871    
  Source acc: 0.992762  |  Target acc: 0.867333
  Best target acc: 0.867333

======== ROUND 6 ========  [Ablation: full]
==== Stage 1: SupCon Pre-training ====
epoch            total_loss       cls_loss        
0                6.3364524841     6.3364524841    
1                0.1070230305     0.1070230305    
==== Stage 2: Latent Domain PCL ====
epoch            total_loss       dis_loss         proto_loss       ent_pen_loss    
0                2.3073742390     2.1197423935     0.1538216621     0.1107210815    
Counter({np.int64(0): 2386, np.int64(2): 2217, np.int64(1): 647})
==== Stage 3: Domain-invariant + HardNCE ====
epoch            total_loss       cls_loss         dis_loss         hard_loss       
0                3.4028167725     1.2444663048     2.1583480835     0.0000083447    
  Source acc: 0.973143  |  Target acc: 0.800000
  Best target acc: 0.867333

======== ROUND 7 ========  [Ablation: full]
==== Stage 1: SupCon Pre-training ====
epoch            total_loss       cls_loss        
0                0.1955973506     0.1955973506    
1                0.1006746292     0.1006746292    
==== Stage 2: Latent Domain PCL ====
epoch            total_loss       dis_loss         proto_loss       ent_pen_loss    
0                1.8042557240     1.4976820946     0.3917051256     0.1107210815    
Counter({np.int64(1): 2370, np.int64(2): 1806, np.int64(0): 1074})
==== Stage 3: Domain-invariant + HardNCE ====
epoch            total_loss       cls_loss         dis_loss         hard_loss       
0                6.0703415871     4.9031271935     1.1671147346     0.0003319979    
  Source acc: 0.952381  |  Target acc: 0.798667
  Best target acc: 0.867333

======== ROUND 8 ========  [Ablation: full]
==== Stage 1: SupCon Pre-training ====
epoch            total_loss       cls_loss        
0                5.1907653809     5.1907653809    
1                5.2281064987     5.2281064987    
==== Stage 2: Latent Domain PCL ====
epoch            total_loss       dis_loss         proto_loss       ent_pen_loss    
0                1.3801290989     1.0254560709     0.4879038930     0.1107210815    
Counter({np.int64(2): 2516, np.int64(1): 1624, np.int64(0): 1110})
==== Stage 3: Domain-invariant + HardNCE ====
epoch            total_loss       cls_loss         dis_loss         hard_loss       
0                0.9001470208     0.1320480704     0.7680976391     0.0000042915    
  Source acc: 0.989905  |  Target acc: 0.852000
  Best target acc: 0.867333

======== ROUND 9 ========  [Ablation: full]
==== Stage 1: SupCon Pre-training ====
epoch            total_loss       cls_loss        
0                1.6813759804     1.6813759804    
1                4.7207627296     4.7207627296    
==== Stage 2: Latent Domain PCL ====
epoch            total_loss       dis_loss         proto_loss       ent_pen_loss    
0                2.3845851421     1.1909725666     1.7872252464     0.3000000119    
Counter({np.int64(2): 2054, np.int64(0): 1666, np.int64(1): 1530})
==== Stage 3: Domain-invariant + HardNCE ====
epoch            total_loss       cls_loss         dis_loss         hard_loss       
0                4.1799111366     3.3311414719     0.8487632275     0.0000200272    
  Source acc: 0.984190  |  Target acc: 0.890000
  Best target acc: 0.890000

======== ROUND 10 ========  [Ablation: full]
==== Stage 1: SupCon Pre-training ====
epoch            total_loss       cls_loss        
0                0.0754605010     0.0754605010    
1                0.0656047761     0.0656047761    
==== Stage 2: Latent Domain PCL ====
epoch            total_loss       dis_loss         proto_loss       ent_pen_loss    
0                1.2374072075     0.7737553120     0.7058616877     0.1107210815    
Counter({np.int64(0): 1975, np.int64(2): 1718, np.int64(1): 1557})
==== Stage 3: Domain-invariant + HardNCE ====
epoch            total_loss       cls_loss         dis_loss         hard_loss       
0                5.7780013084     3.6275048256     2.1504895687     0.0000240803    
  Source acc: 0.999429  |  Target acc: 0.880000
  Best target acc: 0.890000

======== ROUND 11 ========  [Ablation: full]
==== Stage 1: SupCon Pre-training ====
epoch            total_loss       cls_loss        
0                0.4372979403     0.4372979403    
1                4.9885287285     4.9885287285    
==== Stage 2: Latent Domain PCL ====
epoch            total_loss       dis_loss         proto_loss       ent_pen_loss    
0                2.4400117397     2.1923973560     0.2737863362     0.1107210815    
Counter({np.int64(2): 1997, np.int64(0): 1659, np.int64(1): 1594})
==== Stage 3: Domain-invariant + HardNCE ====
epoch            total_loss       cls_loss         dis_loss         hard_loss       
0                2.1255590916     0.6902165413     1.4353388548     0.0000121593    
  Source acc: 0.999810  |  Target acc: 0.902000
  Best target acc: 0.902000

======== ROUND 12 ========  [Ablation: full]
==== Stage 1: SupCon Pre-training ====
epoch            total_loss       cls_loss        
0                0.6612092853     0.6612092853    
1                0.2045413107     0.2045413107    
==== Stage 2: Latent Domain PCL ====
epoch            total_loss       dis_loss         proto_loss       ent_pen_loss    
0                1.5515260696     1.2456195354     0.3903708458     0.1107210815    
Counter({np.int64(2): 1969, np.int64(0): 1917, np.int64(1): 1364})
==== Stage 3: Domain-invariant + HardNCE ====
epoch            total_loss       cls_loss         dis_loss         hard_loss       
0                0.4365838170     0.2253540307     0.2112293690     0.0000014305    
  Source acc: 0.999810  |  Target acc: 0.881333
  Best target acc: 0.902000

======== ROUND 13 ========  [Ablation: full]
==== Stage 1: SupCon Pre-training ====
epoch            total_loss       cls_loss        
0                0.9341365099     0.9341365099    
1                0.1190387011     0.1190387011    
==== Stage 2: Latent Domain PCL ====
epoch            total_loss       dis_loss         proto_loss       ent_pen_loss    
0                2.6490933895     0.9274181128     2.8433508873     0.3000000119    
Counter({np.int64(0): 2115, np.int64(2): 1667, np.int64(1): 1468})
==== Stage 3: Domain-invariant + HardNCE ====
epoch            total_loss       cls_loss         dis_loss         hard_loss       
0                0.5278652906     0.1066397727     0.4212251306     0.0000011921    
  Source acc: 1.000000  |  Target acc: 0.906667
  Best target acc: 0.906667

======== ROUND 14 ========  [Ablation: full]
==== Stage 1: SupCon Pre-training ====
epoch            total_loss       cls_loss        
0                0.0124420086     0.0124420086    
1                0.2920421660     0.2920421660    
==== Stage 2: Latent Domain PCL ====
epoch            total_loss       dis_loss         proto_loss       ent_pen_loss    
0                0.8963482380     0.7662390471     0.0387763306     0.1107210815    
Counter({np.int64(2): 2130, np.int64(0): 2053, np.int64(1): 1067})
==== Stage 3: Domain-invariant + HardNCE ====
epoch            total_loss       cls_loss         dis_loss         hard_loss       
0                4.6749234200     3.8471059799     0.8278157711     0.0000040531    
  Source acc: 1.000000  |  Target acc: 0.883333
  Best target acc: 0.906667

======== ROUND 15 ========  [Ablation: full]
==== Stage 1: SupCon Pre-training ====
epoch            total_loss       cls_loss        
0                0.2552609742     0.2552609742    
1                5.5373964310     5.5373964310    
==== Stage 2: Latent Domain PCL ====
epoch            total_loss       dis_loss         proto_loss       ent_pen_loss    
0                1.0628440380     0.9172669649     0.0697120279     0.1107210815    
Counter({np.int64(0): 2069, np.int64(2): 1671, np.int64(1): 1510})
==== Stage 3: Domain-invariant + HardNCE ====
epoch            total_loss       cls_loss         dis_loss         hard_loss       
0                1.1291675568     0.1402572989     0.9889053106     0.0000166893    
  Source acc: 1.000000  |  Target acc: 0.908667
  Best target acc: 0.908667

======== ROUND 16 ========  [Ablation: full]
==== Stage 1: SupCon Pre-training ====
epoch            total_loss       cls_loss        
0                4.8775634766     4.8775634766    
1                0.0393202603     0.0393202603    
==== Stage 2: Latent Domain PCL ====
epoch            total_loss       dis_loss         proto_loss       ent_pen_loss    
0                2.3776948452     0.6435258389     2.8683383465     0.3000000119    
Counter({np.int64(0): 2133, np.int64(2): 1633, np.int64(1): 1484})
==== Stage 3: Domain-invariant + HardNCE ====
epoch            total_loss       cls_loss         dis_loss         hard_loss       
0                1.3012263775     0.4106386602     0.8905749321     0.0000426769    
  Source acc: 1.000000  |  Target acc: 0.887333
  Best target acc: 0.908667

======== ROUND 17 ========  [Ablation: full]
==== Stage 1: SupCon Pre-training ====
epoch            total_loss       cls_loss        
0                0.0552449524     0.0552449524    
1                0.0182533804     0.0182533804    
==== Stage 2: Latent Domain PCL ====
epoch            total_loss       dis_loss         proto_loss       ent_pen_loss    
0                2.3968670368     0.3728731871     3.4479880333     0.3000000119    
Counter({np.int64(0): 2068, np.int64(2): 1618, np.int64(1): 1564})
==== Stage 3: Domain-invariant + HardNCE ====
epoch            total_loss       cls_loss         dis_loss         hard_loss       
0                1.7569503784     0.3557941914     1.4011503458     0.0000193119    
  Source acc: 1.000000  |  Target acc: 0.904667
  Best target acc: 0.908667

======== ROUND 18 ========  [Ablation: full]
==== Stage 1: SupCon Pre-training ====
epoch            total_loss       cls_loss        
0                0.0068429061     0.0068429061    
1                0.0616667308     0.0616667308    
==== Stage 2: Latent Domain PCL ====
epoch            total_loss       dis_loss         proto_loss       ent_pen_loss    
0                1.5299489498     0.4546443522     1.5506091118     0.3000000119    
Counter({np.int64(0): 2384, np.int64(2): 1773, np.int64(1): 1093})
==== Stage 3: Domain-invariant + HardNCE ====
epoch            total_loss       cls_loss         dis_loss         hard_loss       
0                0.4756152928     0.0519373417     0.4236772358     0.0000023842    
  Source acc: 1.000000  |  Target acc: 0.903333
  Best target acc: 0.908667

======== ROUND 19 ========  [Ablation: full]
==== Stage 1: SupCon Pre-training ====
epoch            total_loss       cls_loss        
0                4.7406811714     4.7406811714    
1                0.0468699522     0.0468699522    
==== Stage 2: Latent Domain PCL ====
epoch            total_loss       dis_loss         proto_loss       ent_pen_loss    
0                0.6437720060     0.5192927718     0.0275162682     0.1107210815    
Counter({np.int64(0): 2395, np.int64(2): 1881, np.int64(1): 974})
==== Stage 3: Domain-invariant + HardNCE ====
epoch            total_loss       cls_loss         dis_loss         hard_loss       
0                0.3067418039     0.0917649269     0.2149755061     0.0000045300    
  Source acc: 1.000000  |  Target acc: 0.909333
  Best target acc: 0.909333

======== ROUND 20 ========  [Ablation: full]
==== Stage 1: SupCon Pre-training ====
epoch            total_loss       cls_loss        
0                0.0289373007     0.0289373007    
1                0.0526508130     0.0526508130    
==== Stage 2: Latent Domain PCL ====
epoch            total_loss       dis_loss         proto_loss       ent_pen_loss    
0                3.6708996296     2.5410289764     1.6597416401     0.3000000119    
Counter({np.int64(0): 2273, np.int64(2): 2066, np.int64(1): 911})
==== Stage 3: Domain-invariant + HardNCE ====
epoch            total_loss       cls_loss         dis_loss         hard_loss       
0                0.8347357512     0.0732634738     0.7614716887     0.0000019073    
  Source acc: 1.000000  |  Target acc: 0.909333
  Best target acc: 0.909333

======== ROUND 21 ========  [Ablation: full]
==== Stage 1: SupCon Pre-training ====
epoch            total_loss       cls_loss        
0                0.2018816769     0.2018816769    
1                0.0292979516     0.0292979516    
==== Stage 2: Latent Domain PCL ====
epoch            total_loss       dis_loss         proto_loss       ent_pen_loss    
0                1.8245568275     0.3943053484     2.2605030537     0.3000000119    
Counter({np.int64(0): 2348, np.int64(2): 2004, np.int64(1): 898})
==== Stage 3: Domain-invariant + HardNCE ====
epoch            total_loss       cls_loss         dis_loss         hard_loss       
0                0.1918703914     0.0626395270     0.1292303056     0.0000019073    
  Source acc: 1.000000  |  Target acc: 0.914000
  Best target acc: 0.914000

======== ROUND 22 ========  [Ablation: full]
==== Stage 1: SupCon Pre-training ====
epoch            total_loss       cls_loss        
0                0.0515143760     0.0515143760    
1                0.0460381843     0.0460381843    
==== Stage 2: Latent Domain PCL ====
epoch            total_loss       dis_loss         proto_loss       ent_pen_loss    
0                0.5673643351     0.4288321733     0.0556222461     0.1107210815    
Counter({np.int64(0): 2217, np.int64(2): 2153, np.int64(1): 880})
==== Stage 3: Domain-invariant + HardNCE ====
epoch            total_loss       cls_loss         dis_loss         hard_loss       
0                4.9177627563     4.2527332306     0.6650274992     0.0000061989    
  Source acc: 1.000000  |  Target acc: 0.899333
  Best target acc: 0.914000

======== ROUND 23 ========  [Ablation: full]
==== Stage 1: SupCon Pre-training ====
epoch            total_loss       cls_loss        
0                0.0163222607     0.0163222607    
1                0.1620121896     0.1620121896    
==== Stage 2: Latent Domain PCL ====
epoch            total_loss       dis_loss         proto_loss       ent_pen_loss    
0                0.4651224017     0.3254007101     0.0580012277     0.1107210815    
Counter({np.int64(2): 2216, np.int64(0): 2133, np.int64(1): 901})
==== Stage 3: Domain-invariant + HardNCE ====
epoch            total_loss       cls_loss         dis_loss         hard_loss       
0                1.4224609137     0.1260843724     1.2963743210     0.0000076294    
  Source acc: 1.000000  |  Target acc: 0.910667
  Best target acc: 0.914000

======== ROUND 24 ========  [Ablation: full]
==== Stage 1: SupCon Pre-training ====
epoch            total_loss       cls_loss        
0                0.0982013568     0.0982013568    
1                0.0066538011     0.0066538011    
==== Stage 2: Latent Domain PCL ====
epoch            total_loss       dis_loss         proto_loss       ent_pen_loss    
0                0.9142765999     0.7789101601     0.0492907092     0.1107210815    
Counter({np.int64(0): 2238, np.int64(2): 2139, np.int64(1): 873})
==== Stage 3: Domain-invariant + HardNCE ====
epoch            total_loss       cls_loss         dis_loss         hard_loss       
0                1.0015976429     0.3742434382     0.6273519993     0.0000071526    
  Source acc: 1.000000  |  Target acc: 0.899333
  Best target acc: 0.914000

======== ROUND 25 ========  [Ablation: full]
==== Stage 1: SupCon Pre-training ====
epoch            total_loss       cls_loss        
0                4.4177069664     4.4177069664    
1                0.0783893913     0.0783893913    
==== Stage 2: Latent Domain PCL ====
epoch            total_loss       dis_loss         proto_loss       ent_pen_loss    
0                4.3561491966     2.5767562389     2.9587857723     0.3000000119    
Counter({np.int64(0): 2209, np.int64(2): 2154, np.int64(1): 887})
==== Stage 3: Domain-invariant + HardNCE ====
epoch            total_loss       cls_loss         dis_loss         hard_loss       
0                0.7531086206     0.1177474111     0.6353597045     0.0000050068    
  Source acc: 1.000000  |  Target acc: 0.904667
  Best target acc: 0.914000

======== ROUND 26 ========  [Ablation: full]
==== Stage 1: SupCon Pre-training ====
epoch            total_loss       cls_loss        
0                5.1273937225     5.1273937225    
1                0.0189477056     0.0189477056    
==== Stage 2: Latent Domain PCL ====
epoch            total_loss       dis_loss         proto_loss       ent_pen_loss    
0                0.3919806182     0.2739170790     0.0146848997     0.1107210815    
Counter({np.int64(2): 2234, np.int64(0): 2115, np.int64(1): 901})
==== Stage 3: Domain-invariant + HardNCE ====
epoch            total_loss       cls_loss         dis_loss         hard_loss       
0                2.0353248119     0.6825680733     1.3527551889     0.0000054836    
  Source acc: 1.000000  |  Target acc: 0.899333
  Best target acc: 0.914000

======== ROUND 27 ========  [Ablation: full]
==== Stage 1: SupCon Pre-training ====
epoch            total_loss       cls_loss        
0                0.0166445486     0.0166445486    
1                0.0286756661     0.0286756661    
==== Stage 2: Latent Domain PCL ====
epoch            total_loss       dis_loss         proto_loss       ent_pen_loss    
0                0.7973612547     0.5326763988     0.3079274297     0.1107210815    
Counter({np.int64(2): 2298, np.int64(0): 2057, np.int64(1): 895})
==== Stage 3: Domain-invariant + HardNCE ====
epoch            total_loss       cls_loss         dis_loss         hard_loss       
0                0.8590229750     0.1554939747     0.7035279274     0.0000035763    
  Source acc: 1.000000  |  Target acc: 0.910667
  Best target acc: 0.914000

======== ROUND 28 ========  [Ablation: full]
==== Stage 1: SupCon Pre-training ====
epoch            total_loss       cls_loss        
0                0.0947465077     0.0947465077    
1                0.0441088900     0.0441088900    
==== Stage 2: Latent Domain PCL ====
epoch            total_loss       dis_loss         proto_loss       ent_pen_loss    
0                0.6240164042     0.4998324811     0.0269257799     0.1107210815    
Counter({np.int64(2): 2325, np.int64(0): 2049, np.int64(1): 876})
==== Stage 3: Domain-invariant + HardNCE ====
epoch            total_loss       cls_loss         dis_loss         hard_loss       
0                9.2548789978     3.9000797272     5.3547973633     0.0000076294    
  Source acc: 1.000000  |  Target acc: 0.916667
  Best target acc: 0.916667

======== ROUND 29 ========  [Ablation: full]
==== Stage 1: SupCon Pre-training ====
epoch            total_loss       cls_loss        
0                0.0284785554     0.0284785554    
1                0.4350484908     0.4350484908    
==== Stage 2: Latent Domain PCL ====
epoch            total_loss       dis_loss         proto_loss       ent_pen_loss    
0                1.4702608585     0.4195494950     1.5014226437     0.3000000119    
Counter({np.int64(2): 2445, np.int64(0): 1922, np.int64(1): 883})
==== Stage 3: Domain-invariant + HardNCE ====
epoch            total_loss       cls_loss         dis_loss         hard_loss       
0                0.7382382154     0.1850646436     0.5531727076     0.0000028610    
  Source acc: 1.000000  |  Target acc: 0.908000
  Best target acc: 0.916667

======== ROUND 30 ========  [Ablation: full]
==== Stage 1: SupCon Pre-training ====
epoch            total_loss       cls_loss        
0                1.5266587734     1.5266587734    
1                5.7700681686     5.7700681686    
==== Stage 2: Latent Domain PCL ====
epoch            total_loss       dis_loss         proto_loss       ent_pen_loss    
0                1.0734276772     0.9553125501     0.0147881806     0.1107210815    
Counter({np.int64(2): 2318, np.int64(0): 2056, np.int64(1): 876})
==== Stage 3: Domain-invariant + HardNCE ====
epoch            total_loss       cls_loss         dis_loss         hard_loss       
0                0.4831635654     0.4102331996     0.0728211403     0.0003640652    
  Source acc: 1.000000  |  Target acc: 0.916000
  Best target acc: 0.916667

======== ROUND 31 ========  [Ablation: full]
==== Stage 1: SupCon Pre-training ====
epoch            total_loss       cls_loss        
0                0.0529037192     0.0529037192    
1                0.0146282054     0.0146282054    
==== Stage 2: Latent Domain PCL ====
epoch            total_loss       dis_loss         proto_loss       ent_pen_loss    
0                0.9013037682     0.7735983729     0.0339686051     0.1107210815    
Counter({np.int64(2): 2231, np.int64(0): 2140, np.int64(1): 879})
==== Stage 3: Domain-invariant + HardNCE ====
epoch            total_loss       cls_loss         dis_loss         hard_loss       
0                0.6872306466     0.0288464893     0.6583838463     0.0000009537    
  Source acc: 1.000000  |  Target acc: 0.909333
  Best target acc: 0.916667

======== ROUND 32 ========  [Ablation: full]
==== Stage 1: SupCon Pre-training ====
epoch            total_loss       cls_loss        
0                5.1088695526     5.1088695526    
1                4.0792026520     4.0792026520    
==== Stage 2: Latent Domain PCL ====
epoch            total_loss       dis_loss         proto_loss       ent_pen_loss    
0                0.9825369120     0.8113103509     0.1210110486     0.1107210815    
Counter({np.int64(2): 2190, np.int64(0): 2178, np.int64(1): 882})
==== Stage 3: Domain-invariant + HardNCE ====
epoch            total_loss       cls_loss         dis_loss         hard_loss       
0                3.8713853359     3.2304995060     0.6408733130     0.0000422001    
  Source acc: 1.000000  |  Target acc: 0.902667
  Best target acc: 0.916667

======== ROUND 33 ========  [Ablation: full]
==== Stage 1: SupCon Pre-training ====
epoch            total_loss       cls_loss        
0                4.7454824448     4.7454824448    
1                0.0125384778     0.0125384778    
==== Stage 2: Latent Domain PCL ====
epoch            total_loss       dis_loss         proto_loss       ent_pen_loss    
0                0.3183194995     0.2035035491     0.0081897341     0.1107210815    
Counter({np.int64(0): 2225, np.int64(2): 2146, np.int64(1): 879})
==== Stage 3: Domain-invariant + HardNCE ====
epoch            total_loss       cls_loss         dis_loss         hard_loss       
0                1.7894318104     0.3735919595     1.4158382416     0.0000057220    
  Source acc: 1.000000  |  Target acc: 0.919333
  Best target acc: 0.919333

======== ROUND 34 ========  [Ablation: full]
==== Stage 1: SupCon Pre-training ====
epoch            total_loss       cls_loss        
0                0.4459072053     0.4459072053    
1                0.0851461887     0.0851461887    
==== Stage 2: Latent Domain PCL ====
epoch            total_loss       dis_loss         proto_loss       ent_pen_loss    
0                4.0124359131     2.8530130386     1.7188453674     0.3000000119    
Counter({np.int64(0): 2283, np.int64(2): 2086, np.int64(1): 881})
==== Stage 3: Domain-invariant + HardNCE ====
epoch            total_loss       cls_loss         dis_loss         hard_loss       
0                1.0633869171     0.4469267130     0.6164600849     0.0000002384    
  Source acc: 1.000000  |  Target acc: 0.917333
  Best target acc: 0.919333

======== ROUND 35 ========  [Ablation: full]
==== Stage 1: SupCon Pre-training ====
epoch            total_loss       cls_loss        
0                0.0106731486     0.0106731486    
1                0.0137714073     0.0137714073    
==== Stage 2: Latent Domain PCL ====
epoch            total_loss       dis_loss         proto_loss       ent_pen_loss    
0                0.3877441585     0.2493168563     0.0554124713     0.1107210815    
Counter({np.int64(0): 2355, np.int64(2): 2012, np.int64(1): 883})
==== Stage 3: Domain-invariant + HardNCE ====
epoch            total_loss       cls_loss         dis_loss         hard_loss       
0                0.5208066106     0.2257937789     0.2950125337     0.0000009537    
  Source acc: 1.000000  |  Target acc: 0.921333
  Best target acc: 0.921333

======== ROUND 36 ========  [Ablation: full]
==== Stage 1: SupCon Pre-training ====
epoch            total_loss       cls_loss        
0                0.1787727624     0.1787727624    
1                0.0267892741     0.0267892741    
==== Stage 2: Latent Domain PCL ====
epoch            total_loss       dis_loss         proto_loss       ent_pen_loss    
0                1.0219529867     0.8373763561     0.1477111280     0.1107210815    
Counter({np.int64(0): 2404, np.int64(2): 1969, np.int64(1): 877})
==== Stage 3: Domain-invariant + HardNCE ====
epoch            total_loss       cls_loss         dis_loss         hard_loss       
0                0.7886927724     0.0429348312     0.7457575798     0.0000011921    
  Source acc: 1.000000  |  Target acc: 0.910667
  Best target acc: 0.921333

======== ROUND 37 ========  [Ablation: full]
==== Stage 1: SupCon Pre-training ====
epoch            total_loss       cls_loss        
0                5.4655756950     5.4655756950    
1                0.3392423987     0.3392423987    
==== Stage 2: Latent Domain PCL ====
epoch            total_loss       dis_loss         proto_loss       ent_pen_loss    
0                0.4560667276     0.3393602669     0.0119707482     0.1107210815    
Counter({np.int64(0): 2462, np.int64(2): 1908, np.int64(1): 880})
==== Stage 3: Domain-invariant + HardNCE ====
epoch            total_loss       cls_loss         dis_loss         hard_loss       
0                4.9572615623     4.3506917953     0.6065697670     0.0000004768    
  Source acc: 1.000000  |  Target acc: 0.901333
  Best target acc: 0.921333

======== ROUND 38 ========  [Ablation: full]
==== Stage 1: SupCon Pre-training ====
epoch            total_loss       cls_loss        
0                5.4795536995     5.4795536995    
1                0.3325184584     0.3325184584    
==== Stage 2: Latent Domain PCL ====
epoch            total_loss       dis_loss         proto_loss       ent_pen_loss    
0                0.5689989328     0.4548654556     0.0068247030     0.1107210815    
Counter({np.int64(0): 2522, np.int64(2): 1850, np.int64(1): 878})
==== Stage 3: Domain-invariant + HardNCE ====
epoch            total_loss       cls_loss         dis_loss         hard_loss       
0                4.1720757484     2.7194352150     1.4526267052     0.0000460148    
  Source acc: 1.000000  |  Target acc: 0.915333
  Best target acc: 0.921333

======== ROUND 39 ========  [Ablation: full]
==== Stage 1: SupCon Pre-training ====
epoch            total_loss       cls_loss        
0                0.0439323708     0.0439323708    
1                0.0221552141     0.0221552141    
==== Stage 2: Latent Domain PCL ====
epoch            total_loss       dis_loss         proto_loss       ent_pen_loss    
0                4.4865336418     2.9690997601     2.4348676205     0.3000000119    
Counter({np.int64(0): 2548, np.int64(2): 1819, np.int64(1): 883})
==== Stage 3: Domain-invariant + HardNCE ====
epoch            total_loss       cls_loss         dis_loss         hard_loss       
0                1.3362144232     0.2592442036     1.0769679546     0.0000073910    
  Source acc: 1.000000  |  Target acc: 0.922667
  Best target acc: 0.922667

======== ROUND 40 ========  [Ablation: full]
==== Stage 1: SupCon Pre-training ====
epoch            total_loss       cls_loss        
0                0.6273550391     0.6273550391    
1                0.0114222849     0.0114222849    
==== Stage 2: Latent Domain PCL ====
epoch            total_loss       dis_loss         proto_loss       ent_pen_loss    
0                0.3544361591     0.2289200425     0.0295900572     0.1107210815    
Counter({np.int64(0): 2605, np.int64(2): 1770, np.int64(1): 875})
==== Stage 3: Domain-invariant + HardNCE ====
epoch            total_loss       cls_loss         dis_loss         hard_loss       
0                0.8092376590     0.1839870214     0.6252499819     0.0000021458    
  Source acc: 1.000000  |  Target acc: 0.898000
  Best target acc: 0.922667

======== ROUND 41 ========  [Ablation: full]
==== Stage 1: SupCon Pre-training ====
epoch            total_loss       cls_loss        
0                7.1173024178     7.1173024178    
1                4.3543229103     4.3543229103    
==== Stage 2: Latent Domain PCL ====
epoch            total_loss       dis_loss         proto_loss       ent_pen_loss    
0                1.1149168015     0.2455789894     1.1386756897     0.3000000119    
Counter({np.int64(0): 2618, np.int64(2): 1755, np.int64(1): 877})
==== Stage 3: Domain-invariant + HardNCE ====
epoch            total_loss       cls_loss         dis_loss         hard_loss       
0                0.2481371611     0.0704377294     0.1776952147     0.0000140667    
  Source acc: 1.000000  |  Target acc: 0.920667
  Best target acc: 0.922667

======== ROUND 42 ========  [Ablation: full]
==== Stage 1: SupCon Pre-training ====
epoch            total_loss       cls_loss        
0                5.8944964409     5.8944964409    
1                0.0613989905     0.0613989905    
==== Stage 2: Latent Domain PCL ====
epoch            total_loss       dis_loss         proto_loss       ent_pen_loss    
0                3.9389507771     2.5271377563     2.2236263752     0.3000000119    
Counter({np.int64(0): 2627, np.int64(2): 1748, np.int64(1): 875})
==== Stage 3: Domain-invariant + HardNCE ====
epoch            total_loss       cls_loss         dis_loss         hard_loss       
0                0.9303069711     0.0605475344     0.8697587252     0.0000023842    
  Source acc: 1.000000  |  Target acc: 0.910667
  Best target acc: 0.922667

======== ROUND 43 ========  [Ablation: full]
==== Stage 1: SupCon Pre-training ====
epoch            total_loss       cls_loss        
0                4.9023542404     4.9023542404    
1                0.0527576916     0.0527576916    
==== Stage 2: Latent Domain PCL ====
epoch            total_loss       dis_loss         proto_loss       ent_pen_loss    
0                2.4192938805     0.4885430336     3.2615017891     0.3000000119    
Counter({np.int64(0): 2622, np.int64(2): 1751, np.int64(1): 877})
==== Stage 3: Domain-invariant + HardNCE ====
epoch            total_loss       cls_loss         dis_loss         hard_loss       
0                0.1314382255     0.0837702081     0.0476674438     0.0000019073    
  Source acc: 1.000000  |  Target acc: 0.904667
  Best target acc: 0.922667

======== ROUND 44 ========  [Ablation: full]
==== Stage 1: SupCon Pre-training ====
epoch            total_loss       cls_loss        
0                4.3588571548     4.3588571548    
1                4.2279038429     4.2279038429    
==== Stage 2: Latent Domain PCL ====
epoch            total_loss       dis_loss         proto_loss       ent_pen_loss    
0                0.3191241026     0.1955213249     0.0257633924     0.1107210815    
Counter({np.int64(0): 2627, np.int64(2): 1749, np.int64(1): 874})
==== Stage 3: Domain-invariant + HardNCE ====
epoch            total_loss       cls_loss         dis_loss         hard_loss       
0                8.0428600311     2.4762361050     5.5666213036     0.0000100136    
  Source acc: 1.000000  |  Target acc: 0.922000
  Best target acc: 0.922667

======== ROUND 45 ========  [Ablation: full]
==== Stage 1: SupCon Pre-training ====
epoch            total_loss       cls_loss        
0                0.1031050831     0.1031050831    
1                0.0314956307     0.0314956307    
==== Stage 2: Latent Domain PCL ====
epoch            total_loss       dis_loss         proto_loss       ent_pen_loss    
0                0.5783655643     0.4533658624     0.0285571516     0.1107210815    
Counter({np.int64(0): 2629, np.int64(2): 1746, np.int64(1): 875})
==== Stage 3: Domain-invariant + HardNCE ====
epoch            total_loss       cls_loss         dis_loss         hard_loss       
0                0.1059874818     0.0387779810     0.0672082901     0.0000040531    
  Source acc: 1.000000  |  Target acc: 0.918000
  Best target acc: 0.922667

======== ROUND 46 ========  [Ablation: full]
==== Stage 1: SupCon Pre-training ====
epoch            total_loss       cls_loss        
0                0.3314637840     0.3314637840    
1                0.0460780971     0.0460780971    
==== Stage 2: Latent Domain PCL ====
epoch            total_loss       dis_loss         proto_loss       ent_pen_loss    
0                1.5008406639     0.5678878427     1.2659058571     0.3000000119    
Counter({np.int64(0): 2613, np.int64(2): 1756, np.int64(1): 881})
==== Stage 3: Domain-invariant + HardNCE ====
epoch            total_loss       cls_loss         dis_loss         hard_loss       
0                0.3249013722     0.0436628908     0.2812358141     0.0000088215    
  Source acc: 1.000000  |  Target acc: 0.916667
  Best target acc: 0.922667

======== ROUND 47 ========  [Ablation: full]
==== Stage 1: SupCon Pre-training ====
epoch            total_loss       cls_loss        
0                0.0257078912     0.0257078912    
1                0.0297812652     0.0297812652    
==== Stage 2: Latent Domain PCL ====
epoch            total_loss       dis_loss         proto_loss       ent_pen_loss    
0                4.8671579361     2.8786656857     3.3769845963     0.3000000119    
Counter({np.int64(0): 2621, np.int64(2): 1753, np.int64(1): 876})
==== Stage 3: Domain-invariant + HardNCE ====
epoch            total_loss       cls_loss         dis_loss         hard_loss       
0                0.4044605792     0.0378883928     0.3665691018     0.0000102520    
  Source acc: 1.000000  |  Target acc: 0.913333
  Best target acc: 0.922667

======== ROUND 48 ========  [Ablation: full]
==== Stage 1: SupCon Pre-training ====
epoch            total_loss       cls_loss        
0                0.0117884241     0.0117884241    
1                0.5143033862     0.5143033862    
==== Stage 2: Latent Domain PCL ====
epoch            total_loss       dis_loss         proto_loss       ent_pen_loss    
0                1.2827109098     1.1594208479     0.0251379404     0.1107210815    
Counter({np.int64(0): 2625, np.int64(2): 1746, np.int64(1): 879})
==== Stage 3: Domain-invariant + HardNCE ====
epoch            total_loss       cls_loss         dis_loss         hard_loss       
0                0.5501460433     0.0439698622     0.5061744452     0.0000057220    
  Source acc: 1.000000  |  Target acc: 0.923333
  Best target acc: 0.923333

======== ROUND 49 ========  [Ablation: full]
==== Stage 1: SupCon Pre-training ====
epoch            total_loss       cls_loss        
0                5.4565849304     5.4565849304    
1                0.1940470934     0.1940470934    
==== Stage 2: Latent Domain PCL ====
epoch            total_loss       dis_loss         proto_loss       ent_pen_loss    
0                0.7458157539     0.6313738823     0.0074415812     0.1107210815    
Counter({np.int64(0): 2623, np.int64(2): 1748, np.int64(1): 879})
==== Stage 3: Domain-invariant + HardNCE ====
epoch            total_loss       cls_loss         dis_loss         hard_loss       
0                0.9636862874     0.1116826683     0.8520029187     0.0000023842    
  Source acc: 1.000000  |  Target acc: 0.912667
  Best target acc: 0.923333
[ConfMatrix] saved to log/abl_widar1ap_cross_user_full_s1 (cm shape=(6, 6))

Results saved to log/abl_widar1ap_cross_user_full_s1
acc.txt: log/abl_widar1ap_cross_user_full_s1/acc.txt
bestacc.txt: log/abl_widar1ap_cross_user_full_s1/bestacc.txt
