[Seed] global random seed set to 3

[Ablation Mode] M2
[WidarDataset] loaded 5250 samples, gesture_map={'G01': 0, 'G02': 1, 'G03': 2, 'G04': 3, 'G05': 4, 'G06': 5}
[WidarDataset] loaded 1500 samples, gesture_map={'G01': 0, 'G02': 1, 'G03': 2, 'G04': 3, 'G05': 4, 'G06': 5}
[WidarDataset] loaded 5250 samples, gesture_map={'G01': 0, 'G02': 1, 'G03': 2, 'G04': 3, 'G05': 4, 'G06': 5}
Train set size: 5250 samples, 165 batches
Test set size:  1500 samples, 47 batches
Source eval size: 5250 samples

[Direction Sensitivity] Manual weights (dir_w=0.5): {0: 0.0, 1: 0.0, 2: 0.0, 3: 0.0, 4: 0.0, 5: 0.0}

======== ROUND 0 ========  [Ablation: M2]
==== Stage 1: SupCon Pre-training ====
epoch            total_loss       cls_loss         supcon_loss     
0                5.5234270096     1.7610110044     7.5248317719    
1                4.5073642731     1.0445168018     6.9256954193    
==== Stage 2: SKIPPED (M2 ablation) ====
  Random domain assignment: Counter({0: 1766, 2: 1747, 1: 1737})
==== Stage 3: Domain-invariant + HardNCE ====
epoch            total_loss       cls_loss         dis_loss         hard_loss       
0                2.0893383026     1.1018155813     0.9875026345     0.0000669956    
  Source acc: 0.819619  |  Target acc: 0.620667
  Best target acc: 0.620667

======== ROUND 1 ========  [Ablation: M2]
==== Stage 1: SupCon Pre-training ====
epoch            total_loss       cls_loss         supcon_loss     
0                7.3366398811     3.5540368557     7.5652060509    
1                8.0836334229     4.0683598518     8.0305471420    
==== Stage 2: SKIPPED (M2 ablation) ====
  Random domain assignment: Counter({0: 1754, 2: 1752, 1: 1744})
==== Stage 3: Domain-invariant + HardNCE ====
epoch            total_loss       cls_loss         dis_loss         hard_loss       
0                3.4850838184     2.3027544022     1.1823275089     0.0000061989    
  Source acc: 0.874476  |  Target acc: 0.747333
  Best target acc: 0.747333

======== ROUND 2 ========  [Ablation: M2]
==== Stage 1: SupCon Pre-training ====
epoch            total_loss       cls_loss         supcon_loss     
0                8.7950897217     4.9484233856     7.6933336258    
1                5.0851836205     0.8224483728     8.5254707336    
==== Stage 2: SKIPPED (M2 ablation) ====
  Random domain assignment: Counter({0: 1782, 1: 1741, 2: 1727})
==== Stage 3: Domain-invariant + HardNCE ====
epoch            total_loss       cls_loss         dis_loss         hard_loss       
0                1.1351729631     0.0549004897     1.0802714825     0.0000030994    
  Source acc: 0.963048  |  Target acc: 0.825333
  Best target acc: 0.825333

======== ROUND 3 ========  [Ablation: M2]
==== Stage 1: SupCon Pre-training ====
epoch            total_loss       cls_loss        
0                5.0721445084     5.0721445084    
1                3.0624496937     3.0624496937    
==== Stage 2: SKIPPED (M2 ablation) ====
  Random domain assignment: Counter({1: 1796, 2: 1749, 0: 1705})
==== Stage 3: Domain-invariant + HardNCE ====
epoch            total_loss       cls_loss         dis_loss         hard_loss       
0                5.0863728523     4.0888834000     0.9974503517     0.0001308918    
  Source acc: 0.960571  |  Target acc: 0.834000
  Best target acc: 0.834000

======== ROUND 4 ========  [Ablation: M2]
==== Stage 1: SupCon Pre-training ====
epoch            total_loss       cls_loss        
0                1.0735970736     1.0735970736    
1                0.0414125957     0.0414125957    
==== Stage 2: SKIPPED (M2 ablation) ====
  Random domain assignment: Counter({2: 1780, 1: 1738, 0: 1732})
==== Stage 3: Domain-invariant + HardNCE ====
epoch            total_loss       cls_loss         dis_loss         hard_loss       
0                1.2436810732     0.1692235470     1.0744538307     0.0000121593    
  Source acc: 0.951238  |  Target acc: 0.791333
  Best target acc: 0.834000

======== ROUND 5 ========  [Ablation: M2]
==== Stage 1: SupCon Pre-training ====
epoch            total_loss       cls_loss        
0                0.0259455983     0.0259455983    
1                2.5885481834     2.5885481834    
==== Stage 2: SKIPPED (M2 ablation) ====
  Random domain assignment: Counter({1: 1783, 0: 1738, 2: 1729})
==== Stage 3: Domain-invariant + HardNCE ====
epoch            total_loss       cls_loss         dis_loss         hard_loss       
0                2.7467620373     1.9991791248     0.7475420833     0.0001358986    
  Source acc: 0.968952  |  Target acc: 0.798667
  Best target acc: 0.834000

======== ROUND 6 ========  [Ablation: M2]
==== Stage 1: SupCon Pre-training ====
epoch            total_loss       cls_loss        
0                1.2503756285     1.2503756285    
1                0.3031495810     0.3031495810    
==== Stage 2: SKIPPED (M2 ablation) ====
  Random domain assignment: Counter({0: 1820, 1: 1758, 2: 1672})
==== Stage 3: Domain-invariant + HardNCE ====
epoch            total_loss       cls_loss         dis_loss         hard_loss       
0                2.9503803253     1.9521476030     0.9976454973     0.0019570589    
  Source acc: 0.961714  |  Target acc: 0.852667
  Best target acc: 0.852667

======== ROUND 7 ========  [Ablation: M2]
==== Stage 1: SupCon Pre-training ====
epoch            total_loss       cls_loss        
0                4.1896433830     4.1896433830    
1                2.6605405807     2.6605405807    
==== Stage 2: SKIPPED (M2 ablation) ====
  Random domain assignment: Counter({0: 1774, 1: 1756, 2: 1720})
==== Stage 3: Domain-invariant + HardNCE ====
epoch            total_loss       cls_loss         dis_loss         hard_loss       
0                4.0556902885     3.0474600792     1.0081712008     0.0001974106    
  Source acc: 0.987619  |  Target acc: 0.837333
  Best target acc: 0.852667

======== ROUND 8 ========  [Ablation: M2]
==== Stage 1: SupCon Pre-training ====
epoch            total_loss       cls_loss        
0                0.1799414456     0.1799414456    
1                0.1493441015     0.1493441015    
==== Stage 2: SKIPPED (M2 ablation) ====
  Random domain assignment: Counter({1: 1784, 2: 1738, 0: 1728})
==== Stage 3: Domain-invariant + HardNCE ====
epoch            total_loss       cls_loss         dis_loss         hard_loss       
0                1.6001868248     0.4836802781     1.1165051460     0.0000047684    
  Source acc: 0.994095  |  Target acc: 0.842000
  Best target acc: 0.852667

======== ROUND 9 ========  [Ablation: M2]
==== Stage 1: SupCon Pre-training ====
epoch            total_loss       cls_loss        
0                0.0237962995     0.0237962995    
1                1.0090274811     1.0090274811    
==== Stage 2: SKIPPED (M2 ablation) ====
  Random domain assignment: Counter({0: 1824, 2: 1748, 1: 1678})
==== Stage 3: Domain-invariant + HardNCE ====
epoch            total_loss       cls_loss         dis_loss         hard_loss       
0                5.2693810463     4.3038916588     0.9654875994     0.0000064373    
  Source acc: 0.997905  |  Target acc: 0.873333
  Best target acc: 0.873333

======== ROUND 10 ========  [Ablation: M2]
==== Stage 1: SupCon Pre-training ====
epoch            total_loss       cls_loss        
0                0.5439333320     0.5439333320    
1                0.2343180925     0.2343180925    
==== Stage 2: SKIPPED (M2 ablation) ====
  Random domain assignment: Counter({1: 1758, 0: 1747, 2: 1745})
==== Stage 3: Domain-invariant + HardNCE ====
epoch            total_loss       cls_loss         dis_loss         hard_loss       
0                1.2556509972     0.0896433517     1.1660070419     0.0000021458    
  Source acc: 0.999810  |  Target acc: 0.901333
  Best target acc: 0.901333

======== ROUND 11 ========  [Ablation: M2]
==== Stage 1: SupCon Pre-training ====
epoch            total_loss       cls_loss        
0                0.0200570878     0.0200570878    
1                0.3047152758     0.3047152758    
==== Stage 2: SKIPPED (M2 ablation) ====
  Random domain assignment: Counter({1: 1782, 0: 1744, 2: 1724})
==== Stage 3: Domain-invariant + HardNCE ====
epoch            total_loss       cls_loss         dis_loss         hard_loss       
0                1.9033224583     0.6496513486     1.2536709309     0.0000007153    
  Source acc: 0.999810  |  Target acc: 0.891333
  Best target acc: 0.901333

======== ROUND 12 ========  [Ablation: M2]
==== Stage 1: SupCon Pre-training ====
epoch            total_loss       cls_loss        
0                0.0309359692     0.0309359692    
1                0.0313880220     0.0313880220    
==== Stage 2: SKIPPED (M2 ablation) ====
  Random domain assignment: Counter({0: 1775, 1: 1747, 2: 1728})
==== Stage 3: Domain-invariant + HardNCE ====
epoch            total_loss       cls_loss         dis_loss         hard_loss       
0                1.1250975132     0.0210538805     1.1040430069     0.0000021458    
  Source acc: 1.000000  |  Target acc: 0.901333
  Best target acc: 0.901333

======== ROUND 13 ========  [Ablation: M2]
==== Stage 1: SupCon Pre-training ====
epoch            total_loss       cls_loss        
0                5.1404867172     5.1404867172    
1                0.0148397600     0.0148397600    
==== Stage 2: SKIPPED (M2 ablation) ====
  Random domain assignment: Counter({0: 1767, 2: 1750, 1: 1733})
==== Stage 3: Domain-invariant + HardNCE ====
epoch            total_loss       cls_loss         dis_loss         hard_loss       
0                1.2147154808     0.1229646876     1.0917499065     0.0000028610    
  Source acc: 1.000000  |  Target acc: 0.906667
  Best target acc: 0.906667

======== ROUND 14 ========  [Ablation: M2]
==== Stage 1: SupCon Pre-training ====
epoch            total_loss       cls_loss        
0                0.0429293253     0.0429293253    
1                0.0079878978     0.0079878978    
==== Stage 2: SKIPPED (M2 ablation) ====
  Random domain assignment: Counter({1: 1817, 2: 1722, 0: 1711})
==== Stage 3: Domain-invariant + HardNCE ====
epoch            total_loss       cls_loss         dis_loss         hard_loss       
0                1.8270893097     0.6938898563     1.1331989765     0.0000014305    
  Source acc: 1.000000  |  Target acc: 0.886000
  Best target acc: 0.906667

======== ROUND 15 ========  [Ablation: M2]
==== Stage 1: SupCon Pre-training ====
epoch            total_loss       cls_loss        
0                0.0911952108     0.0911952108    
1                5.0306391716     5.0306391716    
==== Stage 2: SKIPPED (M2 ablation) ====
  Random domain assignment: Counter({1: 1794, 2: 1735, 0: 1721})
==== Stage 3: Domain-invariant + HardNCE ====
epoch            total_loss       cls_loss         dis_loss         hard_loss       
0                1.8133393526     0.6402573586     1.1730811596     0.0000028610    
  Source acc: 1.000000  |  Target acc: 0.913333
  Best target acc: 0.913333

======== ROUND 16 ========  [Ablation: M2]
==== Stage 1: SupCon Pre-training ====
epoch            total_loss       cls_loss        
0                5.2664065361     5.2664065361    
1                0.0275871158     0.0275871158    
==== Stage 2: SKIPPED (M2 ablation) ====
  Random domain assignment: Counter({2: 1767, 0: 1760, 1: 1723})
==== Stage 3: Domain-invariant + HardNCE ====
epoch            total_loss       cls_loss         dis_loss         hard_loss       
0                1.2826559544     0.1956014633     1.0870503187     0.0000138283    
  Source acc: 1.000000  |  Target acc: 0.891333
  Best target acc: 0.913333

======== ROUND 17 ========  [Ablation: M2]
==== Stage 1: SupCon Pre-training ====
epoch            total_loss       cls_loss        
0                5.0380673409     5.0380673409    
1                0.0552989915     0.0552989915    
==== Stage 2: SKIPPED (M2 ablation) ====
  Random domain assignment: Counter({0: 1801, 2: 1749, 1: 1700})
==== Stage 3: Domain-invariant + HardNCE ====
epoch            total_loss       cls_loss         dis_loss         hard_loss       
0                1.2059601545     0.1012042463     1.1047546864     0.0000040531    
  Source acc: 1.000000  |  Target acc: 0.891333
  Best target acc: 0.913333

======== ROUND 18 ========  [Ablation: M2]
==== Stage 1: SupCon Pre-training ====
epoch            total_loss       cls_loss        
0                0.0104542244     0.0104542244    
1                0.0346155800     0.0346155800    
==== Stage 2: SKIPPED (M2 ablation) ====
  Random domain assignment: Counter({0: 1783, 2: 1749, 1: 1718})
==== Stage 3: Domain-invariant + HardNCE ====
epoch            total_loss       cls_loss         dis_loss         hard_loss       
0                1.1174521446     0.0490852334     1.0683661699     0.0000023842    
  Source acc: 1.000000  |  Target acc: 0.909333
  Best target acc: 0.913333

======== ROUND 19 ========  [Ablation: M2]
==== Stage 1: SupCon Pre-training ====
epoch            total_loss       cls_loss        
0                0.1121502742     0.1121502742    
1                0.0028530254     0.0028530254    
==== Stage 2: SKIPPED (M2 ablation) ====
  Random domain assignment: Counter({1: 1812, 0: 1740, 2: 1698})
==== Stage 3: Domain-invariant + HardNCE ====
epoch            total_loss       cls_loss         dis_loss         hard_loss       
0                3.5473539829     2.4178953171     1.1294567585     0.0000064373    
  Source acc: 1.000000  |  Target acc: 0.890000
  Best target acc: 0.913333

======== ROUND 20 ========  [Ablation: M2]
==== Stage 1: SupCon Pre-training ====
epoch            total_loss       cls_loss        
0                0.0146134477     0.0146134477    
1                0.0268511157     0.0268511157    
==== Stage 2: SKIPPED (M2 ablation) ====
  Random domain assignment: Counter({0: 1803, 2: 1763, 1: 1684})
==== Stage 3: Domain-invariant + HardNCE ====
epoch            total_loss       cls_loss         dis_loss         hard_loss       
0                1.1418806314     0.1045549437     1.0373246670     0.0000035763    
  Source acc: 1.000000  |  Target acc: 0.885333
  Best target acc: 0.913333

======== ROUND 21 ========  [Ablation: M2]
==== Stage 1: SupCon Pre-training ====
epoch            total_loss       cls_loss        
0                0.1357236803     0.1357236803    
1                0.0186548606     0.0186548606    
==== Stage 2: SKIPPED (M2 ablation) ====
  Random domain assignment: Counter({2: 1770, 1: 1759, 0: 1721})
==== Stage 3: Domain-invariant + HardNCE ====
epoch            total_loss       cls_loss         dis_loss         hard_loss       
0                1.2170813084     0.0129265487     1.2041542530     0.0000014305    
  Source acc: 1.000000  |  Target acc: 0.888000
  Best target acc: 0.913333

======== ROUND 22 ========  [Ablation: M2]
==== Stage 1: SupCon Pre-training ====
epoch            total_loss       cls_loss        
0                3.0871124268     3.0871124268    
1                0.0092239808     0.0092239808    
==== Stage 2: SKIPPED (M2 ablation) ====
  Random domain assignment: Counter({0: 1832, 1: 1774, 2: 1644})
==== Stage 3: Domain-invariant + HardNCE ====
epoch            total_loss       cls_loss         dis_loss         hard_loss       
0                4.6566643715     3.6027181149     1.0539460182     0.0000019073    
  Source acc: 1.000000  |  Target acc: 0.904000
  Best target acc: 0.913333

======== ROUND 23 ========  [Ablation: M2]
==== Stage 1: SupCon Pre-training ====
epoch            total_loss       cls_loss        
0                0.0292608999     0.0292608999    
1                0.0409339368     0.0409339368    
==== Stage 2: SKIPPED (M2 ablation) ====
  Random domain assignment: Counter({0: 1765, 2: 1749, 1: 1736})
==== Stage 3: Domain-invariant + HardNCE ====
epoch            total_loss       cls_loss         dis_loss         hard_loss       
0                1.1126674414     0.0206679702     1.0919970274     0.0000083447    
  Source acc: 1.000000  |  Target acc: 0.899333
  Best target acc: 0.913333

======== ROUND 24 ========  [Ablation: M2]
==== Stage 1: SupCon Pre-training ====
epoch            total_loss       cls_loss        
0                5.4923372269     5.4923372269    
1                5.8650732040     5.8650732040    
==== Stage 2: SKIPPED (M2 ablation) ====
  Random domain assignment: Counter({1: 1767, 0: 1752, 2: 1731})
==== Stage 3: Domain-invariant + HardNCE ====
epoch            total_loss       cls_loss         dis_loss         hard_loss       
0                1.1164070368     0.0525398217     1.0638664961     0.0000023842    
  Source acc: 1.000000  |  Target acc: 0.896000
  Best target acc: 0.913333

======== ROUND 25 ========  [Ablation: M2]
==== Stage 1: SupCon Pre-training ====
epoch            total_loss       cls_loss        
0                0.0136518776     0.0136518776    
1                0.5860760212     0.5860760212    
==== Stage 2: SKIPPED (M2 ablation) ====
  Random domain assignment: Counter({1: 1769, 0: 1757, 2: 1724})
==== Stage 3: Domain-invariant + HardNCE ====
epoch            total_loss       cls_loss         dis_loss         hard_loss       
0                1.1674627066     0.0672833398     1.1001782417     0.0000035763    
  Source acc: 1.000000  |  Target acc: 0.896667
  Best target acc: 0.913333

======== ROUND 26 ========  [Ablation: M2]
==== Stage 1: SupCon Pre-training ====
epoch            total_loss       cls_loss        
0                0.0320057273     0.0320057273    
1                0.0121312430     0.0121312430    
==== Stage 2: SKIPPED (M2 ablation) ====
  Random domain assignment: Counter({0: 1784, 2: 1783, 1: 1683})
==== Stage 3: Domain-invariant + HardNCE ====
epoch            total_loss       cls_loss         dis_loss         hard_loss       
0                1.2126209736     0.1388267875     1.0737843513     0.0000324249    
  Source acc: 1.000000  |  Target acc: 0.898000
  Best target acc: 0.913333

======== ROUND 27 ========  [Ablation: M2]
==== Stage 1: SupCon Pre-training ====
epoch            total_loss       cls_loss        
0                4.6099038124     4.6099038124    
1                0.0266287792     0.0266287792    
==== Stage 2: SKIPPED (M2 ablation) ====
  Random domain assignment: Counter({0: 1791, 2: 1735, 1: 1724})
==== Stage 3: Domain-invariant + HardNCE ====
epoch            total_loss       cls_loss         dis_loss         hard_loss       
0                1.2144664526     0.0669794902     1.1474864483     0.0000016689    
  Source acc: 1.000000  |  Target acc: 0.904000
  Best target acc: 0.913333

======== ROUND 28 ========  [Ablation: M2]
==== Stage 1: SupCon Pre-training ====
epoch            total_loss       cls_loss        
0                0.0509053282     0.0509053282    
1                0.8323547840     0.8323547840    
==== Stage 2: SKIPPED (M2 ablation) ====
  Random domain assignment: Counter({0: 1779, 2: 1741, 1: 1730})
==== Stage 3: Domain-invariant + HardNCE ====
epoch            total_loss       cls_loss         dis_loss         hard_loss       
0                1.9660825729     0.8463321924     1.1197490692     0.0000045300    
  Source acc: 1.000000  |  Target acc: 0.902667
  Best target acc: 0.913333

======== ROUND 29 ========  [Ablation: M2]
==== Stage 1: SupCon Pre-training ====
epoch            total_loss       cls_loss        
0                0.0716328919     0.0716328919    
1                0.0088619962     0.0088619962    
==== Stage 2: SKIPPED (M2 ablation) ====
  Random domain assignment: Counter({1: 1761, 2: 1754, 0: 1735})
==== Stage 3: Domain-invariant + HardNCE ====
epoch            total_loss       cls_loss         dis_loss         hard_loss       
0                1.0089443922     0.0039143227     1.0050295591     0.0000014305    
  Source acc: 1.000000  |  Target acc: 0.885333
  Best target acc: 0.913333

======== ROUND 30 ========  [Ablation: M2]
==== Stage 1: SupCon Pre-training ====
epoch            total_loss       cls_loss        
0                0.0210663490     0.0210663490    
1                0.0322028622     0.0322028622    
==== Stage 2: SKIPPED (M2 ablation) ====
  Random domain assignment: Counter({0: 1792, 1: 1759, 2: 1699})
==== Stage 3: Domain-invariant + HardNCE ====
epoch            total_loss       cls_loss         dis_loss         hard_loss       
0                1.1021014452     0.0368598513     1.0652384758     0.0000104904    
  Source acc: 1.000000  |  Target acc: 0.900000
  Best target acc: 0.913333

======== ROUND 31 ========  [Ablation: M2]
==== Stage 1: SupCon Pre-training ====
epoch            total_loss       cls_loss        
0                0.0369629450     0.0369629450    
1                0.0531969890     0.0531969890    
==== Stage 2: SKIPPED (M2 ablation) ====
  Random domain assignment: Counter({0: 1759, 1: 1752, 2: 1739})
==== Stage 3: Domain-invariant + HardNCE ====
epoch            total_loss       cls_loss         dis_loss         hard_loss       
0                4.9879069328     3.8846318722     1.1032692194     0.0000183582    
  Source acc: 1.000000  |  Target acc: 0.893333
  Best target acc: 0.913333

======== ROUND 32 ========  [Ablation: M2]
==== Stage 1: SupCon Pre-training ====
epoch            total_loss       cls_loss        
0                0.0456920713     0.0456920713    
1                0.0112560168     0.0112560168    
==== Stage 2: SKIPPED (M2 ablation) ====
  Random domain assignment: Counter({2: 1760, 1: 1750, 0: 1740})
==== Stage 3: Domain-invariant + HardNCE ====
epoch            total_loss       cls_loss         dis_loss         hard_loss       
0                1.2116757631     0.1253789514     1.0862922668     0.0000152588    
  Source acc: 1.000000  |  Target acc: 0.888667
  Best target acc: 0.913333

======== ROUND 33 ========  [Ablation: M2]
==== Stage 1: SupCon Pre-training ====
epoch            total_loss       cls_loss        
0                0.1496548504     0.1496548504    
1                6.6752796173     6.6752796173    
==== Stage 2: SKIPPED (M2 ablation) ====
  Random domain assignment: Counter({0: 1782, 2: 1736, 1: 1732})
==== Stage 3: Domain-invariant + HardNCE ====
epoch            total_loss       cls_loss         dis_loss         hard_loss       
0                1.4657006264     0.3960324526     1.0696648359     0.0000112057    
  Source acc: 1.000000  |  Target acc: 0.891333
  Best target acc: 0.913333

======== ROUND 34 ========  [Ablation: M2]
==== Stage 1: SupCon Pre-training ====
epoch            total_loss       cls_loss        
0                4.0580811501     4.0580811501    
1                0.2781653106     0.2781653106    
==== Stage 2: SKIPPED (M2 ablation) ====
  Random domain assignment: Counter({0: 1776, 2: 1751, 1: 1723})
==== Stage 3: Domain-invariant + HardNCE ====
epoch            total_loss       cls_loss         dis_loss         hard_loss       
0                1.0973038673     0.0683939531     1.0289089680     0.0000030994    
  Source acc: 1.000000  |  Target acc: 0.896667
  Best target acc: 0.913333

======== ROUND 35 ========  [Ablation: M2]
==== Stage 1: SupCon Pre-training ====
epoch            total_loss       cls_loss        
0                5.0108156204     5.0108156204    
1                0.1712468266     0.1712468266    
==== Stage 2: SKIPPED (M2 ablation) ====
  Random domain assignment: Counter({1: 1805, 2: 1723, 0: 1722})
==== Stage 3: Domain-invariant + HardNCE ====
epoch            total_loss       cls_loss         dis_loss         hard_loss       
0                1.0924911499     0.1082856581     0.9842052460     0.0000007153    
  Source acc: 1.000000  |  Target acc: 0.890000
  Best target acc: 0.913333

======== ROUND 36 ========  [Ablation: M2]
==== Stage 1: SupCon Pre-training ====
epoch            total_loss       cls_loss        
0                0.0167986918     0.0167986918    
1                5.3842697144     5.3842697144    
==== Stage 2: SKIPPED (M2 ablation) ====
  Random domain assignment: Counter({1: 1778, 2: 1766, 0: 1706})
==== Stage 3: Domain-invariant + HardNCE ====
epoch            total_loss       cls_loss         dis_loss         hard_loss       
0                1.1426271200     0.0522038117     1.0904220343     0.0000045300    
  Source acc: 1.000000  |  Target acc: 0.893333
  Best target acc: 0.913333

======== ROUND 37 ========  [Ablation: M2]
==== Stage 1: SupCon Pre-training ====
epoch            total_loss       cls_loss        
0                4.8955941200     4.8955941200    
1                0.0462284945     0.0462284945    
==== Stage 2: SKIPPED (M2 ablation) ====
  Random domain assignment: Counter({2: 1785, 0: 1756, 1: 1709})
==== Stage 3: Domain-invariant + HardNCE ====
epoch            total_loss       cls_loss         dis_loss         hard_loss       
0                1.0947982073     0.0215917118     1.0732024908     0.0000133514    
  Source acc: 1.000000  |  Target acc: 0.899333
  Best target acc: 0.913333

======== ROUND 38 ========  [Ablation: M2]
==== Stage 1: SupCon Pre-training ====
epoch            total_loss       cls_loss        
0                0.0103463084     0.0103463084    
1                4.6267156601     4.6267156601    
==== Stage 2: SKIPPED (M2 ablation) ====
  Random domain assignment: Counter({1: 1785, 2: 1739, 0: 1726})
==== Stage 3: Domain-invariant + HardNCE ====
epoch            total_loss       cls_loss         dis_loss         hard_loss       
0                1.1899030209     0.0503300615     1.1395716667     0.0000042915    
  Source acc: 1.000000  |  Target acc: 0.882000
  Best target acc: 0.913333

======== ROUND 39 ========  [Ablation: M2]
==== Stage 1: SupCon Pre-training ====
epoch            total_loss       cls_loss        
0                0.0071670790     0.0071670790    
1                0.0095682284     0.0095682284    
==== Stage 2: SKIPPED (M2 ablation) ====
  Random domain assignment: Counter({2: 1773, 0: 1758, 1: 1719})
==== Stage 3: Domain-invariant + HardNCE ====
epoch            total_loss       cls_loss         dis_loss         hard_loss       
0                4.4892711639     3.3948340416     1.0944349766     0.0000061989    
  Source acc: 1.000000  |  Target acc: 0.880000
  Best target acc: 0.913333

======== ROUND 40 ========  [Ablation: M2]
==== Stage 1: SupCon Pre-training ====
epoch            total_loss       cls_loss        
0                0.1934289187     0.1934289187    
1                0.0049100742     0.0049100742    
==== Stage 2: SKIPPED (M2 ablation) ====
  Random domain assignment: Counter({1: 1796, 2: 1766, 0: 1688})
==== Stage 3: Domain-invariant + HardNCE ====
epoch            total_loss       cls_loss         dis_loss         hard_loss       
0                5.4431872368     4.3589935303     1.0841920376     0.0000040531    
  Source acc: 1.000000  |  Target acc: 0.904000
  Best target acc: 0.913333

======== ROUND 41 ========  [Ablation: M2]
==== Stage 1: SupCon Pre-training ====
epoch            total_loss       cls_loss        
0                0.1878040284     0.1878040284    
1                5.7430438995     5.7430438995    
==== Stage 2: SKIPPED (M2 ablation) ====
  Random domain assignment: Counter({2: 1791, 0: 1749, 1: 1710})
==== Stage 3: Domain-invariant + HardNCE ====
epoch            total_loss       cls_loss         dis_loss         hard_loss       
0                1.4052357674     0.3012928367     1.1039397717     0.0000102520    
  Source acc: 1.000000  |  Target acc: 0.906667
  Best target acc: 0.913333

======== ROUND 42 ========  [Ablation: M2]
==== Stage 1: SupCon Pre-training ====
epoch            total_loss       cls_loss        
0                0.0817790776     0.0817790776    
1                0.0388581641     0.0388581641    
==== Stage 2: SKIPPED (M2 ablation) ====
  Random domain assignment: Counter({2: 1765, 0: 1760, 1: 1725})
==== Stage 3: Domain-invariant + HardNCE ====
epoch            total_loss       cls_loss         dis_loss         hard_loss       
0                1.5704587698     0.3431177139     1.2273241282     0.0000562668    
  Source acc: 1.000000  |  Target acc: 0.903333
  Best target acc: 0.913333

======== ROUND 43 ========  [Ablation: M2]
==== Stage 1: SupCon Pre-training ====
epoch            total_loss       cls_loss        
0                0.0075642448     0.0075642448    
1                0.0118328407     0.0118328407    
==== Stage 2: SKIPPED (M2 ablation) ====
  Random domain assignment: Counter({1: 1830, 0: 1718, 2: 1702})
==== Stage 3: Domain-invariant + HardNCE ====
epoch            total_loss       cls_loss         dis_loss         hard_loss       
0                1.2592908144     0.1405055374     1.1187844276     0.0000026226    
  Source acc: 1.000000  |  Target acc: 0.905333
  Best target acc: 0.913333

======== ROUND 44 ========  [Ablation: M2]
==== Stage 1: SupCon Pre-training ====
epoch            total_loss       cls_loss        
0                0.4427667856     0.4427667856    
1                0.0380621850     0.0380621850    
==== Stage 2: SKIPPED (M2 ablation) ====
  Random domain assignment: Counter({1: 1817, 0: 1729, 2: 1704})
==== Stage 3: Domain-invariant + HardNCE ====
epoch            total_loss       cls_loss         dis_loss         hard_loss       
0                1.2140371799     0.1012613177     1.1127742529     0.0000054836    
  Source acc: 1.000000  |  Target acc: 0.900000
  Best target acc: 0.913333

======== ROUND 45 ========  [Ablation: M2]
==== Stage 1: SupCon Pre-training ====
epoch            total_loss       cls_loss        
0                0.0131805167     0.0131805167    
1                0.1475917101     0.1475917101    
==== Stage 2: SKIPPED (M2 ablation) ====
  Random domain assignment: Counter({2: 1758, 0: 1758, 1: 1734})
==== Stage 3: Domain-invariant + HardNCE ====
epoch            total_loss       cls_loss         dis_loss         hard_loss       
0                4.1949586868     3.1971850395     0.9977707863     0.0000100136    
  Source acc: 1.000000  |  Target acc: 0.905333
  Best target acc: 0.913333

======== ROUND 46 ========  [Ablation: M2]
==== Stage 1: SupCon Pre-training ====
epoch            total_loss       cls_loss        
0                0.0204076823     0.0204076823    
1                3.9579420090     3.9579420090    
==== Stage 2: SKIPPED (M2 ablation) ====
  Random domain assignment: Counter({0: 1792, 2: 1775, 1: 1683})
==== Stage 3: Domain-invariant + HardNCE ====
epoch            total_loss       cls_loss         dis_loss         hard_loss       
0                1.0810630322     0.0102315443     1.0708305836     0.0000030994    
  Source acc: 1.000000  |  Target acc: 0.890000
  Best target acc: 0.913333

======== ROUND 47 ========  [Ablation: M2]
==== Stage 1: SupCon Pre-training ====
epoch            total_loss       cls_loss        
0                0.2060924619     0.2060924619    
1                0.0579723343     0.0579723343    
==== Stage 2: SKIPPED (M2 ablation) ====
  Random domain assignment: Counter({1: 1815, 2: 1749, 0: 1686})
==== Stage 3: Domain-invariant + HardNCE ====
epoch            total_loss       cls_loss         dis_loss         hard_loss       
0                1.1973952055     0.0537822768     1.1436064243     0.0000216961    
  Source acc: 1.000000  |  Target acc: 0.900000
  Best target acc: 0.913333

======== ROUND 48 ========  [Ablation: M2]
==== Stage 1: SupCon Pre-training ====
epoch            total_loss       cls_loss        
0                0.0101533402     0.0101533402    
1                0.0102940546     0.0102940546    
==== Stage 2: SKIPPED (M2 ablation) ====
  Random domain assignment: Counter({0: 1758, 2: 1748, 1: 1744})
==== Stage 3: Domain-invariant + HardNCE ====
epoch            total_loss       cls_loss         dis_loss         hard_loss       
0                1.0689177513     0.0233847313     1.0455319881     0.0000035763    
  Source acc: 1.000000  |  Target acc: 0.901333
  Best target acc: 0.913333

======== ROUND 49 ========  [Ablation: M2]
==== Stage 1: SupCon Pre-training ====
epoch            total_loss       cls_loss        
0                5.6601943970     5.6601943970    
1                0.0703139603     0.0703139603    
==== Stage 2: SKIPPED (M2 ablation) ====
  Random domain assignment: Counter({2: 1793, 0: 1753, 1: 1704})
==== Stage 3: Domain-invariant + HardNCE ====
epoch            total_loss       cls_loss         dis_loss         hard_loss       
0                1.1878275871     0.0965895653     1.0912375450     0.0000014305    
  Source acc: 1.000000  |  Target acc: 0.900667
  Best target acc: 0.913333
[ConfMatrix] saved to log/abl_widar1ap_cross_user_M2_s3 (cm shape=(6, 6))

Results saved to log/abl_widar1ap_cross_user_M2_s3
acc.txt: log/abl_widar1ap_cross_user_M2_s3/acc.txt
bestacc.txt: log/abl_widar1ap_cross_user_M2_s3/bestacc.txt
