[Seed] global random seed set to 3

[Ablation Mode] M0
[XRF55 cross_env] Train scenes: [1, 2, 3], Test scene: 4
[XRF55Dataset] loaded 5760 samples from 3 dirs
[XRF55Dataset] loaded 480 samples from 1 dirs
[XRF55Dataset] loaded 5760 samples from 3 dirs
Train set size: 5760 samples, 180 batches
Test set size:  480 samples, 15 batches
Source eval size: 5760 samples

[Direction Sensitivity] Manual weights (dir_w=0.5): {0: 0.0, 1: 0.5, 2: 0.5, 3: 0.5, 4: 0.5, 5: 0.5, 6: 0.5, 7: 0.5}

======== ROUND 0 ========  [Ablation: M0]
==== M0 Baseline: CE Only ====
epoch            total_loss       cls_loss        
0                0.9704774618     0.9704774618    
1                0.7165056467     0.7165056467    
2                0.5392695069     0.5392695069    
3                0.3697972298     0.3697972298    
  Source acc: 0.921875  |  Target acc: 0.708333
  Best target acc: 0.708333

======== ROUND 1 ========  [Ablation: M0]
==== M0 Baseline: CE Only ====
epoch            total_loss       cls_loss        
0                0.7029594779     0.7029594779    
1                0.5031347871     0.5031347871    
2                0.4430049062     0.4430049062    
3                0.2915050387     0.2915050387    
  Source acc: 0.966840  |  Target acc: 0.658333
  Best target acc: 0.708333

======== ROUND 2 ========  [Ablation: M0]
==== M0 Baseline: CE Only ====
epoch            total_loss       cls_loss        
0                0.2173962593     0.2173962593    
1                0.3284519613     0.3284519613    
2                0.1825276166     0.1825276166    
3                0.2981939912     0.2981939912    
  Source acc: 0.981597  |  Target acc: 0.643750
  Best target acc: 0.708333

======== ROUND 3 ========  [Ablation: M0]
==== M0 Baseline: CE Only ====
epoch            total_loss       cls_loss        
0                0.2211629450     0.2211629450    
1                0.2774806917     0.2774806917    
2                0.1189334393     0.1189334393    
3                0.0948900804     0.0948900804    
  Source acc: 0.990104  |  Target acc: 0.687500
  Best target acc: 0.708333

======== ROUND 4 ========  [Ablation: M0]
==== M0 Baseline: CE Only ====
epoch            total_loss       cls_loss        
0                0.2240177393     0.2240177393    
1                0.3179581761     0.3179581761    
2                0.1918178201     0.1918178201    
3                0.1641398221     0.1641398221    
  Source acc: 0.992188  |  Target acc: 0.714583
  Best target acc: 0.714583

======== ROUND 5 ========  [Ablation: M0]
==== M0 Baseline: CE Only ====
epoch            total_loss       cls_loss        
0                0.3671763539     0.3671763539    
1                0.0764406174     0.0764406174    
2                0.1676516831     0.1676516831    
3                0.3114948869     0.3114948869    
  Source acc: 0.977778  |  Target acc: 0.700000
  Best target acc: 0.714583

======== ROUND 6 ========  [Ablation: M0]
==== M0 Baseline: CE Only ====
epoch            total_loss       cls_loss        
0                0.2273173332     0.2273173332    
1                0.0792668313     0.0792668313    
2                0.1013700068     0.1013700068    
3                0.0478365831     0.0478365831    
  Source acc: 0.994271  |  Target acc: 0.718750
  Best target acc: 0.718750

======== ROUND 7 ========  [Ablation: M0]
==== M0 Baseline: CE Only ====
epoch            total_loss       cls_loss        
0                0.0330772921     0.0330772921    
1                0.1793182492     0.1793182492    
2                0.0987513959     0.0987513959    
3                0.2451564670     0.2451564670    
  Source acc: 0.983507  |  Target acc: 0.697917
  Best target acc: 0.718750

======== ROUND 8 ========  [Ablation: M0]
==== M0 Baseline: CE Only ====
epoch            total_loss       cls_loss        
0                0.0474037342     0.0474037342    
1                0.0493601598     0.0493601598    
2                0.0625698715     0.0625698715    
3                0.0904886946     0.0904886946    
  Source acc: 0.996701  |  Target acc: 0.716667
  Best target acc: 0.718750

======== ROUND 9 ========  [Ablation: M0]
==== M0 Baseline: CE Only ====
epoch            total_loss       cls_loss        
0                0.0555772185     0.0555772185    
1                0.0991718397     0.0991718397    
2                0.0797120929     0.0797120929    
3                0.0337996483     0.0337996483    
  Source acc: 0.993229  |  Target acc: 0.689583
  Best target acc: 0.718750

======== ROUND 10 ========  [Ablation: M0]
==== M0 Baseline: CE Only ====
epoch            total_loss       cls_loss        
0                0.3027612865     0.3027612865    
1                0.0167946182     0.0167946182    
2                0.0546000078     0.0546000078    
3                0.0171281211     0.0171281211    
  Source acc: 1.000000  |  Target acc: 0.747917
  Best target acc: 0.747917

======== ROUND 11 ========  [Ablation: M0]
==== M0 Baseline: CE Only ====
epoch            total_loss       cls_loss        
0                0.0176417511     0.0176417511    
1                0.0093831103     0.0093831103    
2                0.0022469393     0.0022469393    
3                0.0044952165     0.0044952165    
  Source acc: 1.000000  |  Target acc: 0.756250
  Best target acc: 0.756250

======== ROUND 12 ========  [Ablation: M0]
==== M0 Baseline: CE Only ====
epoch            total_loss       cls_loss        
0                0.0289127231     0.0289127231    
1                0.0531804636     0.0531804636    
2                0.0693382844     0.0693382844    
3                0.0103343315     0.0103343315    
  Source acc: 1.000000  |  Target acc: 0.750000
  Best target acc: 0.756250

======== ROUND 13 ========  [Ablation: M0]
==== M0 Baseline: CE Only ====
epoch            total_loss       cls_loss        
0                0.0057433136     0.0057433136    
1                0.0075661503     0.0075661503    
2                0.0211160779     0.0211160779    
3                0.2618734539     0.2618734539    
  Source acc: 1.000000  |  Target acc: 0.750000
  Best target acc: 0.756250

======== ROUND 14 ========  [Ablation: M0]
==== M0 Baseline: CE Only ====
epoch            total_loss       cls_loss        
0                0.0083302781     0.0083302781    
1                0.0017030803     0.0017030803    
2                0.0064265970     0.0064265970    
3                0.0116104819     0.0116104819    
  Source acc: 1.000000  |  Target acc: 0.756250
  Best target acc: 0.756250

======== ROUND 15 ========  [Ablation: M0]
==== M0 Baseline: CE Only ====
epoch            total_loss       cls_loss        
0                0.0008088535     0.0008088535    
1                0.1408481449     0.1408481449    
2                0.0022180509     0.0022180509    
3                0.1259356439     0.1259356439    
  Source acc: 1.000000  |  Target acc: 0.745833
  Best target acc: 0.756250

======== ROUND 16 ========  [Ablation: M0]
==== M0 Baseline: CE Only ====
epoch            total_loss       cls_loss        
0                0.0140808830     0.0140808830    
1                0.0060583274     0.0060583274    
2                0.1419993192     0.1419993192    
3                0.0014479959     0.0014479959    
  Source acc: 1.000000  |  Target acc: 0.752083
  Best target acc: 0.756250

======== ROUND 17 ========  [Ablation: M0]
==== M0 Baseline: CE Only ====
epoch            total_loss       cls_loss        
0                0.0182437319     0.0182437319    
1                0.0022028387     0.0022028387    
2                0.0029916610     0.0029916610    
3                0.0163288247     0.0163288247    
  Source acc: 1.000000  |  Target acc: 0.770833
  Best target acc: 0.770833

======== ROUND 18 ========  [Ablation: M0]
==== M0 Baseline: CE Only ====
epoch            total_loss       cls_loss        
0                0.1238687783     0.1238687783    
1                0.0010959457     0.0010959457    
2                0.0448958725     0.0448958725    
3                0.0848332793     0.0848332793    
  Source acc: 1.000000  |  Target acc: 0.745833
  Best target acc: 0.770833

======== ROUND 19 ========  [Ablation: M0]
==== M0 Baseline: CE Only ====
epoch            total_loss       cls_loss        
0                0.0012743077     0.0012743077    
1                0.0720207766     0.0720207766    
2                0.0024123783     0.0024123783    
3                0.0121265277     0.0121265277    
  Source acc: 1.000000  |  Target acc: 0.772917
  Best target acc: 0.772917

======== ROUND 20 ========  [Ablation: M0]
==== M0 Baseline: CE Only ====
epoch            total_loss       cls_loss        
0                0.0016478603     0.0016478603    
1                0.0098596234     0.0098596234    
2                0.0071499436     0.0071499436    
3                0.0221563969     0.0221563969    
  Source acc: 1.000000  |  Target acc: 0.781250
  Best target acc: 0.781250

======== ROUND 21 ========  [Ablation: M0]
==== M0 Baseline: CE Only ====
epoch            total_loss       cls_loss        
0                0.0030534738     0.0030534738    
1                0.0007771251     0.0007771251    
2                0.0033578151     0.0033578151    
3                0.0009174458     0.0009174458    
  Source acc: 1.000000  |  Target acc: 0.766667
  Best target acc: 0.781250

======== ROUND 22 ========  [Ablation: M0]
==== M0 Baseline: CE Only ====
epoch            total_loss       cls_loss        
0                0.0040143039     0.0040143039    
1                0.0060661859     0.0060661859    
2                0.0008517428     0.0008517428    
3                0.0017377669     0.0017377669    
  Source acc: 1.000000  |  Target acc: 0.768750
  Best target acc: 0.781250

======== ROUND 23 ========  [Ablation: M0]
==== M0 Baseline: CE Only ====
epoch            total_loss       cls_loss        
0                0.0030779156     0.0030779156    
1                0.0030852892     0.0030852892    
2                0.0044282307     0.0044282307    
3                0.0727617145     0.0727617145    
  Source acc: 1.000000  |  Target acc: 0.777083
  Best target acc: 0.781250

======== ROUND 24 ========  [Ablation: M0]
==== M0 Baseline: CE Only ====
epoch            total_loss       cls_loss        
0                0.0009027804     0.0009027804    
1                0.0017412185     0.0017412185    
2                0.0030598089     0.0030598089    
3                0.0017559049     0.0017559049    
  Source acc: 1.000000  |  Target acc: 0.775000
  Best target acc: 0.781250

======== ROUND 25 ========  [Ablation: M0]
==== M0 Baseline: CE Only ====
epoch            total_loss       cls_loss        
0                0.0012847636     0.0012847636    
1                0.0023415815     0.0023415815    
2                0.0021835007     0.0021835007    
3                0.0006072866     0.0006072866    
  Source acc: 1.000000  |  Target acc: 0.756250
  Best target acc: 0.781250

======== ROUND 26 ========  [Ablation: M0]
==== M0 Baseline: CE Only ====
epoch            total_loss       cls_loss        
0                0.0080685392     0.0080685392    
1                0.0029985995     0.0029985995    
2                0.0043309154     0.0043309154    
3                0.0049953959     0.0049953959    
  Source acc: 1.000000  |  Target acc: 0.783333
  Best target acc: 0.783333

======== ROUND 27 ========  [Ablation: M0]
==== M0 Baseline: CE Only ====
epoch            total_loss       cls_loss        
0                0.0141772348     0.0141772348    
1                0.0005374458     0.0005374458    
2                0.0050794664     0.0050794664    
3                0.0045665791     0.0045665791    
  Source acc: 1.000000  |  Target acc: 0.766667
  Best target acc: 0.783333

======== ROUND 28 ========  [Ablation: M0]
==== M0 Baseline: CE Only ====
epoch            total_loss       cls_loss        
0                0.0075461646     0.0075461646    
1                0.0010555121     0.0010555121    
2                0.0017259951     0.0017259951    
3                0.0015139231     0.0015139231    
  Source acc: 1.000000  |  Target acc: 0.770833
  Best target acc: 0.783333

======== ROUND 29 ========  [Ablation: M0]
==== M0 Baseline: CE Only ====
epoch            total_loss       cls_loss        
0                0.0005647478     0.0005647478    
1                0.0225866586     0.0225866586    
2                0.0018717204     0.0018717204    
3                0.0010710987     0.0010710987    
  Source acc: 1.000000  |  Target acc: 0.762500
  Best target acc: 0.783333

======== ROUND 30 ========  [Ablation: M0]
==== M0 Baseline: CE Only ====
epoch            total_loss       cls_loss        
0                0.0011518401     0.0011518401    
1                0.0021414289     0.0021414289    
2                0.0039146058     0.0039146058    
3                0.0009225665     0.0009225665    
  Source acc: 1.000000  |  Target acc: 0.768750
  Best target acc: 0.783333

======== ROUND 31 ========  [Ablation: M0]
==== M0 Baseline: CE Only ====
epoch            total_loss       cls_loss        
0                0.1267101914     0.1267101914    
1                0.0006652127     0.0006652127    
2                0.0017216315     0.0017216315    
3                0.0170192737     0.0170192737    
  Source acc: 1.000000  |  Target acc: 0.770833
  Best target acc: 0.783333

======== ROUND 32 ========  [Ablation: M0]
==== M0 Baseline: CE Only ====
epoch            total_loss       cls_loss        
0                0.0024784012     0.0024784012    
1                0.0017397247     0.0017397247    
2                0.1361173838     0.1361173838    
3                0.0267588124     0.0267588124    
  Source acc: 1.000000  |  Target acc: 0.770833
  Best target acc: 0.783333

======== ROUND 33 ========  [Ablation: M0]
==== M0 Baseline: CE Only ====
epoch            total_loss       cls_loss        
0                0.0011672227     0.0011672227    
1                0.0018132448     0.0018132448    
2                0.0027257861     0.0027257861    
3                0.0011331040     0.0011331040    
  Source acc: 1.000000  |  Target acc: 0.766667
  Best target acc: 0.783333

======== ROUND 34 ========  [Ablation: M0]
==== M0 Baseline: CE Only ====
epoch            total_loss       cls_loss        
0                0.0009358369     0.0009358369    
1                0.0121289138     0.0121289138    
2                0.0006525154     0.0006525154    
3                0.0007403647     0.0007403647    
  Source acc: 1.000000  |  Target acc: 0.764583
  Best target acc: 0.783333

======== ROUND 35 ========  [Ablation: M0]
==== M0 Baseline: CE Only ====
epoch            total_loss       cls_loss        
0                0.0012192624     0.0012192624    
1                0.0066307900     0.0066307900    
2                0.0061767362     0.0061767362    
3                0.0015093919     0.0015093919    
  Source acc: 1.000000  |  Target acc: 0.762500
  Best target acc: 0.783333

======== ROUND 36 ========  [Ablation: M0]
==== M0 Baseline: CE Only ====
epoch            total_loss       cls_loss        
0                0.0074090133     0.0074090133    
1                0.0006120163     0.0006120163    
2                0.0005998402     0.0005998402    
3                0.0009363288     0.0009363288    
  Source acc: 1.000000  |  Target acc: 0.760417
  Best target acc: 0.783333

======== ROUND 37 ========  [Ablation: M0]
==== M0 Baseline: CE Only ====
epoch            total_loss       cls_loss        
0                0.0021725977     0.0021725977    
1                0.0039559891     0.0039559891    
2                0.0007028177     0.0007028177    
3                0.0019567823     0.0019567823    
  Source acc: 1.000000  |  Target acc: 0.772917
  Best target acc: 0.783333

======== ROUND 38 ========  [Ablation: M0]
==== M0 Baseline: CE Only ====
epoch            total_loss       cls_loss        
0                0.0005742218     0.0005742218    
1                0.0167108420     0.0167108420    
2                0.0005933557     0.0005933557    
3                0.0161246378     0.0161246378    
  Source acc: 1.000000  |  Target acc: 0.760417
  Best target acc: 0.783333

======== ROUND 39 ========  [Ablation: M0]
==== M0 Baseline: CE Only ====
epoch            total_loss       cls_loss        
0                0.0019566761     0.0019566761    
1                0.0033802786     0.0033802786    
2                0.0010698120     0.0010698120    
3                0.0024295435     0.0024295435    
  Source acc: 1.000000  |  Target acc: 0.770833
  Best target acc: 0.783333

======== ROUND 40 ========  [Ablation: M0]
==== M0 Baseline: CE Only ====
epoch            total_loss       cls_loss        
0                0.0018635635     0.0018635635    
1                0.0032834187     0.0032834187    
2                0.0576696135     0.0576696135    
3                0.0008029605     0.0008029605    
  Source acc: 1.000000  |  Target acc: 0.764583
  Best target acc: 0.783333

======== ROUND 41 ========  [Ablation: M0]
==== M0 Baseline: CE Only ====
epoch            total_loss       cls_loss        
0                0.0007786090     0.0007786090    
1                0.0010330591     0.0010330591    
2                0.0071419189     0.0071419189    
3                0.0009267918     0.0009267918    
  Source acc: 1.000000  |  Target acc: 0.777083
  Best target acc: 0.783333

======== ROUND 42 ========  [Ablation: M0]
==== M0 Baseline: CE Only ====
epoch            total_loss       cls_loss        
0                0.0016100192     0.0016100192    
1                0.0005771983     0.0005771983    
2                0.0007844917     0.0007844917    
3                0.0020828908     0.0020828908    
  Source acc: 1.000000  |  Target acc: 0.772917
  Best target acc: 0.783333

======== ROUND 43 ========  [Ablation: M0]
==== M0 Baseline: CE Only ====
epoch            total_loss       cls_loss        
0                0.0009403305     0.0009403305    
1                0.0006374661     0.0006374661    
2                0.0024085937     0.0024085937    
3                0.0017362703     0.0017362703    
  Source acc: 1.000000  |  Target acc: 0.768750
  Best target acc: 0.783333

======== ROUND 44 ========  [Ablation: M0]
==== M0 Baseline: CE Only ====
epoch            total_loss       cls_loss        
0                0.0004149209     0.0004149209    
1                0.0007111345     0.0007111345    
2                0.0048165992     0.0048165992    
3                0.0016654329     0.0016654329    
  Source acc: 1.000000  |  Target acc: 0.772917
  Best target acc: 0.783333

======== ROUND 45 ========  [Ablation: M0]
==== M0 Baseline: CE Only ====
epoch            total_loss       cls_loss        
0                0.0020046826     0.0020046826    
1                0.0162927676     0.0162927676    
2                0.0028629138     0.0028629138    
3                0.0006326562     0.0006326562    
  Source acc: 1.000000  |  Target acc: 0.770833
  Best target acc: 0.783333

======== ROUND 46 ========  [Ablation: M0]
==== M0 Baseline: CE Only ====
epoch            total_loss       cls_loss        
0                0.0018109343     0.0018109343    
1                0.0012911838     0.0012911838    
2                0.0020863095     0.0020863095    
3                0.0214436390     0.0214436390    
  Source acc: 1.000000  |  Target acc: 0.758333
  Best target acc: 0.783333

======== ROUND 47 ========  [Ablation: M0]
==== M0 Baseline: CE Only ====
epoch            total_loss       cls_loss        
0                0.0011108835     0.0011108835    
1                0.0022225529     0.0022225529    
2                0.0010361894     0.0010361894    
3                0.0006633681     0.0006633681    
  Source acc: 1.000000  |  Target acc: 0.770833
  Best target acc: 0.783333

======== ROUND 48 ========  [Ablation: M0]
==== M0 Baseline: CE Only ====
epoch            total_loss       cls_loss        
0                0.0016231023     0.0016231023    
1                0.0023182780     0.0023182780    
2                0.0007652107     0.0007652107    
3                0.0020942914     0.0020942914    
  Source acc: 1.000000  |  Target acc: 0.772917
  Best target acc: 0.783333

======== ROUND 49 ========  [Ablation: M0]
==== M0 Baseline: CE Only ====
epoch            total_loss       cls_loss        
0                0.0005574287     0.0005574287    
1                0.0032016910     0.0032016910    
2                0.0048134718     0.0048134718    
3                0.0022211196     0.0022211196    
  Source acc: 1.000000  |  Target acc: 0.772917
  Best target acc: 0.783333
[ConfMatrix] saved to log/abl_xrf_cross_env_M0_s3 (cm shape=(8, 8))

Results saved to log/abl_xrf_cross_env_M0_s3
acc.txt: log/abl_xrf_cross_env_M0_s3/acc.txt
bestacc.txt: log/abl_xrf_cross_env_M0_s3/bestacc.txt
