[Seed] global random seed set to 1

[Ablation Mode] M1
[WidarDataset] loaded 5400 samples, gesture_map={'G01': 0, 'G02': 1, 'G03': 2, 'G04': 3, 'G05': 4, 'G06': 5}
[WidarDataset] loaded 1350 samples, gesture_map={'G01': 0, 'G02': 1, 'G03': 2, 'G04': 3, 'G05': 4, 'G06': 5}
[WidarDataset] loaded 5400 samples, gesture_map={'G01': 0, 'G02': 1, 'G03': 2, 'G04': 3, 'G05': 4, 'G06': 5}
Train set size: 5400 samples, 169 batches
Test set size:  1350 samples, 43 batches
Source eval size: 5400 samples

[Direction Sensitivity] Manual weights (dir_w=0.5): {0: 0.0, 1: 0.0, 2: 0.0, 3: 0.0, 4: 0.0, 5: 0.0}

======== ROUND 0 ========  [Ablation: M1]
==== Stage 1: SupCon Pre-training ====
epoch            total_loss       cls_loss        
0                0.5503922105     0.5503922105    
1                0.2300331444     0.2300331444    
==== Stage 2: Latent Domain PCL ====
epoch            total_loss       dis_loss         proto_loss       ent_pen_loss    
0                2.3236718178     2.0236718655     0.0000000000     0.3000000119    
Counter({np.int64(0): 2094, np.int64(1): 1664, np.int64(2): 1642})
==== Stage 3: Domain-invariant + HardNCE ====
epoch            total_loss       cls_loss         dis_loss         hard_loss       
0                1.1499440670     0.3361961544     0.7192241549     0.3150791228    
  Source acc: 0.786667  |  Target acc: 0.764444
  Best target acc: 0.764444

======== ROUND 1 ========  [Ablation: M1]
==== Stage 1: SupCon Pre-training ====
epoch            total_loss       cls_loss        
0                0.2186821252     0.2186821252    
1                0.3058330715     0.3058330715    
==== Stage 2: Latent Domain PCL ====
epoch            total_loss       dis_loss         proto_loss       ent_pen_loss    
0                1.8025704622     1.4495786428     0.6845595241     0.0107119847    
Counter({np.int64(0): 2351, np.int64(1): 1755, np.int64(2): 1294})
==== Stage 3: Domain-invariant + HardNCE ====
epoch            total_loss       cls_loss         dis_loss         hard_loss       
0                1.0933256149     0.2554958761     0.7311518192     0.3555928469    
  Source acc: 0.951852  |  Target acc: 0.925185
  Best target acc: 0.925185

======== ROUND 2 ========  [Ablation: M1]
==== Stage 1: SupCon Pre-training ====
epoch            total_loss       cls_loss        
0                0.1491278857     0.1491278857    
1                0.2048849314     0.2048849314    
==== Stage 2: Latent Domain PCL ====
epoch            total_loss       dis_loss         proto_loss       ent_pen_loss    
0                1.9371094704     1.5038471222     0.7906119227     0.0379563086    
Counter({np.int64(0): 2079, np.int64(2): 1878, np.int64(1): 1443})
==== Stage 3: Domain-invariant + HardNCE ====
epoch            total_loss       cls_loss         dis_loss         hard_loss       
0                1.3286767006     0.2401052862     0.9515100718     0.4568710327    
  Source acc: 0.956111  |  Target acc: 0.927407
  Best target acc: 0.927407

======== ROUND 3 ========  [Ablation: M1]
==== Stage 1: SupCon Pre-training ====
epoch            total_loss       cls_loss        
0                0.4997483194     0.4997483194    
1                0.0906426385     0.0906426385    
==== Stage 2: Latent Domain PCL ====
epoch            total_loss       dis_loss         proto_loss       ent_pen_loss    
0                1.8007602692     1.6022039652     0.3942606449     0.0014259706    
Counter({np.int64(0): 2181, np.int64(2): 1660, np.int64(1): 1559})
==== Stage 3: Domain-invariant + HardNCE ====
epoch            total_loss       cls_loss         dis_loss         hard_loss       
0                1.0000771284     0.1373023987     0.8045734167     0.1940044463    
  Source acc: 0.930370  |  Target acc: 0.897778
  Best target acc: 0.927407

======== ROUND 4 ========  [Ablation: M1]
==== Stage 1: SupCon Pre-training ====
epoch            total_loss       cls_loss        
0                0.2942946553     0.2942946553    
1                0.2041091770     0.2041091770    
==== Stage 2: Latent Domain PCL ====
epoch            total_loss       dis_loss         proto_loss       ent_pen_loss    
0                1.4513316154     1.2752022743     0.3260217607     0.0131185073    
Counter({np.int64(0): 2010, np.int64(1): 1928, np.int64(2): 1462})
==== Stage 3: Domain-invariant + HardNCE ====
epoch            total_loss       cls_loss         dis_loss         hard_loss       
0                0.8920446038     0.0503659248     0.7647730112     0.2563522458    
  Source acc: 0.984815  |  Target acc: 0.951852
  Best target acc: 0.951852

======== ROUND 5 ========  [Ablation: M1]
==== Stage 1: SupCon Pre-training ====
epoch            total_loss       cls_loss        
0                0.2590854168     0.2590854168    
1                0.0409682058     0.0409682058    
==== Stage 2: Latent Domain PCL ====
epoch            total_loss       dis_loss         proto_loss       ent_pen_loss    
0                1.8986440897     1.5979200602     0.5985960364     0.0014259706    
Counter({np.int64(1): 2096, np.int64(2): 1823, np.int64(0): 1481})
==== Stage 3: Domain-invariant + HardNCE ====
epoch            total_loss       cls_loss         dis_loss         hard_loss       
0                1.1055996418     0.2151069492     0.8225332499     0.2265313268    
  Source acc: 0.959074  |  Target acc: 0.915556
  Best target acc: 0.951852

======== ROUND 6 ========  [Ablation: M1]
==== Stage 1: SupCon Pre-training ====
epoch            total_loss       cls_loss        
0                0.1476762146     0.1476762146    
1                0.0713547245     0.0713547245    
==== Stage 2: Latent Domain PCL ====
epoch            total_loss       dis_loss         proto_loss       ent_pen_loss    
0                2.1381475925     1.8045395613     0.6582501531     0.0044829613    
Counter({np.int64(1): 2417, np.int64(0): 1986, np.int64(2): 997})
==== Stage 3: Domain-invariant + HardNCE ====
epoch            total_loss       cls_loss         dis_loss         hard_loss       
0                1.2913401127     0.5467340946     0.6991111636     0.1516495049    
  Source acc: 0.980556  |  Target acc: 0.942963
  Best target acc: 0.951852

======== ROUND 7 ========  [Ablation: M1]
==== Stage 1: SupCon Pre-training ====
epoch            total_loss       cls_loss        
0                0.3138573766     0.3138573766    
1                0.0531348176     0.0531348176    
==== Stage 2: Latent Domain PCL ====
epoch            total_loss       dis_loss         proto_loss       ent_pen_loss    
0                1.6146974564     1.4199476242     0.3780001104     0.0057497816    
Counter({np.int64(2): 1832, np.int64(0): 1784, np.int64(1): 1784})
==== Stage 3: Domain-invariant + HardNCE ====
epoch            total_loss       cls_loss         dis_loss         hard_loss       
0                0.9970269799     0.1515130848     0.7844625711     0.2035044134    
  Source acc: 0.975370  |  Target acc: 0.928148
  Best target acc: 0.951852

======== ROUND 8 ========  [Ablation: M1]
==== Stage 1: SupCon Pre-training ====
epoch            total_loss       cls_loss        
0                0.0792933181     0.0792933181    
1                0.0101689436     0.0101689436    
==== Stage 2: Latent Domain PCL ====
epoch            total_loss       dis_loss         proto_loss       ent_pen_loss    
0                1.7932021618     1.6358231306     0.3147580624     0.0000000000    
Counter({np.int64(0): 2066, np.int64(1): 1753, np.int64(2): 1581})
==== Stage 3: Domain-invariant + HardNCE ====
epoch            total_loss       cls_loss         dis_loss         hard_loss       
0                0.8772873282     0.0194823518     0.7702447176     0.2918674946    
  Source acc: 0.965556  |  Target acc: 0.917037
  Best target acc: 0.951852

======== ROUND 9 ========  [Ablation: M1]
==== Stage 1: SupCon Pre-training ====
epoch            total_loss       cls_loss        
0                0.1177876368     0.1177876368    
1                0.1601072103     0.1601072103    
==== Stage 2: Latent Domain PCL ====
epoch            total_loss       dis_loss         proto_loss       ent_pen_loss    
0                1.8354923725     1.5904556513     0.4134058952     0.0383337252    
Counter({np.int64(2): 2433, np.int64(1): 1598, np.int64(0): 1369})
==== Stage 3: Domain-invariant + HardNCE ====
epoch            total_loss       cls_loss         dis_loss         hard_loss       
0                0.9863132238     0.1212742999     0.8161243200     0.1630487293    
  Source acc: 0.997407  |  Target acc: 0.975556
  Best target acc: 0.975556

======== ROUND 10 ========  [Ablation: M1]
==== Stage 1: SupCon Pre-training ====
epoch            total_loss       cls_loss        
0                0.0097498102     0.0097498102    
1                0.0128468974     0.0128468974    
==== Stage 2: Latent Domain PCL ====
epoch            total_loss       dis_loss         proto_loss       ent_pen_loss    
0                1.1485978365     0.7970492244     0.6915977001     0.0057497816    
Counter({np.int64(0): 2139, np.int64(1): 1708, np.int64(2): 1553})
==== Stage 3: Domain-invariant + HardNCE ====
epoch            total_loss       cls_loss         dis_loss         hard_loss       
0                0.9683857560     0.0448048413     0.8806427717     0.1431271881    
  Source acc: 0.999815  |  Target acc: 0.971852
  Best target acc: 0.975556

======== ROUND 11 ========  [Ablation: M1]
==== Stage 1: SupCon Pre-training ====
epoch            total_loss       cls_loss        
0                0.1416523755     0.1416523755    
1                0.0013372678     0.0013372678    
==== Stage 2: Latent Domain PCL ====
epoch            total_loss       dis_loss         proto_loss       ent_pen_loss    
0                0.6462376118     0.4116580188     0.3924915791     0.0383337587    
Counter({np.int64(2): 1885, np.int64(1): 1830, np.int64(0): 1685})
==== Stage 3: Domain-invariant + HardNCE ====
epoch            total_loss       cls_loss         dis_loss         hard_loss       
0                0.8828353882     0.0268948171     0.8094982505     0.1548076719    
  Source acc: 0.999815  |  Target acc: 0.971852
  Best target acc: 0.975556

======== ROUND 12 ========  [Ablation: M1]
==== Stage 1: SupCon Pre-training ====
epoch            total_loss       cls_loss        
0                0.0026095628     0.0026095628    
1                0.1037787795     0.1037787795    
==== Stage 2: Latent Domain PCL ====
epoch            total_loss       dis_loss         proto_loss       ent_pen_loss    
0                0.4003555179     0.2670551240     0.1681941599     0.0492032990    
Counter({np.int64(0): 2184, np.int64(2): 1741, np.int64(1): 1475})
==== Stage 3: Domain-invariant + HardNCE ====
epoch            total_loss       cls_loss         dis_loss         hard_loss       
0                0.6899948120     0.0191121120     0.5955696702     0.2510433793    
  Source acc: 1.000000  |  Target acc: 0.972593
  Best target acc: 0.975556

======== ROUND 13 ========  [Ablation: M1]
==== Stage 1: SupCon Pre-training ====
epoch            total_loss       cls_loss        
0                0.0042180098     0.0042180098    
1                0.0047692009     0.0047692009    
==== Stage 2: Latent Domain PCL ====
epoch            total_loss       dis_loss         proto_loss       ent_pen_loss    
0                0.3648378551     0.1834465712     0.3413586020     0.0107119847    
Counter({np.int64(0): 2499, np.int64(2): 1763, np.int64(1): 1138})
==== Stage 3: Domain-invariant + HardNCE ====
epoch            total_loss       cls_loss         dis_loss         hard_loss       
0                0.4189705253     0.0229900684     0.3552101254     0.1359010786    
  Source acc: 1.000000  |  Target acc: 0.974074
  Best target acc: 0.975556

======== ROUND 14 ========  [Ablation: M1]
==== Stage 1: SupCon Pre-training ====
epoch            total_loss       cls_loss        
0                0.0523522459     0.0523522459    
1                0.0111670755     0.0111670755    
==== Stage 2: Latent Domain PCL ====
epoch            total_loss       dis_loss         proto_loss       ent_pen_loss    
0                0.3768875599     0.2454506159     0.2513743043     0.0057497816    
Counter({np.int64(0): 2578, np.int64(2): 1777, np.int64(1): 1045})
==== Stage 3: Domain-invariant + HardNCE ====
epoch            total_loss       cls_loss         dis_loss         hard_loss       
0                0.2116233408     0.0069446475     0.1500870287     0.1819722503    
  Source acc: 1.000000  |  Target acc: 0.973333
  Best target acc: 0.975556

======== ROUND 15 ========  [Ablation: M1]
==== Stage 1: SupCon Pre-training ====
epoch            total_loss       cls_loss        
0                0.0016367879     0.0016367879    
1                0.0212447848     0.0212447848    
==== Stage 2: Latent Domain PCL ====
epoch            total_loss       dis_loss         proto_loss       ent_pen_loss    
0                0.4400673211     0.3546913564     0.1198811084     0.0254354049    
Counter({np.int64(0): 2686, np.int64(2): 1789, np.int64(1): 925})
==== Stage 3: Domain-invariant + HardNCE ====
epoch            total_loss       cls_loss         dis_loss         hard_loss       
0                0.3022765219     0.0787107050     0.1782909334     0.1509163082    
  Source acc: 1.000000  |  Target acc: 0.976296
  Best target acc: 0.976296

======== ROUND 16 ========  [Ablation: M1]
==== Stage 1: SupCon Pre-training ====
epoch            total_loss       cls_loss        
0                0.0010863044     0.0010863044    
1                0.0037260472     0.0037260472    
==== Stage 2: Latent Domain PCL ====
epoch            total_loss       dis_loss         proto_loss       ent_pen_loss    
0                0.2178695947     0.1767711490     0.0108663216     0.0356652848    
Counter({np.int64(0): 2632, np.int64(2): 1804, np.int64(1): 964})
==== Stage 3: Domain-invariant + HardNCE ====
epoch            total_loss       cls_loss         dis_loss         hard_loss       
0                0.2781256735     0.0440913886     0.1730436981     0.2033019364    
  Source acc: 1.000000  |  Target acc: 0.976296
  Best target acc: 0.976296

======== ROUND 17 ========  [Ablation: M1]
==== Stage 1: SupCon Pre-training ====
epoch            total_loss       cls_loss        
0                0.0121945897     0.0121945897    
1                0.1858866811     0.1858866811    
==== Stage 2: Latent Domain PCL ====
epoch            total_loss       dis_loss         proto_loss       ent_pen_loss    
0                2.1369333267     2.0092298985     0.1470757574     0.0541654825    
Counter({np.int64(0): 2626, np.int64(2): 1811, np.int64(1): 963})
==== Stage 3: Domain-invariant + HardNCE ====
epoch            total_loss       cls_loss         dis_loss         hard_loss       
0                0.1383777261     0.0138586434     0.0473982245     0.2570695281    
  Source acc: 1.000000  |  Target acc: 0.971852
  Best target acc: 0.976296

======== ROUND 18 ========  [Ablation: M1]
==== Stage 1: SupCon Pre-training ====
epoch            total_loss       cls_loss        
0                0.0011971454     0.0011971454    
1                0.0386054181     0.0386054181    
==== Stage 2: Latent Domain PCL ====
epoch            total_loss       dis_loss         proto_loss       ent_pen_loss    
0                2.6377527714     2.5963506699     0.0149198733     0.0339421555    
Counter({np.int64(0): 2666, np.int64(2): 1814, np.int64(1): 920})
==== Stage 3: Domain-invariant + HardNCE ====
epoch            total_loss       cls_loss         dis_loss         hard_loss       
0                0.1537962109     0.0215495899     0.0737002417     0.1951545924    
  Source acc: 1.000000  |  Target acc: 0.972593
  Best target acc: 0.976296

======== ROUND 19 ========  [Ablation: M1]
==== Stage 1: SupCon Pre-training ====
epoch            total_loss       cls_loss        
0                0.0065635853     0.0065635853    
1                0.0039881556     0.0039881556    
==== Stage 2: Latent Domain PCL ====
epoch            total_loss       dis_loss         proto_loss       ent_pen_loss    
0                2.2267534733     2.2128980160     0.0162115097     0.0057497816    
Counter({np.int64(1): 2398, np.int64(2): 1822, np.int64(0): 1180})
==== Stage 3: Domain-invariant + HardNCE ====
epoch            total_loss       cls_loss         dis_loss         hard_loss       
0                0.7535694838     0.0146331778     0.7046788931     0.1141914129    
  Source acc: 0.999815  |  Target acc: 0.974815
  Best target acc: 0.976296

======== ROUND 20 ========  [Ablation: M1]
==== Stage 1: SupCon Pre-training ====
epoch            total_loss       cls_loss        
0                0.0016067746     0.0016067746    
1                0.0020004669     0.0020004669    
==== Stage 2: Latent Domain PCL ====
epoch            total_loss       dis_loss         proto_loss       ent_pen_loss    
0                1.7724353075     1.6762915850     0.1894354075     0.0014259706    
Counter({np.int64(0): 2499, np.int64(2): 1807, np.int64(1): 1094})
==== Stage 3: Domain-invariant + HardNCE ====
epoch            total_loss       cls_loss         dis_loss         hard_loss       
0                0.1552856863     0.0101128258     0.0891523361     0.1867350638    
  Source acc: 1.000000  |  Target acc: 0.977778
  Best target acc: 0.977778

======== ROUND 21 ========  [Ablation: M1]
==== Stage 1: SupCon Pre-training ====
epoch            total_loss       cls_loss        
0                0.0749311820     0.0749311820    
1                0.0031121166     0.0031121166    
==== Stage 2: Latent Domain PCL ====
epoch            total_loss       dis_loss         proto_loss       ent_pen_loss    
0                1.6671897173     1.6267894506     0.0129164066     0.0339421555    
Counter({np.int64(0): 1921, np.int64(2): 1799, np.int64(1): 1680})
==== Stage 3: Domain-invariant + HardNCE ====
epoch            total_loss       cls_loss         dis_loss         hard_loss       
0                0.3345426321     0.0207060724     0.2493645400     0.2149067819    
  Source acc: 1.000000  |  Target acc: 0.975556
  Best target acc: 0.977778

======== ROUND 22 ========  [Ablation: M1]
==== Stage 1: SupCon Pre-training ====
epoch            total_loss       cls_loss        
0                0.0013211658     0.0013211658    
1                0.0018225247     0.0018225247    
==== Stage 2: Latent Domain PCL ====
epoch            total_loss       dis_loss         proto_loss       ent_pen_loss    
0                1.6403790712     1.5570281744     0.0988176465     0.0339421555    
Counter({np.int64(0): 1820, np.int64(2): 1805, np.int64(1): 1775})
==== Stage 3: Domain-invariant + HardNCE ====
epoch            total_loss       cls_loss         dis_loss         hard_loss       
0                0.3338661194     0.0112350173     0.2684940994     0.1804566085    
  Source acc: 1.000000  |  Target acc: 0.975556
  Best target acc: 0.977778

======== ROUND 23 ========  [Ablation: M1]
==== Stage 1: SupCon Pre-training ====
epoch            total_loss       cls_loss        
0                0.0040059276     0.0040059276    
1                0.0030525413     0.0030525413    
==== Stage 2: Latent Domain PCL ====
epoch            total_loss       dis_loss         proto_loss       ent_pen_loss    
0                1.2588112354     1.2511179447     0.0071489159     0.0041187946    
Counter({np.int64(0): 1813, np.int64(2): 1803, np.int64(1): 1784})
==== Stage 3: Domain-invariant + HardNCE ====
epoch            total_loss       cls_loss         dis_loss         hard_loss       
0                0.2539439499     0.0161635783     0.1999911517     0.1259640753    
  Source acc: 0.999815  |  Target acc: 0.976296
  Best target acc: 0.977778

======== ROUND 24 ========  [Ablation: M1]
==== Stage 1: SupCon Pre-training ====
epoch            total_loss       cls_loss        
0                0.0027790507     0.0027790507    
1                0.0012132368     0.0012132368    
==== Stage 2: Latent Domain PCL ====
epoch            total_loss       dis_loss         proto_loss       ent_pen_loss    
0                1.9559903145     1.8838152885     0.0480151996     0.0481675006    
Counter({np.int64(0): 1808, np.int64(2): 1800, np.int64(1): 1792})
==== Stage 3: Domain-invariant + HardNCE ====
epoch            total_loss       cls_loss         dis_loss         hard_loss       
0                0.3015960157     0.0153833078     0.2395654321     0.1554909348    
  Source acc: 1.000000  |  Target acc: 0.975556
  Best target acc: 0.977778

======== ROUND 25 ========  [Ablation: M1]
==== Stage 1: SupCon Pre-training ====
epoch            total_loss       cls_loss        
0                0.0110201733     0.0110201733    
1                0.0015430484     0.0015430484    
==== Stage 2: Latent Domain PCL ====
epoch            total_loss       dis_loss         proto_loss       ent_pen_loss    
0                2.2870814800     2.2782850266     0.0093555581     0.0041187946    
Counter({np.int64(2): 1804, np.int64(0): 1800, np.int64(1): 1796})
==== Stage 3: Domain-invariant + HardNCE ====
epoch            total_loss       cls_loss         dis_loss         hard_loss       
0                0.3513996601     0.0138338134     0.2928140461     0.1491726041    
  Source acc: 1.000000  |  Target acc: 0.978519
  Best target acc: 0.978519

======== ROUND 26 ========  [Ablation: M1]
==== Stage 1: SupCon Pre-training ====
epoch            total_loss       cls_loss        
0                0.0021236194     0.0021236194    
1                0.0017445460     0.0017445460    
==== Stage 2: Latent Domain PCL ====
epoch            total_loss       dis_loss         proto_loss       ent_pen_loss    
0                2.6297261715     2.6094734669     0.0142681804     0.0131185073    
Counter({np.int64(0): 1801, np.int64(2): 1801, np.int64(1): 1798})
==== Stage 3: Domain-invariant + HardNCE ====
epoch            total_loss       cls_loss         dis_loss         hard_loss       
0                0.2744929194     0.0168777462     0.2078161687     0.1659967005    
  Source acc: 1.000000  |  Target acc: 0.976296
  Best target acc: 0.978519

======== ROUND 27 ========  [Ablation: M1]
==== Stage 1: SupCon Pre-training ====
epoch            total_loss       cls_loss        
0                0.0014768373     0.0014768373    
1                0.0037305511     0.0037305511    
==== Stage 2: Latent Domain PCL ====
epoch            total_loss       dis_loss         proto_loss       ent_pen_loss    
0                3.1809301376     3.1654059887     0.0118836081     0.0095823081    
Counter({np.int64(2): 1805, np.int64(1): 1799, np.int64(0): 1796})
==== Stage 3: Domain-invariant + HardNCE ====
epoch            total_loss       cls_loss         dis_loss         hard_loss       
0                0.2874528468     0.0159911010     0.2061596215     0.2176737487    
  Source acc: 1.000000  |  Target acc: 0.975556
  Best target acc: 0.978519

======== ROUND 28 ========  [Ablation: M1]
==== Stage 1: SupCon Pre-training ====
epoch            total_loss       cls_loss        
0                0.0038028387     0.0038028387    
1                0.0022904982     0.0022904982    
==== Stage 2: Latent Domain PCL ====
epoch            total_loss       dis_loss         proto_loss       ent_pen_loss    
0                2.6464695930     2.6375658512     0.0063080131     0.0057497816    
Counter({np.int64(0): 1803, np.int64(1): 1800, np.int64(2): 1797})
==== Stage 3: Domain-invariant + HardNCE ====
epoch            total_loss       cls_loss         dis_loss         hard_loss       
0                0.2676928639     0.0118894642     0.1848801821     0.2364106774    
  Source acc: 1.000000  |  Target acc: 0.976296
  Best target acc: 0.978519

======== ROUND 29 ========  [Ablation: M1]
==== Stage 1: SupCon Pre-training ====
epoch            total_loss       cls_loss        
0                0.0034740462     0.0034740462    
1                0.0019661232     0.0019661232    
==== Stage 2: Latent Domain PCL ====
epoch            total_loss       dis_loss         proto_loss       ent_pen_loss    
0                2.7919194698     2.7743806839     0.0088403318     0.0131185073    
Counter({np.int64(0): 1803, np.int64(1): 1800, np.int64(2): 1797})
==== Stage 3: Domain-invariant + HardNCE ====
epoch            total_loss       cls_loss         dis_loss         hard_loss       
0                0.1771360934     0.0080224313     0.1204249784     0.1622956097    
  Source acc: 1.000000  |  Target acc: 0.975556
  Best target acc: 0.978519

======== ROUND 30 ========  [Ablation: M1]
==== Stage 1: SupCon Pre-training ====
epoch            total_loss       cls_loss        
0                0.0039972533     0.0039972533    
1                0.0045498828     0.0045498828    
==== Stage 2: Latent Domain PCL ====
epoch            total_loss       dis_loss         proto_loss       ent_pen_loss    
0                2.7310273647     2.7230815887     0.0043920516     0.0057497816    
Counter({np.int64(0): 1809, np.int64(2): 1800, np.int64(1): 1791})
==== Stage 3: Domain-invariant + HardNCE ====
epoch            total_loss       cls_loss         dis_loss         hard_loss       
0                0.2558903694     0.0130226417     0.1973538250     0.1517129391    
  Source acc: 1.000000  |  Target acc: 0.976296
  Best target acc: 0.978519

======== ROUND 31 ========  [Ablation: M1]
==== Stage 1: SupCon Pre-training ====
epoch            total_loss       cls_loss        
0                0.0109931501     0.0109931501    
1                0.0024230008     0.0024230008    
==== Stage 2: Latent Domain PCL ====
epoch            total_loss       dis_loss         proto_loss       ent_pen_loss    
0                4.0876808167     4.0731029510     0.0077313809     0.0107119847    
Counter({np.int64(2): 2061, np.int64(0): 1811, np.int64(1): 1528})
==== Stage 3: Domain-invariant + HardNCE ====
epoch            total_loss       cls_loss         dis_loss         hard_loss       
0                0.5253046751     0.0138415443     0.4506699741     0.2026438117    
  Source acc: 1.000000  |  Target acc: 0.976296
  Best target acc: 0.978519

======== ROUND 32 ========  [Ablation: M1]
==== Stage 1: SupCon Pre-training ====
epoch            total_loss       cls_loss        
0                0.0064358748     0.0064358748    
1                0.0042420677     0.0042420677    
==== Stage 2: Latent Domain PCL ====
epoch            total_loss       dis_loss         proto_loss       ent_pen_loss    
0                3.7274332047     3.6037330627     0.2359008193     0.0057497816    
Counter({np.int64(2): 2449, np.int64(0): 1807, np.int64(1): 1144})
==== Stage 3: Domain-invariant + HardNCE ====
epoch            total_loss       cls_loss         dis_loss         hard_loss       
0                0.6851102114     0.0115072830     0.6152335405     0.1945646256    
  Source acc: 1.000000  |  Target acc: 0.974815
  Best target acc: 0.978519

======== ROUND 33 ========  [Ablation: M1]
==== Stage 1: SupCon Pre-training ====
epoch            total_loss       cls_loss        
0                0.0027338730     0.0027338730    
1                0.0017926852     0.0017926852    
==== Stage 2: Latent Domain PCL ====
epoch            total_loss       dis_loss         proto_loss       ent_pen_loss    
0                3.4281406403     3.3600990772     0.0884552002     0.0238140523    
Counter({np.int64(2): 2560, np.int64(0): 1803, np.int64(1): 1037})
==== Stage 3: Domain-invariant + HardNCE ====
epoch            total_loss       cls_loss         dis_loss         hard_loss       
0                0.7577460408     0.0101330923     0.6853436828     0.2075642347    
  Source acc: 1.000000  |  Target acc: 0.975556
  Best target acc: 0.978519

======== ROUND 34 ========  [Ablation: M1]
==== Stage 1: SupCon Pre-training ====
epoch            total_loss       cls_loss        
0                0.0016657142     0.0016657142    
1                0.1928204149     0.1928204149    
==== Stage 2: Latent Domain PCL ====
epoch            total_loss       dis_loss         proto_loss       ent_pen_loss    
0                3.5845863819     3.5364885330     0.0485678464     0.0238140523    
Counter({np.int64(2): 2621, np.int64(0): 1803, np.int64(1): 976})
==== Stage 3: Domain-invariant + HardNCE ====
epoch            total_loss       cls_loss         dis_loss         hard_loss       
0                0.7869570255     0.0178839434     0.7311749458     0.1263270080    
  Source acc: 1.000000  |  Target acc: 0.975556
  Best target acc: 0.978519

======== ROUND 35 ========  [Ablation: M1]
==== Stage 1: SupCon Pre-training ====
epoch            total_loss       cls_loss        
0                0.0437098034     0.0437098034    
1                0.0030777182     0.0030777182    
==== Stage 2: Latent Domain PCL ====
epoch            total_loss       dis_loss         proto_loss       ent_pen_loss    
0                3.3855378628     3.3248157501     0.1132067069     0.0041187946    
Counter({np.int64(2): 2680, np.int64(0): 1805, np.int64(1): 915})
==== Stage 3: Domain-invariant + HardNCE ====
epoch            total_loss       cls_loss         dis_loss         hard_loss       
0                0.7054398060     0.0157772545     0.6392889023     0.1679121852    
  Source acc: 1.000000  |  Target acc: 0.975556
  Best target acc: 0.978519

======== ROUND 36 ========  [Ablation: M1]
==== Stage 1: SupCon Pre-training ====
epoch            total_loss       cls_loss        
0                0.0012160019     0.0012160019    
1                0.0012014410     0.0012014410    
==== Stage 2: Latent Domain PCL ====
epoch            total_loss       dis_loss         proto_loss       ent_pen_loss    
0                3.4945409298     3.4511499405     0.0108692795     0.0379563086    
Counter({np.int64(2): 2686, np.int64(0): 1807, np.int64(1): 907})
==== Stage 3: Domain-invariant + HardNCE ====
epoch            total_loss       cls_loss         dis_loss         hard_loss       
0                0.6351448894     0.0311258826     0.5653856993     0.1287775636    
  Source acc: 1.000000  |  Target acc: 0.976296
  Best target acc: 0.978519

======== ROUND 37 ========  [Ablation: M1]
==== Stage 1: SupCon Pre-training ====
epoch            total_loss       cls_loss        
0                0.0023669752     0.0023669752    
1                0.0013771378     0.0013771378    
==== Stage 2: Latent Domain PCL ====
epoch            total_loss       dis_loss         proto_loss       ent_pen_loss    
0                3.0176026821     2.9836273193     0.0357873663     0.0160816163    
Counter({np.int64(2): 2695, np.int64(0): 1804, np.int64(1): 901})
==== Stage 3: Domain-invariant + HardNCE ====
epoch            total_loss       cls_loss         dis_loss         hard_loss       
0                0.7283746004     0.0463820584     0.6155362129     0.2215211093    
  Source acc: 1.000000  |  Target acc: 0.974815
  Best target acc: 0.978519

======== ROUND 38 ========  [Ablation: M1]
==== Stage 1: SupCon Pre-training ====
epoch            total_loss       cls_loss        
0                0.0075766440     0.0075766440    
1                0.0007159904     0.0007159904    
==== Stage 2: Latent Domain PCL ====
epoch            total_loss       dis_loss         proto_loss       ent_pen_loss    
0                3.6418371201     3.5559291840     0.0734090805     0.0492032990    
Counter({np.int64(2): 2692, np.int64(0): 1807, np.int64(1): 901})
==== Stage 3: Domain-invariant + HardNCE ====
epoch            total_loss       cls_loss         dis_loss         hard_loss       
0                0.4222081900     0.0089979162     0.3521075845     0.2036755979    
  Source acc: 1.000000  |  Target acc: 0.976296
  Best target acc: 0.978519

======== ROUND 39 ========  [Ablation: M1]
==== Stage 1: SupCon Pre-training ====
epoch            total_loss       cls_loss        
0                0.0058600195     0.0058600195    
1                0.0010668797     0.0010668797    
==== Stage 2: Latent Domain PCL ====
epoch            total_loss       dis_loss         proto_loss       ent_pen_loss    
0                3.5334846973     3.5100173950     0.0084703658     0.0192320347    
Counter({np.int64(2): 2701, np.int64(0): 1800, np.int64(1): 899})
==== Stage 3: Domain-invariant + HardNCE ====
epoch            total_loss       cls_loss         dis_loss         hard_loss       
0                0.6144452095     0.0378026180     0.5233030319     0.1777985543    
  Source acc: 1.000000  |  Target acc: 0.976296
  Best target acc: 0.978519

======== ROUND 40 ========  [Ablation: M1]
==== Stage 1: SupCon Pre-training ====
epoch            total_loss       cls_loss        
0                0.0030512859     0.0030512859    
1                0.0009878688     0.0009878688    
==== Stage 2: Latent Domain PCL ====
epoch            total_loss       dis_loss         proto_loss       ent_pen_loss    
0                3.0120577812     2.9988553524     0.0049808249     0.0107119847    
Counter({np.int64(2): 2694, np.int64(0): 1802, np.int64(1): 904})
==== Stage 3: Domain-invariant + HardNCE ====
epoch            total_loss       cls_loss         dis_loss         hard_loss       
0                0.7942931056     0.0103654126     0.7471445799     0.1226103529    
  Source acc: 1.000000  |  Target acc: 0.974815
  Best target acc: 0.978519

======== ROUND 41 ========  [Ablation: M1]
==== Stage 1: SupCon Pre-training ====
epoch            total_loss       cls_loss        
0                0.0020855714     0.0020855714    
1                0.0020010164     0.0020010164    
==== Stage 2: Latent Domain PCL ====
epoch            total_loss       dis_loss         proto_loss       ent_pen_loss    
0                3.4196236134     3.4010851383     0.0281108227     0.0044829613    
Counter({np.int64(2): 2702, np.int64(0): 1799, np.int64(1): 899})
==== Stage 3: Domain-invariant + HardNCE ====
epoch            total_loss       cls_loss         dis_loss         hard_loss       
0                0.5265064836     0.0559080653     0.4009578824     0.2321351022    
  Source acc: 1.000000  |  Target acc: 0.975556
  Best target acc: 0.978519

======== ROUND 42 ========  [Ablation: M1]
==== Stage 1: SupCon Pre-training ====
epoch            total_loss       cls_loss        
0                0.0019550342     0.0019550342    
1                0.1431407183     0.1431407183    
==== Stage 2: Latent Domain PCL ====
epoch            total_loss       dis_loss         proto_loss       ent_pen_loss    
0                3.4370303154     3.4155616760     0.0069636069     0.0179868266    
Counter({np.int64(2): 2702, np.int64(0): 1798, np.int64(1): 900})
==== Stage 3: Domain-invariant + HardNCE ====
epoch            total_loss       cls_loss         dis_loss         hard_loss       
0                0.3452351093     0.0168662388     0.2877071202     0.1355391741    
  Source acc: 1.000000  |  Target acc: 0.976296
  Best target acc: 0.978519

======== ROUND 43 ========  [Ablation: M1]
==== Stage 1: SupCon Pre-training ====
epoch            total_loss       cls_loss        
0                0.0026494358     0.0026494358    
1                0.0006363566     0.0006363566    
==== Stage 2: Latent Domain PCL ====
epoch            total_loss       dis_loss         proto_loss       ent_pen_loss    
0                3.3168551922     3.2783997059     0.0133778881     0.0317666605    
Counter({np.int64(2): 2701, np.int64(0): 1801, np.int64(1): 898})
==== Stage 3: Domain-invariant + HardNCE ====
epoch            total_loss       cls_loss         dis_loss         hard_loss       
0                0.3800281286     0.0331058465     0.3144098818     0.1083747000    
  Source acc: 1.000000  |  Target acc: 0.975556
  Best target acc: 0.978519

======== ROUND 44 ========  [Ablation: M1]
==== Stage 1: SupCon Pre-training ====
epoch            total_loss       cls_loss        
0                0.0008864141     0.0008864141    
1                0.0109977508     0.0109977508    
==== Stage 2: Latent Domain PCL ====
epoch            total_loss       dis_loss         proto_loss       ent_pen_loss    
0                3.0305018425     2.9832029343     0.0186855718     0.0379563086    
Counter({np.int64(2): 2698, np.int64(0): 1799, np.int64(1): 903})
==== Stage 3: Domain-invariant + HardNCE ====
epoch            total_loss       cls_loss         dis_loss         hard_loss       
0                0.2864005864     0.0198104493     0.2392391860     0.0911698788    
  Source acc: 1.000000  |  Target acc: 0.977037
  Best target acc: 0.978519

======== ROUND 45 ========  [Ablation: M1]
==== Stage 1: SupCon Pre-training ====
epoch            total_loss       cls_loss        
0                0.0013594363     0.0013594363    
1                0.0123184845     0.0123184845    
==== Stage 2: Latent Domain PCL ====
epoch            total_loss       dis_loss         proto_loss       ent_pen_loss    
0                2.9371311665     2.8994667530     0.0160657968     0.0296316408    
Counter({np.int64(2): 2696, np.int64(0): 1804, np.int64(1): 900})
==== Stage 3: Domain-invariant + HardNCE ====
epoch            total_loss       cls_loss         dis_loss         hard_loss       
0                0.2309215963     0.0102967098     0.1610616595     0.1985440552    
  Source acc: 1.000000  |  Target acc: 0.977037
  Best target acc: 0.978519

======== ROUND 46 ========  [Ablation: M1]
==== Stage 1: SupCon Pre-training ====
epoch            total_loss       cls_loss        
0                0.0044166711     0.0044166711    
1                0.0130449189     0.0130449189    
==== Stage 2: Latent Domain PCL ====
epoch            total_loss       dis_loss         proto_loss       ent_pen_loss    
0                3.3383977413     3.3198578358     0.0108428700     0.0131185073    
Counter({np.int64(2): 2645, np.int64(0): 1800, np.int64(1): 955})
==== Stage 3: Domain-invariant + HardNCE ====
epoch            total_loss       cls_loss         dis_loss         hard_loss       
0                0.1302979738     0.0096412078     0.0823462009     0.1277018636    
  Source acc: 1.000000  |  Target acc: 0.976296
  Best target acc: 0.978519

======== ROUND 47 ========  [Ablation: M1]
==== Stage 1: SupCon Pre-training ====
epoch            total_loss       cls_loss        
0                0.0010149822     0.0010149822    
1                0.0024121385     0.0024121385    
==== Stage 2: Latent Domain PCL ====
epoch            total_loss       dis_loss         proto_loss       ent_pen_loss    
0                3.3997929096     3.3802845478     0.0127795106     0.0131185073    
Counter({np.int64(0): 1845, np.int64(1): 1809, np.int64(2): 1746})
==== Stage 3: Domain-invariant + HardNCE ====
epoch            total_loss       cls_loss         dis_loss         hard_loss       
0                1.7079982758     0.0211562142     1.6271060705     0.1991202235    
  Source acc: 1.000000  |  Target acc: 0.974815
  Best target acc: 0.978519

======== ROUND 48 ========  [Ablation: M1]
==== Stage 1: SupCon Pre-training ====
epoch            total_loss       cls_loss        
0                0.0007552760     0.0007552760    
1                0.0026839750     0.0026839750    
==== Stage 2: Latent Domain PCL ====
epoch            total_loss       dis_loss         proto_loss       ent_pen_loss    
0                2.6186144352     2.4503674507     0.3043309152     0.0160816163    
Counter({np.int64(0): 2247, np.int64(1): 1820, np.int64(2): 1333})
==== Stage 3: Domain-invariant + HardNCE ====
epoch            total_loss       cls_loss         dis_loss         hard_loss       
0                1.8912025690     0.0118022831     1.8306508064     0.1624982059    
  Source acc: 1.000000  |  Target acc: 0.976296
  Best target acc: 0.978519

======== ROUND 49 ========  [Ablation: M1]
==== Stage 1: SupCon Pre-training ====
epoch            total_loss       cls_loss        
0                0.0005226881     0.0005226881    
1                0.0019252324     0.0019252324    
==== Stage 2: Latent Domain PCL ====
epoch            total_loss       dis_loss         proto_loss       ent_pen_loss    
0                2.5342154503     2.4256706238     0.1535562277     0.0317666605    
Counter({np.int64(2): 1805, np.int64(1): 1800, np.int64(0): 1795})
==== Stage 3: Domain-invariant + HardNCE ====
epoch            total_loss       cls_loss         dis_loss         hard_loss       
0                2.0509073734     0.0080830110     1.9785978794     0.2140880525    
  Source acc: 1.000000  |  Target acc: 0.977037
  Best target acc: 0.978519
[ConfMatrix] saved to log/abl_widar1ap_cross_loc_M1_s1 (cm shape=(6, 6))

Results saved to log/abl_widar1ap_cross_loc_M1_s1
acc.txt: log/abl_widar1ap_cross_loc_M1_s1/acc.txt
bestacc.txt: log/abl_widar1ap_cross_loc_M1_s1/bestacc.txt
