[Seed] global random seed set to 1

[Ablation Mode] M0
[WidarDataset] loaded 5400 samples, gesture_map={'G01': 0, 'G02': 1, 'G03': 2, 'G04': 3, 'G05': 4, 'G06': 5}
[WidarDataset] loaded 1350 samples, gesture_map={'G01': 0, 'G02': 1, 'G03': 2, 'G04': 3, 'G05': 4, 'G06': 5}
[WidarDataset] loaded 5400 samples, gesture_map={'G01': 0, 'G02': 1, 'G03': 2, 'G04': 3, 'G05': 4, 'G06': 5}
Train set size: 5400 samples, 169 batches
Test set size:  1350 samples, 43 batches
Source eval size: 5400 samples

[Direction Sensitivity] Manual weights (dir_w=0.5): {0: 0.0, 1: 0.0, 2: 0.0, 3: 0.0, 4: 0.0, 5: 0.0}

======== ROUND 0 ========  [Ablation: M0]
==== M0 Baseline: CE Only ====
epoch            total_loss       cls_loss        
0                0.9257126451     0.9257126451    
1                0.2263683081     0.2263683081    
2                0.1234237328     0.1234237328    
3                0.4471440613     0.4471440613    
  Source acc: 0.917037  |  Target acc: 0.856296
  Best target acc: 0.856296

======== ROUND 1 ========  [Ablation: M0]
==== M0 Baseline: CE Only ====
epoch            total_loss       cls_loss        
0                0.1912672520     0.1912672520    
1                0.2102932930     0.2102932930    
2                0.5602787137     0.5602787137    
3                0.3254989684     0.3254989684    
  Source acc: 0.961667  |  Target acc: 0.917778
  Best target acc: 0.917778

======== ROUND 2 ========  [Ablation: M0]
==== M0 Baseline: CE Only ====
epoch            total_loss       cls_loss        
0                0.2146156579     0.2146156579    
1                0.1096830368     0.1096830368    
2                0.0634239614     0.0634239614    
3                0.1288439482     0.1288439482    
  Source acc: 0.959074  |  Target acc: 0.934074
  Best target acc: 0.934074

======== ROUND 3 ========  [Ablation: M0]
==== M0 Baseline: CE Only ====
epoch            total_loss       cls_loss        
0                0.0290596765     0.0290596765    
1                0.0427305289     0.0427305289    
2                0.0349318273     0.0349318273    
3                0.1315625310     0.1315625310    
  Source acc: 0.986111  |  Target acc: 0.955556
  Best target acc: 0.955556

======== ROUND 4 ========  [Ablation: M0]
==== M0 Baseline: CE Only ====
epoch            total_loss       cls_loss        
0                0.0712533072     0.0712533072    
1                0.0380060226     0.0380060226    
2                0.0560945012     0.0560945012    
3                0.1111583188     0.1111583188    
  Source acc: 0.981111  |  Target acc: 0.932593
  Best target acc: 0.955556

======== ROUND 5 ========  [Ablation: M0]
==== M0 Baseline: CE Only ====
epoch            total_loss       cls_loss        
0                0.0604309589     0.0604309589    
1                0.0051091057     0.0051091057    
2                0.1187035739     0.1187035739    
3                0.0030504826     0.0030504826    
  Source acc: 0.979074  |  Target acc: 0.928889
  Best target acc: 0.955556

======== ROUND 6 ========  [Ablation: M0]
==== M0 Baseline: CE Only ====
epoch            total_loss       cls_loss        
0                0.0094900252     0.0094900252    
1                0.0057188305     0.0057188305    
2                0.1276821643     0.1276821643    
3                0.0104871755     0.0104871755    
  Source acc: 0.971481  |  Target acc: 0.942222
  Best target acc: 0.955556

======== ROUND 7 ========  [Ablation: M0]
==== M0 Baseline: CE Only ====
epoch            total_loss       cls_loss        
0                0.0632594302     0.0632594302    
1                0.0551387556     0.0551387556    
2                0.2505485713     0.2505485713    
3                0.2573511899     0.2573511899    
  Source acc: 0.987963  |  Target acc: 0.954074
  Best target acc: 0.955556

======== ROUND 8 ========  [Ablation: M0]
==== M0 Baseline: CE Only ====
epoch            total_loss       cls_loss        
0                0.0135773672     0.0135773672    
1                0.5001576543     0.5001576543    
2                0.0108322715     0.0108322715    
3                0.0518266596     0.0518266596    
  Source acc: 0.997963  |  Target acc: 0.967407
  Best target acc: 0.967407

======== ROUND 9 ========  [Ablation: M0]
==== M0 Baseline: CE Only ====
epoch            total_loss       cls_loss        
0                0.0603971779     0.0603971779    
1                0.0104798945     0.0104798945    
2                0.1257517189     0.1257517189    
3                0.0358486883     0.0358486883    
  Source acc: 0.997222  |  Target acc: 0.957778
  Best target acc: 0.967407

======== ROUND 10 ========  [Ablation: M0]
==== M0 Baseline: CE Only ====
epoch            total_loss       cls_loss        
0                0.0258398652     0.0258398652    
1                0.0256813914     0.0256813914    
2                0.0621558130     0.0621558130    
3                0.0170106795     0.0170106795    
  Source acc: 1.000000  |  Target acc: 0.969630
  Best target acc: 0.969630

======== ROUND 11 ========  [Ablation: M0]
==== M0 Baseline: CE Only ====
epoch            total_loss       cls_loss        
0                0.0052112048     0.0052112048    
1                0.0043602413     0.0043602413    
2                0.0014751718     0.0014751718    
3                0.0026146732     0.0026146732    
  Source acc: 1.000000  |  Target acc: 0.971111
  Best target acc: 0.971111

======== ROUND 12 ========  [Ablation: M0]
==== M0 Baseline: CE Only ====
epoch            total_loss       cls_loss        
0                0.0084094265     0.0084094265    
1                0.0005552597     0.0005552597    
2                0.0163405053     0.0163405053    
3                0.0023657584     0.0023657584    
  Source acc: 1.000000  |  Target acc: 0.971852
  Best target acc: 0.971852

======== ROUND 13 ========  [Ablation: M0]
==== M0 Baseline: CE Only ====
epoch            total_loss       cls_loss        
0                0.0023404290     0.0023404290    
1                0.0268911570     0.0268911570    
2                0.0072099608     0.0072099608    
3                0.0012504441     0.0012504441    
  Source acc: 1.000000  |  Target acc: 0.974074
  Best target acc: 0.974074

======== ROUND 14 ========  [Ablation: M0]
==== M0 Baseline: CE Only ====
epoch            total_loss       cls_loss        
0                0.0005811875     0.0005811875    
1                0.0039312104     0.0039312104    
2                0.0011552501     0.0011552501    
3                0.0003672237     0.0003672237    
  Source acc: 1.000000  |  Target acc: 0.974074
  Best target acc: 0.974074

======== ROUND 15 ========  [Ablation: M0]
==== M0 Baseline: CE Only ====
epoch            total_loss       cls_loss        
0                0.0017029730     0.0017029730    
1                0.0006803544     0.0006803544    
2                0.0327139832     0.0327139832    
3                0.0007595783     0.0007595783    
  Source acc: 1.000000  |  Target acc: 0.973333
  Best target acc: 0.974074

======== ROUND 16 ========  [Ablation: M0]
==== M0 Baseline: CE Only ====
epoch            total_loss       cls_loss        
0                0.0008291558     0.0008291558    
1                0.0005201523     0.0005201523    
2                0.0008736535     0.0008736535    
3                0.0109322546     0.0109322546    
  Source acc: 1.000000  |  Target acc: 0.974074
  Best target acc: 0.974074

======== ROUND 17 ========  [Ablation: M0]
==== M0 Baseline: CE Only ====
epoch            total_loss       cls_loss        
0                0.0113647552     0.0113647552    
1                0.0004446353     0.0004446353    
2                0.0058665494     0.0058665494    
3                0.0004645176     0.0004645176    
  Source acc: 1.000000  |  Target acc: 0.972593
  Best target acc: 0.974074

======== ROUND 18 ========  [Ablation: M0]
==== M0 Baseline: CE Only ====
epoch            total_loss       cls_loss        
0                0.0598974228     0.0598974228    
1                0.0003420054     0.0003420054    
2                0.0843202546     0.0843202546    
3                0.0013737675     0.0013737675    
  Source acc: 1.000000  |  Target acc: 0.973333
  Best target acc: 0.974074

======== ROUND 19 ========  [Ablation: M0]
==== M0 Baseline: CE Only ====
epoch            total_loss       cls_loss        
0                0.0004625871     0.0004625871    
1                0.0004255050     0.0004255050    
2                0.0543240197     0.0543240197    
3                0.0031038094     0.0031038094    
  Source acc: 1.000000  |  Target acc: 0.974074
  Best target acc: 0.974074

======== ROUND 20 ========  [Ablation: M0]
==== M0 Baseline: CE Only ====
epoch            total_loss       cls_loss        
0                0.0004702243     0.0004702243    
1                0.0005254919     0.0005254919    
2                0.0005714968     0.0005714968    
3                0.0044827661     0.0044827661    
  Source acc: 1.000000  |  Target acc: 0.973333
  Best target acc: 0.974074

======== ROUND 21 ========  [Ablation: M0]
==== M0 Baseline: CE Only ====
epoch            total_loss       cls_loss        
0                0.0008793911     0.0008793911    
1                0.0019554927     0.0019554927    
2                0.0009502788     0.0009502788    
3                0.0032827416     0.0032827416    
  Source acc: 1.000000  |  Target acc: 0.975556
  Best target acc: 0.975556

======== ROUND 22 ========  [Ablation: M0]
==== M0 Baseline: CE Only ====
epoch            total_loss       cls_loss        
0                0.0185857490     0.0185857490    
1                0.0016038007     0.0016038007    
2                0.0003863999     0.0003863999    
3                0.0038533665     0.0038533665    
  Source acc: 1.000000  |  Target acc: 0.972593
  Best target acc: 0.975556

======== ROUND 23 ========  [Ablation: M0]
==== M0 Baseline: CE Only ====
epoch            total_loss       cls_loss        
0                0.0004763020     0.0004763020    
1                0.0008508911     0.0008508911    
2                0.0002733555     0.0002733555    
3                0.0015866434     0.0015866434    
  Source acc: 1.000000  |  Target acc: 0.973333
  Best target acc: 0.975556

======== ROUND 24 ========  [Ablation: M0]
==== M0 Baseline: CE Only ====
epoch            total_loss       cls_loss        
0                0.0202899165     0.0202899165    
1                0.0011526250     0.0011526250    
2                0.0009241994     0.0009241994    
3                0.0481587388     0.0481587388    
  Source acc: 1.000000  |  Target acc: 0.974815
  Best target acc: 0.975556

======== ROUND 25 ========  [Ablation: M0]
==== M0 Baseline: CE Only ====
epoch            total_loss       cls_loss        
0                0.0008947866     0.0008947866    
1                0.0034363496     0.0034363496    
2                0.0033064748     0.0033064748    
3                0.0006742782     0.0006742782    
  Source acc: 1.000000  |  Target acc: 0.973333
  Best target acc: 0.975556

======== ROUND 26 ========  [Ablation: M0]
==== M0 Baseline: CE Only ====
epoch            total_loss       cls_loss        
0                0.0074308035     0.0074308035    
1                0.0071939803     0.0071939803    
2                0.0008057922     0.0008057922    
3                0.0006927880     0.0006927880    
  Source acc: 1.000000  |  Target acc: 0.972593
  Best target acc: 0.975556

======== ROUND 27 ========  [Ablation: M0]
==== M0 Baseline: CE Only ====
epoch            total_loss       cls_loss        
0                0.0014774745     0.0014774745    
1                0.0007906398     0.0007906398    
2                0.0012080377     0.0012080377    
3                0.0039162617     0.0039162617    
  Source acc: 1.000000  |  Target acc: 0.974074
  Best target acc: 0.975556

======== ROUND 28 ========  [Ablation: M0]
==== M0 Baseline: CE Only ====
epoch            total_loss       cls_loss        
0                0.0017284431     0.0017284431    
1                0.0026818672     0.0026818672    
2                0.0007240535     0.0007240535    
3                0.0007458956     0.0007458956    
  Source acc: 1.000000  |  Target acc: 0.974074
  Best target acc: 0.975556

======== ROUND 29 ========  [Ablation: M0]
==== M0 Baseline: CE Only ====
epoch            total_loss       cls_loss        
0                0.0009947025     0.0009947025    
1                0.0003654269     0.0003654269    
2                0.0008212975     0.0008212975    
3                0.0233845208     0.0233845208    
  Source acc: 1.000000  |  Target acc: 0.974074
  Best target acc: 0.975556

======== ROUND 30 ========  [Ablation: M0]
==== M0 Baseline: CE Only ====
epoch            total_loss       cls_loss        
0                0.0016620025     0.0016620025    
1                0.0011237281     0.0011237281    
2                0.0005899113     0.0005899113    
3                0.0003455995     0.0003455995    
  Source acc: 1.000000  |  Target acc: 0.975556
  Best target acc: 0.975556

======== ROUND 31 ========  [Ablation: M0]
==== M0 Baseline: CE Only ====
epoch            total_loss       cls_loss        
0                0.0011754212     0.0011754212    
1                0.0164692104     0.0164692104    
2                0.0009986459     0.0009986459    
3                0.0015292699     0.0015292699    
  Source acc: 1.000000  |  Target acc: 0.975556
  Best target acc: 0.975556

======== ROUND 32 ========  [Ablation: M0]
==== M0 Baseline: CE Only ====
epoch            total_loss       cls_loss        
0                0.0003638504     0.0003638504    
1                0.0002958511     0.0002958511    
2                0.0014780966     0.0014780966    
3                0.0008086478     0.0008086478    
  Source acc: 1.000000  |  Target acc: 0.976296
  Best target acc: 0.976296

======== ROUND 33 ========  [Ablation: M0]
==== M0 Baseline: CE Only ====
epoch            total_loss       cls_loss        
0                0.0006362298     0.0006362298    
1                0.0004363761     0.0004363761    
2                0.0002632021     0.0002632021    
3                0.0003404863     0.0003404863    
  Source acc: 1.000000  |  Target acc: 0.974815
  Best target acc: 0.976296

======== ROUND 34 ========  [Ablation: M0]
==== M0 Baseline: CE Only ====
epoch            total_loss       cls_loss        
0                0.0004078683     0.0004078683    
1                0.0006443165     0.0006443165    
2                0.0003546298     0.0003546298    
3                0.0002406940     0.0002406940    
  Source acc: 1.000000  |  Target acc: 0.974074
  Best target acc: 0.976296

======== ROUND 35 ========  [Ablation: M0]
==== M0 Baseline: CE Only ====
epoch            total_loss       cls_loss        
0                0.0010116013     0.0010116013    
1                0.0004829743     0.0004829743    
2                0.0003707711     0.0003707711    
3                0.0006394898     0.0006394898    
  Source acc: 1.000000  |  Target acc: 0.974815
  Best target acc: 0.976296

======== ROUND 36 ========  [Ablation: M0]
==== M0 Baseline: CE Only ====
epoch            total_loss       cls_loss        
0                0.0009772382     0.0009772382    
1                0.0002451956     0.0002451956    
2                0.0008506267     0.0008506267    
3                0.0026723959     0.0026723959    
  Source acc: 1.000000  |  Target acc: 0.975556
  Best target acc: 0.976296

======== ROUND 37 ========  [Ablation: M0]
==== M0 Baseline: CE Only ====
epoch            total_loss       cls_loss        
0                0.0008078225     0.0008078225    
1                0.0005026200     0.0005026200    
2                0.0028426957     0.0028426957    
3                0.0046467450     0.0046467450    
  Source acc: 1.000000  |  Target acc: 0.974074
  Best target acc: 0.976296

======== ROUND 38 ========  [Ablation: M0]
==== M0 Baseline: CE Only ====
epoch            total_loss       cls_loss        
0                0.0003868578     0.0003868578    
1                0.0010100465     0.0010100465    
2                0.0010618379     0.0010618379    
3                0.0773822442     0.0773822442    
  Source acc: 1.000000  |  Target acc: 0.973333
  Best target acc: 0.976296

======== ROUND 39 ========  [Ablation: M0]
==== M0 Baseline: CE Only ====
epoch            total_loss       cls_loss        
0                0.0185652860     0.0185652860    
1                0.0003709122     0.0003709122    
2                0.0020448042     0.0020448042    
3                0.0009176474     0.0009176474    
  Source acc: 1.000000  |  Target acc: 0.974815
  Best target acc: 0.976296

======== ROUND 40 ========  [Ablation: M0]
==== M0 Baseline: CE Only ====
epoch            total_loss       cls_loss        
0                0.0002617723     0.0002617723    
1                0.0029972747     0.0029972747    
2                0.0027204591     0.0027204591    
3                0.0021635161     0.0021635161    
  Source acc: 1.000000  |  Target acc: 0.975556
  Best target acc: 0.976296

======== ROUND 41 ========  [Ablation: M0]
==== M0 Baseline: CE Only ====
epoch            total_loss       cls_loss        
0                0.0005947480     0.0005947480    
1                0.0014134314     0.0014134314    
2                0.0012396794     0.0012396794    
3                0.0005842602     0.0005842602    
  Source acc: 1.000000  |  Target acc: 0.974815
  Best target acc: 0.976296

======== ROUND 42 ========  [Ablation: M0]
==== M0 Baseline: CE Only ====
epoch            total_loss       cls_loss        
0                0.0006264283     0.0006264283    
1                0.0007116913     0.0007116913    
2                0.0282431934     0.0282431934    
3                0.0008873264     0.0008873264    
  Source acc: 1.000000  |  Target acc: 0.975556
  Best target acc: 0.976296

======== ROUND 43 ========  [Ablation: M0]
==== M0 Baseline: CE Only ====
epoch            total_loss       cls_loss        
0                0.0036088827     0.0036088827    
1                0.0360230766     0.0360230766    
2                0.0005546946     0.0005546946    
3                0.0020661000     0.0020661000    
  Source acc: 1.000000  |  Target acc: 0.975556
  Best target acc: 0.976296

======== ROUND 44 ========  [Ablation: M0]
==== M0 Baseline: CE Only ====
epoch            total_loss       cls_loss        
0                0.0004333934     0.0004333934    
1                0.0002860610     0.0002860610    
2                0.0689104125     0.0689104125    
3                0.0023102213     0.0023102213    
  Source acc: 1.000000  |  Target acc: 0.975556
  Best target acc: 0.976296

======== ROUND 45 ========  [Ablation: M0]
==== M0 Baseline: CE Only ====
epoch            total_loss       cls_loss        
0                0.0006770371     0.0006770371    
1                0.0024731390     0.0024731390    
2                0.1939861923     0.1939861923    
3                0.0012361555     0.0012361555    
  Source acc: 1.000000  |  Target acc: 0.974074
  Best target acc: 0.976296

======== ROUND 46 ========  [Ablation: M0]
==== M0 Baseline: CE Only ====
epoch            total_loss       cls_loss        
0                0.0013112823     0.0013112823    
1                0.0002195001     0.0002195001    
2                0.0034349980     0.0034349980    
3                0.1562965810     0.1562965810    
  Source acc: 1.000000  |  Target acc: 0.974815
  Best target acc: 0.976296

======== ROUND 47 ========  [Ablation: M0]
==== M0 Baseline: CE Only ====
epoch            total_loss       cls_loss        
0                0.0259758011     0.0259758011    
1                0.0003004640     0.0003004640    
2                0.0005955981     0.0005955981    
3                0.0003920384     0.0003920384    
  Source acc: 1.000000  |  Target acc: 0.974815
  Best target acc: 0.976296

======== ROUND 48 ========  [Ablation: M0]
==== M0 Baseline: CE Only ====
epoch            total_loss       cls_loss        
0                0.0004730972     0.0004730972    
1                0.0028914593     0.0028914593    
2                0.0007089136     0.0007089136    
3                0.0002141083     0.0002141083    
  Source acc: 1.000000  |  Target acc: 0.974815
  Best target acc: 0.976296

======== ROUND 49 ========  [Ablation: M0]
==== M0 Baseline: CE Only ====
epoch            total_loss       cls_loss        
0                0.2424118370     0.2424118370    
1                0.0008044859     0.0008044859    
2                0.0003510851     0.0003510851    
3                0.0049567814     0.0049567814    
  Source acc: 1.000000  |  Target acc: 0.976296
  Best target acc: 0.976296
[ConfMatrix] saved to log/abl_widar1ap_cross_loc_M0_s1 (cm shape=(6, 6))

Results saved to log/abl_widar1ap_cross_loc_M0_s1
acc.txt: log/abl_widar1ap_cross_loc_M0_s1/acc.txt
bestacc.txt: log/abl_widar1ap_cross_loc_M0_s1/bestacc.txt
