[Seed] global random seed set to 3

[Ablation Mode] M4
[WidarDataset] loaded 5250 samples, gesture_map={'G01': 0, 'G02': 1, 'G03': 2, 'G04': 3, 'G05': 4, 'G06': 5}
[WidarDataset] loaded 1500 samples, gesture_map={'G01': 0, 'G02': 1, 'G03': 2, 'G04': 3, 'G05': 4, 'G06': 5}
[WidarDataset] loaded 5250 samples, gesture_map={'G01': 0, 'G02': 1, 'G03': 2, 'G04': 3, 'G05': 4, 'G06': 5}
Train set size: 5250 samples, 165 batches
Test set size:  1500 samples, 47 batches
Source eval size: 5250 samples

[Direction Sensitivity] Manual weights (dir_w=0.5): {0: 0.0, 1: 0.0, 2: 0.0, 3: 0.0, 4: 0.0, 5: 0.0}

======== ROUND 0 ========  [Ablation: M4]
==== Stage 1: SupCon Pre-training ====
epoch            total_loss       cls_loss         supcon_loss     
0                7.1850175858     3.3563017845     7.6574316025    
1                4.6764349937     1.0112234354     7.3304233551    
==== Stage 2: Latent Domain PCL ====
epoch            total_loss       dis_loss         proto_loss       ent_pen_loss    
0                2.0068490505     1.7068489790     0.0000000000     0.3000000119    
Counter({np.int64(0): 1921, np.int64(1): 1913, np.int64(2): 1416})
==== Stage 3: Domain-invariant + HardNCE ====
  (HardNCE disabled for M4 ablation)
epoch            total_loss       cls_loss         dis_loss         hard_loss       
0                1.8170267344     0.7802804708     1.0367462635     0               
  Source acc: 0.938095  |  Target acc: 0.782000
  Best target acc: 0.782000

======== ROUND 1 ========  [Ablation: M4]
==== Stage 1: SupCon Pre-training ====
epoch            total_loss       cls_loss         supcon_loss     
0                8.4069919586     4.8996725082     7.0146398544    
1                4.0477943420     0.0798310786     7.9359269142    
==== Stage 2: Latent Domain PCL ====
epoch            total_loss       dis_loss         proto_loss       ent_pen_loss    
0                2.8187291622     2.5498881340     0.3162398934     0.1107210815    
Counter({np.int64(0): 2027, np.int64(1): 2003, np.int64(2): 1220})
==== Stage 3: Domain-invariant + HardNCE ====
  (HardNCE disabled for M4 ablation)
epoch            total_loss       cls_loss         dis_loss         hard_loss       
0                1.3102238178     0.3548484147     0.9553754330     0               
  Source acc: 0.937143  |  Target acc: 0.727333
  Best target acc: 0.782000

======== ROUND 2 ========  [Ablation: M4]
==== Stage 1: SupCon Pre-training ====
epoch            total_loss       cls_loss         supcon_loss     
0                5.3342533112     0.5978362560     9.4728336334    
1                9.8160657883     6.0502438545     7.5316438675    
==== Stage 2: Latent Domain PCL ====
epoch            total_loss       dis_loss         proto_loss       ent_pen_loss    
0                2.3702402115     1.5063974857     1.5062432289     0.1107210815    
Counter({np.int64(0): 2251, np.int64(1): 1761, np.int64(2): 1238})
==== Stage 3: Domain-invariant + HardNCE ====
  (HardNCE disabled for M4 ablation)
epoch            total_loss       cls_loss         dis_loss         hard_loss       
0                2.7108201981     1.6133877039     1.0974326134     0               
  Source acc: 0.967048  |  Target acc: 0.796667
  Best target acc: 0.796667

======== ROUND 3 ========  [Ablation: M4]
==== Stage 1: SupCon Pre-training ====
epoch            total_loss       cls_loss        
0                0.5739469528     0.5739469528    
1                0.0153461453     0.0153461453    
==== Stage 2: Latent Domain PCL ====
epoch            total_loss       dis_loss         proto_loss       ent_pen_loss    
0                3.0217142105     2.1157484055     1.5904892683     0.1107210815    
Counter({np.int64(0): 2538, np.int64(2): 2014, np.int64(1): 698})
==== Stage 3: Domain-invariant + HardNCE ====
  (HardNCE disabled for M4 ablation)
epoch            total_loss       cls_loss         dis_loss         hard_loss       
0                2.3882284164     1.1147972345     1.2734311819     0               
  Source acc: 0.941333  |  Target acc: 0.826000
  Best target acc: 0.826000

======== ROUND 4 ========  [Ablation: M4]
==== Stage 1: SupCon Pre-training ====
epoch            total_loss       cls_loss        
0                1.7832338810     1.7832338810    
1                0.0662195757     0.0662195757    
==== Stage 2: Latent Domain PCL ====
epoch            total_loss       dis_loss         proto_loss       ent_pen_loss    
0                1.2786326408     1.1536840200     0.0284551308     0.1107210815    
Counter({np.int64(2): 2692, np.int64(0): 1806, np.int64(1): 752})
==== Stage 3: Domain-invariant + HardNCE ====
  (HardNCE disabled for M4 ablation)
epoch            total_loss       cls_loss         dis_loss         hard_loss       
0                0.5515519381     0.1017492339     0.4498026967     0               
  Source acc: 0.862857  |  Target acc: 0.661333
  Best target acc: 0.826000

======== ROUND 5 ========  [Ablation: M4]
==== Stage 1: SupCon Pre-training ====
epoch            total_loss       cls_loss        
0                0.9982480407     0.9982480407    
1                0.5838924050     0.5838924050    
==== Stage 2: Latent Domain PCL ====
epoch            total_loss       dis_loss         proto_loss       ent_pen_loss    
0                4.7949748039     3.5944459438     1.8010575771     0.3000000119    
Counter({np.int64(2): 3143, np.int64(1): 1583, np.int64(0): 524})
==== Stage 3: Domain-invariant + HardNCE ====
  (HardNCE disabled for M4 ablation)
epoch            total_loss       cls_loss         dis_loss         hard_loss       
0                1.1423021555     0.1359991729     1.0063029528     0               
  Source acc: 0.974095  |  Target acc: 0.797333
  Best target acc: 0.826000

======== ROUND 6 ========  [Ablation: M4]
==== Stage 1: SupCon Pre-training ====
epoch            total_loss       cls_loss        
0                1.0410590172     1.0410590172    
1                1.2545750141     1.2545750141    
==== Stage 2: Latent Domain PCL ====
epoch            total_loss       dis_loss         proto_loss       ent_pen_loss    
0                2.8380863667     1.8771562576     1.3218601942     0.3000000119    
Counter({np.int64(0): 1892, np.int64(1): 1709, np.int64(2): 1649})
==== Stage 3: Domain-invariant + HardNCE ====
  (HardNCE disabled for M4 ablation)
epoch            total_loss       cls_loss         dis_loss         hard_loss       
0                1.5137137175     0.2490514666     1.2646622658     0               
  Source acc: 0.989143  |  Target acc: 0.853333
  Best target acc: 0.853333

======== ROUND 7 ========  [Ablation: M4]
==== Stage 1: SupCon Pre-training ====
epoch            total_loss       cls_loss        
0                0.0774907321     0.0774907321    
1                0.0553451069     0.0553451069    
==== Stage 2: Latent Domain PCL ====
epoch            total_loss       dis_loss         proto_loss       ent_pen_loss    
0                1.7042441368     1.1811296940     0.8247867227     0.1107210815    
Counter({np.int64(0): 2416, np.int64(2): 1549, np.int64(1): 1285})
==== Stage 3: Domain-invariant + HardNCE ====
  (HardNCE disabled for M4 ablation)
epoch            total_loss       cls_loss         dis_loss         hard_loss       
0                0.5223338008     0.0723448098     0.4499889910     0               
  Source acc: 0.988381  |  Target acc: 0.854000
  Best target acc: 0.854000

======== ROUND 8 ========  [Ablation: M4]
==== Stage 1: SupCon Pre-training ====
epoch            total_loss       cls_loss        
0                0.0700328499     0.0700328499    
1                1.3193140030     1.3193140030    
==== Stage 2: Latent Domain PCL ====
epoch            total_loss       dis_loss         proto_loss       ent_pen_loss    
0                1.3950263262     1.1244263649     0.3197577596     0.1107210815    
Counter({np.int64(1): 2096, np.int64(0): 1886, np.int64(2): 1268})
==== Stage 3: Domain-invariant + HardNCE ====
  (HardNCE disabled for M4 ablation)
epoch            total_loss       cls_loss         dis_loss         hard_loss       
0                0.7496423721     0.2306790948     0.5189632773     0               
  Source acc: 0.994095  |  Target acc: 0.863333
  Best target acc: 0.863333

======== ROUND 9 ========  [Ablation: M4]
==== Stage 1: SupCon Pre-training ====
epoch            total_loss       cls_loss        
0                0.1412121058     0.1412121058    
1                0.4708170295     0.4708170295    
==== Stage 2: Latent Domain PCL ====
epoch            total_loss       dis_loss         proto_loss       ent_pen_loss    
0                3.5199038982     2.4010729790     1.6376619339     0.3000000119    
Counter({np.int64(0): 2321, np.int64(1): 1472, np.int64(2): 1457})
==== Stage 3: Domain-invariant + HardNCE ====
  (HardNCE disabled for M4 ablation)
epoch            total_loss       cls_loss         dis_loss         hard_loss       
0                1.4797608852     0.0243335627     1.4554272890     0               
  Source acc: 0.991048  |  Target acc: 0.874667
  Best target acc: 0.874667

======== ROUND 10 ========  [Ablation: M4]
==== Stage 1: SupCon Pre-training ====
epoch            total_loss       cls_loss        
0                0.2396871746     0.2396871746    
1                0.3126561046     0.3126561046    
==== Stage 2: Latent Domain PCL ====
epoch            total_loss       dis_loss         proto_loss       ent_pen_loss    
0                1.0660538673     0.9463377595     0.0179900695     0.1107210815    
Counter({np.int64(2): 1813, np.int64(1): 1741, np.int64(0): 1696})
==== Stage 3: Domain-invariant + HardNCE ====
  (HardNCE disabled for M4 ablation)
epoch            total_loss       cls_loss         dis_loss         hard_loss       
0                6.9632186890     5.4745922089     1.4886263609     0               
  Source acc: 0.999810  |  Target acc: 0.892000
  Best target acc: 0.892000

======== ROUND 11 ========  [Ablation: M4]
==== Stage 1: SupCon Pre-training ====
epoch            total_loss       cls_loss        
0                5.9739599228     5.9739599228    
1                4.8391518593     4.8391518593    
==== Stage 2: Latent Domain PCL ====
epoch            total_loss       dis_loss         proto_loss       ent_pen_loss    
0                1.1349929571     0.9228025079     0.2029386014     0.1107210815    
Counter({np.int64(0): 2117, np.int64(1): 1650, np.int64(2): 1483})
==== Stage 3: Domain-invariant + HardNCE ====
  (HardNCE disabled for M4 ablation)
epoch            total_loss       cls_loss         dis_loss         hard_loss       
0                0.8685559034     0.0249789879     0.8435769081     0               
  Source acc: 0.999810  |  Target acc: 0.883333
  Best target acc: 0.892000

======== ROUND 12 ========  [Ablation: M4]
==== Stage 1: SupCon Pre-training ====
epoch            total_loss       cls_loss        
0                0.1648405194     0.1648405194    
1                0.4148599505     0.4148599505    
==== Stage 2: Latent Domain PCL ====
epoch            total_loss       dis_loss         proto_loss       ent_pen_loss    
0                0.4739998877     0.3517479599     0.0230616685     0.1107210815    
Counter({np.int64(2): 1968, np.int64(0): 1816, np.int64(1): 1466})
==== Stage 3: Domain-invariant + HardNCE ====
  (HardNCE disabled for M4 ablation)
epoch            total_loss       cls_loss         dis_loss         hard_loss       
0                0.7653853893     0.1902505010     0.5751348734     0               
  Source acc: 0.999810  |  Target acc: 0.906667
  Best target acc: 0.906667

======== ROUND 13 ========  [Ablation: M4]
==== Stage 1: SupCon Pre-training ====
epoch            total_loss       cls_loss        
0                0.0991110951     0.0991110951    
1                0.1796174794     0.1796174794    
==== Stage 2: Latent Domain PCL ====
epoch            total_loss       dis_loss         proto_loss       ent_pen_loss    
0                1.5179706812     1.3421514034     0.1301963478     0.1107210815    
Counter({np.int64(0): 2169, np.int64(2): 2132, np.int64(1): 949})
==== Stage 3: Domain-invariant + HardNCE ====
  (HardNCE disabled for M4 ablation)
epoch            total_loss       cls_loss         dis_loss         hard_loss       
0                0.2789568305     0.1705461740     0.1084106565     0               
  Source acc: 0.999810  |  Target acc: 0.896000
  Best target acc: 0.906667

======== ROUND 14 ========  [Ablation: M4]
==== Stage 1: SupCon Pre-training ====
epoch            total_loss       cls_loss        
0                0.2753692865     0.2753692865    
1                0.0175454319     0.0175454319    
==== Stage 2: Latent Domain PCL ====
epoch            total_loss       dis_loss         proto_loss       ent_pen_loss    
0                1.3138451576     0.4392317533     1.1492266655     0.3000000119    
Counter({np.int64(2): 2167, np.int64(0): 2139, np.int64(1): 944})
==== Stage 3: Domain-invariant + HardNCE ====
  (HardNCE disabled for M4 ablation)
epoch            total_loss       cls_loss         dis_loss         hard_loss       
0                0.7501745820     0.0324748382     0.7176997662     0               
  Source acc: 0.999810  |  Target acc: 0.888000
  Best target acc: 0.906667

======== ROUND 15 ========  [Ablation: M4]
==== Stage 1: SupCon Pre-training ====
epoch            total_loss       cls_loss        
0                0.0026161158     0.0026161158    
1                0.1497666985     0.1497666985    
==== Stage 2: Latent Domain PCL ====
epoch            total_loss       dis_loss         proto_loss       ent_pen_loss    
0                0.4759945273     0.3178995252     0.0947478265     0.1107210815    
Counter({np.int64(2): 2119, np.int64(0): 2098, np.int64(1): 1033})
==== Stage 3: Domain-invariant + HardNCE ====
  (HardNCE disabled for M4 ablation)
epoch            total_loss       cls_loss         dis_loss         hard_loss       
0                0.5315209031     0.1073129401     0.4242079854     0               
  Source acc: 1.000000  |  Target acc: 0.902000
  Best target acc: 0.906667

======== ROUND 16 ========  [Ablation: M4]
==== Stage 1: SupCon Pre-training ====
epoch            total_loss       cls_loss        
0                0.0460013822     0.0460013822    
1                0.0340908617     0.0340908617    
==== Stage 2: Latent Domain PCL ====
epoch            total_loss       dis_loss         proto_loss       ent_pen_loss    
0                1.7745761871     0.3868650496     2.1754224300     0.3000000119    
Counter({np.int64(0): 2167, np.int64(2): 1920, np.int64(1): 1163})
==== Stage 3: Domain-invariant + HardNCE ====
  (HardNCE disabled for M4 ablation)
epoch            total_loss       cls_loss         dis_loss         hard_loss       
0                0.4270685315     0.0084570190     0.4186115265     0               
  Source acc: 1.000000  |  Target acc: 0.905333
  Best target acc: 0.906667

======== ROUND 17 ========  [Ablation: M4]
==== Stage 1: SupCon Pre-training ====
epoch            total_loss       cls_loss        
0                0.0074148625     0.0074148625    
1                5.4985976219     5.4985976219    
==== Stage 2: Latent Domain PCL ====
epoch            total_loss       dis_loss         proto_loss       ent_pen_loss    
0                0.3836073279     0.2171111107     0.1115502641     0.1107210815    
Counter({np.int64(0): 2164, np.int64(2): 1873, np.int64(1): 1213})
==== Stage 3: Domain-invariant + HardNCE ====
  (HardNCE disabled for M4 ablation)
epoch            total_loss       cls_loss         dis_loss         hard_loss       
0                1.3234608173     0.2317334861     1.0917273760     0               
  Source acc: 1.000000  |  Target acc: 0.899333
  Best target acc: 0.906667

======== ROUND 18 ========  [Ablation: M4]
==== Stage 1: SupCon Pre-training ====
epoch            total_loss       cls_loss        
0                0.0457691215     0.0457691215    
1                0.0364891589     0.0364891589    
==== Stage 2: Latent Domain PCL ====
epoch            total_loss       dis_loss         proto_loss       ent_pen_loss    
0                0.2907403111     0.1724991202     0.0150402375     0.1107210815    
Counter({np.int64(0): 2281, np.int64(1): 1521, np.int64(2): 1448})
==== Stage 3: Domain-invariant + HardNCE ====
  (HardNCE disabled for M4 ablation)
epoch            total_loss       cls_loss         dis_loss         hard_loss       
0                6.3519186974     4.8854126930     1.4665060043     0               
  Source acc: 1.000000  |  Target acc: 0.896667
  Best target acc: 0.906667

======== ROUND 19 ========  [Ablation: M4]
==== Stage 1: SupCon Pre-training ====
epoch            total_loss       cls_loss        
0                1.9686874151     1.9686874151    
1                0.0112401163     0.0112401163    
==== Stage 2: Latent Domain PCL ====
epoch            total_loss       dis_loss         proto_loss       ent_pen_loss    
0                0.4628861845     0.1839716583     0.3363868892     0.1107210815    
Counter({np.int64(0): 2163, np.int64(2): 1830, np.int64(1): 1257})
==== Stage 3: Domain-invariant + HardNCE ====
  (HardNCE disabled for M4 ablation)
epoch            total_loss       cls_loss         dis_loss         hard_loss       
0                1.3521499634     0.0182047300     1.3339452744     0               
  Source acc: 1.000000  |  Target acc: 0.880667
  Best target acc: 0.906667

======== ROUND 20 ========  [Ablation: M4]
==== Stage 1: SupCon Pre-training ====
epoch            total_loss       cls_loss        
0                0.6478439569     0.6478439569    
1                6.1534447670     6.1534447670    
==== Stage 2: Latent Domain PCL ====
epoch            total_loss       dis_loss         proto_loss       ent_pen_loss    
0                3.7761552334     1.9088283777     3.1346540451     0.3000000119    
Counter({np.int64(0): 2261, np.int64(2): 1887, np.int64(1): 1102})
==== Stage 3: Domain-invariant + HardNCE ====
  (HardNCE disabled for M4 ablation)
epoch            total_loss       cls_loss         dis_loss         hard_loss       
0                0.6183158159     0.2035495937     0.4147662520     0               
  Source acc: 1.000000  |  Target acc: 0.887333
  Best target acc: 0.906667

======== ROUND 21 ========  [Ablation: M4]
==== Stage 1: SupCon Pre-training ====
epoch            total_loss       cls_loss        
0                0.3513408899     0.3513408899    
1                5.3255639076     5.3255639076    
==== Stage 2: Latent Domain PCL ====
epoch            total_loss       dis_loss         proto_loss       ent_pen_loss    
0                1.9343881607     0.7177265882     1.8333232403     0.3000000119    
Counter({np.int64(0): 2303, np.int64(2): 1531, np.int64(1): 1416})
==== Stage 3: Domain-invariant + HardNCE ====
  (HardNCE disabled for M4 ablation)
epoch            total_loss       cls_loss         dis_loss         hard_loss       
0                0.6770949364     0.3107503355     0.3663446009     0               
  Source acc: 1.000000  |  Target acc: 0.904000
  Best target acc: 0.906667

======== ROUND 22 ========  [Ablation: M4]
==== Stage 1: SupCon Pre-training ====
epoch            total_loss       cls_loss        
0                0.0614094734     0.0614094734    
1                0.1588248312     0.1588248312    
==== Stage 2: Latent Domain PCL ====
epoch            total_loss       dis_loss         proto_loss       ent_pen_loss    
0                1.2124118805     0.3368010521     1.5297793150     0.1107210815    
Counter({np.int64(0): 2100, np.int64(2): 1761, np.int64(1): 1389})
==== Stage 3: Domain-invariant + HardNCE ====
  (HardNCE disabled for M4 ablation)
epoch            total_loss       cls_loss         dis_loss         hard_loss       
0                1.3452973366     0.1687519848     1.1765453815     0               
  Source acc: 1.000000  |  Target acc: 0.893333
  Best target acc: 0.906667

======== ROUND 23 ========  [Ablation: M4]
==== Stage 1: SupCon Pre-training ====
epoch            total_loss       cls_loss        
0                0.0238865856     0.0238865856    
1                0.0674407855     0.0674407855    
==== Stage 2: Latent Domain PCL ====
epoch            total_loss       dis_loss         proto_loss       ent_pen_loss    
0                0.3367283344     0.1926056445     0.0668032095     0.1107210815    
Counter({np.int64(0): 2218, np.int64(2): 1993, np.int64(1): 1039})
==== Stage 3: Domain-invariant + HardNCE ====
  (HardNCE disabled for M4 ablation)
epoch            total_loss       cls_loss         dis_loss         hard_loss       
0                6.5121426582     5.3548917770     1.1572507620     0               
  Source acc: 1.000000  |  Target acc: 0.896667
  Best target acc: 0.906667

======== ROUND 24 ========  [Ablation: M4]
==== Stage 1: SupCon Pre-training ====
epoch            total_loss       cls_loss        
0                0.5443460941     0.5443460941    
1                5.0108699799     5.0108699799    
==== Stage 2: Latent Domain PCL ====
epoch            total_loss       dis_loss         proto_loss       ent_pen_loss    
0                0.8700860739     0.7303279042     0.0580742881     0.1107210815    
Counter({np.int64(0): 2298, np.int64(2): 1903, np.int64(1): 1049})
==== Stage 3: Domain-invariant + HardNCE ====
  (HardNCE disabled for M4 ablation)
epoch            total_loss       cls_loss         dis_loss         hard_loss       
0                0.5639191270     0.0207467768     0.5431723595     0               
  Source acc: 1.000000  |  Target acc: 0.896667
  Best target acc: 0.906667

======== ROUND 25 ========  [Ablation: M4]
==== Stage 1: SupCon Pre-training ====
epoch            total_loss       cls_loss        
0                0.0242186952     0.0242186952    
1                5.8816380501     5.8816380501    
==== Stage 2: Latent Domain PCL ====
epoch            total_loss       dis_loss         proto_loss       ent_pen_loss    
0                2.4388678074     0.5120156407     3.2537045479     0.3000000119    
Counter({np.int64(0): 2293, np.int64(2): 1983, np.int64(1): 974})
==== Stage 3: Domain-invariant + HardNCE ====
  (HardNCE disabled for M4 ablation)
epoch            total_loss       cls_loss         dis_loss         hard_loss       
0                1.9169090986     0.0620370321     1.8548721075     0               
  Source acc: 1.000000  |  Target acc: 0.902667
  Best target acc: 0.906667

======== ROUND 26 ========  [Ablation: M4]
==== Stage 1: SupCon Pre-training ====
epoch            total_loss       cls_loss        
0                5.5128989220     5.5128989220    
1                4.2854576111     4.2854576111    
==== Stage 2: Latent Domain PCL ====
epoch            total_loss       dis_loss         proto_loss       ent_pen_loss    
0                0.6140427589     0.4319353700     0.1427726448     0.1107210815    
Counter({np.int64(0): 2211, np.int64(2): 2103, np.int64(1): 936})
==== Stage 3: Domain-invariant + HardNCE ====
  (HardNCE disabled for M4 ablation)
epoch            total_loss       cls_loss         dis_loss         hard_loss       
0                5.8899202347     4.8354549408     1.0544651747     0               
  Source acc: 1.000000  |  Target acc: 0.900667
  Best target acc: 0.906667

======== ROUND 27 ========  [Ablation: M4]
==== Stage 1: SupCon Pre-training ====
epoch            total_loss       cls_loss        
0                0.0188758411     0.0188758411    
1                0.0316060595     0.0316060595    
==== Stage 2: Latent Domain PCL ====
epoch            total_loss       dis_loss         proto_loss       ent_pen_loss    
0                1.3567757607     0.3646667898     1.3842180967     0.3000000119    
Counter({np.int64(2): 2244, np.int64(0): 2191, np.int64(1): 815})
==== Stage 3: Domain-invariant + HardNCE ====
  (HardNCE disabled for M4 ablation)
epoch            total_loss       cls_loss         dis_loss         hard_loss       
0                1.1081161499     0.0182247311     1.0898914337     0               
  Source acc: 1.000000  |  Target acc: 0.904000
  Best target acc: 0.906667

======== ROUND 28 ========  [Ablation: M4]
==== Stage 1: SupCon Pre-training ====
epoch            total_loss       cls_loss        
0                0.3064306378     0.3064306378    
1                0.0093166791     0.0093166791    
==== Stage 2: Latent Domain PCL ====
epoch            total_loss       dis_loss         proto_loss       ent_pen_loss    
0                0.4395665228     0.3216061890     0.0144785009     0.1107210815    
Counter({np.int64(0): 2301, np.int64(2): 1862, np.int64(1): 1087})
==== Stage 3: Domain-invariant + HardNCE ====
  (HardNCE disabled for M4 ablation)
epoch            total_loss       cls_loss         dis_loss         hard_loss       
0                1.8242322206     0.0992963985     1.7249357700     0               
  Source acc: 1.000000  |  Target acc: 0.891333
  Best target acc: 0.906667

======== ROUND 29 ========  [Ablation: M4]
==== Stage 1: SupCon Pre-training ====
epoch            total_loss       cls_loss        
0                0.2775150537     0.2775150537    
1                0.7948656678     0.7948656678    
==== Stage 2: Latent Domain PCL ====
epoch            total_loss       dis_loss         proto_loss       ent_pen_loss    
0                1.0322456360     0.2299668938     1.3831152916     0.1107210815    
Counter({np.int64(2): 2377, np.int64(0): 1888, np.int64(1): 985})
==== Stage 3: Domain-invariant + HardNCE ====
  (HardNCE disabled for M4 ablation)
epoch            total_loss       cls_loss         dis_loss         hard_loss       
0                4.1969528198     0.0168214664     4.1801314354     0               
  Source acc: 1.000000  |  Target acc: 0.900667
  Best target acc: 0.906667

======== ROUND 30 ========  [Ablation: M4]
==== Stage 1: SupCon Pre-training ====
epoch            total_loss       cls_loss        
0                5.3538303375     5.3538303375    
1                6.0527029037     6.0527029037    
==== Stage 2: Latent Domain PCL ====
epoch            total_loss       dis_loss         proto_loss       ent_pen_loss    
0                0.6029837132     0.2019936293     0.5805379152     0.1107210815    
Counter({np.int64(0): 2328, np.int64(2): 1760, np.int64(1): 1162})
==== Stage 3: Domain-invariant + HardNCE ====
  (HardNCE disabled for M4 ablation)
epoch            total_loss       cls_loss         dis_loss         hard_loss       
0                0.6570750475     0.0634643584     0.5936107039     0               
  Source acc: 1.000000  |  Target acc: 0.907333
  Best target acc: 0.907333

======== ROUND 31 ========  [Ablation: M4]
==== Stage 1: SupCon Pre-training ====
epoch            total_loss       cls_loss        
0                5.1031861305     5.1031861305    
1                0.0084860027     0.0084860027    
==== Stage 2: Latent Domain PCL ====
epoch            total_loss       dis_loss         proto_loss       ent_pen_loss    
0                0.6461299658     0.4170183241     0.2367811203     0.1107210815    
Counter({np.int64(0): 2203, np.int64(2): 2199, np.int64(1): 848})
==== Stage 3: Domain-invariant + HardNCE ====
  (HardNCE disabled for M4 ablation)
epoch            total_loss       cls_loss         dis_loss         hard_loss       
0                1.8817013502     0.2028276622     1.6788736582     0               
  Source acc: 1.000000  |  Target acc: 0.887333
  Best target acc: 0.907333

======== ROUND 32 ========  [Ablation: M4]
==== Stage 1: SupCon Pre-training ====
epoch            total_loss       cls_loss        
0                0.0549253523     0.0549253523    
1                0.1312295347     0.1312295347    
==== Stage 2: Latent Domain PCL ====
epoch            total_loss       dis_loss         proto_loss       ent_pen_loss    
0                0.9522176981     0.7950491905     0.0928949118     0.1107210815    
Counter({np.int64(2): 2436, np.int64(0): 2168, np.int64(1): 646})
==== Stage 3: Domain-invariant + HardNCE ====
  (HardNCE disabled for M4 ablation)
epoch            total_loss       cls_loss         dis_loss         hard_loss       
0                2.5051770210     0.0856886432     2.4194884300     0               
  Source acc: 1.000000  |  Target acc: 0.894000
  Best target acc: 0.907333

======== ROUND 33 ========  [Ablation: M4]
==== Stage 1: SupCon Pre-training ====
epoch            total_loss       cls_loss        
0                0.0263761654     0.0263761654    
1                0.0275392197     0.0275392197    
==== Stage 2: Latent Domain PCL ====
epoch            total_loss       dis_loss         proto_loss       ent_pen_loss    
0                1.5287423134     1.0037107468     0.8286210299     0.1107210815    
Counter({np.int64(0): 2229, np.int64(2): 2100, np.int64(1): 921})
==== Stage 3: Domain-invariant + HardNCE ====
  (HardNCE disabled for M4 ablation)
epoch            total_loss       cls_loss         dis_loss         hard_loss       
0                0.7915065885     0.0132356826     0.7782709002     0               
  Source acc: 1.000000  |  Target acc: 0.896667
  Best target acc: 0.907333

======== ROUND 34 ========  [Ablation: M4]
==== Stage 1: SupCon Pre-training ====
epoch            total_loss       cls_loss        
0                0.1005825922     0.1005825922    
1                0.3970289528     0.3970289528    
==== Stage 2: Latent Domain PCL ====
epoch            total_loss       dis_loss         proto_loss       ent_pen_loss    
0                0.6248475313     0.5003829598     0.0274870116     0.1107210815    
Counter({np.int64(2): 2662, np.int64(0): 1641, np.int64(1): 947})
==== Stage 3: Domain-invariant + HardNCE ====
  (HardNCE disabled for M4 ablation)
epoch            total_loss       cls_loss         dis_loss         hard_loss       
0                1.5322746038     0.0274148062     1.5048598051     0               
  Source acc: 1.000000  |  Target acc: 0.897333
  Best target acc: 0.907333

======== ROUND 35 ========  [Ablation: M4]
==== Stage 1: SupCon Pre-training ====
epoch            total_loss       cls_loss        
0                0.1215218082     0.1215218082    
1                5.5377712250     5.5377712250    
==== Stage 2: Latent Domain PCL ====
epoch            total_loss       dis_loss         proto_loss       ent_pen_loss    
0                2.9322509766     2.7318880558     0.1792834699     0.1107210815    
Counter({np.int64(2): 2440, np.int64(0): 2190, np.int64(1): 620})
==== Stage 3: Domain-invariant + HardNCE ====
  (HardNCE disabled for M4 ablation)
epoch            total_loss       cls_loss         dis_loss         hard_loss       
0                0.3201737106     0.1078314483     0.2123422623     0               
  Source acc: 1.000000  |  Target acc: 0.891333
  Best target acc: 0.907333

======== ROUND 36 ========  [Ablation: M4]
==== Stage 1: SupCon Pre-training ====
epoch            total_loss       cls_loss        
0                0.0758635104     0.0758635104    
1                0.0074498882     0.0074498882    
==== Stage 2: Latent Domain PCL ====
epoch            total_loss       dis_loss         proto_loss       ent_pen_loss    
0                6.3301086426     3.0975539684     5.8651094437     0.3000000119    
Counter({np.int64(2): 2338, np.int64(0): 2223, np.int64(1): 689})
==== Stage 3: Domain-invariant + HardNCE ====
  (HardNCE disabled for M4 ablation)
epoch            total_loss       cls_loss         dis_loss         hard_loss       
0                0.3814408779     0.0264500268     0.3549908400     0               
  Source acc: 1.000000  |  Target acc: 0.898000
  Best target acc: 0.907333

======== ROUND 37 ========  [Ablation: M4]
==== Stage 1: SupCon Pre-training ====
epoch            total_loss       cls_loss        
0                0.0657949746     0.0657949746    
1                0.6782833934     0.6782833934    
==== Stage 2: Latent Domain PCL ====
epoch            total_loss       dis_loss         proto_loss       ent_pen_loss    
0                0.8108285666     0.6977515221     0.0047120256     0.1107210815    
Counter({np.int64(2): 2741, np.int64(0): 1941, np.int64(1): 568})
==== Stage 3: Domain-invariant + HardNCE ====
  (HardNCE disabled for M4 ablation)
epoch            total_loss       cls_loss         dis_loss         hard_loss       
0                0.6548079252     0.0299748871     0.6248330474     0               
  Source acc: 1.000000  |  Target acc: 0.898667
  Best target acc: 0.907333

======== ROUND 38 ========  [Ablation: M4]
==== Stage 1: SupCon Pre-training ====
epoch            total_loss       cls_loss        
0                0.0174466968     0.0174466968    
1                0.0137222717     0.0137222717    
==== Stage 2: Latent Domain PCL ====
epoch            total_loss       dis_loss         proto_loss       ent_pen_loss    
0                4.9502224922     3.0821604729     3.1361236572     0.3000000119    
Counter({np.int64(2): 2401, np.int64(0): 2384, np.int64(1): 465})
==== Stage 3: Domain-invariant + HardNCE ====
  (HardNCE disabled for M4 ablation)
epoch            total_loss       cls_loss         dis_loss         hard_loss       
0                0.9324979782     0.0455283597     0.8869696259     0               
  Source acc: 1.000000  |  Target acc: 0.907333
  Best target acc: 0.907333

======== ROUND 39 ========  [Ablation: M4]
==== Stage 1: SupCon Pre-training ====
epoch            total_loss       cls_loss        
0                0.0170235932     0.0170235932    
1                5.3168940544     5.3168940544    
==== Stage 2: Latent Domain PCL ====
epoch            total_loss       dis_loss         proto_loss       ent_pen_loss    
0                0.5536311865     0.4346616566     0.0164968576     0.1107210815    
Counter({np.int64(0): 2342, np.int64(2): 2284, np.int64(1): 624})
==== Stage 3: Domain-invariant + HardNCE ====
  (HardNCE disabled for M4 ablation)
epoch            total_loss       cls_loss         dis_loss         hard_loss       
0                0.3933045864     0.0133484527     0.3799561262     0               
  Source acc: 1.000000  |  Target acc: 0.894667
  Best target acc: 0.907333

======== ROUND 40 ========  [Ablation: M4]
==== Stage 1: SupCon Pre-training ====
epoch            total_loss       cls_loss        
0                0.3592979014     0.3592979014    
1                0.0092503875     0.0092503875    
==== Stage 2: Latent Domain PCL ====
epoch            total_loss       dis_loss         proto_loss       ent_pen_loss    
0                2.9704246521     0.5023893714     4.3360705376     0.3000000119    
Counter({np.int64(2): 2708, np.int64(0): 2260, np.int64(1): 282})
==== Stage 3: Domain-invariant + HardNCE ====
  (HardNCE disabled for M4 ablation)
epoch            total_loss       cls_loss         dis_loss         hard_loss       
0                0.1854681820     0.0259125084     0.1595556736     0               
  Source acc: 1.000000  |  Target acc: 0.892667
  Best target acc: 0.907333

======== ROUND 41 ========  [Ablation: M4]
==== Stage 1: SupCon Pre-training ====
epoch            total_loss       cls_loss        
0                0.0317186043     0.0317186043    
1                0.0557216704     0.0557216704    
==== Stage 2: Latent Domain PCL ====
epoch            total_loss       dis_loss         proto_loss       ent_pen_loss    
0                0.6174894571     0.5042412281     0.0050542313     0.1107210815    
Counter({np.int64(0): 2382, np.int64(2): 2304, np.int64(1): 564})
==== Stage 3: Domain-invariant + HardNCE ====
  (HardNCE disabled for M4 ablation)
epoch            total_loss       cls_loss         dis_loss         hard_loss       
0                0.4873667359     0.0860081017     0.4013586342     0               
  Source acc: 1.000000  |  Target acc: 0.903333
  Best target acc: 0.907333

======== ROUND 42 ========  [Ablation: M4]
==== Stage 1: SupCon Pre-training ====
epoch            total_loss       cls_loss        
0                3.4181563854     3.4181563854    
1                0.0037821857     0.0037821857    
==== Stage 2: Latent Domain PCL ====
epoch            total_loss       dis_loss         proto_loss       ent_pen_loss    
0                1.7800371647     0.5018072128     1.9564601183     0.3000000119    
Counter({np.int64(2): 2639, np.int64(0): 2356, np.int64(1): 255})
==== Stage 3: Domain-invariant + HardNCE ====
  (HardNCE disabled for M4 ablation)
epoch            total_loss       cls_loss         dis_loss         hard_loss       
0                0.2595962882     0.0833434314     0.1762528419     0               
  Source acc: 1.000000  |  Target acc: 0.892000
  Best target acc: 0.907333

======== ROUND 43 ========  [Ablation: M4]
==== Stage 1: SupCon Pre-training ====
epoch            total_loss       cls_loss        
0                0.2446417212     0.2446417212    
1                0.0690123364     0.0690123364    
==== Stage 2: Latent Domain PCL ====
epoch            total_loss       dis_loss         proto_loss       ent_pen_loss    
0                5.9753718376     3.2961845398     4.7583742142     0.3000000119    
Counter({np.int64(2): 2857, np.int64(0): 2107, np.int64(1): 286})
==== Stage 3: Domain-invariant + HardNCE ====
  (HardNCE disabled for M4 ablation)
epoch            total_loss       cls_loss         dis_loss         hard_loss       
0                0.3598868847     0.0261519738     0.3337348998     0               
  Source acc: 1.000000  |  Target acc: 0.887333
  Best target acc: 0.907333

======== ROUND 44 ========  [Ablation: M4]
==== Stage 1: SupCon Pre-training ====
epoch            total_loss       cls_loss        
0                0.1316383630     0.1316383630    
1                1.1618132591     1.1618132591    
==== Stage 2: Latent Domain PCL ====
epoch            total_loss       dis_loss         proto_loss       ent_pen_loss    
0                0.7699452639     0.6342915893     0.0498651862     0.1107210815    
Counter({np.int64(0): 2322, np.int64(2): 2314, np.int64(1): 614})
==== Stage 3: Domain-invariant + HardNCE ====
  (HardNCE disabled for M4 ablation)
epoch            total_loss       cls_loss         dis_loss         hard_loss       
0                1.3848260641     0.3875258565     0.9973002076     0               
  Source acc: 1.000000  |  Target acc: 0.896667
  Best target acc: 0.907333

======== ROUND 45 ========  [Ablation: M4]
==== Stage 1: SupCon Pre-training ====
epoch            total_loss       cls_loss        
0                0.0340835378     0.0340835378    
1                0.0173464399     0.0173464399    
==== Stage 2: Latent Domain PCL ====
epoch            total_loss       dis_loss         proto_loss       ent_pen_loss    
0                1.6423388720     0.1497184038     2.7637987137     0.1107210815    
Counter({np.int64(2): 2658, np.int64(0): 2352, np.int64(1): 240})
==== Stage 3: Domain-invariant + HardNCE ====
  (HardNCE disabled for M4 ablation)
epoch            total_loss       cls_loss         dis_loss         hard_loss       
0                0.2442171127     0.0324861370     0.2117309719     0               
  Source acc: 1.000000  |  Target acc: 0.898000
  Best target acc: 0.907333

======== ROUND 46 ========  [Ablation: M4]
==== Stage 1: SupCon Pre-training ====
epoch            total_loss       cls_loss        
0                0.0429866612     0.0429866612    
1                0.0154193137     0.0154193137    
==== Stage 2: Latent Domain PCL ====
epoch            total_loss       dis_loss         proto_loss       ent_pen_loss    
0                0.5391955376     0.4234500527     0.0100488346     0.1107210815    
Counter({np.int64(2): 2805, np.int64(0): 2321, np.int64(1): 124})
==== Stage 3: Domain-invariant + HardNCE ====
  (HardNCE disabled for M4 ablation)
epoch            total_loss       cls_loss         dis_loss         hard_loss       
0                5.9488725662     4.6721882820     1.2766844034     0               
  Source acc: 1.000000  |  Target acc: 0.897333
  Best target acc: 0.907333

======== ROUND 47 ========  [Ablation: M4]
==== Stage 1: SupCon Pre-training ====
epoch            total_loss       cls_loss        
0                6.0746917725     6.0746917725    
1                0.0477037393     0.0477037393    
==== Stage 2: Latent Domain PCL ====
epoch            total_loss       dis_loss         proto_loss       ent_pen_loss    
0                2.9763424397     2.7459759712     0.2392906547     0.1107210815    
Counter({np.int64(0): 2369, np.int64(2): 2147, np.int64(1): 734})
==== Stage 3: Domain-invariant + HardNCE ====
  (HardNCE disabled for M4 ablation)
epoch            total_loss       cls_loss         dis_loss         hard_loss       
0                0.7886663079     0.0111845145     0.7774817944     0               
  Source acc: 1.000000  |  Target acc: 0.897333
  Best target acc: 0.907333

======== ROUND 48 ========  [Ablation: M4]
==== Stage 1: SupCon Pre-training ====
epoch            total_loss       cls_loss        
0                0.0323373489     0.0323373489    
1                0.0589987300     0.0589987300    
==== Stage 2: Latent Domain PCL ====
epoch            total_loss       dis_loss         proto_loss       ent_pen_loss    
0                1.3258872032     0.5149842501     1.0218060017     0.3000000119    
Counter({np.int64(2): 2885, np.int64(0): 1501, np.int64(1): 864})
==== Stage 3: Domain-invariant + HardNCE ====
  (HardNCE disabled for M4 ablation)
epoch            total_loss       cls_loss         dis_loss         hard_loss       
0                4.0422081947     0.1064710543     3.9357373714     0               
  Source acc: 1.000000  |  Target acc: 0.893333
  Best target acc: 0.907333

======== ROUND 49 ========  [Ablation: M4]
==== Stage 1: SupCon Pre-training ====
epoch            total_loss       cls_loss        
0                0.0907597542     0.0907597542    
1                0.0314775370     0.0314775370    
==== Stage 2: Latent Domain PCL ====
epoch            total_loss       dis_loss         proto_loss       ent_pen_loss    
0                6.1475744247     3.4754171371     4.7443137169     0.3000000119    
Counter({np.int64(2): 2835, np.int64(0): 2310, np.int64(1): 105})
==== Stage 3: Domain-invariant + HardNCE ====
  (HardNCE disabled for M4 ablation)
epoch            total_loss       cls_loss         dis_loss         hard_loss       
0                1.5161291361     0.3263711035     1.1897580624     0               
  Source acc: 1.000000  |  Target acc: 0.893333
  Best target acc: 0.907333
[ConfMatrix] saved to log/abl_widar1ap_cross_user_M4_s3 (cm shape=(6, 6))

Results saved to log/abl_widar1ap_cross_user_M4_s3
acc.txt: log/abl_widar1ap_cross_user_M4_s3/acc.txt
bestacc.txt: log/abl_widar1ap_cross_user_M4_s3/bestacc.txt
