[Seed] global random seed set to 3

[Ablation Mode] M1
[XRF55Dataset] loaded 3840 samples from 1 dirs
[XRF55Dataset] loaded 960 samples from 1 dirs
[XRF55Dataset] loaded 3840 samples from 1 dirs
Train set size: 3840 samples, 120 batches
Test set size:  960 samples, 30 batches
Source eval size: 3840 samples

[Direction Sensitivity] Manual weights (dir_w=0.5): {0: 0.0, 1: 0.5, 2: 0.5, 3: 0.5, 4: 0.5, 5: 0.5, 6: 0.5, 7: 0.5}

======== ROUND 0 ========  [Ablation: M1]
==== Stage 1: SupCon Pre-training ====
epoch            total_loss       cls_loss        
0                1.2248142958     1.2248142958    
1                1.0867559910     1.0867559910    
==== Stage 2: Latent Domain PCL ====
epoch            total_loss       dis_loss         proto_loss       ent_pen_loss    
0                2.5558087826     2.2558088303     0.0000000000     0.3000000119    
Counter({np.int64(2): 1578, np.int64(0): 1555, np.int64(1): 707})
==== Stage 3: Domain-invariant + HardNCE ====
epoch            total_loss       cls_loss         dis_loss         hard_loss       
0                1.6624801159     0.8507838249     0.5531701446     0.8617534637    
  Source acc: 0.743750  |  Target acc: 0.529167
  Best target acc: 0.529167

======== ROUND 1 ========  [Ablation: M1]
==== Stage 1: SupCon Pre-training ====
epoch            total_loss       cls_loss        
0                0.5626431108     0.5626431108    
1                0.2543691993     0.2543691993    
==== Stage 2: Latent Domain PCL ====
epoch            total_loss       dis_loss         proto_loss       ent_pen_loss    
0                1.9623317719     1.6278330088     0.6222530603     0.0233721174    
Counter({np.int64(1): 1742, np.int64(0): 1109, np.int64(2): 989})
==== Stage 3: Domain-invariant + HardNCE ====
epoch            total_loss       cls_loss         dis_loss         hard_loss       
0                1.2539311647     0.4527657628     0.5474439859     0.8457378149    
  Source acc: 0.890104  |  Target acc: 0.542708
  Best target acc: 0.542708

======== ROUND 2 ========  [Ablation: M1]
==== Stage 1: SupCon Pre-training ====
epoch            total_loss       cls_loss        
0                0.3945468068     0.3945468068    
1                0.1688525826     0.1688525826    
==== Stage 2: Latent Domain PCL ====
epoch            total_loss       dis_loss         proto_loss       ent_pen_loss    
0                1.8990113735     1.6002401114     0.5871527791     0.0051949215    
Counter({np.int64(1): 1706, np.int64(2): 1383, np.int64(0): 751})
==== Stage 3: Domain-invariant + HardNCE ====
epoch            total_loss       cls_loss         dis_loss         hard_loss       
0                1.1326366663     0.3186681569     0.5730245709     0.8031462431    
  Source acc: 0.965104  |  Target acc: 0.531250
  Best target acc: 0.542708

======== ROUND 3 ========  [Ablation: M1]
==== Stage 1: SupCon Pre-training ====
epoch            total_loss       cls_loss        
0                0.3319557607     0.3319557607    
1                0.1326883286     0.1326883286    
==== Stage 2: Latent Domain PCL ====
epoch            total_loss       dis_loss         proto_loss       ent_pen_loss    
0                2.0474252701     1.8486486673     0.3771226406     0.0102151651    
Counter({np.int64(1): 1576, np.int64(0): 1543, np.int64(2): 721})
==== Stage 3: Domain-invariant + HardNCE ====
epoch            total_loss       cls_loss         dis_loss         hard_loss       
0                1.3916990757     0.2983714938     0.8488475084     0.8149337769    
  Source acc: 0.915365  |  Target acc: 0.525000
  Best target acc: 0.542708

======== ROUND 4 ========  [Ablation: M1]
==== Stage 1: SupCon Pre-training ====
epoch            total_loss       cls_loss        
0                0.3850057721     0.3850057721    
1                0.2118660063     0.2118660063    
==== Stage 2: Latent Domain PCL ====
epoch            total_loss       dis_loss         proto_loss       ent_pen_loss    
0                2.2131676674     1.9542872906     0.4834583700     0.0171511024    
Counter({np.int64(0): 1850, np.int64(2): 1129, np.int64(1): 861})
==== Stage 3: Domain-invariant + HardNCE ====
epoch            total_loss       cls_loss         dis_loss         hard_loss       
0                1.1360875368     0.2578684688     0.6550442576     0.7439159751    
  Source acc: 0.974479  |  Target acc: 0.542708
  Best target acc: 0.542708

======== ROUND 5 ========  [Ablation: M1]
==== Stage 1: SupCon Pre-training ====
epoch            total_loss       cls_loss        
0                0.3464386761     0.3464386761    
1                0.1301037669     0.1301037669    
==== Stage 2: Latent Domain PCL ====
epoch            total_loss       dis_loss         proto_loss       ent_pen_loss    
0                1.7386112213     1.5608618259     0.2855078578     0.0349954143    
Counter({np.int64(1): 1419, np.int64(0): 1277, np.int64(2): 1144})
==== Stage 3: Domain-invariant + HardNCE ====
epoch            total_loss       cls_loss         dis_loss         hard_loss       
0                1.1915317774     0.2500134110     0.7264081836     0.7170339823    
  Source acc: 0.991927  |  Target acc: 0.581250
  Best target acc: 0.581250

======== ROUND 6 ========  [Ablation: M1]
==== Stage 1: SupCon Pre-training ====
epoch            total_loss       cls_loss        
0                0.4819534421     0.4819534421    
1                0.0563001074     0.0563001074    
==== Stage 2: Latent Domain PCL ====
epoch            total_loss       dis_loss         proto_loss       ent_pen_loss    
0                2.3163857460     1.8731675148     0.8408064246     0.0228149444    
Counter({np.int64(2): 1538, np.int64(1): 1214, np.int64(0): 1088})
==== Stage 3: Domain-invariant + HardNCE ====
epoch            total_loss       cls_loss         dis_loss         hard_loss       
0                1.2073230743     0.1041739434     0.8971602321     0.6866296530    
  Source acc: 0.988802  |  Target acc: 0.553125
  Best target acc: 0.581250

======== ROUND 7 ========  [Ablation: M1]
==== Stage 1: SupCon Pre-training ====
epoch            total_loss       cls_loss        
0                0.0318920277     0.0318920277    
1                0.1845278889     0.1845278889    
==== Stage 2: Latent Domain PCL ====
epoch            total_loss       dis_loss         proto_loss       ent_pen_loss    
0                2.4172313213     1.9163255692     0.8832544684     0.0592784360    
Counter({np.int64(1): 1468, np.int64(0): 1464, np.int64(2): 908})
==== Stage 3: Domain-invariant + HardNCE ====
epoch            total_loss       cls_loss         dis_loss         hard_loss       
0                1.2144114971     0.1816036403     0.8173337579     0.7182469964    
  Source acc: 0.973698  |  Target acc: 0.582292
  Best target acc: 0.582292

======== ROUND 8 ========  [Ablation: M1]
==== Stage 1: SupCon Pre-training ====
epoch            total_loss       cls_loss        
0                0.0213215388     0.0213215388    
1                0.1492981315     0.1492981315    
==== Stage 2: Latent Domain PCL ====
epoch            total_loss       dis_loss         proto_loss       ent_pen_loss    
0                2.2807254791     2.0464751720     0.4646984935     0.0019012074    
Counter({np.int64(0): 1717, np.int64(1): 1304, np.int64(2): 819})
==== Stage 3: Domain-invariant + HardNCE ====
epoch            total_loss       cls_loss         dis_loss         hard_loss       
0                0.8306283951     0.1830386817     0.4346185923     0.7099036574    
  Source acc: 0.982552  |  Target acc: 0.568750
  Best target acc: 0.582292

======== ROUND 9 ========  [Ablation: M1]
==== Stage 1: SupCon Pre-training ====
epoch            total_loss       cls_loss        
0                0.0984388068     0.0984388068    
1                0.2022718489     0.2022718489    
==== Stage 2: Latent Domain PCL ====
epoch            total_loss       dis_loss         proto_loss       ent_pen_loss    
0                1.9056230783     1.7035452127     0.3341648281     0.0349954143    
Counter({np.int64(0): 1741, np.int64(1): 1275, np.int64(2): 824})
==== Stage 3: Domain-invariant + HardNCE ====
epoch            total_loss       cls_loss         dis_loss         hard_loss       
0                1.2744667530     0.2648194730     0.7831020951     0.7551506758    
  Source acc: 0.994010  |  Target acc: 0.584375
  Best target acc: 0.584375

======== ROUND 10 ========  [Ablation: M1]
==== Stage 1: SupCon Pre-training ====
epoch            total_loss       cls_loss        
0                0.1102851555     0.1102851555    
1                0.1332048327     0.1332048327    
==== Stage 2: Latent Domain PCL ====
epoch            total_loss       dis_loss         proto_loss       ent_pen_loss    
0                1.3596152067     0.9942910075     0.6526809335     0.0389836691    
Counter({np.int64(0): 1852, np.int64(2): 1072, np.int64(1): 916})
==== Stage 3: Domain-invariant + HardNCE ====
epoch            total_loss       cls_loss         dis_loss         hard_loss       
0                1.1148784161     0.0988802835     0.8151620030     0.6694536209    
  Source acc: 1.000000  |  Target acc: 0.586458
  Best target acc: 0.586458

======== ROUND 11 ========  [Ablation: M1]
==== Stage 1: SupCon Pre-training ====
epoch            total_loss       cls_loss        
0                0.0120381285     0.0120381285    
1                0.0614566356     0.0614566356    
==== Stage 2: Latent Domain PCL ====
epoch            total_loss       dis_loss         proto_loss       ent_pen_loss    
0                1.0920240879     0.9634001255     0.1605155468     0.0483661704    
Counter({np.int64(0): 1890, np.int64(2): 1089, np.int64(1): 861})
==== Stage 3: Domain-invariant + HardNCE ====
epoch            total_loss       cls_loss         dis_loss         hard_loss       
0                1.0926911831     0.0517581850     0.8481040597     0.6427631378    
  Source acc: 1.000000  |  Target acc: 0.587500
  Best target acc: 0.587500

======== ROUND 12 ========  [Ablation: M1]
==== Stage 1: SupCon Pre-training ====
epoch            total_loss       cls_loss        
0                0.0142151406     0.0142151406    
1                0.0577221587     0.0577221587    
==== Stage 2: Latent Domain PCL ====
epoch            total_loss       dis_loss         proto_loss       ent_pen_loss    
0                1.0277420282     0.8799034953     0.2454617620     0.0251076631    
Counter({np.int64(0): 1934, np.int64(2): 1094, np.int64(1): 812})
==== Stage 3: Domain-invariant + HardNCE ====
epoch            total_loss       cls_loss         dis_loss         hard_loss       
0                0.7800135016     0.1013787240     0.4628177285     0.7193901539    
  Source acc: 1.000000  |  Target acc: 0.607292
  Best target acc: 0.607292

======== ROUND 13 ========  [Ablation: M1]
==== Stage 1: SupCon Pre-training ====
epoch            total_loss       cls_loss        
0                0.0326545350     0.0326545350    
1                0.0108407661     0.0108407661    
==== Stage 2: Latent Domain PCL ====
epoch            total_loss       dis_loss         proto_loss       ent_pen_loss    
0                0.8981059790     0.8647606373     0.0520090871     0.0073407623    
Counter({np.int64(0): 1944, np.int64(2): 1209, np.int64(1): 687})
==== Stage 3: Domain-invariant + HardNCE ====
epoch            total_loss       cls_loss         dis_loss         hard_loss       
0                0.6619033217     0.0418282636     0.4246120453     0.6515432596    
  Source acc: 1.000000  |  Target acc: 0.602083
  Best target acc: 0.607292

======== ROUND 14 ========  [Ablation: M1]
==== Stage 1: SupCon Pre-training ====
epoch            total_loss       cls_loss        
0                0.0253360197     0.0253360197    
1                0.0032970393     0.0032970393    
==== Stage 2: Latent Domain PCL ====
epoch            total_loss       dis_loss         proto_loss       ent_pen_loss    
0                1.2577372789     1.1367981434     0.1335472465     0.0541654825    
Counter({np.int64(0): 1938, np.int64(2): 1338, np.int64(1): 564})
==== Stage 3: Domain-invariant + HardNCE ====
epoch            total_loss       cls_loss         dis_loss         hard_loss       
0                0.5688481331     0.1089047790     0.2748935223     0.6168327332    
  Source acc: 1.000000  |  Target acc: 0.593750
  Best target acc: 0.607292

======== ROUND 15 ========  [Ablation: M1]
==== Stage 1: SupCon Pre-training ====
epoch            total_loss       cls_loss        
0                0.0761680305     0.0761680305    
1                0.0051523140     0.0051523140    
==== Stage 2: Latent Domain PCL ====
epoch            total_loss       dis_loss         proto_loss       ent_pen_loss    
0                1.4043704271     1.2891808748     0.1603881419     0.0349954143    
Counter({np.int64(0): 1789, np.int64(2): 1539, np.int64(1): 512})
==== Stage 3: Domain-invariant + HardNCE ====
epoch            total_loss       cls_loss         dis_loss         hard_loss       
0                0.5628168583     0.0386972688     0.3478183448     0.5876706839    
  Source acc: 1.000000  |  Target acc: 0.586458
  Best target acc: 0.607292

======== ROUND 16 ========  [Ablation: M1]
==== Stage 1: SupCon Pre-training ====
epoch            total_loss       cls_loss        
0                0.0143379495     0.0143379495    
1                0.0063796821     0.0063796821    
==== Stage 2: Latent Domain PCL ====
epoch            total_loss       dis_loss         proto_loss       ent_pen_loss    
0                1.1405575275     1.0374941826     0.1593823731     0.0233721174    
Counter({np.int64(0): 1680, np.int64(2): 1601, np.int64(1): 559})
==== Stage 3: Domain-invariant + HardNCE ====
epoch            total_loss       cls_loss         dis_loss         hard_loss       
0                0.8078706861     0.0343574472     0.5757778287     0.6591180563    
  Source acc: 1.000000  |  Target acc: 0.594792
  Best target acc: 0.607292

======== ROUND 17 ========  [Ablation: M1]
==== Stage 1: SupCon Pre-training ====
epoch            total_loss       cls_loss        
0                0.0087580970     0.0087580970    
1                0.0298732612     0.0298732612    
==== Stage 2: Latent Domain PCL ====
epoch            total_loss       dis_loss         proto_loss       ent_pen_loss    
0                1.2633222342     1.0915764570     0.2792802453     0.0321056955    
Counter({np.int64(2): 1656, np.int64(0): 1646, np.int64(1): 538})
==== Stage 3: Domain-invariant + HardNCE ====
epoch            total_loss       cls_loss         dis_loss         hard_loss       
0                1.2705492973     0.0208375417     1.0589851141     0.6357553601    
  Source acc: 1.000000  |  Target acc: 0.585417
  Best target acc: 0.607292

======== ROUND 18 ========  [Ablation: M1]
==== Stage 1: SupCon Pre-training ====
epoch            total_loss       cls_loss        
0                0.0360025205     0.0360025205    
1                0.0040005376     0.0040005376    
==== Stage 2: Latent Domain PCL ====
epoch            total_loss       dis_loss         proto_loss       ent_pen_loss    
0                1.6605274677     1.5645382404     0.1578408927     0.0170687120    
Counter({np.int64(0): 1734, np.int64(2): 1669, np.int64(1): 437})
==== Stage 3: Domain-invariant + HardNCE ====
epoch            total_loss       cls_loss         dis_loss         hard_loss       
0                0.6740427613     0.0108246738     0.4525353611     0.7022756934    
  Source acc: 1.000000  |  Target acc: 0.594792
  Best target acc: 0.607292

======== ROUND 19 ========  [Ablation: M1]
==== Stage 1: SupCon Pre-training ====
epoch            total_loss       cls_loss        
0                0.0179788750     0.0179788750    
1                0.0339674428     0.0339674428    
==== Stage 2: Latent Domain PCL ====
epoch            total_loss       dis_loss         proto_loss       ent_pen_loss    
0                1.8034725189     1.4929137230     0.5868152380     0.0171511024    
Counter({np.int64(0): 1793, np.int64(2): 1626, np.int64(1): 421})
==== Stage 3: Domain-invariant + HardNCE ====
epoch            total_loss       cls_loss         dis_loss         hard_loss       
0                0.6672210693     0.0162420664     0.4758267999     0.5838407278    
  Source acc: 1.000000  |  Target acc: 0.609375
  Best target acc: 0.609375

======== ROUND 20 ========  [Ablation: M1]
==== Stage 1: SupCon Pre-training ====
epoch            total_loss       cls_loss        
0                0.0075876382     0.0075876382    
1                0.0034948604     0.0034948604    
==== Stage 2: Latent Domain PCL ====
epoch            total_loss       dis_loss         proto_loss       ent_pen_loss    
0                1.2277115583     1.1474889517     0.0731401071     0.0436525419    
Counter({np.int64(0): 1882, np.int64(2): 1604, np.int64(1): 354})
==== Stage 3: Domain-invariant + HardNCE ====
epoch            total_loss       cls_loss         dis_loss         hard_loss       
0                0.8479234576     0.0127641559     0.6549162269     0.6008101702    
  Source acc: 1.000000  |  Target acc: 0.610417
  Best target acc: 0.610417

======== ROUND 21 ========  [Ablation: M1]
==== Stage 1: SupCon Pre-training ====
epoch            total_loss       cls_loss        
0                0.0255642291     0.0255642291    
1                0.0077735065     0.0077735065    
==== Stage 2: Latent Domain PCL ====
epoch            total_loss       dis_loss         proto_loss       ent_pen_loss    
0                1.6006482840     1.5130697489     0.0516337231     0.0617615692    
Counter({np.int64(0): 1785, np.int64(2): 1669, np.int64(1): 386})
==== Stage 3: Domain-invariant + HardNCE ====
epoch            total_loss       cls_loss         dis_loss         hard_loss       
0                1.1034045219     0.1403764486     0.7697808743     0.6441574097    
  Source acc: 1.000000  |  Target acc: 0.606250
  Best target acc: 0.610417

======== ROUND 22 ========  [Ablation: M1]
==== Stage 1: SupCon Pre-training ====
epoch            total_loss       cls_loss        
0                0.0204078835     0.0204078835    
1                0.0857765153     0.0857765153    
==== Stage 2: Latent Domain PCL ====
epoch            total_loss       dis_loss         proto_loss       ent_pen_loss    
0                1.5886675119     1.4558274746     0.1689477265     0.0483661704    
Counter({np.int64(0): 1828, np.int64(2): 1661, np.int64(1): 351})
==== Stage 3: Domain-invariant + HardNCE ====
epoch            total_loss       cls_loss         dis_loss         hard_loss       
0                0.9172784686     0.0329521485     0.7106106877     0.5790520906    
  Source acc: 1.000000  |  Target acc: 0.598958
  Best target acc: 0.610417

======== ROUND 23 ========  [Ablation: M1]
==== Stage 1: SupCon Pre-training ====
epoch            total_loss       cls_loss        
0                0.0035101450     0.0035101450    
1                0.0053395359     0.0053395359    
==== Stage 2: Latent Domain PCL ====
epoch            total_loss       dis_loss         proto_loss       ent_pen_loss    
0                1.3160970211     1.1109387875     0.2990725338     0.0556219406    
Counter({np.int64(0): 1864, np.int64(2): 1643, np.int64(1): 333})
==== Stage 3: Domain-invariant + HardNCE ====
epoch            total_loss       cls_loss         dis_loss         hard_loss       
0                0.5564140677     0.0138186887     0.3468159437     0.6525981426    
  Source acc: 1.000000  |  Target acc: 0.610417
  Best target acc: 0.610417

======== ROUND 24 ========  [Ablation: M1]
==== Stage 1: SupCon Pre-training ====
epoch            total_loss       cls_loss        
0                0.0080414163     0.0080414163    
1                0.0030065500     0.0030065500    
==== Stage 2: Latent Domain PCL ====
epoch            total_loss       dis_loss         proto_loss       ent_pen_loss    
0                1.2904194593     1.2132141590     0.0901991799     0.0321056955    
Counter({np.int64(0): 1891, np.int64(2): 1633, np.int64(1): 316})
==== Stage 3: Domain-invariant + HardNCE ====
epoch            total_loss       cls_loss         dis_loss         hard_loss       
0                0.7903404832     0.0150264408     0.5806819201     0.6487736702    
  Source acc: 1.000000  |  Target acc: 0.605208
  Best target acc: 0.610417

======== ROUND 25 ========  [Ablation: M1]
==== Stage 1: SupCon Pre-training ====
epoch            total_loss       cls_loss        
0                0.0532597378     0.0532597378    
1                0.0067774397     0.0067774397    
==== Stage 2: Latent Domain PCL ====
epoch            total_loss       dis_loss         proto_loss       ent_pen_loss    
0                1.5075731277     1.3477363586     0.1554365456     0.0821184590    
Counter({np.int64(0): 1896, np.int64(2): 1635, np.int64(1): 309})
==== Stage 3: Domain-invariant + HardNCE ====
epoch            total_loss       cls_loss         dis_loss         hard_loss       
0                1.0417195559     0.0412697010     0.8039716482     0.6549271941    
  Source acc: 1.000000  |  Target acc: 0.606250
  Best target acc: 0.610417

======== ROUND 26 ========  [Ablation: M1]
==== Stage 1: SupCon Pre-training ====
epoch            total_loss       cls_loss        
0                0.0065502524     0.0065502524    
1                0.0065272460     0.0065272460    
==== Stage 2: Latent Domain PCL ====
epoch            total_loss       dis_loss         proto_loss       ent_pen_loss    
0                1.5059124231     1.4065442085     0.0411363468     0.0788001195    
Counter({np.int64(0): 1855, np.int64(2): 1660, np.int64(1): 325})
==== Stage 3: Domain-invariant + HardNCE ====
epoch            total_loss       cls_loss         dis_loss         hard_loss       
0                0.8214011192     0.0511396825     0.5920643806     0.5939900875    
  Source acc: 1.000000  |  Target acc: 0.600000
  Best target acc: 0.610417

======== ROUND 27 ========  [Ablation: M1]
==== Stage 1: SupCon Pre-training ====
epoch            total_loss       cls_loss        
0                0.0026987316     0.0026987316    
1                0.0062715411     0.0062715411    
==== Stage 2: Latent Domain PCL ====
epoch            total_loss       dis_loss         proto_loss       ent_pen_loss    
0                1.7731046677     1.6892313957     0.1269585341     0.0203939695    
Counter({np.int64(0): 1916, np.int64(2): 1642, np.int64(1): 282})
==== Stage 3: Domain-invariant + HardNCE ====
epoch            total_loss       cls_loss         dis_loss         hard_loss       
0                0.6200886965     0.0203279201     0.4157505929     0.6133673191    
  Source acc: 1.000000  |  Target acc: 0.605208
  Best target acc: 0.610417

======== ROUND 28 ========  [Ablation: M1]
==== Stage 1: SupCon Pre-training ====
epoch            total_loss       cls_loss        
0                0.0130891101     0.0130891101    
1                0.0381382816     0.0381382816    
==== Stage 2: Latent Domain PCL ====
epoch            total_loss       dis_loss         proto_loss       ent_pen_loss    
0                1.5872464180     1.4887164831     0.1230112836     0.0370242447    
Counter({np.int64(0): 1914, np.int64(2): 1642, np.int64(1): 284})
==== Stage 3: Domain-invariant + HardNCE ====
epoch            total_loss       cls_loss         dis_loss         hard_loss       
0                0.5541683435     0.0226720367     0.3578456640     0.5788353682    
  Source acc: 1.000000  |  Target acc: 0.597917
  Best target acc: 0.610417

======== ROUND 29 ========  [Ablation: M1]
==== Stage 1: SupCon Pre-training ====
epoch            total_loss       cls_loss        
0                0.0263849888     0.0263849888    
1                0.0107270433     0.0107270433    
==== Stage 2: Latent Domain PCL ====
epoch            total_loss       dis_loss         proto_loss       ent_pen_loss    
0                1.7820230722     1.6899311543     0.0945201516     0.0448319279    
Counter({np.int64(0): 1915, np.int64(2): 1659, np.int64(1): 266})
==== Stage 3: Domain-invariant + HardNCE ====
epoch            total_loss       cls_loss         dis_loss         hard_loss       
0                1.1261265278     0.0470618159     0.8942623734     0.6160079837    
  Source acc: 1.000000  |  Target acc: 0.593750
  Best target acc: 0.610417

======== ROUND 30 ========  [Ablation: M1]
==== Stage 1: SupCon Pre-training ====
epoch            total_loss       cls_loss        
0                0.0342904963     0.0342904963    
1                0.0057099438     0.0057099438    
==== Stage 2: Latent Domain PCL ====
epoch            total_loss       dis_loss         proto_loss       ent_pen_loss    
0                1.5595468283     1.4999297857     0.0295704305     0.0448319279    
Counter({np.int64(0): 1922, np.int64(2): 1665, np.int64(1): 253})
==== Stage 3: Domain-invariant + HardNCE ====
epoch            total_loss       cls_loss         dis_loss         hard_loss       
0                1.1883605719     0.0687867180     0.9482019544     0.5712398291    
  Source acc: 1.000000  |  Target acc: 0.597917
  Best target acc: 0.610417

======== ROUND 31 ========  [Ablation: M1]
==== Stage 1: SupCon Pre-training ====
epoch            total_loss       cls_loss        
0                0.0176465623     0.0176465623    
1                0.0042711776     0.0042711776    
==== Stage 2: Latent Domain PCL ====
epoch            total_loss       dis_loss         proto_loss       ent_pen_loss    
0                1.6326837540     1.5637651682     0.0505321138     0.0436525419    
Counter({np.int64(0): 1930, np.int64(2): 1642, np.int64(1): 268})
==== Stage 3: Domain-invariant + HardNCE ====
epoch            total_loss       cls_loss         dis_loss         hard_loss       
0                1.1079756021     0.0069817556     0.9005767107     0.6680570841    
  Source acc: 1.000000  |  Target acc: 0.608333
  Best target acc: 0.610417

======== ROUND 32 ========  [Ablation: M1]
==== Stage 1: SupCon Pre-training ====
epoch            total_loss       cls_loss        
0                0.0054488168     0.0054488168    
1                0.0124246152     0.0124246152    
==== Stage 2: Latent Domain PCL ====
epoch            total_loss       dis_loss         proto_loss       ent_pen_loss    
0                1.8474828005     1.7456572056     0.1747859716     0.0144325616    
Counter({np.int64(0): 1949, np.int64(2): 1646, np.int64(1): 245})
==== Stage 3: Domain-invariant + HardNCE ====
epoch            total_loss       cls_loss         dis_loss         hard_loss       
0                0.6109909415     0.0090852045     0.4081475139     0.6458607316    
  Source acc: 1.000000  |  Target acc: 0.614583
  Best target acc: 0.614583

======== ROUND 33 ========  [Ablation: M1]
==== Stage 1: SupCon Pre-training ====
epoch            total_loss       cls_loss        
0                0.0053426060     0.0053426060    
1                0.0150792236     0.0150792236    
==== Stage 2: Latent Domain PCL ====
epoch            total_loss       dis_loss         proto_loss       ent_pen_loss    
0                1.9547573328     1.7423157692     0.1861916333     0.1193457544    
Counter({np.int64(0): 1920, np.int64(2): 1690, np.int64(1): 230})
==== Stage 3: Domain-invariant + HardNCE ====
epoch            total_loss       cls_loss         dis_loss         hard_loss       
0                0.4780237675     0.0117041543     0.2688770592     0.6581417918    
  Source acc: 1.000000  |  Target acc: 0.617708
  Best target acc: 0.617708

======== ROUND 34 ========  [Ablation: M1]
==== Stage 1: SupCon Pre-training ====
epoch            total_loss       cls_loss        
0                0.0200440623     0.0200440623    
1                0.0081704864     0.0081704864    
==== Stage 2: Latent Domain PCL ====
epoch            total_loss       dis_loss         proto_loss       ent_pen_loss    
0                1.9182058573     1.7623636723     0.0891748294     0.1112547591    
Counter({np.int64(0): 1949, np.int64(2): 1658, np.int64(1): 233})
==== Stage 3: Domain-invariant + HardNCE ====
epoch            total_loss       cls_loss         dis_loss         hard_loss       
0                0.8179060817     0.0084140124     0.6293277144     0.6005477309    
  Source acc: 1.000000  |  Target acc: 0.615625
  Best target acc: 0.617708

======== ROUND 35 ========  [Ablation: M1]
==== Stage 1: SupCon Pre-training ====
epoch            total_loss       cls_loss        
0                0.1175026000     0.1175026000    
1                0.0026774793     0.0026774793    
==== Stage 2: Latent Domain PCL ====
epoch            total_loss       dis_loss         proto_loss       ent_pen_loss    
0                1.8545322418     1.7548222542     0.0774369389     0.0609915033    
Counter({np.int64(0): 1950, np.int64(2): 1663, np.int64(1): 227})
==== Stage 3: Domain-invariant + HardNCE ====
epoch            total_loss       cls_loss         dis_loss         hard_loss       
0                0.4576067030     0.0245641358     0.2474778742     0.6185489893    
  Source acc: 1.000000  |  Target acc: 0.598958
  Best target acc: 0.617708

======== ROUND 36 ========  [Ablation: M1]
==== Stage 1: SupCon Pre-training ====
epoch            total_loss       cls_loss        
0                0.0127375610     0.0127375610    
1                0.0057539316     0.0057539316    
==== Stage 2: Latent Domain PCL ====
epoch            total_loss       dis_loss         proto_loss       ent_pen_loss    
0                2.0299317837     1.8222820759     0.2967423797     0.0592784360    
Counter({np.int64(0): 1898, np.int64(2): 1735, np.int64(1): 207})
==== Stage 3: Domain-invariant + HardNCE ====
epoch            total_loss       cls_loss         dis_loss         hard_loss       
0                1.6694549322     0.0241437368     1.4630769491     0.6074475050    
  Source acc: 1.000000  |  Target acc: 0.609375
  Best target acc: 0.617708

======== ROUND 37 ========  [Ablation: M1]
==== Stage 1: SupCon Pre-training ====
epoch            total_loss       cls_loss        
0                0.0035188496     0.0035188496    
1                0.0126304878     0.0126304878    
==== Stage 2: Latent Domain PCL ====
epoch            total_loss       dis_loss         proto_loss       ent_pen_loss    
0                1.8057699203     1.6858627796     0.1223960593     0.0587091036    
Counter({np.int64(0): 1938, np.int64(2): 1713, np.int64(1): 189})
==== Stage 3: Domain-invariant + HardNCE ====
epoch            total_loss       cls_loss         dis_loss         hard_loss       
0                1.1594091654     0.0371362194     0.8980698586     0.7473438382    
  Source acc: 1.000000  |  Target acc: 0.600000
  Best target acc: 0.617708

======== ROUND 38 ========  [Ablation: M1]
==== Stage 1: SupCon Pre-training ====
epoch            total_loss       cls_loss        
0                0.0298270322     0.0298270322    
1                0.0133980643     0.0133980643    
==== Stage 2: Latent Domain PCL ====
epoch            total_loss       dis_loss         proto_loss       ent_pen_loss    
0                2.2351803780     2.0358209610     0.1600277275     0.1193457544    
Counter({np.int64(0): 1931, np.int64(2): 1723, np.int64(1): 186})
==== Stage 3: Domain-invariant + HardNCE ====
epoch            total_loss       cls_loss         dis_loss         hard_loss       
0                1.0162770748     0.0177875962     0.8242192268     0.5809006691    
  Source acc: 1.000000  |  Target acc: 0.600000
  Best target acc: 0.617708

======== ROUND 39 ========  [Ablation: M1]
==== Stage 1: SupCon Pre-training ====
epoch            total_loss       cls_loss        
0                0.0035637384     0.0035637384    
1                0.1341824532     0.1341824532    
==== Stage 2: Latent Domain PCL ====
epoch            total_loss       dis_loss         proto_loss       ent_pen_loss    
0                2.1906359196     2.0595593452     0.0364333242     0.1128600538    
Counter({np.int64(0): 1946, np.int64(2): 1712, np.int64(1): 182})
==== Stage 3: Domain-invariant + HardNCE ====
epoch            total_loss       cls_loss         dis_loss         hard_loss       
0                1.5354816914     0.0137570202     1.3284205198     0.6443471909    
  Source acc: 1.000000  |  Target acc: 0.609375
  Best target acc: 0.617708

======== ROUND 40 ========  [Ablation: M1]
==== Stage 1: SupCon Pre-training ====
epoch            total_loss       cls_loss        
0                0.0088128857     0.0088128857    
1                0.0013944120     0.0013944120    
==== Stage 2: Latent Domain PCL ====
epoch            total_loss       dis_loss         proto_loss       ent_pen_loss    
0                2.2864327431     2.1920075417     0.0702934563     0.0592784360    
Counter({np.int64(0): 1909, np.int64(2): 1776, np.int64(1): 155})
==== Stage 3: Domain-invariant + HardNCE ====
epoch            total_loss       cls_loss         dis_loss         hard_loss       
0                0.5417928100     0.0186093599     0.3236416876     0.6651391983    
  Source acc: 1.000000  |  Target acc: 0.613542
  Best target acc: 0.617708

======== ROUND 41 ========  [Ablation: M1]
==== Stage 1: SupCon Pre-training ====
epoch            total_loss       cls_loss        
0                0.0014400115     0.0014400115    
1                0.0017892211     0.0017892211    
==== Stage 2: Latent Domain PCL ====
epoch            total_loss       dis_loss         proto_loss       ent_pen_loss    
0                1.9074767828     1.8075550795     0.0422433466     0.0788001195    
Counter({np.int64(0): 1904, np.int64(2): 1782, np.int64(1): 154})
==== Stage 3: Domain-invariant + HardNCE ====
epoch            total_loss       cls_loss         dis_loss         hard_loss       
0                1.4544905424     0.0249705687     1.2347790003     0.6491367221    
  Source acc: 1.000000  |  Target acc: 0.605208
  Best target acc: 0.617708

======== ROUND 42 ========  [Ablation: M1]
==== Stage 1: SupCon Pre-training ====
epoch            total_loss       cls_loss        
0                0.0058629224     0.0058629224    
1                0.0014133946     0.0014133946    
==== Stage 2: Latent Domain PCL ====
epoch            total_loss       dis_loss         proto_loss       ent_pen_loss    
0                2.0605659485     1.9152535200     0.0649049282     0.1128600538    
Counter({np.int64(0): 1912, np.int64(2): 1777, np.int64(1): 151})
==== Stage 3: Domain-invariant + HardNCE ====
epoch            total_loss       cls_loss         dis_loss         hard_loss       
0                1.6489140987     0.0177154299     1.4542390108     0.5898655653    
  Source acc: 1.000000  |  Target acc: 0.607292
  Best target acc: 0.617708

======== ROUND 43 ========  [Ablation: M1]
==== Stage 1: SupCon Pre-training ====
epoch            total_loss       cls_loss        
0                0.0038461513     0.0038461513    
1                0.0296791978     0.0296791978    
==== Stage 2: Latent Domain PCL ====
epoch            total_loss       dis_loss         proto_loss       ent_pen_loss    
0                2.2670121193     2.1865200996     0.0332559496     0.0638638884    
Counter({np.int64(0): 1890, np.int64(2): 1797, np.int64(1): 153})
==== Stage 3: Domain-invariant + HardNCE ====
epoch            total_loss       cls_loss         dis_loss         hard_loss       
0                1.3154300451     0.0197716057     1.1068898439     0.6292288303    
  Source acc: 1.000000  |  Target acc: 0.603125
  Best target acc: 0.617708

======== ROUND 44 ========  [Ablation: M1]
==== Stage 1: SupCon Pre-training ====
epoch            total_loss       cls_loss        
0                0.0215162728     0.0215162728    
1                0.0148446746     0.0148446746    
==== Stage 2: Latent Domain PCL ====
epoch            total_loss       dis_loss         proto_loss       ent_pen_loss    
0                2.2894227505     2.0748913288     0.1159636304     0.1565495878    
Counter({np.int64(0): 1920, np.int64(2): 1770, np.int64(1): 150})
==== Stage 3: Domain-invariant + HardNCE ====
epoch            total_loss       cls_loss         dis_loss         hard_loss       
0                1.4497423172     0.0199868381     1.2435235977     0.6207729578    
  Source acc: 1.000000  |  Target acc: 0.617708
  Best target acc: 0.617708

======== ROUND 45 ========  [Ablation: M1]
==== Stage 1: SupCon Pre-training ====
epoch            total_loss       cls_loss        
0                0.0039904253     0.0039904253    
1                0.0102995234     0.0102995234    
==== Stage 2: Latent Domain PCL ====
epoch            total_loss       dis_loss         proto_loss       ent_pen_loss    
0                1.6774549484     1.5680112839     0.0612871498     0.0788001195    
Counter({np.int64(2): 1836, np.int64(0): 1789, np.int64(1): 215})
==== Stage 3: Domain-invariant + HardNCE ====
epoch            total_loss       cls_loss         dis_loss         hard_loss       
0                0.8084989190     0.0259028971     0.5763845444     0.6873716116    
  Source acc: 1.000000  |  Target acc: 0.605208
  Best target acc: 0.617708

======== ROUND 46 ========  [Ablation: M1]
==== Stage 1: SupCon Pre-training ====
epoch            total_loss       cls_loss        
0                0.0091361888     0.0091361888    
1                0.0033520916     0.0033520916    
==== Stage 2: Latent Domain PCL ====
epoch            total_loss       dis_loss         proto_loss       ent_pen_loss    
0                1.7925176620     1.6952686310     0.1071929187     0.0436525419    
Counter({np.int64(0): 1957, np.int64(2): 1713, np.int64(1): 170})
==== Stage 3: Domain-invariant + HardNCE ====
epoch            total_loss       cls_loss         dis_loss         hard_loss       
0                1.8466014862     0.0253349543     1.6343501806     0.6230543852    
  Source acc: 1.000000  |  Target acc: 0.616667
  Best target acc: 0.617708

======== ROUND 47 ========  [Ablation: M1]
==== Stage 1: SupCon Pre-training ====
epoch            total_loss       cls_loss        
0                0.0019978753     0.0019978753    
1                0.0018215223     0.0018215223    
==== Stage 2: Latent Domain PCL ====
epoch            total_loss       dis_loss         proto_loss       ent_pen_loss    
0                1.9569655657     1.6840016842     0.3234180212     0.1112547591    
Counter({np.int64(0): 1924, np.int64(2): 1785, np.int64(1): 131})
==== Stage 3: Domain-invariant + HardNCE ====
epoch            total_loss       cls_loss         dis_loss         hard_loss       
0                1.0167802572     0.0318707190     0.8043426871     0.6018894315    
  Source acc: 1.000000  |  Target acc: 0.608333
  Best target acc: 0.617708

======== ROUND 48 ========  [Ablation: M1]
==== Stage 1: SupCon Pre-training ====
epoch            total_loss       cls_loss        
0                0.0140529098     0.0140529098    
1                0.0012110674     0.0012110674    
==== Stage 2: Latent Domain PCL ====
epoch            total_loss       dis_loss         proto_loss       ent_pen_loss    
0                1.9925312996     1.8249192238     0.0866626948     0.1242806390    
Counter({np.int64(0): 1902, np.int64(2): 1792, np.int64(1): 146})
==== Stage 3: Domain-invariant + HardNCE ====
epoch            total_loss       cls_loss         dis_loss         hard_loss       
0                1.0010632277     0.0453336053     0.7834505439     0.5742635727    
  Source acc: 1.000000  |  Target acc: 0.605208
  Best target acc: 0.617708

======== ROUND 49 ========  [Ablation: M1]
==== Stage 1: SupCon Pre-training ====
epoch            total_loss       cls_loss        
0                0.0024737008     0.0024737008    
1                0.0108541297     0.0108541297    
==== Stage 2: Latent Domain PCL ====
epoch            total_loss       dis_loss         proto_loss       ent_pen_loss    
0                1.9924111366     1.9011256695     0.0249708556     0.0788001195    
Counter({np.int64(0): 1941, np.int64(2): 1756, np.int64(1): 143})
==== Stage 3: Domain-invariant + HardNCE ====
epoch            total_loss       cls_loss         dis_loss         hard_loss       
0                1.5292607546     0.0188570023     1.3428009748     0.5586759448    
  Source acc: 1.000000  |  Target acc: 0.595833
  Best target acc: 0.617708
[ConfMatrix] saved to log/abl_xrf_cross_user_M1_s3 (cm shape=(8, 8))

Results saved to log/abl_xrf_cross_user_M1_s3
acc.txt: log/abl_xrf_cross_user_M1_s3/acc.txt
bestacc.txt: log/abl_xrf_cross_user_M1_s3/bestacc.txt
