[Seed] global random seed set to 2

[Ablation Mode] M2
[WidarDataset] loaded 5400 samples, gesture_map={'G01': 0, 'G02': 1, 'G03': 2, 'G04': 3, 'G05': 4, 'G06': 5}
[WidarDataset] loaded 1350 samples, gesture_map={'G01': 0, 'G02': 1, 'G03': 2, 'G04': 3, 'G05': 4, 'G06': 5}
[WidarDataset] loaded 5400 samples, gesture_map={'G01': 0, 'G02': 1, 'G03': 2, 'G04': 3, 'G05': 4, 'G06': 5}
Train set size: 5400 samples, 169 batches
Test set size:  1350 samples, 43 batches
Source eval size: 5400 samples

[Direction Sensitivity] Manual weights (dir_w=0.5): {0: 0.0, 1: 0.0, 2: 0.0, 3: 0.0, 4: 0.0, 5: 0.0}

======== ROUND 0 ========  [Ablation: M2]
==== Stage 1: SupCon Pre-training ====
epoch            total_loss       cls_loss         supcon_loss     
0                3.7696187496     0.8039608002     5.9313158989    
1                3.4031949043     0.4572819769     5.8918256760    
==== Stage 2: SKIPPED (M2 ablation) ====
  Random domain assignment: Counter({1: 1841, 2: 1797, 0: 1762})
==== Stage 3: Domain-invariant + HardNCE ====
epoch            total_loss       cls_loss         dis_loss         hard_loss       
0                1.7524160147     0.4846582413     1.1859056950     0.2728403509    
  Source acc: 0.949259  |  Target acc: 0.922222
  Best target acc: 0.922222

======== ROUND 1 ========  [Ablation: M2]
==== Stage 1: SupCon Pre-training ====
epoch            total_loss       cls_loss         supcon_loss     
0                2.9792892933     0.1623471528     5.6338844299    
1                2.7974576950     0.1733515710     5.2482123375    
==== Stage 2: SKIPPED (M2 ablation) ====
  Random domain assignment: Counter({0: 1809, 2: 1799, 1: 1792})
==== Stage 3: Domain-invariant + HardNCE ====
epoch            total_loss       cls_loss         dis_loss         hard_loss       
0                1.4286235571     0.1322634965     1.1820317507     0.3810941577    
  Source acc: 0.981481  |  Target acc: 0.952593
  Best target acc: 0.952593

======== ROUND 2 ========  [Ablation: M2]
==== Stage 1: SupCon Pre-training ====
epoch            total_loss       cls_loss         supcon_loss     
0                2.7610933781     0.2679460645     4.9862947464    
1                2.5059225559     0.0294319447     4.9529809952    
==== Stage 2: SKIPPED (M2 ablation) ====
  Random domain assignment: Counter({1: 1838, 0: 1816, 2: 1746})
==== Stage 3: Domain-invariant + HardNCE ====
epoch            total_loss       cls_loss         dis_loss         hard_loss       
0                1.4566520452     0.1969815940     1.1602902412     0.3312674463    
  Source acc: 0.967963  |  Target acc: 0.938519
  Best target acc: 0.952593

======== ROUND 3 ========  [Ablation: M2]
==== Stage 1: SupCon Pre-training ====
epoch            total_loss       cls_loss        
0                0.1144147813     0.1144147813    
1                0.4132864773     0.4132864773    
==== Stage 2: SKIPPED (M2 ablation) ====
  Random domain assignment: Counter({1: 1836, 0: 1818, 2: 1746})
==== Stage 3: Domain-invariant + HardNCE ====
epoch            total_loss       cls_loss         dis_loss         hard_loss       
0                1.2669047117     0.0701251775     1.1582061052     0.1285778731    
  Source acc: 0.989259  |  Target acc: 0.959259
  Best target acc: 0.959259

======== ROUND 4 ========  [Ablation: M2]
==== Stage 1: SupCon Pre-training ====
epoch            total_loss       cls_loss        
0                0.0728396103     0.0728396103    
1                0.0374942534     0.0374942534    
==== Stage 2: SKIPPED (M2 ablation) ====
  Random domain assignment: Counter({0: 1884, 1: 1767, 2: 1749})
==== Stage 3: Domain-invariant + HardNCE ====
epoch            total_loss       cls_loss         dis_loss         hard_loss       
0                1.2145031691     0.0771899149     1.0930348635     0.1475946009    
  Source acc: 0.993333  |  Target acc: 0.962963
  Best target acc: 0.962963

======== ROUND 5 ========  [Ablation: M2]
==== Stage 1: SupCon Pre-training ====
epoch            total_loss       cls_loss        
0                0.0396083295     0.0396083295    
1                0.1045376360     0.1045376360    
==== Stage 2: SKIPPED (M2 ablation) ====
  Random domain assignment: Counter({0: 1886, 2: 1779, 1: 1735})
==== Stage 3: Domain-invariant + HardNCE ====
epoch            total_loss       cls_loss         dis_loss         hard_loss       
0                1.2726894617     0.0438827127     1.1820669174     0.1557994932    
  Source acc: 0.980185  |  Target acc: 0.939259
  Best target acc: 0.962963

======== ROUND 6 ========  [Ablation: M2]
==== Stage 1: SupCon Pre-training ====
epoch            total_loss       cls_loss        
0                0.2498925179     0.2498925179    
1                0.0090395277     0.0090395277    
==== Stage 2: SKIPPED (M2 ablation) ====
  Random domain assignment: Counter({2: 1836, 1: 1802, 0: 1762})
==== Stage 3: Domain-invariant + HardNCE ====
epoch            total_loss       cls_loss         dis_loss         hard_loss       
0                1.3654912710     0.1892638057     1.1023187637     0.2463623732    
  Source acc: 0.994444  |  Target acc: 0.958519
  Best target acc: 0.962963

======== ROUND 7 ========  [Ablation: M2]
==== Stage 1: SupCon Pre-training ====
epoch            total_loss       cls_loss        
0                0.1285628229     0.1285628229    
1                0.0870770812     0.0870770812    
==== Stage 2: SKIPPED (M2 ablation) ====
  Random domain assignment: Counter({0: 1840, 2: 1814, 1: 1746})
==== Stage 3: Domain-invariant + HardNCE ====
epoch            total_loss       cls_loss         dis_loss         hard_loss       
0                1.4337784052     0.2221922874     1.1529791355     0.1953567564    
  Source acc: 0.996111  |  Target acc: 0.966667
  Best target acc: 0.966667

======== ROUND 8 ========  [Ablation: M2]
==== Stage 1: SupCon Pre-training ====
epoch            total_loss       cls_loss        
0                0.5262805223     0.5262805223    
1                0.2751546204     0.2751546204    
==== Stage 2: SKIPPED (M2 ablation) ====
  Random domain assignment: Counter({2: 1838, 0: 1805, 1: 1757})
==== Stage 3: Domain-invariant + HardNCE ====
epoch            total_loss       cls_loss         dis_loss         hard_loss       
0                1.3544032574     0.1678771824     1.1118707657     0.2488509417    
  Source acc: 0.996481  |  Target acc: 0.960000
  Best target acc: 0.966667

======== ROUND 9 ========  [Ablation: M2]
==== Stage 1: SupCon Pre-training ====
epoch            total_loss       cls_loss        
0                0.1134558693     0.1134558693    
1                0.0298952404     0.0298952404    
==== Stage 2: SKIPPED (M2 ablation) ====
  Random domain assignment: Counter({0: 1859, 1: 1809, 2: 1732})
==== Stage 3: Domain-invariant + HardNCE ====
epoch            total_loss       cls_loss         dis_loss         hard_loss       
0                1.2154449224     0.0555386096     1.1110422611     0.1628798544    
  Source acc: 0.993148  |  Target acc: 0.957778
  Best target acc: 0.966667

======== ROUND 10 ========  [Ablation: M2]
==== Stage 1: SupCon Pre-training ====
epoch            total_loss       cls_loss        
0                0.0570246577     0.0570246577    
1                0.0292058829     0.0292058829    
==== Stage 2: SKIPPED (M2 ablation) ====
  Random domain assignment: Counter({0: 1854, 2: 1775, 1: 1771})
==== Stage 3: Domain-invariant + HardNCE ====
epoch            total_loss       cls_loss         dis_loss         hard_loss       
0                1.1720156670     0.0386058949     1.0852639675     0.1604857743    
  Source acc: 1.000000  |  Target acc: 0.970370
  Best target acc: 0.970370

======== ROUND 11 ========  [Ablation: M2]
==== Stage 1: SupCon Pre-training ====
epoch            total_loss       cls_loss        
0                0.0040950566     0.0040950566    
1                0.0120909959     0.0120909959    
==== Stage 2: SKIPPED (M2 ablation) ====
  Random domain assignment: Counter({1: 1833, 0: 1799, 2: 1768})
==== Stage 3: Domain-invariant + HardNCE ====
epoch            total_loss       cls_loss         dis_loss         hard_loss       
0                1.1727359295     0.0120691573     1.1220357418     0.1287703365    
  Source acc: 1.000000  |  Target acc: 0.973333
  Best target acc: 0.973333

======== ROUND 12 ========  [Ablation: M2]
==== Stage 1: SupCon Pre-training ====
epoch            total_loss       cls_loss        
0                0.0276115518     0.0276115518    
1                0.0022761093     0.0022761093    
==== Stage 2: SKIPPED (M2 ablation) ====
  Random domain assignment: Counter({0: 1893, 1: 1777, 2: 1730})
==== Stage 3: Domain-invariant + HardNCE ====
epoch            total_loss       cls_loss         dis_loss         hard_loss       
0                1.1534066200     0.0041368464     1.1030741930     0.1539855897    
  Source acc: 1.000000  |  Target acc: 0.971852
  Best target acc: 0.973333

======== ROUND 13 ========  [Ablation: M2]
==== Stage 1: SupCon Pre-training ====
epoch            total_loss       cls_loss        
0                0.0046873358     0.0046873358    
1                0.0022811121     0.0022811121    
==== Stage 2: SKIPPED (M2 ablation) ====
  Random domain assignment: Counter({1: 1860, 0: 1774, 2: 1766})
==== Stage 3: Domain-invariant + HardNCE ====
epoch            total_loss       cls_loss         dis_loss         hard_loss       
0                1.2316664457     0.0416144840     1.1103384495     0.2657114863    
  Source acc: 1.000000  |  Target acc: 0.969630
  Best target acc: 0.973333

======== ROUND 14 ========  [Ablation: M2]
==== Stage 1: SupCon Pre-training ====
epoch            total_loss       cls_loss        
0                0.0008148227     0.0008148227    
1                0.0216345023     0.0216345023    
==== Stage 2: SKIPPED (M2 ablation) ====
  Random domain assignment: Counter({1: 1889, 0: 1794, 2: 1717})
==== Stage 3: Domain-invariant + HardNCE ====
epoch            total_loss       cls_loss         dis_loss         hard_loss       
0                1.1685818434     0.0137699554     1.1039704084     0.1694713235    
  Source acc: 1.000000  |  Target acc: 0.971111
  Best target acc: 0.973333

======== ROUND 15 ========  [Ablation: M2]
==== Stage 1: SupCon Pre-training ====
epoch            total_loss       cls_loss        
0                0.0029939141     0.0029939141    
1                0.0005833577     0.0005833577    
==== Stage 2: SKIPPED (M2 ablation) ====
  Random domain assignment: Counter({2: 1833, 1: 1822, 0: 1745})
==== Stage 3: Domain-invariant + HardNCE ====
epoch            total_loss       cls_loss         dis_loss         hard_loss       
0                1.1859648228     0.0043769893     1.1402615309     0.1377541274    
  Source acc: 1.000000  |  Target acc: 0.974815
  Best target acc: 0.974815

======== ROUND 16 ========  [Ablation: M2]
==== Stage 1: SupCon Pre-training ====
epoch            total_loss       cls_loss        
0                0.0017769737     0.0017769737    
1                0.0020795965     0.0020795965    
==== Stage 2: SKIPPED (M2 ablation) ====
  Random domain assignment: Counter({0: 1809, 1: 1809, 2: 1782})
==== Stage 3: Domain-invariant + HardNCE ====
epoch            total_loss       cls_loss         dis_loss         hard_loss       
0                1.1880791187     0.0499401353     1.1000924110     0.1268219650    
  Source acc: 1.000000  |  Target acc: 0.973333
  Best target acc: 0.974815

======== ROUND 17 ========  [Ablation: M2]
==== Stage 1: SupCon Pre-training ====
epoch            total_loss       cls_loss        
0                0.0008509897     0.0008509897    
1                0.0126647158     0.0126647158    
==== Stage 2: SKIPPED (M2 ablation) ====
  Random domain assignment: Counter({0: 1854, 1: 1800, 2: 1746})
==== Stage 3: Domain-invariant + HardNCE ====
epoch            total_loss       cls_loss         dis_loss         hard_loss       
0                1.2544951439     0.1162347421     1.1085355282     0.0990827307    
  Source acc: 1.000000  |  Target acc: 0.974815
  Best target acc: 0.974815

======== ROUND 18 ========  [Ablation: M2]
==== Stage 1: SupCon Pre-training ====
epoch            total_loss       cls_loss        
0                0.0027176749     0.0027176749    
1                0.0210835114     0.0210835114    
==== Stage 2: SKIPPED (M2 ablation) ====
  Random domain assignment: Counter({1: 1828, 2: 1808, 0: 1764})
==== Stage 3: Domain-invariant + HardNCE ====
epoch            total_loss       cls_loss         dis_loss         hard_loss       
0                1.1574076414     0.0236104932     1.0893623829     0.1481159925    
  Source acc: 1.000000  |  Target acc: 0.973333
  Best target acc: 0.974815

======== ROUND 19 ========  [Ablation: M2]
==== Stage 1: SupCon Pre-training ====
epoch            total_loss       cls_loss        
0                0.0008160197     0.0008160197    
1                0.0003884914     0.0003884914    
==== Stage 2: SKIPPED (M2 ablation) ====
  Random domain assignment: Counter({2: 1888, 0: 1779, 1: 1733})
==== Stage 3: Domain-invariant + HardNCE ====
epoch            total_loss       cls_loss         dis_loss         hard_loss       
0                1.1438091993     0.0140875345     1.0943095684     0.1180403829    
  Source acc: 1.000000  |  Target acc: 0.973333
  Best target acc: 0.974815

======== ROUND 20 ========  [Ablation: M2]
==== Stage 1: SupCon Pre-training ====
epoch            total_loss       cls_loss        
0                0.0035048157     0.0035048157    
1                0.0006773446     0.0006773446    
==== Stage 2: SKIPPED (M2 ablation) ====
  Random domain assignment: Counter({0: 1823, 1: 1810, 2: 1767})
==== Stage 3: Domain-invariant + HardNCE ====
epoch            total_loss       cls_loss         dis_loss         hard_loss       
0                1.2504621744     0.0885586664     1.1070386171     0.1828829348    
  Source acc: 1.000000  |  Target acc: 0.976296
  Best target acc: 0.976296

======== ROUND 21 ========  [Ablation: M2]
==== Stage 1: SupCon Pre-training ====
epoch            total_loss       cls_loss        
0                0.0020529882     0.0020529882    
1                0.0043745623     0.0043745623    
==== Stage 2: SKIPPED (M2 ablation) ====
  Random domain assignment: Counter({1: 1851, 2: 1806, 0: 1743})
==== Stage 3: Domain-invariant + HardNCE ====
epoch            total_loss       cls_loss         dis_loss         hard_loss       
0                1.2497693300     0.0733219907     1.1221272945     0.1810669303    
  Source acc: 1.000000  |  Target acc: 0.976296
  Best target acc: 0.976296

======== ROUND 22 ========  [Ablation: M2]
==== Stage 1: SupCon Pre-training ====
epoch            total_loss       cls_loss        
0                0.0038240689     0.0038240689    
1                0.0014012689     0.0014012689    
==== Stage 2: SKIPPED (M2 ablation) ====
  Random domain assignment: Counter({1: 1863, 2: 1814, 0: 1723})
==== Stage 3: Domain-invariant + HardNCE ====
epoch            total_loss       cls_loss         dis_loss         hard_loss       
0                1.2184323072     0.0254353937     1.1218330860     0.2372126430    
  Source acc: 1.000000  |  Target acc: 0.978519
  Best target acc: 0.978519

======== ROUND 23 ========  [Ablation: M2]
==== Stage 1: SupCon Pre-training ====
epoch            total_loss       cls_loss        
0                0.1141652763     0.1141652763    
1                0.0010177399     0.0010177399    
==== Stage 2: SKIPPED (M2 ablation) ====
  Random domain assignment: Counter({1: 1834, 2: 1831, 0: 1735})
==== Stage 3: Domain-invariant + HardNCE ====
epoch            total_loss       cls_loss         dis_loss         hard_loss       
0                1.1321729422     0.0089232856     1.0953338146     0.0930527300    
  Source acc: 1.000000  |  Target acc: 0.977037
  Best target acc: 0.978519

======== ROUND 24 ========  [Ablation: M2]
==== Stage 1: SupCon Pre-training ====
epoch            total_loss       cls_loss        
0                0.0037898151     0.0037898151    
1                0.0004540066     0.0004540066    
==== Stage 2: SKIPPED (M2 ablation) ====
  Random domain assignment: Counter({1: 1819, 0: 1819, 2: 1762})
==== Stage 3: Domain-invariant + HardNCE ====
epoch            total_loss       cls_loss         dis_loss         hard_loss       
0                1.1945527792     0.0158410091     1.1215680838     0.1904789060    
  Source acc: 1.000000  |  Target acc: 0.975556
  Best target acc: 0.978519

======== ROUND 25 ========  [Ablation: M2]
==== Stage 1: SupCon Pre-training ====
epoch            total_loss       cls_loss        
0                0.0005053525     0.0005053525    
1                0.0007150660     0.0007150660    
==== Stage 2: SKIPPED (M2 ablation) ====
  Random domain assignment: Counter({2: 1834, 1: 1795, 0: 1771})
==== Stage 3: Domain-invariant + HardNCE ====
epoch            total_loss       cls_loss         dis_loss         hard_loss       
0                1.1645750999     0.0163917150     1.1034072638     0.1492537558    
  Source acc: 1.000000  |  Target acc: 0.976296
  Best target acc: 0.978519

======== ROUND 26 ========  [Ablation: M2]
==== Stage 1: SupCon Pre-training ====
epoch            total_loss       cls_loss        
0                0.0011620721     0.0011620721    
1                0.0006988796     0.0006988796    
==== Stage 2: SKIPPED (M2 ablation) ====
  Random domain assignment: Counter({0: 1889, 2: 1806, 1: 1705})
==== Stage 3: Domain-invariant + HardNCE ====
epoch            total_loss       cls_loss         dis_loss         hard_loss       
0                1.1833086014     0.0055775866     1.1359844208     0.1391553730    
  Source acc: 1.000000  |  Target acc: 0.977778
  Best target acc: 0.978519

======== ROUND 27 ========  [Ablation: M2]
==== Stage 1: SupCon Pre-training ====
epoch            total_loss       cls_loss        
0                0.0063802437     0.0063802437    
1                0.0010285821     0.0010285821    
==== Stage 2: SKIPPED (M2 ablation) ====
  Random domain assignment: Counter({2: 1828, 1: 1800, 0: 1772})
==== Stage 3: Domain-invariant + HardNCE ====
epoch            total_loss       cls_loss         dis_loss         hard_loss       
0                1.2559192181     0.1138404608     1.0973188877     0.1491996646    
  Source acc: 1.000000  |  Target acc: 0.977778
  Best target acc: 0.978519

======== ROUND 28 ========  [Ablation: M2]
==== Stage 1: SupCon Pre-training ====
epoch            total_loss       cls_loss        
0                0.0021806106     0.0021806106    
1                0.0025092736     0.0025092736    
==== Stage 2: SKIPPED (M2 ablation) ====
  Random domain assignment: Counter({1: 1809, 0: 1808, 2: 1783})
==== Stage 3: Domain-invariant + HardNCE ====
epoch            total_loss       cls_loss         dis_loss         hard_loss       
0                1.1694583893     0.0034878694     1.1180462837     0.1597473919    
  Source acc: 1.000000  |  Target acc: 0.977037
  Best target acc: 0.978519

======== ROUND 29 ========  [Ablation: M2]
==== Stage 1: SupCon Pre-training ====
epoch            total_loss       cls_loss        
0                0.0025683492     0.0025683492    
1                0.0011915168     0.0011915168    
==== Stage 2: SKIPPED (M2 ablation) ====
  Random domain assignment: Counter({0: 1836, 1: 1809, 2: 1755})
==== Stage 3: Domain-invariant + HardNCE ====
epoch            total_loss       cls_loss         dis_loss         hard_loss       
0                1.1483939886     0.0210033003     1.0972571373     0.1004453748    
  Source acc: 1.000000  |  Target acc: 0.976296
  Best target acc: 0.978519

======== ROUND 30 ========  [Ablation: M2]
==== Stage 1: SupCon Pre-training ====
epoch            total_loss       cls_loss        
0                0.0015847707     0.0015847707    
1                0.0013150325     0.0013150325    
==== Stage 2: SKIPPED (M2 ablation) ====
  Random domain assignment: Counter({2: 1843, 1: 1779, 0: 1778})
==== Stage 3: Domain-invariant + HardNCE ====
epoch            total_loss       cls_loss         dis_loss         hard_loss       
0                1.1643476486     0.0222630296     1.1115545034     0.1017669067    
  Source acc: 1.000000  |  Target acc: 0.977037
  Best target acc: 0.978519

======== ROUND 31 ========  [Ablation: M2]
==== Stage 1: SupCon Pre-training ====
epoch            total_loss       cls_loss        
0                0.0010296494     0.0010296494    
1                0.0012691546     0.0012691546    
==== Stage 2: SKIPPED (M2 ablation) ====
  Random domain assignment: Counter({0: 1812, 1: 1803, 2: 1785})
==== Stage 3: Domain-invariant + HardNCE ====
epoch            total_loss       cls_loss         dis_loss         hard_loss       
0                1.1205109358     0.0034117028     1.0869426727     0.1005220413    
  Source acc: 1.000000  |  Target acc: 0.977778
  Best target acc: 0.978519

======== ROUND 32 ========  [Ablation: M2]
==== Stage 1: SupCon Pre-training ====
epoch            total_loss       cls_loss        
0                0.0830912963     0.0830912963    
1                0.0009546277     0.0009546277    
==== Stage 2: SKIPPED (M2 ablation) ====
  Random domain assignment: Counter({2: 1865, 0: 1786, 1: 1749})
==== Stage 3: Domain-invariant + HardNCE ====
epoch            total_loss       cls_loss         dis_loss         hard_loss       
0                1.1582875252     0.0150717348     1.1055268049     0.1256296933    
  Source acc: 1.000000  |  Target acc: 0.977037
  Best target acc: 0.978519

======== ROUND 33 ========  [Ablation: M2]
==== Stage 1: SupCon Pre-training ====
epoch            total_loss       cls_loss        
0                0.0016104617     0.0016104617    
1                0.0011858131     0.0011858131    
==== Stage 2: SKIPPED (M2 ablation) ====
  Random domain assignment: Counter({2: 1821, 1: 1818, 0: 1761})
==== Stage 3: Domain-invariant + HardNCE ====
epoch            total_loss       cls_loss         dis_loss         hard_loss       
0                1.2077603340     0.0445062630     1.1208227873     0.1414372623    
  Source acc: 1.000000  |  Target acc: 0.978519
  Best target acc: 0.978519

======== ROUND 34 ========  [Ablation: M2]
==== Stage 1: SupCon Pre-training ====
epoch            total_loss       cls_loss        
0                0.0004259681     0.0004259681    
1                0.0004861828     0.0004861828    
==== Stage 2: SKIPPED (M2 ablation) ====
  Random domain assignment: Counter({0: 1839, 2: 1812, 1: 1749})
==== Stage 3: Domain-invariant + HardNCE ====
epoch            total_loss       cls_loss         dis_loss         hard_loss       
0                1.1048519611     0.0024948900     1.0713464022     0.1033688784    
  Source acc: 1.000000  |  Target acc: 0.975556
  Best target acc: 0.978519

======== ROUND 35 ========  [Ablation: M2]
==== Stage 1: SupCon Pre-training ====
epoch            total_loss       cls_loss        
0                0.0060271411     0.0060271411    
1                0.0016106796     0.0016106796    
==== Stage 2: SKIPPED (M2 ablation) ====
  Random domain assignment: Counter({2: 1825, 1: 1815, 0: 1760})
==== Stage 3: Domain-invariant + HardNCE ====
epoch            total_loss       cls_loss         dis_loss         hard_loss       
0                1.1362819672     0.0076372675     1.0864802599     0.1405481100    
  Source acc: 1.000000  |  Target acc: 0.976296
  Best target acc: 0.978519

======== ROUND 36 ========  [Ablation: M2]
==== Stage 1: SupCon Pre-training ====
epoch            total_loss       cls_loss        
0                0.0064273332     0.0064273332    
1                0.0009532846     0.0009532846    
==== Stage 2: SKIPPED (M2 ablation) ====
  Random domain assignment: Counter({1: 1835, 0: 1806, 2: 1759})
==== Stage 3: Domain-invariant + HardNCE ====
epoch            total_loss       cls_loss         dis_loss         hard_loss       
0                1.1991724968     0.0115989400     1.1244440079     0.2104319632    
  Source acc: 1.000000  |  Target acc: 0.975556
  Best target acc: 0.978519

======== ROUND 37 ========  [Ablation: M2]
==== Stage 1: SupCon Pre-training ====
epoch            total_loss       cls_loss        
0                0.0005148249     0.0005148249    
1                0.0044698417     0.0044698417    
==== Stage 2: SKIPPED (M2 ablation) ====
  Random domain assignment: Counter({0: 1859, 2: 1779, 1: 1762})
==== Stage 3: Domain-invariant + HardNCE ====
epoch            total_loss       cls_loss         dis_loss         hard_loss       
0                1.1120669842     0.0129139312     1.0596058369     0.1318240762    
  Source acc: 1.000000  |  Target acc: 0.975556
  Best target acc: 0.978519

======== ROUND 38 ========  [Ablation: M2]
==== Stage 1: SupCon Pre-training ====
epoch            total_loss       cls_loss        
0                0.0045697857     0.0045697857    
1                0.0029444972     0.0029444972    
==== Stage 2: SKIPPED (M2 ablation) ====
  Random domain assignment: Counter({2: 1834, 0: 1829, 1: 1737})
==== Stage 3: Domain-invariant + HardNCE ====
epoch            total_loss       cls_loss         dis_loss         hard_loss       
0                1.1698033810     0.0312562995     1.0673270226     0.2373999357    
  Source acc: 1.000000  |  Target acc: 0.974074
  Best target acc: 0.978519

======== ROUND 39 ========  [Ablation: M2]
==== Stage 1: SupCon Pre-training ====
epoch            total_loss       cls_loss        
0                0.0004975766     0.0004975766    
1                0.0016002930     0.0016002930    
==== Stage 2: SKIPPED (M2 ablation) ====
  Random domain assignment: Counter({2: 1836, 0: 1809, 1: 1755})
==== Stage 3: Domain-invariant + HardNCE ====
epoch            total_loss       cls_loss         dis_loss         hard_loss       
0                1.1436823606     0.0058326791     1.0874621868     0.1679583490    
  Source acc: 1.000000  |  Target acc: 0.974815
  Best target acc: 0.978519

======== ROUND 40 ========  [Ablation: M2]
==== Stage 1: SupCon Pre-training ====
epoch            total_loss       cls_loss        
0                0.0036773321     0.0036773321    
1                0.0010110303     0.0010110303    
==== Stage 2: SKIPPED (M2 ablation) ====
  Random domain assignment: Counter({1: 1821, 2: 1816, 0: 1763})
==== Stage 3: Domain-invariant + HardNCE ====
epoch            total_loss       cls_loss         dis_loss         hard_loss       
0                1.1133847237     0.0093350494     1.0702785254     0.1125705838    
  Source acc: 1.000000  |  Target acc: 0.977037
  Best target acc: 0.978519

======== ROUND 41 ========  [Ablation: M2]
==== Stage 1: SupCon Pre-training ====
epoch            total_loss       cls_loss        
0                0.0398611054     0.0398611054    
1                0.0014716727     0.0014716727    
==== Stage 2: SKIPPED (M2 ablation) ====
  Random domain assignment: Counter({1: 1822, 0: 1815, 2: 1763})
==== Stage 3: Domain-invariant + HardNCE ====
epoch            total_loss       cls_loss         dis_loss         hard_loss       
0                1.1638088226     0.0042977300     1.1163408756     0.1439007223    
  Source acc: 1.000000  |  Target acc: 0.977778
  Best target acc: 0.978519

======== ROUND 42 ========  [Ablation: M2]
==== Stage 1: SupCon Pre-training ====
epoch            total_loss       cls_loss        
0                0.0699313805     0.0699313805    
1                0.0108027244     0.0108027244    
==== Stage 2: SKIPPED (M2 ablation) ====
  Random domain assignment: Counter({0: 1855, 2: 1811, 1: 1734})
==== Stage 3: Domain-invariant + HardNCE ====
epoch            total_loss       cls_loss         dis_loss         hard_loss       
0                1.1092698574     0.0050116465     1.0726916790     0.1052214950    
  Source acc: 1.000000  |  Target acc: 0.977037
  Best target acc: 0.978519

======== ROUND 43 ========  [Ablation: M2]
==== Stage 1: SupCon Pre-training ====
epoch            total_loss       cls_loss        
0                0.0003909068     0.0003909068    
1                0.0005831508     0.0005831508    
==== Stage 2: SKIPPED (M2 ablation) ====
  Random domain assignment: Counter({1: 1832, 0: 1793, 2: 1775})
==== Stage 3: Domain-invariant + HardNCE ====
epoch            total_loss       cls_loss         dis_loss         hard_loss       
0                1.1397470236     0.0180182401     1.0901575089     0.1052377075    
  Source acc: 1.000000  |  Target acc: 0.977037
  Best target acc: 0.978519

======== ROUND 44 ========  [Ablation: M2]
==== Stage 1: SupCon Pre-training ====
epoch            total_loss       cls_loss        
0                0.0314269997     0.0314269997    
1                0.0034253623     0.0034253623    
==== Stage 2: SKIPPED (M2 ablation) ====
  Random domain assignment: Counter({1: 1842, 0: 1808, 2: 1750})
==== Stage 3: Domain-invariant + HardNCE ====
epoch            total_loss       cls_loss         dis_loss         hard_loss       
0                1.1474055052     0.0073260455     1.0982815027     0.1393266767    
  Source acc: 1.000000  |  Target acc: 0.975556
  Best target acc: 0.978519

======== ROUND 45 ========  [Ablation: M2]
==== Stage 1: SupCon Pre-training ====
epoch            total_loss       cls_loss        
0                0.0050196988     0.0050196988    
1                0.0011481942     0.0011481942    
==== Stage 2: SKIPPED (M2 ablation) ====
  Random domain assignment: Counter({1: 1827, 2: 1807, 0: 1766})
==== Stage 3: Domain-invariant + HardNCE ====
epoch            total_loss       cls_loss         dis_loss         hard_loss       
0                1.1527698040     0.0048976657     1.1176160574     0.1008532494    
  Source acc: 1.000000  |  Target acc: 0.974815
  Best target acc: 0.978519

======== ROUND 46 ========  [Ablation: M2]
==== Stage 1: SupCon Pre-training ====
epoch            total_loss       cls_loss        
0                0.0007999042     0.0007999042    
1                0.0038734286     0.0038734286    
==== Stage 2: SKIPPED (M2 ablation) ====
  Random domain assignment: Counter({0: 1808, 2: 1807, 1: 1785})
==== Stage 3: Domain-invariant + HardNCE ====
epoch            total_loss       cls_loss         dis_loss         hard_loss       
0                1.1602287292     0.0150341773     1.1017115116     0.1449435949    
  Source acc: 1.000000  |  Target acc: 0.977037
  Best target acc: 0.978519

======== ROUND 47 ========  [Ablation: M2]
==== Stage 1: SupCon Pre-training ====
epoch            total_loss       cls_loss        
0                0.0008454686     0.0008454686    
1                0.0024245570     0.0024245570    
==== Stage 2: SKIPPED (M2 ablation) ====
  Random domain assignment: Counter({2: 1814, 1: 1795, 0: 1791})
==== Stage 3: Domain-invariant + HardNCE ====
epoch            total_loss       cls_loss         dis_loss         hard_loss       
0                1.1674946547     0.0210461523     1.0988564491     0.1586399972    
  Source acc: 1.000000  |  Target acc: 0.976296
  Best target acc: 0.978519

======== ROUND 48 ========  [Ablation: M2]
==== Stage 1: SupCon Pre-training ====
epoch            total_loss       cls_loss        
0                0.0008361645     0.0008361645    
1                0.0021262306     0.0021262306    
==== Stage 2: SKIPPED (M2 ablation) ====
  Random domain assignment: Counter({0: 1825, 2: 1816, 1: 1759})
==== Stage 3: Domain-invariant + HardNCE ====
epoch            total_loss       cls_loss         dis_loss         hard_loss       
0                1.1474050283     0.0037177119     1.1075506210     0.1204559207    
  Source acc: 1.000000  |  Target acc: 0.974074
  Best target acc: 0.978519

======== ROUND 49 ========  [Ablation: M2]
==== Stage 1: SupCon Pre-training ====
epoch            total_loss       cls_loss        
0                0.0005648145     0.0005648145    
1                0.0003348554     0.0003348554    
==== Stage 2: SKIPPED (M2 ablation) ====
  Random domain assignment: Counter({2: 1850, 1: 1796, 0: 1754})
==== Stage 3: Domain-invariant + HardNCE ====
epoch            total_loss       cls_loss         dis_loss         hard_loss       
0                1.1363223791     0.0075444467     1.0989518166     0.0994206071    
  Source acc: 1.000000  |  Target acc: 0.976296
  Best target acc: 0.978519
[ConfMatrix] saved to log/abl_widar1ap_cross_loc_M2_s2 (cm shape=(6, 6))

Results saved to log/abl_widar1ap_cross_loc_M2_s2
acc.txt: log/abl_widar1ap_cross_loc_M2_s2/acc.txt
bestacc.txt: log/abl_widar1ap_cross_loc_M2_s2/bestacc.txt
