[Seed] global random seed set to 2

[Ablation Mode] M2
[XRF55 cross_env] Train scenes: [1, 2, 3], Test scene: 4
[XRF55Dataset] loaded 5760 samples from 3 dirs
[XRF55Dataset] loaded 480 samples from 1 dirs
[XRF55Dataset] loaded 5760 samples from 3 dirs
Train set size: 5760 samples, 180 batches
Test set size:  480 samples, 15 batches
Source eval size: 5760 samples

[Direction Sensitivity] Manual weights (dir_w=0.5): {0: 0.0, 1: 0.5, 2: 0.5, 3: 0.5, 4: 0.5, 5: 0.5, 6: 0.5, 7: 0.5}

======== ROUND 0 ========  [Ablation: M2]
==== Stage 1: SupCon Pre-training ====
epoch            total_loss       cls_loss         supcon_loss     
0                4.1922283173     1.1779603958     6.0285353661    
1                3.6910245419     0.7779619694     5.8261251450    
==== Stage 2: SKIPPED (M2 ablation) ====
  Random domain assignment: Counter({1: 1953, 2: 1934, 0: 1873})
==== Stage 3: Domain-invariant + HardNCE ====
epoch            total_loss       cls_loss         dis_loss         hard_loss       
0                1.8552552462     0.4855623841     1.1458536386     0.7461304665    
  Source acc: 0.792188  |  Target acc: 0.591667
  Best target acc: 0.591667

======== ROUND 1 ========  [Ablation: M2]
==== Stage 1: SupCon Pre-training ====
epoch            total_loss       cls_loss         supcon_loss     
0                3.6350603104     0.9485362768     5.3730478287    
1                3.0928294659     0.3154131770     5.5548324585    
==== Stage 2: SKIPPED (M2 ablation) ====
  Random domain assignment: Counter({0: 1941, 1: 1925, 2: 1894})
==== Stage 3: Domain-invariant + HardNCE ====
epoch            total_loss       cls_loss         dis_loss         hard_loss       
0                2.2391490936     0.8244259357     1.1840951443     0.7687597871    
  Source acc: 0.905903  |  Target acc: 0.660417
  Best target acc: 0.660417

======== ROUND 2 ========  [Ablation: M2]
==== Stage 1: SupCon Pre-training ====
epoch            total_loss       cls_loss         supcon_loss     
0                2.9276900291     0.3772631884     5.1008534431    
1                3.3678822517     0.5178281069     5.7001085281    
==== Stage 2: SKIPPED (M2 ablation) ====
  Random domain assignment: Counter({1: 1960, 0: 1934, 2: 1866})
==== Stage 3: Domain-invariant + HardNCE ====
epoch            total_loss       cls_loss         dis_loss         hard_loss       
0                1.9896901846     0.6777536869     1.0789002180     0.7767876387    
  Source acc: 0.906771  |  Target acc: 0.706250
  Best target acc: 0.706250

======== ROUND 3 ========  [Ablation: M2]
==== Stage 1: SupCon Pre-training ====
epoch            total_loss       cls_loss        
0                0.5487802029     0.5487802029    
1                0.5202423930     0.5202423930    
==== Stage 2: SKIPPED (M2 ablation) ====
  Random domain assignment: Counter({0: 1966, 1: 1950, 2: 1844})
==== Stage 3: Domain-invariant + HardNCE ====
epoch            total_loss       cls_loss         dis_loss         hard_loss       
0                1.6431148052     0.2708972692     1.1322331429     0.7999478579    
  Source acc: 0.929514  |  Target acc: 0.631250
  Best target acc: 0.706250

======== ROUND 4 ========  [Ablation: M2]
==== Stage 1: SupCon Pre-training ====
epoch            total_loss       cls_loss        
0                0.5685065985     0.5685065985    
1                0.3158380985     0.3158380985    
==== Stage 2: SKIPPED (M2 ablation) ====
  Random domain assignment: Counter({0: 1998, 2: 1898, 1: 1864})
==== Stage 3: Domain-invariant + HardNCE ====
epoch            total_loss       cls_loss         dis_loss         hard_loss       
0                1.6130841970     0.2924661338     1.1021413803     0.7282553315    
  Source acc: 0.981424  |  Target acc: 0.664583
  Best target acc: 0.706250

======== ROUND 5 ========  [Ablation: M2]
==== Stage 1: SupCon Pre-training ====
epoch            total_loss       cls_loss        
0                0.1165140122     0.1165140122    
1                0.0909209102     0.0909209102    
==== Stage 2: SKIPPED (M2 ablation) ====
  Random domain assignment: Counter({2: 1937, 0: 1933, 1: 1890})
==== Stage 3: Domain-invariant + HardNCE ====
epoch            total_loss       cls_loss         dis_loss         hard_loss       
0                1.5461639166     0.2303031236     1.1220707893     0.6459666491    
  Source acc: 0.975174  |  Target acc: 0.708333
  Best target acc: 0.708333

======== ROUND 6 ========  [Ablation: M2]
==== Stage 1: SupCon Pre-training ====
epoch            total_loss       cls_loss        
0                0.0869144574     0.0869144574    
1                0.2615408301     0.2615408301    
==== Stage 2: SKIPPED (M2 ablation) ====
  Random domain assignment: Counter({2: 1945, 0: 1943, 1: 1872})
==== Stage 3: Domain-invariant + HardNCE ====
epoch            total_loss       cls_loss         dis_loss         hard_loss       
0                1.6740338802     0.3271011710     1.1138036251     0.7770966291    
  Source acc: 0.988021  |  Target acc: 0.702083
  Best target acc: 0.708333

======== ROUND 7 ========  [Ablation: M2]
==== Stage 1: SupCon Pre-training ====
epoch            total_loss       cls_loss        
0                0.2439174652     0.2439174652    
1                0.1262943447     0.1262943447    
==== Stage 2: SKIPPED (M2 ablation) ====
  Random domain assignment: Counter({0: 1969, 2: 1901, 1: 1890})
==== Stage 3: Domain-invariant + HardNCE ====
epoch            total_loss       cls_loss         dis_loss         hard_loss       
0                1.4418797493     0.0780253932     1.1643949747     0.6648645401    
  Source acc: 0.994271  |  Target acc: 0.683333
  Best target acc: 0.708333

======== ROUND 8 ========  [Ablation: M2]
==== Stage 1: SupCon Pre-training ====
epoch            total_loss       cls_loss        
0                0.1316414773     0.1316414773    
1                0.0825387985     0.0825387985    
==== Stage 2: SKIPPED (M2 ablation) ====
  Random domain assignment: Counter({0: 1946, 2: 1923, 1: 1891})
==== Stage 3: Domain-invariant + HardNCE ====
epoch            total_loss       cls_loss         dis_loss         hard_loss       
0                1.3483201265     0.0487990677     1.0737881660     0.7524429560    
  Source acc: 0.996528  |  Target acc: 0.702083
  Best target acc: 0.708333

======== ROUND 9 ========  [Ablation: M2]
==== Stage 1: SupCon Pre-training ====
epoch            total_loss       cls_loss        
0                0.2056529820     0.2056529820    
1                0.1060517579     0.1060517579    
==== Stage 2: SKIPPED (M2 ablation) ====
  Random domain assignment: Counter({0: 1976, 1: 1910, 2: 1874})
==== Stage 3: Domain-invariant + HardNCE ====
epoch            total_loss       cls_loss         dis_loss         hard_loss       
0                1.3665404320     0.1340210438     1.0450445414     0.6249159575    
  Source acc: 0.994444  |  Target acc: 0.708333
  Best target acc: 0.708333

======== ROUND 10 ========  [Ablation: M2]
==== Stage 1: SupCon Pre-training ====
epoch            total_loss       cls_loss        
0                0.0477416478     0.0477416478    
1                0.1617429554     0.1617429554    
==== Stage 2: SKIPPED (M2 ablation) ====
  Random domain assignment: Counter({1: 1946, 0: 1939, 2: 1875})
==== Stage 3: Domain-invariant + HardNCE ====
epoch            total_loss       cls_loss         dis_loss         hard_loss       
0                1.3409247398     0.0260696746     1.1120905876     0.6758818626    
  Source acc: 1.000000  |  Target acc: 0.737500
  Best target acc: 0.737500

======== ROUND 11 ========  [Ablation: M2]
==== Stage 1: SupCon Pre-training ====
epoch            total_loss       cls_loss        
0                0.3089493811     0.3089493811    
1                0.0848297477     0.0848297477    
==== Stage 2: SKIPPED (M2 ablation) ====
  Random domain assignment: Counter({0: 2026, 1: 1883, 2: 1851})
==== Stage 3: Domain-invariant + HardNCE ====
epoch            total_loss       cls_loss         dis_loss         hard_loss       
0                1.3864867687     0.0491072685     1.1220679283     0.7177049518    
  Source acc: 1.000000  |  Target acc: 0.756250
  Best target acc: 0.756250

======== ROUND 12 ========  [Ablation: M2]
==== Stage 1: SupCon Pre-training ====
epoch            total_loss       cls_loss        
0                0.0169633813     0.0169633813    
1                0.0098594660     0.0098594660    
==== Stage 2: SKIPPED (M2 ablation) ====
  Random domain assignment: Counter({1: 1979, 2: 1918, 0: 1863})
==== Stage 3: Domain-invariant + HardNCE ====
epoch            total_loss       cls_loss         dis_loss         hard_loss       
0                1.3378266096     0.0416989252     1.1096100807     0.6217252016    
  Source acc: 1.000000  |  Target acc: 0.745833
  Best target acc: 0.756250

======== ROUND 13 ========  [Ablation: M2]
==== Stage 1: SupCon Pre-training ====
epoch            total_loss       cls_loss        
0                0.0054502040     0.0054502040    
1                0.0227258950     0.0227258950    
==== Stage 2: SKIPPED (M2 ablation) ====
  Random domain assignment: Counter({1: 2021, 0: 1939, 2: 1800})
==== Stage 3: Domain-invariant + HardNCE ====
epoch            total_loss       cls_loss         dis_loss         hard_loss       
0                1.3066693544     0.0310914442     1.0904223919     0.6171849966    
  Source acc: 1.000000  |  Target acc: 0.752083
  Best target acc: 0.756250

======== ROUND 14 ========  [Ablation: M2]
==== Stage 1: SupCon Pre-training ====
epoch            total_loss       cls_loss        
0                0.3283393979     0.3283393979    
1                0.0181610994     0.0181610994    
==== Stage 2: SKIPPED (M2 ablation) ====
  Random domain assignment: Counter({2: 1965, 1: 1941, 0: 1854})
==== Stage 3: Domain-invariant + HardNCE ====
epoch            total_loss       cls_loss         dis_loss         hard_loss       
0                1.3432539701     0.0554491580     1.0904846191     0.6577341557    
  Source acc: 1.000000  |  Target acc: 0.718750
  Best target acc: 0.756250

======== ROUND 15 ========  [Ablation: M2]
==== Stage 1: SupCon Pre-training ====
epoch            total_loss       cls_loss        
0                0.0228500515     0.0228500515    
1                0.0100818845     0.0100818845    
==== Stage 2: SKIPPED (M2 ablation) ====
  Random domain assignment: Counter({0: 1942, 1: 1922, 2: 1896})
==== Stage 3: Domain-invariant + HardNCE ====
epoch            total_loss       cls_loss         dis_loss         hard_loss       
0                1.4937148094     0.1973338425     1.0981117487     0.6608976126    
  Source acc: 1.000000  |  Target acc: 0.756250
  Best target acc: 0.756250

======== ROUND 16 ========  [Ablation: M2]
==== Stage 1: SupCon Pre-training ====
epoch            total_loss       cls_loss        
0                0.0034514889     0.0034514889    
1                0.0527034141     0.0527034141    
==== Stage 2: SKIPPED (M2 ablation) ====
  Random domain assignment: Counter({0: 1972, 1: 1926, 2: 1862})
==== Stage 3: Domain-invariant + HardNCE ====
epoch            total_loss       cls_loss         dis_loss         hard_loss       
0                1.3297953606     0.0343263745     1.1205912828     0.5829254389    
  Source acc: 1.000000  |  Target acc: 0.750000
  Best target acc: 0.756250

======== ROUND 17 ========  [Ablation: M2]
==== Stage 1: SupCon Pre-training ====
epoch            total_loss       cls_loss        
0                0.0383284874     0.0383284874    
1                0.0093077235     0.0093077235    
==== Stage 2: SKIPPED (M2 ablation) ====
  Random domain assignment: Counter({2: 1959, 1: 1936, 0: 1865})
==== Stage 3: Domain-invariant + HardNCE ====
epoch            total_loss       cls_loss         dis_loss         hard_loss       
0                1.2824854851     0.0134171527     1.1003844738     0.5622798204    
  Source acc: 1.000000  |  Target acc: 0.752083
  Best target acc: 0.756250

======== ROUND 18 ========  [Ablation: M2]
==== Stage 1: SupCon Pre-training ====
epoch            total_loss       cls_loss        
0                0.0040559173     0.0040559173    
1                0.0142373033     0.0142373033    
==== Stage 2: SKIPPED (M2 ablation) ====
  Random domain assignment: Counter({2: 1986, 0: 1906, 1: 1868})
==== Stage 3: Domain-invariant + HardNCE ====
epoch            total_loss       cls_loss         dis_loss         hard_loss       
0                1.3278687000     0.0618254021     1.0950019360     0.5701377392    
  Source acc: 1.000000  |  Target acc: 0.760417
  Best target acc: 0.760417

======== ROUND 19 ========  [Ablation: M2]
==== Stage 1: SupCon Pre-training ====
epoch            total_loss       cls_loss        
0                0.0018235843     0.0018235843    
1                0.0058370684     0.0058370684    
==== Stage 2: SKIPPED (M2 ablation) ====
  Random domain assignment: Counter({1: 1958, 0: 1907, 2: 1895})
==== Stage 3: Domain-invariant + HardNCE ====
epoch            total_loss       cls_loss         dis_loss         hard_loss       
0                1.3129552603     0.0092143249     1.1145617962     0.6305971742    
  Source acc: 1.000000  |  Target acc: 0.739583
  Best target acc: 0.760417

======== ROUND 20 ========  [Ablation: M2]
==== Stage 1: SupCon Pre-training ====
epoch            total_loss       cls_loss        
0                0.0082914392     0.0082914392    
1                0.0021994840     0.0021994840    
==== Stage 2: SKIPPED (M2 ablation) ====
  Random domain assignment: Counter({1: 1967, 2: 1937, 0: 1856})
==== Stage 3: Domain-invariant + HardNCE ====
epoch            total_loss       cls_loss         dis_loss         hard_loss       
0                1.3089283705     0.0150120715     1.1062765121     0.6254661083    
  Source acc: 1.000000  |  Target acc: 0.720833
  Best target acc: 0.760417

======== ROUND 21 ========  [Ablation: M2]
==== Stage 1: SupCon Pre-training ====
epoch            total_loss       cls_loss        
0                0.0063999440     0.0063999440    
1                0.0054668821     0.0054668821    
==== Stage 2: SKIPPED (M2 ablation) ====
  Random domain assignment: Counter({1: 1984, 2: 1911, 0: 1865})
==== Stage 3: Domain-invariant + HardNCE ====
epoch            total_loss       cls_loss         dis_loss         hard_loss       
0                1.2804226875     0.0170167275     1.0945439339     0.5628733039    
  Source acc: 1.000000  |  Target acc: 0.725000
  Best target acc: 0.760417

======== ROUND 22 ========  [Ablation: M2]
==== Stage 1: SupCon Pre-training ====
epoch            total_loss       cls_loss        
0                0.0173726901     0.0173726901    
1                0.0090245493     0.0090245493    
==== Stage 2: SKIPPED (M2 ablation) ====
  Random domain assignment: Counter({1: 1934, 2: 1920, 0: 1906})
==== Stage 3: Domain-invariant + HardNCE ====
epoch            total_loss       cls_loss         dis_loss         hard_loss       
0                1.3564260006     0.0845484883     1.1010440588     0.5694448948    
  Source acc: 1.000000  |  Target acc: 0.722917
  Best target acc: 0.760417

======== ROUND 23 ========  [Ablation: M2]
==== Stage 1: SupCon Pre-training ====
epoch            total_loss       cls_loss        
0                0.0631007403     0.0631007403    
1                0.0023916105     0.0023916105    
==== Stage 2: SKIPPED (M2 ablation) ====
  Random domain assignment: Counter({1: 1962, 2: 1923, 0: 1875})
==== Stage 3: Domain-invariant + HardNCE ====
epoch            total_loss       cls_loss         dis_loss         hard_loss       
0                1.2974698544     0.0101248454     1.1008563042     0.6216291189    
  Source acc: 1.000000  |  Target acc: 0.739583
  Best target acc: 0.760417

======== ROUND 24 ========  [Ablation: M2]
==== Stage 1: SupCon Pre-training ====
epoch            total_loss       cls_loss        
0                0.0200794153     0.0200794153    
1                0.0065899207     0.0065899207    
==== Stage 2: SKIPPED (M2 ablation) ====
  Random domain assignment: Counter({0: 1977, 2: 1946, 1: 1837})
==== Stage 3: Domain-invariant + HardNCE ====
epoch            total_loss       cls_loss         dis_loss         hard_loss       
0                1.2917180061     0.0071703121     1.1130534410     0.5716476440    
  Source acc: 1.000000  |  Target acc: 0.729167
  Best target acc: 0.760417

======== ROUND 25 ========  [Ablation: M2]
==== Stage 1: SupCon Pre-training ====
epoch            total_loss       cls_loss        
0                0.0048493301     0.0048493301    
1                0.0128105031     0.0128105031    
==== Stage 2: SKIPPED (M2 ablation) ====
  Random domain assignment: Counter({2: 1953, 0: 1941, 1: 1866})
==== Stage 3: Domain-invariant + HardNCE ====
epoch            total_loss       cls_loss         dis_loss         hard_loss       
0                1.3005703688     0.0176231228     1.0998620987     0.6102839708    
  Source acc: 1.000000  |  Target acc: 0.733333
  Best target acc: 0.760417

======== ROUND 26 ========  [Ablation: M2]
==== Stage 1: SupCon Pre-training ====
epoch            total_loss       cls_loss        
0                0.0037911644     0.0037911644    
1                0.0014121605     0.0014121605    
==== Stage 2: SKIPPED (M2 ablation) ====
  Random domain assignment: Counter({1: 1933, 0: 1916, 2: 1911})
==== Stage 3: Domain-invariant + HardNCE ====
epoch            total_loss       cls_loss         dis_loss         hard_loss       
0                1.2784789801     0.0200209003     1.0971692801     0.5376294851    
  Source acc: 1.000000  |  Target acc: 0.725000
  Best target acc: 0.760417

======== ROUND 27 ========  [Ablation: M2]
==== Stage 1: SupCon Pre-training ====
epoch            total_loss       cls_loss        
0                0.0101002203     0.0101002203    
1                0.0009778300     0.0009778300    
==== Stage 2: SKIPPED (M2 ablation) ====
  Random domain assignment: Counter({0: 1967, 1: 1924, 2: 1869})
==== Stage 3: Domain-invariant + HardNCE ====
epoch            total_loss       cls_loss         dis_loss         hard_loss       
0                1.3045175076     0.0078342995     1.1219899654     0.5823107958    
  Source acc: 1.000000  |  Target acc: 0.741667
  Best target acc: 0.760417

======== ROUND 28 ========  [Ablation: M2]
==== Stage 1: SupCon Pre-training ====
epoch            total_loss       cls_loss        
0                0.0027047510     0.0027047510    
1                0.0061722370     0.0061722370    
==== Stage 2: SKIPPED (M2 ablation) ====
  Random domain assignment: Counter({1: 1934, 2: 1929, 0: 1897})
==== Stage 3: Domain-invariant + HardNCE ====
epoch            total_loss       cls_loss         dis_loss         hard_loss       
0                1.3053339720     0.0276581086     1.0917412043     0.6197823286    
  Source acc: 1.000000  |  Target acc: 0.731250
  Best target acc: 0.760417

======== ROUND 29 ========  [Ablation: M2]
==== Stage 1: SupCon Pre-training ====
epoch            total_loss       cls_loss        
0                0.0045840838     0.0045840838    
1                0.0086190039     0.0086190039    
==== Stage 2: SKIPPED (M2 ablation) ====
  Random domain assignment: Counter({2: 1941, 0: 1923, 1: 1896})
==== Stage 3: Domain-invariant + HardNCE ====
epoch            total_loss       cls_loss         dis_loss         hard_loss       
0                1.3011747599     0.0133994715     1.1115454435     0.5874326229    
  Source acc: 1.000000  |  Target acc: 0.722917
  Best target acc: 0.760417

======== ROUND 30 ========  [Ablation: M2]
==== Stage 1: SupCon Pre-training ====
epoch            total_loss       cls_loss        
0                0.0981139541     0.0981139541    
1                0.0100896098     0.0100896098    
==== Stage 2: SKIPPED (M2 ablation) ====
  Random domain assignment: Counter({2: 1976, 0: 1906, 1: 1878})
==== Stage 3: Domain-invariant + HardNCE ====
epoch            total_loss       cls_loss         dis_loss         hard_loss       
0                1.2987513542     0.0108420271     1.1208388805     0.5569012761    
  Source acc: 1.000000  |  Target acc: 0.729167
  Best target acc: 0.760417

======== ROUND 31 ========  [Ablation: M2]
==== Stage 1: SupCon Pre-training ====
epoch            total_loss       cls_loss        
0                0.0654858500     0.0654858500    
1                0.0081242844     0.0081242844    
==== Stage 2: SKIPPED (M2 ablation) ====
  Random domain assignment: Counter({1: 1944, 2: 1943, 0: 1873})
==== Stage 3: Domain-invariant + HardNCE ====
epoch            total_loss       cls_loss         dis_loss         hard_loss       
0                1.2901875973     0.0038619754     1.1086301804     0.5923178196    
  Source acc: 1.000000  |  Target acc: 0.737500
  Best target acc: 0.760417

======== ROUND 32 ========  [Ablation: M2]
==== Stage 1: SupCon Pre-training ====
epoch            total_loss       cls_loss        
0                0.0036566616     0.0036566616    
1                0.0789707825     0.0789707825    
==== Stage 2: SKIPPED (M2 ablation) ====
  Random domain assignment: Counter({0: 1954, 2: 1931, 1: 1875})
==== Stage 3: Domain-invariant + HardNCE ====
epoch            total_loss       cls_loss         dis_loss         hard_loss       
0                1.3421655893     0.0144596603     1.1382468939     0.6315302849    
  Source acc: 1.000000  |  Target acc: 0.743750
  Best target acc: 0.760417

======== ROUND 33 ========  [Ablation: M2]
==== Stage 1: SupCon Pre-training ====
epoch            total_loss       cls_loss        
0                0.0085479952     0.0085479952    
1                0.0229369067     0.0229369067    
==== Stage 2: SKIPPED (M2 ablation) ====
  Random domain assignment: Counter({2: 1968, 1: 1903, 0: 1889})
==== Stage 3: Domain-invariant + HardNCE ====
epoch            total_loss       cls_loss         dis_loss         hard_loss       
0                1.2719035149     0.0108957849     1.1022093296     0.5293283463    
  Source acc: 1.000000  |  Target acc: 0.745833
  Best target acc: 0.760417

======== ROUND 34 ========  [Ablation: M2]
==== Stage 1: SupCon Pre-training ====
epoch            total_loss       cls_loss        
0                0.0802610442     0.0802610442    
1                0.0018814991     0.0018814991    
==== Stage 2: SKIPPED (M2 ablation) ====
  Random domain assignment: Counter({1: 1989, 0: 1922, 2: 1849})
==== Stage 3: Domain-invariant + HardNCE ====
epoch            total_loss       cls_loss         dis_loss         hard_loss       
0                1.2810646296     0.0079879556     1.1129595041     0.5337238908    
  Source acc: 1.000000  |  Target acc: 0.737500
  Best target acc: 0.760417

======== ROUND 35 ========  [Ablation: M2]
==== Stage 1: SupCon Pre-training ====
epoch            total_loss       cls_loss        
0                0.0056740935     0.0056740935    
1                0.0079730907     0.0079730907    
==== Stage 2: SKIPPED (M2 ablation) ====
  Random domain assignment: Counter({0: 2016, 2: 1928, 1: 1816})
==== Stage 3: Domain-invariant + HardNCE ====
epoch            total_loss       cls_loss         dis_loss         hard_loss       
0                1.2866816521     0.0094447630     1.0880643129     0.6305752993    
  Source acc: 1.000000  |  Target acc: 0.745833
  Best target acc: 0.760417

======== ROUND 36 ========  [Ablation: M2]
==== Stage 1: SupCon Pre-training ====
epoch            total_loss       cls_loss        
0                0.0171215124     0.0171215124    
1                0.0128766717     0.0128766717    
==== Stage 2: SKIPPED (M2 ablation) ====
  Random domain assignment: Counter({2: 1954, 0: 1943, 1: 1863})
==== Stage 3: Domain-invariant + HardNCE ====
epoch            total_loss       cls_loss         dis_loss         hard_loss       
0                1.2845489979     0.0202474706     1.0883771181     0.5864146948    
  Source acc: 1.000000  |  Target acc: 0.718750
  Best target acc: 0.760417

======== ROUND 37 ========  [Ablation: M2]
==== Stage 1: SupCon Pre-training ====
epoch            total_loss       cls_loss        
0                0.0099838581     0.0099838581    
1                0.0824929252     0.0824929252    
==== Stage 2: SKIPPED (M2 ablation) ====
  Random domain assignment: Counter({2: 1950, 1: 1913, 0: 1897})
==== Stage 3: Domain-invariant + HardNCE ====
epoch            total_loss       cls_loss         dis_loss         hard_loss       
0                1.2895777225     0.0084513240     1.1098899841     0.5707877874    
  Source acc: 1.000000  |  Target acc: 0.733333
  Best target acc: 0.760417

======== ROUND 38 ========  [Ablation: M2]
==== Stage 1: SupCon Pre-training ====
epoch            total_loss       cls_loss        
0                0.0507451780     0.0507451780    
1                0.0102248183     0.0102248183    
==== Stage 2: SKIPPED (M2 ablation) ====
  Random domain assignment: Counter({1: 1948, 2: 1917, 0: 1895})
==== Stage 3: Domain-invariant + HardNCE ====
epoch            total_loss       cls_loss         dis_loss         hard_loss       
0                1.3069586754     0.0168610550     1.0980596542     0.6401266456    
  Source acc: 1.000000  |  Target acc: 0.720833
  Best target acc: 0.760417

======== ROUND 39 ========  [Ablation: M2]
==== Stage 1: SupCon Pre-training ====
epoch            total_loss       cls_loss        
0                0.0623307228     0.0623307228    
1                0.0015918585     0.0015918585    
==== Stage 2: SKIPPED (M2 ablation) ====
  Random domain assignment: Counter({0: 2021, 2: 1874, 1: 1865})
==== Stage 3: Domain-invariant + HardNCE ====
epoch            total_loss       cls_loss         dis_loss         hard_loss       
0                1.2971403599     0.0148113314     1.0925942659     0.6324495077    
  Source acc: 1.000000  |  Target acc: 0.737500
  Best target acc: 0.760417

======== ROUND 40 ========  [Ablation: M2]
==== Stage 1: SupCon Pre-training ====
epoch            total_loss       cls_loss        
0                0.0094835954     0.0094835954    
1                0.0014880397     0.0014880397    
==== Stage 2: SKIPPED (M2 ablation) ====
  Random domain assignment: Counter({1: 1970, 2: 1924, 0: 1866})
==== Stage 3: Domain-invariant + HardNCE ====
epoch            total_loss       cls_loss         dis_loss         hard_loss       
0                1.2957053185     0.0078146700     1.1215825081     0.5543606281    
  Source acc: 1.000000  |  Target acc: 0.747917
  Best target acc: 0.760417

======== ROUND 41 ========  [Ablation: M2]
==== Stage 1: SupCon Pre-training ====
epoch            total_loss       cls_loss        
0                0.0091795288     0.0091795288    
1                0.0021968181     0.0021968181    
==== Stage 2: SKIPPED (M2 ablation) ====
  Random domain assignment: Counter({0: 1950, 1: 1921, 2: 1889})
==== Stage 3: Domain-invariant + HardNCE ====
epoch            total_loss       cls_loss         dis_loss         hard_loss       
0                1.2816004753     0.0084334016     1.0945904255     0.5952554941    
  Source acc: 1.000000  |  Target acc: 0.747917
  Best target acc: 0.760417

======== ROUND 42 ========  [Ablation: M2]
==== Stage 1: SupCon Pre-training ====
epoch            total_loss       cls_loss        
0                0.0067503094     0.0067503094    
1                0.0032820352     0.0032820352    
==== Stage 2: SKIPPED (M2 ablation) ====
  Random domain assignment: Counter({1: 1950, 2: 1923, 0: 1887})
==== Stage 3: Domain-invariant + HardNCE ====
epoch            total_loss       cls_loss         dis_loss         hard_loss       
0                1.3338744640     0.0408777595     1.1133252382     0.5989050865    
  Source acc: 1.000000  |  Target acc: 0.743750
  Best target acc: 0.760417

======== ROUND 43 ========  [Ablation: M2]
==== Stage 1: SupCon Pre-training ====
epoch            total_loss       cls_loss        
0                0.0017959715     0.0017959715    
1                0.0128320502     0.0128320502    
==== Stage 2: SKIPPED (M2 ablation) ====
  Random domain assignment: Counter({1: 1928, 2: 1926, 0: 1906})
==== Stage 3: Domain-invariant + HardNCE ====
epoch            total_loss       cls_loss         dis_loss         hard_loss       
0                1.3093346357     0.0098547554     1.1301538944     0.5644198656    
  Source acc: 1.000000  |  Target acc: 0.747917
  Best target acc: 0.760417

======== ROUND 44 ========  [Ablation: M2]
==== Stage 1: SupCon Pre-training ====
epoch            total_loss       cls_loss        
0                0.0069969851     0.0069969851    
1                0.0142391333     0.0142391333    
==== Stage 2: SKIPPED (M2 ablation) ====
  Random domain assignment: Counter({0: 1923, 2: 1922, 1: 1915})
==== Stage 3: Domain-invariant + HardNCE ====
epoch            total_loss       cls_loss         dis_loss         hard_loss       
0                1.2610459328     0.0059788739     1.0868992805     0.5605594516    
  Source acc: 1.000000  |  Target acc: 0.731250
  Best target acc: 0.760417

======== ROUND 45 ========  [Ablation: M2]
==== Stage 1: SupCon Pre-training ====
epoch            total_loss       cls_loss        
0                0.0014084894     0.0014084894    
1                0.0019339818     0.0019339818    
==== Stage 2: SKIPPED (M2 ablation) ====
  Random domain assignment: Counter({0: 1951, 2: 1933, 1: 1876})
==== Stage 3: Domain-invariant + HardNCE ====
epoch            total_loss       cls_loss         dis_loss         hard_loss       
0                1.2740224600     0.0079984628     1.0969444513     0.5635983944    
  Source acc: 1.000000  |  Target acc: 0.745833
  Best target acc: 0.760417

======== ROUND 46 ========  [Ablation: M2]
==== Stage 1: SupCon Pre-training ====
epoch            total_loss       cls_loss        
0                0.0039925529     0.0039925529    
1                0.0018301319     0.0018301319    
==== Stage 2: SKIPPED (M2 ablation) ====
  Random domain assignment: Counter({2: 1974, 1: 1915, 0: 1871})
==== Stage 3: Domain-invariant + HardNCE ====
epoch            total_loss       cls_loss         dis_loss         hard_loss       
0                1.2690911293     0.0153151965     1.0881357193     0.5521342158    
  Source acc: 1.000000  |  Target acc: 0.750000
  Best target acc: 0.760417

======== ROUND 47 ========  [Ablation: M2]
==== Stage 1: SupCon Pre-training ====
epoch            total_loss       cls_loss        
0                0.0062047811     0.0062047811    
1                0.0107424371     0.0107424371    
==== Stage 2: SKIPPED (M2 ablation) ====
  Random domain assignment: Counter({0: 1953, 1: 1906, 2: 1901})
==== Stage 3: Domain-invariant + HardNCE ====
epoch            total_loss       cls_loss         dis_loss         hard_loss       
0                1.2988975048     0.0087421108     1.1066169739     0.6117947102    
  Source acc: 1.000000  |  Target acc: 0.745833
  Best target acc: 0.760417

======== ROUND 48 ========  [Ablation: M2]
==== Stage 1: SupCon Pre-training ====
epoch            total_loss       cls_loss        
0                0.0024209530     0.0024209530    
1                0.0007625999     0.0007625999    
==== Stage 2: SKIPPED (M2 ablation) ====
  Random domain assignment: Counter({2: 1955, 1: 1950, 0: 1855})
==== Stage 3: Domain-invariant + HardNCE ====
epoch            total_loss       cls_loss         dis_loss         hard_loss       
0                1.3330723047     0.0041137524     1.1153378487     0.7120686769    
  Source acc: 1.000000  |  Target acc: 0.745833
  Best target acc: 0.760417

======== ROUND 49 ========  [Ablation: M2]
==== Stage 1: SupCon Pre-training ====
epoch            total_loss       cls_loss        
0                0.0095084477     0.0095084477    
1                0.0045519057     0.0045519057    
==== Stage 2: SKIPPED (M2 ablation) ====
  Random domain assignment: Counter({1: 1979, 2: 1918, 0: 1863})
==== Stage 3: Domain-invariant + HardNCE ====
epoch            total_loss       cls_loss         dis_loss         hard_loss       
0                1.2535039186     0.0165778808     1.0774009228     0.5317503810    
  Source acc: 1.000000  |  Target acc: 0.731250
  Best target acc: 0.760417
[ConfMatrix] saved to log/abl_xrf_cross_env_M2_s2 (cm shape=(8, 8))

Results saved to log/abl_xrf_cross_env_M2_s2
acc.txt: log/abl_xrf_cross_env_M2_s2/acc.txt
bestacc.txt: log/abl_xrf_cross_env_M2_s2/bestacc.txt
