[Seed] global random seed set to 1

[Ablation Mode] M2
[WidarDataset] loaded 5400 samples, gesture_map={'G01': 0, 'G02': 1, 'G03': 2, 'G04': 3, 'G05': 4, 'G06': 5}
[WidarDataset] loaded 1350 samples, gesture_map={'G01': 0, 'G02': 1, 'G03': 2, 'G04': 3, 'G05': 4, 'G06': 5}
[WidarDataset] loaded 5400 samples, gesture_map={'G01': 0, 'G02': 1, 'G03': 2, 'G04': 3, 'G05': 4, 'G06': 5}
Train set size: 5400 samples, 169 batches
Test set size:  1350 samples, 43 batches
Source eval size: 5400 samples

[Direction Sensitivity] Manual weights (dir_w=0.5): {0: 0.0, 1: 0.0, 2: 0.0, 3: 0.0, 4: 0.0, 5: 0.0}

======== ROUND 0 ========  [Ablation: M2]
==== Stage 1: SupCon Pre-training ====
epoch            total_loss       cls_loss         supcon_loss     
0                3.3641908169     0.4996565282     5.7290687561    
1                3.2236220837     0.2879991829     5.8712458611    
==== Stage 2: SKIPPED (M2 ablation) ====
  Random domain assignment: Counter({2: 1864, 1: 1780, 0: 1756})
==== Stage 3: Domain-invariant + HardNCE ====
epoch            total_loss       cls_loss         dis_loss         hard_loss       
0                1.5963287354     0.3927315176     1.1434395313     0.2005255520    
  Source acc: 0.926852  |  Target acc: 0.912593
  Best target acc: 0.912593

======== ROUND 1 ========  [Ablation: M2]
==== Stage 1: SupCon Pre-training ====
epoch            total_loss       cls_loss         supcon_loss     
0                2.7413902283     0.2413928509     4.9999947548    
1                2.9597375393     0.2611655295     5.3971438408    
==== Stage 2: SKIPPED (M2 ablation) ====
  Random domain assignment: Counter({0: 1821, 1: 1797, 2: 1782})
==== Stage 3: Domain-invariant + HardNCE ====
epoch            total_loss       cls_loss         dis_loss         hard_loss       
0                1.5448927879     0.3285387456     1.1288360357     0.2917266190    
  Source acc: 0.928704  |  Target acc: 0.893333
  Best target acc: 0.912593

======== ROUND 2 ========  [Ablation: M2]
==== Stage 1: SupCon Pre-training ====
epoch            total_loss       cls_loss         supcon_loss     
0                2.9811575413     0.1714365333     5.6194419861    
1                3.3141944408     0.3593847752     5.9096193314    
==== Stage 2: SKIPPED (M2 ablation) ====
  Random domain assignment: Counter({2: 1824, 0: 1813, 1: 1763})
==== Stage 3: Domain-invariant + HardNCE ====
epoch            total_loss       cls_loss         dis_loss         hard_loss       
0                1.5454984903     0.3832018673     1.0835636854     0.2624430656    
  Source acc: 0.952593  |  Target acc: 0.920000
  Best target acc: 0.920000

======== ROUND 3 ========  [Ablation: M2]
==== Stage 1: SupCon Pre-training ====
epoch            total_loss       cls_loss        
0                0.1639732271     0.1639732271    
1                0.1334255487     0.1334255487    
==== Stage 2: SKIPPED (M2 ablation) ====
  Random domain assignment: Counter({1: 1841, 2: 1820, 0: 1739})
==== Stage 3: Domain-invariant + HardNCE ====
epoch            total_loss       cls_loss         dis_loss         hard_loss       
0                1.4211058617     0.2697143257     1.0737152100     0.2589208782    
  Source acc: 0.987778  |  Target acc: 0.943704
  Best target acc: 0.943704

======== ROUND 4 ========  [Ablation: M2]
==== Stage 1: SupCon Pre-training ====
epoch            total_loss       cls_loss        
0                0.0111689009     0.0111689009    
1                0.1155360267     0.1155360267    
==== Stage 2: SKIPPED (M2 ablation) ====
  Random domain assignment: Counter({1: 1843, 0: 1789, 2: 1768})
==== Stage 3: Domain-invariant + HardNCE ====
epoch            total_loss       cls_loss         dis_loss         hard_loss       
0                1.5016070604     0.3070984781     1.1071113348     0.2913242280    
  Source acc: 0.991296  |  Target acc: 0.950370
  Best target acc: 0.950370

======== ROUND 5 ========  [Ablation: M2]
==== Stage 1: SupCon Pre-training ====
epoch            total_loss       cls_loss        
0                0.6409499049     0.6409499049    
1                0.0429846942     0.0429846942    
==== Stage 2: SKIPPED (M2 ablation) ====
  Random domain assignment: Counter({1: 1866, 0: 1808, 2: 1726})
==== Stage 3: Domain-invariant + HardNCE ====
epoch            total_loss       cls_loss         dis_loss         hard_loss       
0                1.2472755909     0.0686960742     1.1241981983     0.1812712550    
  Source acc: 0.997037  |  Target acc: 0.971111
  Best target acc: 0.971111

======== ROUND 6 ========  [Ablation: M2]
==== Stage 1: SupCon Pre-training ====
epoch            total_loss       cls_loss        
0                0.1841218919     0.1841218919    
1                0.2310948819     0.2310948819    
==== Stage 2: SKIPPED (M2 ablation) ====
  Random domain assignment: Counter({1: 1819, 2: 1792, 0: 1789})
==== Stage 3: Domain-invariant + HardNCE ====
epoch            total_loss       cls_loss         dis_loss         hard_loss       
0                1.2727302313     0.0885109603     1.1376314163     0.1552929133    
  Source acc: 0.984444  |  Target acc: 0.943704
  Best target acc: 0.971111

======== ROUND 7 ========  [Ablation: M2]
==== Stage 1: SupCon Pre-training ====
epoch            total_loss       cls_loss        
0                0.0243655946     0.0243655946    
1                0.1700023413     0.1700023413    
==== Stage 2: SKIPPED (M2 ablation) ====
  Random domain assignment: Counter({0: 1824, 2: 1794, 1: 1782})
==== Stage 3: Domain-invariant + HardNCE ====
epoch            total_loss       cls_loss         dis_loss         hard_loss       
0                1.1452746391     0.0277948212     1.0737388134     0.1458032429    
  Source acc: 0.955556  |  Target acc: 0.915556
  Best target acc: 0.971111

======== ROUND 8 ========  [Ablation: M2]
==== Stage 1: SupCon Pre-training ====
epoch            total_loss       cls_loss        
0                0.0592577942     0.0592577942    
1                0.0739232600     0.0739232600    
==== Stage 2: SKIPPED (M2 ablation) ====
  Random domain assignment: Counter({0: 1846, 2: 1811, 1: 1743})
==== Stage 3: Domain-invariant + HardNCE ====
epoch            total_loss       cls_loss         dis_loss         hard_loss       
0                1.2308242321     0.0844972730     1.0775494576     0.2292583287    
  Source acc: 0.997037  |  Target acc: 0.968889
  Best target acc: 0.971111

======== ROUND 9 ========  [Ablation: M2]
==== Stage 1: SupCon Pre-training ====
epoch            total_loss       cls_loss        
0                0.0594475232     0.0594475232    
1                0.0164122153     0.0164122153    
==== Stage 2: SKIPPED (M2 ablation) ====
  Random domain assignment: Counter({2: 1811, 0: 1802, 1: 1787})
==== Stage 3: Domain-invariant + HardNCE ====
epoch            total_loss       cls_loss         dis_loss         hard_loss       
0                1.3757665157     0.2264487892     1.0940344334     0.1842775345    
  Source acc: 0.987037  |  Target acc: 0.955556
  Best target acc: 0.971111

======== ROUND 10 ========  [Ablation: M2]
==== Stage 1: SupCon Pre-training ====
epoch            total_loss       cls_loss        
0                0.0020853863     0.0020853863    
1                0.0139841912     0.0139841912    
==== Stage 2: SKIPPED (M2 ablation) ====
  Random domain assignment: Counter({2: 1823, 0: 1793, 1: 1784})
==== Stage 3: Domain-invariant + HardNCE ====
epoch            total_loss       cls_loss         dis_loss         hard_loss       
0                1.2563514709     0.0853127465     1.1256481409     0.1513022184    
  Source acc: 1.000000  |  Target acc: 0.971111
  Best target acc: 0.971111

======== ROUND 11 ========  [Ablation: M2]
==== Stage 1: SupCon Pre-training ====
epoch            total_loss       cls_loss        
0                0.0013328682     0.0013328682    
1                0.0041549248     0.0041549248    
==== Stage 2: SKIPPED (M2 ablation) ====
  Random domain assignment: Counter({0: 1825, 2: 1797, 1: 1778})
==== Stage 3: Domain-invariant + HardNCE ====
epoch            total_loss       cls_loss         dis_loss         hard_loss       
0                1.1259963512     0.0073904563     1.0733852386     0.1507353485    
  Source acc: 1.000000  |  Target acc: 0.970370
  Best target acc: 0.971111

======== ROUND 12 ========  [Ablation: M2]
==== Stage 1: SupCon Pre-training ====
epoch            total_loss       cls_loss        
0                0.0101343431     0.0101343431    
1                0.0323397182     0.0323397182    
==== Stage 2: SKIPPED (M2 ablation) ====
  Random domain assignment: Counter({0: 1896, 2: 1777, 1: 1727})
==== Stage 3: Domain-invariant + HardNCE ====
epoch            total_loss       cls_loss         dis_loss         hard_loss       
0                1.2555341721     0.0791564509     1.1503930092     0.0866157413    
  Source acc: 1.000000  |  Target acc: 0.969630
  Best target acc: 0.971111

======== ROUND 13 ========  [Ablation: M2]
==== Stage 1: SupCon Pre-training ====
epoch            total_loss       cls_loss        
0                0.1431421041     0.1431421041    
1                0.0012820774     0.0012820774    
==== Stage 2: SKIPPED (M2 ablation) ====
  Random domain assignment: Counter({0: 1852, 2: 1796, 1: 1752})
==== Stage 3: Domain-invariant + HardNCE ====
epoch            total_loss       cls_loss         dis_loss         hard_loss       
0                1.1885935068     0.0537959039     1.0981853008     0.1220408678    
  Source acc: 1.000000  |  Target acc: 0.972593
  Best target acc: 0.972593

======== ROUND 14 ========  [Ablation: M2]
==== Stage 1: SupCon Pre-training ====
epoch            total_loss       cls_loss        
0                0.0045054834     0.0045054834    
1                0.0833493844     0.0833493844    
==== Stage 2: SKIPPED (M2 ablation) ====
  Random domain assignment: Counter({0: 1836, 2: 1808, 1: 1756})
==== Stage 3: Domain-invariant + HardNCE ====
epoch            total_loss       cls_loss         dis_loss         hard_loss       
0                1.1848607063     0.0090274699     1.1140954494     0.2057924718    
  Source acc: 1.000000  |  Target acc: 0.968889
  Best target acc: 0.972593

======== ROUND 15 ========  [Ablation: M2]
==== Stage 1: SupCon Pre-training ====
epoch            total_loss       cls_loss        
0                0.0318989977     0.0318989977    
1                0.0936040953     0.0936040953    
==== Stage 2: SKIPPED (M2 ablation) ====
  Random domain assignment: Counter({2: 1860, 1: 1798, 0: 1742})
==== Stage 3: Domain-invariant + HardNCE ====
epoch            total_loss       cls_loss         dis_loss         hard_loss       
0                1.1315412521     0.0039428365     1.0944733620     0.1104166359    
  Source acc: 1.000000  |  Target acc: 0.971111
  Best target acc: 0.972593

======== ROUND 16 ========  [Ablation: M2]
==== Stage 1: SupCon Pre-training ====
epoch            total_loss       cls_loss        
0                0.0114937564     0.0114937564    
1                0.0474620275     0.0474620275    
==== Stage 2: SKIPPED (M2 ablation) ====
  Random domain assignment: Counter({1: 1880, 2: 1787, 0: 1733})
==== Stage 3: Domain-invariant + HardNCE ====
epoch            total_loss       cls_loss         dis_loss         hard_loss       
0                1.1922855377     0.0183788370     1.1239951849     0.1663715541    
  Source acc: 1.000000  |  Target acc: 0.971111
  Best target acc: 0.972593

======== ROUND 17 ========  [Ablation: M2]
==== Stage 1: SupCon Pre-training ====
epoch            total_loss       cls_loss        
0                0.0013448108     0.0013448108    
1                0.0037051968     0.0037051968    
==== Stage 2: SKIPPED (M2 ablation) ====
  Random domain assignment: Counter({1: 1822, 0: 1814, 2: 1764})
==== Stage 3: Domain-invariant + HardNCE ====
epoch            total_loss       cls_loss         dis_loss         hard_loss       
0                1.2040286064     0.0049960646     1.1419090033     0.1904119104    
  Source acc: 1.000000  |  Target acc: 0.973333
  Best target acc: 0.973333

======== ROUND 18 ========  [Ablation: M2]
==== Stage 1: SupCon Pre-training ====
epoch            total_loss       cls_loss        
0                0.0014350578     0.0014350578    
1                0.0039387573     0.0039387573    
==== Stage 2: SKIPPED (M2 ablation) ====
  Random domain assignment: Counter({1: 1827, 2: 1799, 0: 1774})
==== Stage 3: Domain-invariant + HardNCE ====
epoch            total_loss       cls_loss         dis_loss         hard_loss       
0                1.1689395905     0.0068739573     1.1159386635     0.1537566483    
  Source acc: 1.000000  |  Target acc: 0.971111
  Best target acc: 0.973333

======== ROUND 19 ========  [Ablation: M2]
==== Stage 1: SupCon Pre-training ====
epoch            total_loss       cls_loss        
0                0.0114196474     0.0114196474    
1                0.0014648148     0.0014648148    
==== Stage 2: SKIPPED (M2 ablation) ====
  Random domain assignment: Counter({1: 1815, 0: 1810, 2: 1775})
==== Stage 3: Domain-invariant + HardNCE ====
epoch            total_loss       cls_loss         dis_loss         hard_loss       
0                1.1406513453     0.0068599191     1.0855441093     0.1608244777    
  Source acc: 1.000000  |  Target acc: 0.969630
  Best target acc: 0.973333

======== ROUND 20 ========  [Ablation: M2]
==== Stage 1: SupCon Pre-training ====
epoch            total_loss       cls_loss        
0                0.0043366426     0.0043366426    
1                0.0014856337     0.0014856337    
==== Stage 2: SKIPPED (M2 ablation) ====
  Random domain assignment: Counter({2: 1875, 0: 1771, 1: 1754})
==== Stage 3: Domain-invariant + HardNCE ====
epoch            total_loss       cls_loss         dis_loss         hard_loss       
0                1.1907482147     0.0156299658     1.1219322681     0.1772863716    
  Source acc: 1.000000  |  Target acc: 0.968148
  Best target acc: 0.973333

======== ROUND 21 ========  [Ablation: M2]
==== Stage 1: SupCon Pre-training ====
epoch            total_loss       cls_loss        
0                0.0017042332     0.0017042332    
1                0.0981606841     0.0981606841    
==== Stage 2: SKIPPED (M2 ablation) ====
  Random domain assignment: Counter({0: 1817, 1: 1797, 2: 1786})
==== Stage 3: Domain-invariant + HardNCE ====
epoch            total_loss       cls_loss         dis_loss         hard_loss       
0                1.1657894850     0.0106730042     1.1212229729     0.1129781008    
  Source acc: 1.000000  |  Target acc: 0.971852
  Best target acc: 0.973333

======== ROUND 22 ========  [Ablation: M2]
==== Stage 1: SupCon Pre-training ====
epoch            total_loss       cls_loss        
0                0.0005360087     0.0005360087    
1                0.0916059390     0.0916059390    
==== Stage 2: SKIPPED (M2 ablation) ====
  Random domain assignment: Counter({0: 1844, 2: 1814, 1: 1742})
==== Stage 3: Domain-invariant + HardNCE ====
epoch            total_loss       cls_loss         dis_loss         hard_loss       
0                1.1965868473     0.0128484843     1.1358388662     0.1596647501    
  Source acc: 1.000000  |  Target acc: 0.970370
  Best target acc: 0.973333

======== ROUND 23 ========  [Ablation: M2]
==== Stage 1: SupCon Pre-training ====
epoch            total_loss       cls_loss        
0                0.0023999221     0.0023999221    
1                0.0233526956     0.0233526956    
==== Stage 2: SKIPPED (M2 ablation) ====
  Random domain assignment: Counter({0: 1816, 1: 1812, 2: 1772})
==== Stage 3: Domain-invariant + HardNCE ====
epoch            total_loss       cls_loss         dis_loss         hard_loss       
0                1.1700930595     0.0306486487     1.0987551212     0.1356306374    
  Source acc: 1.000000  |  Target acc: 0.971852
  Best target acc: 0.973333

======== ROUND 24 ========  [Ablation: M2]
==== Stage 1: SupCon Pre-training ====
epoch            total_loss       cls_loss        
0                0.1296917349     0.1296917349    
1                0.0017252378     0.0017252378    
==== Stage 2: SKIPPED (M2 ablation) ====
  Random domain assignment: Counter({2: 1850, 1: 1788, 0: 1762})
==== Stage 3: Domain-invariant + HardNCE ====
epoch            total_loss       cls_loss         dis_loss         hard_loss       
0                1.1403480768     0.0037601318     1.0862370729     0.1678362489    
  Source acc: 1.000000  |  Target acc: 0.971852
  Best target acc: 0.973333

======== ROUND 25 ========  [Ablation: M2]
==== Stage 1: SupCon Pre-training ====
epoch            total_loss       cls_loss        
0                0.0040063444     0.0040063444    
1                0.0314175226     0.0314175226    
==== Stage 2: SKIPPED (M2 ablation) ====
  Random domain assignment: Counter({1: 1818, 2: 1814, 0: 1768})
==== Stage 3: Domain-invariant + HardNCE ====
epoch            total_loss       cls_loss         dis_loss         hard_loss       
0                1.1467236280     0.0075473338     1.0909671783     0.1606967449    
  Source acc: 1.000000  |  Target acc: 0.969630
  Best target acc: 0.973333

======== ROUND 26 ========  [Ablation: M2]
==== Stage 1: SupCon Pre-training ====
epoch            total_loss       cls_loss        
0                0.0006921730     0.0006921730    
1                0.0011994401     0.0011994401    
==== Stage 2: SKIPPED (M2 ablation) ====
  Random domain assignment: Counter({2: 1820, 0: 1811, 1: 1769})
==== Stage 3: Domain-invariant + HardNCE ====
epoch            total_loss       cls_loss         dis_loss         hard_loss       
0                1.1289699078     0.0057457294     1.0907738209     0.1081675515    
  Source acc: 1.000000  |  Target acc: 0.971111
  Best target acc: 0.973333

======== ROUND 27 ========  [Ablation: M2]
==== Stage 1: SupCon Pre-training ====
epoch            total_loss       cls_loss        
0                0.0011760850     0.0011760850    
1                0.0033313262     0.0033313262    
==== Stage 2: SKIPPED (M2 ablation) ====
  Random domain assignment: Counter({1: 1819, 2: 1798, 0: 1783})
==== Stage 3: Domain-invariant + HardNCE ====
epoch            total_loss       cls_loss         dis_loss         hard_loss       
0                1.1614973545     0.0090771401     1.1071076393     0.1510416120    
  Source acc: 1.000000  |  Target acc: 0.972593
  Best target acc: 0.973333

======== ROUND 28 ========  [Ablation: M2]
==== Stage 1: SupCon Pre-training ====
epoch            total_loss       cls_loss        
0                0.0009385992     0.0009385992    
1                0.0022256810     0.0022256810    
==== Stage 2: SKIPPED (M2 ablation) ====
  Random domain assignment: Counter({1: 1830, 0: 1794, 2: 1776})
==== Stage 3: Domain-invariant + HardNCE ====
epoch            total_loss       cls_loss         dis_loss         hard_loss       
0                1.1996470690     0.0205570571     1.1141927242     0.2163242102    
  Source acc: 1.000000  |  Target acc: 0.970370
  Best target acc: 0.973333

======== ROUND 29 ========  [Ablation: M2]
==== Stage 1: SupCon Pre-training ====
epoch            total_loss       cls_loss        
0                0.0009832151     0.0009832151    
1                0.1293918043     0.1293918043    
==== Stage 2: SKIPPED (M2 ablation) ====
  Random domain assignment: Counter({1: 1829, 0: 1789, 2: 1782})
==== Stage 3: Domain-invariant + HardNCE ====
epoch            total_loss       cls_loss         dis_loss         hard_loss       
0                1.1404608488     0.0032867168     1.0882862806     0.1629595011    
  Source acc: 1.000000  |  Target acc: 0.973333
  Best target acc: 0.973333

======== ROUND 30 ========  [Ablation: M2]
==== Stage 1: SupCon Pre-training ====
epoch            total_loss       cls_loss        
0                0.1595871896     0.1595871896    
1                0.1621324122     0.1621324122    
==== Stage 2: SKIPPED (M2 ablation) ====
  Random domain assignment: Counter({1: 1813, 2: 1808, 0: 1779})
==== Stage 3: Domain-invariant + HardNCE ====
epoch            total_loss       cls_loss         dis_loss         hard_loss       
0                1.1196653843     0.0066405721     1.0708646774     0.1405340135    
  Source acc: 1.000000  |  Target acc: 0.972593
  Best target acc: 0.973333

======== ROUND 31 ========  [Ablation: M2]
==== Stage 1: SupCon Pre-training ====
epoch            total_loss       cls_loss        
0                0.0018124006     0.0018124006    
1                0.0014502596     0.0014502596    
==== Stage 2: SKIPPED (M2 ablation) ====
  Random domain assignment: Counter({0: 1815, 1: 1795, 2: 1790})
==== Stage 3: Domain-invariant + HardNCE ====
epoch            total_loss       cls_loss         dis_loss         hard_loss       
0                1.1910092831     0.0236102697     1.1240708828     0.1444274038    
  Source acc: 1.000000  |  Target acc: 0.972593
  Best target acc: 0.973333

======== ROUND 32 ========  [Ablation: M2]
==== Stage 1: SupCon Pre-training ====
epoch            total_loss       cls_loss        
0                0.0034815967     0.0034815967    
1                0.0335871167     0.0335871167    
==== Stage 2: SKIPPED (M2 ablation) ====
  Random domain assignment: Counter({2: 1820, 0: 1792, 1: 1788})
==== Stage 3: Domain-invariant + HardNCE ====
epoch            total_loss       cls_loss         dis_loss         hard_loss       
0                1.1803109646     0.0146794850     1.1359077692     0.0990790352    
  Source acc: 1.000000  |  Target acc: 0.971852
  Best target acc: 0.973333

======== ROUND 33 ========  [Ablation: M2]
==== Stage 1: SupCon Pre-training ====
epoch            total_loss       cls_loss        
0                0.0008834279     0.0008834279    
1                0.0257204939     0.0257204939    
==== Stage 2: SKIPPED (M2 ablation) ====
  Random domain assignment: Counter({2: 1847, 1: 1797, 0: 1756})
==== Stage 3: Domain-invariant + HardNCE ====
epoch            total_loss       cls_loss         dis_loss         hard_loss       
0                1.1884723902     0.0104202861     1.1452417374     0.1093676090    
  Source acc: 1.000000  |  Target acc: 0.971852
  Best target acc: 0.973333

======== ROUND 34 ========  [Ablation: M2]
==== Stage 1: SupCon Pre-training ====
epoch            total_loss       cls_loss        
0                0.0015773461     0.0015773461    
1                0.0266298410     0.0266298410    
==== Stage 2: SKIPPED (M2 ablation) ====
  Random domain assignment: Counter({2: 1819, 1: 1794, 0: 1787})
==== Stage 3: Domain-invariant + HardNCE ====
epoch            total_loss       cls_loss         dis_loss         hard_loss       
0                1.2019244432     0.0041425880     1.1451662779     0.1753852218    
  Source acc: 1.000000  |  Target acc: 0.969630
  Best target acc: 0.973333

======== ROUND 35 ========  [Ablation: M2]
==== Stage 1: SupCon Pre-training ====
epoch            total_loss       cls_loss        
0                0.0073015857     0.0073015857    
1                0.0007415970     0.0007415970    
==== Stage 2: SKIPPED (M2 ablation) ====
  Random domain assignment: Counter({0: 1843, 2: 1789, 1: 1768})
==== Stage 3: Domain-invariant + HardNCE ====
epoch            total_loss       cls_loss         dis_loss         hard_loss       
0                1.1648238897     0.0079781823     1.1067273617     0.1670609117    
  Source acc: 1.000000  |  Target acc: 0.971852
  Best target acc: 0.973333

======== ROUND 36 ========  [Ablation: M2]
==== Stage 1: SupCon Pre-training ====
epoch            total_loss       cls_loss        
0                0.0801886991     0.0801886991    
1                0.0012131304     0.0012131304    
==== Stage 2: SKIPPED (M2 ablation) ====
  Random domain assignment: Counter({2: 1821, 0: 1791, 1: 1788})
==== Stage 3: Domain-invariant + HardNCE ====
epoch            total_loss       cls_loss         dis_loss         hard_loss       
0                1.1829299927     0.0070148036     1.1268522739     0.1635430902    
  Source acc: 1.000000  |  Target acc: 0.974074
  Best target acc: 0.974074

======== ROUND 37 ========  [Ablation: M2]
==== Stage 1: SupCon Pre-training ====
epoch            total_loss       cls_loss        
0                0.0007982844     0.0007982844    
1                0.0023167997     0.0023167997    
==== Stage 2: SKIPPED (M2 ablation) ====
  Random domain assignment: Counter({2: 1816, 1: 1795, 0: 1789})
==== Stage 3: Domain-invariant + HardNCE ====
epoch            total_loss       cls_loss         dis_loss         hard_loss       
0                1.1358180046     0.0131887002     1.0868517160     0.1192586049    
  Source acc: 1.000000  |  Target acc: 0.971852
  Best target acc: 0.974074

======== ROUND 38 ========  [Ablation: M2]
==== Stage 1: SupCon Pre-training ====
epoch            total_loss       cls_loss        
0                0.0050636660     0.0050636660    
1                0.0008008401     0.0008008401    
==== Stage 2: SKIPPED (M2 ablation) ====
  Random domain assignment: Counter({1: 1839, 0: 1785, 2: 1776})
==== Stage 3: Domain-invariant + HardNCE ====
epoch            total_loss       cls_loss         dis_loss         hard_loss       
0                1.1702456474     0.0096742967     1.0979840755     0.2086239904    
  Source acc: 1.000000  |  Target acc: 0.974074
  Best target acc: 0.974074

======== ROUND 39 ========  [Ablation: M2]
==== Stage 1: SupCon Pre-training ====
epoch            total_loss       cls_loss        
0                0.0005622216     0.0005622216    
1                0.0009722873     0.0009722873    
==== Stage 2: SKIPPED (M2 ablation) ====
  Random domain assignment: Counter({0: 1816, 1: 1815, 2: 1769})
==== Stage 3: Domain-invariant + HardNCE ====
epoch            total_loss       cls_loss         dis_loss         hard_loss       
0                1.1194199324     0.0065038577     1.0490534306     0.2128757536    
  Source acc: 1.000000  |  Target acc: 0.971852
  Best target acc: 0.974074

======== ROUND 40 ========  [Ablation: M2]
==== Stage 1: SupCon Pre-training ====
epoch            total_loss       cls_loss        
0                0.0003829663     0.0003829663    
1                0.0021336421     0.0021336421    
==== Stage 2: SKIPPED (M2 ablation) ====
  Random domain assignment: Counter({0: 1892, 1: 1763, 2: 1745})
==== Stage 3: Domain-invariant + HardNCE ====
epoch            total_loss       cls_loss         dis_loss         hard_loss       
0                1.1506230831     0.0337328427     1.0827147961     0.1139181852    
  Source acc: 1.000000  |  Target acc: 0.973333
  Best target acc: 0.974074

======== ROUND 41 ========  [Ablation: M2]
==== Stage 1: SupCon Pre-training ====
epoch            total_loss       cls_loss        
0                0.0024156419     0.0024156419    
1                0.0041566831     0.0041566831    
==== Stage 2: SKIPPED (M2 ablation) ====
  Random domain assignment: Counter({0: 1831, 1: 1796, 2: 1773})
==== Stage 3: Domain-invariant + HardNCE ====
epoch            total_loss       cls_loss         dis_loss         hard_loss       
0                1.1741530895     0.0131343668     1.1116008759     0.1647261828    
  Source acc: 1.000000  |  Target acc: 0.971852
  Best target acc: 0.974074

======== ROUND 42 ========  [Ablation: M2]
==== Stage 1: SupCon Pre-training ====
epoch            total_loss       cls_loss        
0                0.0013204805     0.0013204805    
1                0.0380967706     0.0380967706    
==== Stage 2: SKIPPED (M2 ablation) ====
  Random domain assignment: Counter({1: 1822, 0: 1791, 2: 1787})
==== Stage 3: Domain-invariant + HardNCE ====
epoch            total_loss       cls_loss         dis_loss         hard_loss       
0                1.1408199072     0.0050312155     1.0915639400     0.1474157870    
  Source acc: 1.000000  |  Target acc: 0.971111
  Best target acc: 0.974074

======== ROUND 43 ========  [Ablation: M2]
==== Stage 1: SupCon Pre-training ====
epoch            total_loss       cls_loss        
0                0.0017769155     0.0017769155    
1                0.0012054142     0.0012054142    
==== Stage 2: SKIPPED (M2 ablation) ====
  Random domain assignment: Counter({0: 1838, 1: 1810, 2: 1752})
==== Stage 3: Domain-invariant + HardNCE ====
epoch            total_loss       cls_loss         dis_loss         hard_loss       
0                1.1936506033     0.0145413643     1.1301903725     0.1630629301    
  Source acc: 1.000000  |  Target acc: 0.972593
  Best target acc: 0.974074

======== ROUND 44 ========  [Ablation: M2]
==== Stage 1: SupCon Pre-training ====
epoch            total_loss       cls_loss        
0                0.0073919143     0.0073919143    
1                0.0005388612     0.0005388612    
==== Stage 2: SKIPPED (M2 ablation) ====
  Random domain assignment: Counter({0: 1826, 1: 1808, 2: 1766})
==== Stage 3: Domain-invariant + HardNCE ====
epoch            total_loss       cls_loss         dis_loss         hard_loss       
0                1.1646645069     0.0281548258     1.0922251940     0.1476148665    
  Source acc: 1.000000  |  Target acc: 0.971852
  Best target acc: 0.974074

======== ROUND 45 ========  [Ablation: M2]
==== Stage 1: SupCon Pre-training ====
epoch            total_loss       cls_loss        
0                0.0023594883     0.0023594883    
1                0.0016079132     0.0016079132    
==== Stage 2: SKIPPED (M2 ablation) ====
  Random domain assignment: Counter({0: 1812, 2: 1800, 1: 1788})
==== Stage 3: Domain-invariant + HardNCE ====
epoch            total_loss       cls_loss         dis_loss         hard_loss       
0                1.1448018551     0.0081111370     1.1143047810     0.0746199340    
  Source acc: 1.000000  |  Target acc: 0.970370
  Best target acc: 0.974074

======== ROUND 46 ========  [Ablation: M2]
==== Stage 1: SupCon Pre-training ====
epoch            total_loss       cls_loss        
0                0.0162554178     0.0162554178    
1                0.0010494255     0.0010494255    
==== Stage 2: SKIPPED (M2 ablation) ====
  Random domain assignment: Counter({1: 1822, 2: 1795, 0: 1783})
==== Stage 3: Domain-invariant + HardNCE ====
epoch            total_loss       cls_loss         dis_loss         hard_loss       
0                1.1263035536     0.0166919883     1.0673379898     0.1409115791    
  Source acc: 1.000000  |  Target acc: 0.971852
  Best target acc: 0.974074

======== ROUND 47 ========  [Ablation: M2]
==== Stage 1: SupCon Pre-training ====
epoch            total_loss       cls_loss        
0                0.0013321084     0.0013321084    
1                0.0012423904     0.0012423904    
==== Stage 2: SKIPPED (M2 ablation) ====
  Random domain assignment: Counter({1: 1854, 0: 1806, 2: 1740})
==== Stage 3: Domain-invariant + HardNCE ====
epoch            total_loss       cls_loss         dis_loss         hard_loss       
0                1.1895890236     0.0061490629     1.1385244131     0.1497184038    
  Source acc: 1.000000  |  Target acc: 0.971852
  Best target acc: 0.974074

======== ROUND 48 ========  [Ablation: M2]
==== Stage 1: SupCon Pre-training ====
epoch            total_loss       cls_loss        
0                0.0309640914     0.0309640914    
1                0.0017023165     0.0017023165    
==== Stage 2: SKIPPED (M2 ablation) ====
  Random domain assignment: Counter({2: 1858, 1: 1787, 0: 1755})
==== Stage 3: Domain-invariant + HardNCE ====
epoch            total_loss       cls_loss         dis_loss         hard_loss       
0                1.1343405247     0.0050846487     1.0971801281     0.1069192290    
  Source acc: 1.000000  |  Target acc: 0.972593
  Best target acc: 0.974074

======== ROUND 49 ========  [Ablation: M2]
==== Stage 1: SupCon Pre-training ====
epoch            total_loss       cls_loss        
0                0.0010756969     0.0010756969    
1                0.0137731237     0.0137731237    
==== Stage 2: SKIPPED (M2 ablation) ====
  Random domain assignment: Counter({2: 1809, 1: 1807, 0: 1784})
==== Stage 3: Domain-invariant + HardNCE ====
epoch            total_loss       cls_loss         dis_loss         hard_loss       
0                1.1421334743     0.0098041864     1.1007707119     0.1051952839    
  Source acc: 1.000000  |  Target acc: 0.971852
  Best target acc: 0.974074
[ConfMatrix] saved to log/abl_widar1ap_cross_loc_M2_s1 (cm shape=(6, 6))

Results saved to log/abl_widar1ap_cross_loc_M2_s1
acc.txt: log/abl_widar1ap_cross_loc_M2_s1/acc.txt
bestacc.txt: log/abl_widar1ap_cross_loc_M2_s1/bestacc.txt
