[Seed] global random seed set to 0

[Ablation Mode] M0
[WidarDataset] loaded 5250 samples, gesture_map={'G01': 0, 'G02': 1, 'G03': 2, 'G04': 3, 'G05': 4, 'G06': 5}
[WidarDataset] loaded 1500 samples, gesture_map={'G01': 0, 'G02': 1, 'G03': 2, 'G04': 3, 'G05': 4, 'G06': 5}
[WidarDataset] loaded 5250 samples, gesture_map={'G01': 0, 'G02': 1, 'G03': 2, 'G04': 3, 'G05': 4, 'G06': 5}
Train set size: 5250 samples, 165 batches
Test set size:  1500 samples, 47 batches
Source eval size: 5250 samples

[Direction Sensitivity] Manual weights (dir_w=0.5): {0: 0.0, 1: 0.0, 2: 0.0, 3: 0.0, 4: 0.0, 5: 0.0}

======== ROUND 0 ========  [Ablation: M0]
==== M0 Baseline: CE Only ====
epoch            total_loss       cls_loss        
0                1.0689562559     1.0689562559    
1                3.8916535378     3.8916535378    
2                0.5432463288     0.5432463288    
3                0.0531544834     0.0531544834    
  Source acc: 0.903238  |  Target acc: 0.747333
  Best target acc: 0.747333

======== ROUND 1 ========  [Ablation: M0]
==== M0 Baseline: CE Only ====
epoch            total_loss       cls_loss        
0                1.6368260384     1.6368260384    
1                0.6965899467     0.6965899467    
2                0.6243974566     0.6243974566    
3                0.6103845239     0.6103845239    
  Source acc: 0.956571  |  Target acc: 0.769333
  Best target acc: 0.769333

======== ROUND 2 ========  [Ablation: M0]
==== M0 Baseline: CE Only ====
epoch            total_loss       cls_loss        
0                0.2210954428     0.2210954428    
1                2.4904396534     2.4904396534    
2                0.1200115904     0.1200115904    
3                0.1303219646     0.1303219646    
  Source acc: 0.991810  |  Target acc: 0.857333
  Best target acc: 0.857333

======== ROUND 3 ========  [Ablation: M0]
==== M0 Baseline: CE Only ====
epoch            total_loss       cls_loss        
0                0.1499813050     0.1499813050    
1                0.0236343984     0.0236343984    
2                4.4558014870     4.4558014870    
3                0.0083065042     0.0083065042    
  Source acc: 0.994286  |  Target acc: 0.874000
  Best target acc: 0.874000

======== ROUND 4 ========  [Ablation: M0]
==== M0 Baseline: CE Only ====
epoch            total_loss       cls_loss        
0                0.7637562752     0.7637562752    
1                0.0529322177     0.0529322177    
2                5.2507152557     5.2507152557    
3                5.0986704826     5.0986704826    
  Source acc: 0.992000  |  Target acc: 0.850667
  Best target acc: 0.874000

======== ROUND 5 ========  [Ablation: M0]
==== M0 Baseline: CE Only ====
epoch            total_loss       cls_loss        
0                0.8575835824     0.8575835824    
1                0.0219429396     0.0219429396    
2                1.5710530281     1.5710530281    
3                1.0574073792     1.0574073792    
  Source acc: 0.964190  |  Target acc: 0.838667
  Best target acc: 0.874000

======== ROUND 6 ========  [Ablation: M0]
==== M0 Baseline: CE Only ====
epoch            total_loss       cls_loss        
0                0.2356769592     0.2356769592    
1                0.1065373346     0.1065373346    
2                4.0950531960     4.0950531960    
3                0.7442378402     0.7442378402    
  Source acc: 0.995238  |  Target acc: 0.843333
  Best target acc: 0.874000

======== ROUND 7 ========  [Ablation: M0]
==== M0 Baseline: CE Only ====
epoch            total_loss       cls_loss        
0                0.1290791482     0.1290791482    
1                0.0107021863     0.0107021863    
2                0.1819778979     0.1819778979    
3                0.0053666760     0.0053666760    
  Source acc: 0.990476  |  Target acc: 0.866667
  Best target acc: 0.874000

======== ROUND 8 ========  [Ablation: M0]
==== M0 Baseline: CE Only ====
epoch            total_loss       cls_loss        
0                1.4939373732     1.4939373732    
1                0.0832642540     0.0832642540    
2                0.0690794960     0.0690794960    
3                6.1013579369     6.1013579369    
  Source acc: 0.996952  |  Target acc: 0.874000
  Best target acc: 0.874000

======== ROUND 9 ========  [Ablation: M0]
==== M0 Baseline: CE Only ====
epoch            total_loss       cls_loss        
0                0.0914030150     0.0914030150    
1                0.0503142029     0.0503142029    
2                6.4176077843     6.4176077843    
3                0.1807512790     0.1807512790    
  Source acc: 0.991429  |  Target acc: 0.847333
  Best target acc: 0.874000

======== ROUND 10 ========  [Ablation: M0]
==== M0 Baseline: CE Only ====
epoch            total_loss       cls_loss        
0                0.0458672121     0.0458672121    
1                0.1535935700     0.1535935700    
2                0.0157888662     0.0157888662    
3                0.1142002270     0.1142002270    
  Source acc: 1.000000  |  Target acc: 0.914000
  Best target acc: 0.914000

======== ROUND 11 ========  [Ablation: M0]
==== M0 Baseline: CE Only ====
epoch            total_loss       cls_loss        
0                5.3059673309     5.3059673309    
1                0.0340612270     0.0340612270    
2                0.0615916736     0.0615916736    
3                0.0186850950     0.0186850950    
  Source acc: 1.000000  |  Target acc: 0.900667
  Best target acc: 0.914000

======== ROUND 12 ========  [Ablation: M0]
==== M0 Baseline: CE Only ====
epoch            total_loss       cls_loss        
0                0.1127742082     0.1127742082    
1                0.0194926970     0.0194926970    
2                0.4503711164     0.4503711164    
3                1.2165920734     1.2165920734    
  Source acc: 1.000000  |  Target acc: 0.908000
  Best target acc: 0.914000

======== ROUND 13 ========  [Ablation: M0]
==== M0 Baseline: CE Only ====
epoch            total_loss       cls_loss        
0                0.1696800888     0.1696800888    
1                0.0246991329     0.0246991329    
2                0.0266221613     0.0266221613    
3                0.0686352253     0.0686352253    
  Source acc: 1.000000  |  Target acc: 0.908667
  Best target acc: 0.914000

======== ROUND 14 ========  [Ablation: M0]
==== M0 Baseline: CE Only ====
epoch            total_loss       cls_loss        
0                0.2484877259     0.2484877259    
1                0.2950326800     0.2950326800    
2                0.0554010682     0.0554010682    
3                6.1425719261     6.1425719261    
  Source acc: 1.000000  |  Target acc: 0.912667
  Best target acc: 0.914000

======== ROUND 15 ========  [Ablation: M0]
==== M0 Baseline: CE Only ====
epoch            total_loss       cls_loss        
0                0.0091436664     0.0091436664    
1                0.1040972918     0.1040972918    
2                0.0837541148     0.0837541148    
3                0.6730913520     0.6730913520    
  Source acc: 1.000000  |  Target acc: 0.911333
  Best target acc: 0.914000

======== ROUND 16 ========  [Ablation: M0]
==== M0 Baseline: CE Only ====
epoch            total_loss       cls_loss        
0                0.0036202995     0.0036202995    
1                0.1629306972     0.1629306972    
2                0.0880473256     0.0880473256    
3                0.0565171093     0.0565171093    
  Source acc: 1.000000  |  Target acc: 0.916667
  Best target acc: 0.916667

======== ROUND 17 ========  [Ablation: M0]
==== M0 Baseline: CE Only ====
epoch            total_loss       cls_loss        
0                0.1033012494     0.1033012494    
1                0.0368965678     0.0368965678    
2                0.0561532043     0.0561532043    
3                5.8775177002     5.8775177002    
  Source acc: 1.000000  |  Target acc: 0.916667
  Best target acc: 0.916667

======== ROUND 18 ========  [Ablation: M0]
==== M0 Baseline: CE Only ====
epoch            total_loss       cls_loss        
0                0.1709798574     0.1709798574    
1                0.2180872113     0.2180872113    
2                0.0180088077     0.0180088077    
3                0.4537166953     0.4537166953    
  Source acc: 1.000000  |  Target acc: 0.907333
  Best target acc: 0.916667

======== ROUND 19 ========  [Ablation: M0]
==== M0 Baseline: CE Only ====
epoch            total_loss       cls_loss        
0                0.0206570569     0.0206570569    
1                6.5476684570     6.5476684570    
2                0.3878844082     0.3878844082    
3                0.0560631528     0.0560631528    
  Source acc: 1.000000  |  Target acc: 0.911333
  Best target acc: 0.916667

======== ROUND 20 ========  [Ablation: M0]
==== M0 Baseline: CE Only ====
epoch            total_loss       cls_loss        
0                0.0729979873     0.0729979873    
1                0.3372743428     0.3372743428    
2                0.1844958961     0.1844958961    
3                0.0279654767     0.0279654767    
  Source acc: 1.000000  |  Target acc: 0.926667
  Best target acc: 0.926667

======== ROUND 21 ========  [Ablation: M0]
==== M0 Baseline: CE Only ====
epoch            total_loss       cls_loss        
0                5.1146926880     5.1146926880    
1                0.0100280968     0.0100280968    
2                0.0061135627     0.0061135627    
3                0.0851721093     0.0851721093    
  Source acc: 1.000000  |  Target acc: 0.924667
  Best target acc: 0.926667

======== ROUND 22 ========  [Ablation: M0]
==== M0 Baseline: CE Only ====
epoch            total_loss       cls_loss        
0                0.2817764580     0.2817764580    
1                7.1783471107     7.1783471107    
2                0.0149602322     0.0149602322    
3                0.0157993529     0.0157993529    
  Source acc: 1.000000  |  Target acc: 0.912000
  Best target acc: 0.926667

======== ROUND 23 ========  [Ablation: M0]
==== M0 Baseline: CE Only ====
epoch            total_loss       cls_loss        
0                0.0602657795     0.0602657795    
1                0.2253638655     0.2253638655    
2                0.0433307514     0.0433307514    
3                0.8182151318     0.8182151318    
  Source acc: 1.000000  |  Target acc: 0.915333
  Best target acc: 0.926667

======== ROUND 24 ========  [Ablation: M0]
==== M0 Baseline: CE Only ====
epoch            total_loss       cls_loss        
0                0.0163502563     0.0163502563    
1                4.2249817848     4.2249817848    
2                0.1210643202     0.1210643202    
3                0.9434878230     0.9434878230    
  Source acc: 1.000000  |  Target acc: 0.918667
  Best target acc: 0.926667

======== ROUND 25 ========  [Ablation: M0]
==== M0 Baseline: CE Only ====
epoch            total_loss       cls_loss        
0                0.0772340819     0.0772340819    
1                0.0490712635     0.0490712635    
2                0.1020490453     0.1020490453    
3                0.0118206600     0.0118206600    
  Source acc: 1.000000  |  Target acc: 0.916667
  Best target acc: 0.926667

======== ROUND 26 ========  [Ablation: M0]
==== M0 Baseline: CE Only ====
epoch            total_loss       cls_loss        
0                0.1632003635     0.1632003635    
1                0.0316007957     0.0316007957    
2                0.3208122253     0.3208122253    
3                5.3125395775     5.3125395775    
  Source acc: 1.000000  |  Target acc: 0.913333
  Best target acc: 0.926667

======== ROUND 27 ========  [Ablation: M0]
==== M0 Baseline: CE Only ====
epoch            total_loss       cls_loss        
0                0.0328544565     0.0328544565    
1                5.5867433548     5.5867433548    
2                0.0525589287     0.0525589287    
3                5.5915298462     5.5915298462    
  Source acc: 1.000000  |  Target acc: 0.922667
  Best target acc: 0.926667

======== ROUND 28 ========  [Ablation: M0]
==== M0 Baseline: CE Only ====
epoch            total_loss       cls_loss        
0                0.0065803169     0.0065803169    
1                0.7314898968     0.7314898968    
2                5.9631028175     5.9631028175    
3                0.0617962852     0.0617962852    
  Source acc: 1.000000  |  Target acc: 0.914667
  Best target acc: 0.926667

======== ROUND 29 ========  [Ablation: M0]
==== M0 Baseline: CE Only ====
epoch            total_loss       cls_loss        
0                0.0539553761     0.0539553761    
1                0.0121383537     0.0121383537    
2                0.0532342307     0.0532342307    
3                0.0324840918     0.0324840918    
  Source acc: 1.000000  |  Target acc: 0.922667
  Best target acc: 0.926667

======== ROUND 30 ========  [Ablation: M0]
==== M0 Baseline: CE Only ====
epoch            total_loss       cls_loss        
0                0.0716677457     0.0716677457    
1                0.0332764648     0.0332764648    
2                0.0445991643     0.0445991643    
3                0.0797578245     0.0797578245    
  Source acc: 1.000000  |  Target acc: 0.924000
  Best target acc: 0.926667

======== ROUND 31 ========  [Ablation: M0]
==== M0 Baseline: CE Only ====
epoch            total_loss       cls_loss        
0                0.1011554822     0.1011554822    
1                0.1036810651     0.1036810651    
2                0.1214389056     0.1214389056    
3                0.0845987350     0.0845987350    
  Source acc: 1.000000  |  Target acc: 0.924667
  Best target acc: 0.926667

======== ROUND 32 ========  [Ablation: M0]
==== M0 Baseline: CE Only ====
epoch            total_loss       cls_loss        
0                0.1045906395     0.1045906395    
1                0.0455945134     0.0455945134    
2                0.7334907651     0.7334907651    
3                0.0357898511     0.0357898511    
  Source acc: 1.000000  |  Target acc: 0.923333
  Best target acc: 0.926667

======== ROUND 33 ========  [Ablation: M0]
==== M0 Baseline: CE Only ====
epoch            total_loss       cls_loss        
0                0.3171074688     0.3171074688    
1                0.0493759215     0.0493759215    
2                0.0197112206     0.0197112206    
3                4.9224009514     4.9224009514    
  Source acc: 1.000000  |  Target acc: 0.924000
  Best target acc: 0.926667

======== ROUND 34 ========  [Ablation: M0]
==== M0 Baseline: CE Only ====
epoch            total_loss       cls_loss        
0                0.2229334563     0.2229334563    
1                6.7645778656     6.7645778656    
2                0.0690860301     0.0690860301    
3                5.4591898918     5.4591898918    
  Source acc: 1.000000  |  Target acc: 0.924000
  Best target acc: 0.926667

======== ROUND 35 ========  [Ablation: M0]
==== M0 Baseline: CE Only ====
epoch            total_loss       cls_loss        
0                5.0560941696     5.0560941696    
1                0.0069699888     0.0069699888    
2                0.0279834662     0.0279834662    
3                0.0885215923     0.0885215923    
  Source acc: 1.000000  |  Target acc: 0.922000
  Best target acc: 0.926667

======== ROUND 36 ========  [Ablation: M0]
==== M0 Baseline: CE Only ====
epoch            total_loss       cls_loss        
0                0.0703830868     0.0703830868    
1                0.8994094729     0.8994094729    
2                0.0788574591     0.0788574591    
3                0.0591836795     0.0591836795    
  Source acc: 1.000000  |  Target acc: 0.926667
  Best target acc: 0.926667

======== ROUND 37 ========  [Ablation: M0]
==== M0 Baseline: CE Only ====
epoch            total_loss       cls_loss        
0                0.1222913042     0.1222913042    
1                0.5494821668     0.5494821668    
2                0.0121994726     0.0121994726    
3                0.1379204988     0.1379204988    
  Source acc: 1.000000  |  Target acc: 0.928000
  Best target acc: 0.928000

======== ROUND 38 ========  [Ablation: M0]
==== M0 Baseline: CE Only ====
epoch            total_loss       cls_loss        
0                0.0367144197     0.0367144197    
1                0.0253275484     0.0253275484    
2                0.0170089882     0.0170089882    
3                0.0625598952     0.0625598952    
  Source acc: 1.000000  |  Target acc: 0.922000
  Best target acc: 0.928000

======== ROUND 39 ========  [Ablation: M0]
==== M0 Baseline: CE Only ====
epoch            total_loss       cls_loss        
0                0.0194338523     0.0194338523    
1                0.0573129132     0.0573129132    
2                0.3556073308     0.3556073308    
3                0.0918028355     0.0918028355    
  Source acc: 1.000000  |  Target acc: 0.925333
  Best target acc: 0.928000

======== ROUND 40 ========  [Ablation: M0]
==== M0 Baseline: CE Only ====
epoch            total_loss       cls_loss        
0                0.3576563001     0.3576563001    
1                0.4271056056     0.4271056056    
2                0.2184186429     0.2184186429    
3                0.1078280583     0.1078280583    
  Source acc: 1.000000  |  Target acc: 0.927333
  Best target acc: 0.928000

======== ROUND 41 ========  [Ablation: M0]
==== M0 Baseline: CE Only ====
epoch            total_loss       cls_loss        
0                5.2375030518     5.2375030518    
1                0.3410722911     0.3410722911    
2                0.3400902748     0.3400902748    
3                0.0789777264     0.0789777264    
  Source acc: 1.000000  |  Target acc: 0.927333
  Best target acc: 0.928000

======== ROUND 42 ========  [Ablation: M0]
==== M0 Baseline: CE Only ====
epoch            total_loss       cls_loss        
0                0.0146092931     0.0146092931    
1                0.0028156908     0.0028156908    
2                0.1088108867     0.1088108867    
3                0.3068746328     0.3068746328    
  Source acc: 1.000000  |  Target acc: 0.921333
  Best target acc: 0.928000

======== ROUND 43 ========  [Ablation: M0]
==== M0 Baseline: CE Only ====
epoch            total_loss       cls_loss        
0                5.4915513992     5.4915513992    
1                0.7077707648     0.7077707648    
2                0.0507672690     0.0507672690    
3                0.0231211483     0.0231211483    
  Source acc: 1.000000  |  Target acc: 0.926000
  Best target acc: 0.928000

======== ROUND 44 ========  [Ablation: M0]
==== M0 Baseline: CE Only ====
epoch            total_loss       cls_loss        
0                0.3149076998     0.3149076998    
1                6.4445724487     6.4445724487    
2                0.0163931064     0.0163931064    
3                0.0831359401     0.0831359401    
  Source acc: 1.000000  |  Target acc: 0.923333
  Best target acc: 0.928000

======== ROUND 45 ========  [Ablation: M0]
==== M0 Baseline: CE Only ====
epoch            total_loss       cls_loss        
0                0.0064890706     0.0064890706    
1                0.0539761409     0.0539761409    
2                0.0398896635     0.0398896635    
3                2.2350685596     2.2350685596    
  Source acc: 1.000000  |  Target acc: 0.929333
  Best target acc: 0.929333

======== ROUND 46 ========  [Ablation: M0]
==== M0 Baseline: CE Only ====
epoch            total_loss       cls_loss        
0                4.9600400925     4.9600400925    
1                0.0841194913     0.0841194913    
2                0.0286863856     0.0286863856    
3                0.0167419408     0.0167419408    
  Source acc: 1.000000  |  Target acc: 0.931333
  Best target acc: 0.931333

======== ROUND 47 ========  [Ablation: M0]
==== M0 Baseline: CE Only ====
epoch            total_loss       cls_loss        
0                0.3041194677     0.3041194677    
1                0.0208847858     0.0208847858    
2                5.1628222466     5.1628222466    
3                0.0365560651     0.0365560651    
  Source acc: 1.000000  |  Target acc: 0.923333
  Best target acc: 0.931333

======== ROUND 48 ========  [Ablation: M0]
==== M0 Baseline: CE Only ====
epoch            total_loss       cls_loss        
0                0.0079381196     0.0079381196    
1                0.0102191875     0.0102191875    
2                0.0917318314     0.0917318314    
3                6.5242414474     6.5242414474    
  Source acc: 1.000000  |  Target acc: 0.924667
  Best target acc: 0.931333

======== ROUND 49 ========  [Ablation: M0]
==== M0 Baseline: CE Only ====
epoch            total_loss       cls_loss        
0                0.1172471866     0.1172471866    
1                0.1306782514     0.1306782514    
2                6.6742358208     6.6742358208    
3                0.2024991065     0.2024991065    
  Source acc: 1.000000  |  Target acc: 0.924000
  Best target acc: 0.931333
[ConfMatrix] saved to log/abl_widar1ap_cross_user_M0_s0 (cm shape=(6, 6))

Results saved to log/abl_widar1ap_cross_user_M0_s0
acc.txt: log/abl_widar1ap_cross_user_M0_s0/acc.txt
bestacc.txt: log/abl_widar1ap_cross_user_M0_s0/bestacc.txt
