[Seed] global random seed set to 3

[Ablation Mode] M1
[WidarDataset] loaded 5250 samples, gesture_map={'G01': 0, 'G02': 1, 'G03': 2, 'G04': 3, 'G05': 4, 'G06': 5}
[WidarDataset] loaded 1500 samples, gesture_map={'G01': 0, 'G02': 1, 'G03': 2, 'G04': 3, 'G05': 4, 'G06': 5}
[WidarDataset] loaded 5250 samples, gesture_map={'G01': 0, 'G02': 1, 'G03': 2, 'G04': 3, 'G05': 4, 'G06': 5}
Train set size: 5250 samples, 165 batches
Test set size:  1500 samples, 47 batches
Source eval size: 5250 samples

[Direction Sensitivity] Manual weights (dir_w=0.5): {0: 0.0, 1: 0.0, 2: 0.0, 3: 0.0, 4: 0.0, 5: 0.0}

======== ROUND 0 ========  [Ablation: M1]
==== Stage 1: SupCon Pre-training ====
epoch            total_loss       cls_loss        
0                0.9129487872     0.9129487872    
1                1.3364759684     1.3364759684    
==== Stage 2: Latent Domain PCL ====
epoch            total_loss       dis_loss         proto_loss       ent_pen_loss    
0                2.1799385548     1.8799386024     0.0000000000     0.3000000119    
Counter({np.int64(1): 2271, np.int64(0): 1606, np.int64(2): 1373})
==== Stage 3: Domain-invariant + HardNCE ====
epoch            total_loss       cls_loss         dis_loss         hard_loss       
0                1.6613061428     0.6196647286     1.0416382551     0.0000104904    
  Source acc: 0.924762  |  Target acc: 0.738000
  Best target acc: 0.738000

======== ROUND 1 ========  [Ablation: M1]
==== Stage 1: SupCon Pre-training ====
epoch            total_loss       cls_loss        
0                1.1781902313     1.1781902313    
1                4.9517879486     4.9517879486    
==== Stage 2: Latent Domain PCL ====
epoch            total_loss       dis_loss         proto_loss       ent_pen_loss    
0                1.6825997829     1.4055184126     0.3327204585     0.1107210815    
Counter({np.int64(1): 2276, np.int64(0): 1840, np.int64(2): 1134})
==== Stage 3: Domain-invariant + HardNCE ====
epoch            total_loss       cls_loss         dis_loss         hard_loss       
0                1.2283861637     0.2076974809     1.0206772089     0.0000381470    
  Source acc: 0.908571  |  Target acc: 0.806667
  Best target acc: 0.806667

======== ROUND 2 ========  [Ablation: M1]
==== Stage 1: SupCon Pre-training ====
epoch            total_loss       cls_loss        
0                0.1033682674     0.1033682674    
1                0.2565580308     0.2565580308    
==== Stage 2: Latent Domain PCL ====
epoch            total_loss       dis_loss         proto_loss       ent_pen_loss    
0                2.9979496002     1.8399263620     2.0946040154     0.1107210815    
Counter({np.int64(1): 2054, np.int64(2): 1736, np.int64(0): 1460})
==== Stage 3: Domain-invariant + HardNCE ====
epoch            total_loss       cls_loss         dis_loss         hard_loss       
0                5.3165254593     3.7978334427     1.5186913013     0.0000030994    
  Source acc: 0.972571  |  Target acc: 0.836667
  Best target acc: 0.836667

======== ROUND 3 ========  [Ablation: M1]
==== Stage 1: SupCon Pre-training ====
epoch            total_loss       cls_loss        
0                0.1729502380     0.1729502380    
1                0.2042774856     0.2042774856    
==== Stage 2: Latent Domain PCL ====
epoch            total_loss       dis_loss         proto_loss       ent_pen_loss    
0                1.3629610538     1.1118751764     0.2807295620     0.1107210815    
Counter({np.int64(1): 2258, np.int64(0): 1545, np.int64(2): 1447})
==== Stage 3: Domain-invariant + HardNCE ====
epoch            total_loss       cls_loss         dis_loss         hard_loss       
0                1.4839016199     0.9006302953     0.5832699537     0.0000045300    
  Source acc: 0.928762  |  Target acc: 0.794667
  Best target acc: 0.836667

======== ROUND 4 ========  [Ablation: M1]
==== Stage 1: SupCon Pre-training ====
epoch            total_loss       cls_loss        
0                0.1128667668     0.1128667668    
1                0.0975266919     0.0975266919    
==== Stage 2: Latent Domain PCL ====
epoch            total_loss       dis_loss         proto_loss       ent_pen_loss    
0                1.4000489712     0.8737313747     0.8311930895     0.1107210815    
Counter({np.int64(2): 2320, np.int64(0): 1663, np.int64(1): 1267})
==== Stage 3: Domain-invariant + HardNCE ====
epoch            total_loss       cls_loss         dis_loss         hard_loss       
0                1.6271616220     1.0931563377     0.5340032578     0.0000069141    
  Source acc: 0.987810  |  Target acc: 0.825333
  Best target acc: 0.836667

======== ROUND 5 ========  [Ablation: M1]
==== Stage 1: SupCon Pre-training ====
epoch            total_loss       cls_loss        
0                0.5819517374     0.5819517374    
1                0.1124926284     0.1124926284    
==== Stage 2: Latent Domain PCL ====
epoch            total_loss       dis_loss         proto_loss       ent_pen_loss    
0                4.2656631470     2.4788556099     2.9736151695     0.3000000119    
Counter({np.int64(2): 2323, np.int64(1): 1477, np.int64(0): 1450})
==== Stage 3: Domain-invariant + HardNCE ====
epoch            total_loss       cls_loss         dis_loss         hard_loss       
0                0.9427193403     0.1977538168     0.7449631095     0.0000078678    
  Source acc: 0.989524  |  Target acc: 0.828667
  Best target acc: 0.836667

======== ROUND 6 ========  [Ablation: M1]
==== Stage 1: SupCon Pre-training ====
epoch            total_loss       cls_loss        
0                0.0977954119     0.0977954119    
1                0.0204115435     0.0204115435    
==== Stage 2: Latent Domain PCL ====
epoch            total_loss       dis_loss         proto_loss       ent_pen_loss    
0                3.1010916233     2.0194227695     1.9418953657     0.1107210815    
Counter({np.int64(1): 2030, np.int64(0): 1998, np.int64(2): 1222})
==== Stage 3: Domain-invariant + HardNCE ====
epoch            total_loss       cls_loss         dis_loss         hard_loss       
0                1.9561338425     0.3484427631     1.6076905727     0.0000016689    
  Source acc: 0.980952  |  Target acc: 0.859333
  Best target acc: 0.859333

======== ROUND 7 ========  [Ablation: M1]
==== Stage 1: SupCon Pre-training ====
epoch            total_loss       cls_loss        
0                0.0758352652     0.0758352652    
1                4.8738789558     4.8738789558    
==== Stage 2: Latent Domain PCL ====
epoch            total_loss       dis_loss         proto_loss       ent_pen_loss    
0                1.7521938086     1.2899645567     0.7030163407     0.1107210815    
Counter({np.int64(0): 1857, np.int64(1): 1703, np.int64(2): 1690})
==== Stage 3: Domain-invariant + HardNCE ====
epoch            total_loss       cls_loss         dis_loss         hard_loss       
0                1.0893222094     0.1833598912     0.9059610367     0.0000045300    
  Source acc: 0.994095  |  Target acc: 0.846667
  Best target acc: 0.859333

======== ROUND 8 ========  [Ablation: M1]
==== Stage 1: SupCon Pre-training ====
epoch            total_loss       cls_loss        
0                0.0537490696     0.0537490696    
1                5.0933809280     5.0933809280    
==== Stage 2: Latent Domain PCL ====
epoch            total_loss       dis_loss         proto_loss       ent_pen_loss    
0                2.7848603725     1.3841691017     2.2013826370     0.3000000119    
Counter({np.int64(2): 2176, np.int64(0): 1853, np.int64(1): 1221})
==== Stage 3: Domain-invariant + HardNCE ====
epoch            total_loss       cls_loss         dis_loss         hard_loss       
0                1.6411616802     0.3320563734     1.3091040850     0.0000038147    
  Source acc: 0.992762  |  Target acc: 0.850667
  Best target acc: 0.859333

======== ROUND 9 ========  [Ablation: M1]
==== Stage 1: SupCon Pre-training ====
epoch            total_loss       cls_loss        
0                3.9307761192     3.9307761192    
1                0.2333720028     0.2333720028    
==== Stage 2: Latent Domain PCL ====
epoch            total_loss       dis_loss         proto_loss       ent_pen_loss    
0                2.2077085972     1.4215888977     1.3507972956     0.1107210815    
Counter({np.int64(1): 2626, np.int64(0): 1945, np.int64(2): 679})
==== Stage 3: Domain-invariant + HardNCE ====
epoch            total_loss       cls_loss         dis_loss         hard_loss       
0                3.1543054581     0.1909304857     2.9633741379     0.0000033379    
  Source acc: 0.992190  |  Target acc: 0.878000
  Best target acc: 0.878000

======== ROUND 10 ========  [Ablation: M1]
==== Stage 1: SupCon Pre-training ====
epoch            total_loss       cls_loss        
0                0.0199814122     0.0199814122    
1                0.1715237945     0.1715237945    
==== Stage 2: Latent Domain PCL ====
epoch            total_loss       dis_loss         proto_loss       ent_pen_loss    
0                1.9286921024     1.7240455151     0.1878509969     0.1107210815    
Counter({np.int64(2): 2025, np.int64(0): 1770, np.int64(1): 1455})
==== Stage 3: Domain-invariant + HardNCE ====
epoch            total_loss       cls_loss         dis_loss         hard_loss       
0                1.1737952232     0.3629767299     0.8108171225     0.0000047684    
  Source acc: 0.999619  |  Target acc: 0.905333
  Best target acc: 0.905333

======== ROUND 11 ========  [Ablation: M1]
==== Stage 1: SupCon Pre-training ====
epoch            total_loss       cls_loss        
0                0.0211552642     0.0211552642    
1                0.5335073471     0.5335073471    
==== Stage 2: Latent Domain PCL ====
epoch            total_loss       dis_loss         proto_loss       ent_pen_loss    
0                0.9226688147     0.7513868809     0.1211216971     0.1107210815    
Counter({np.int64(2): 2233, np.int64(0): 1822, np.int64(1): 1195})
==== Stage 3: Domain-invariant + HardNCE ====
epoch            total_loss       cls_loss         dis_loss         hard_loss       
0                5.0163712502     3.5211782455     1.4949429035     0.0008344650    
  Source acc: 0.999810  |  Target acc: 0.892000
  Best target acc: 0.905333

======== ROUND 12 ========  [Ablation: M1]
==== Stage 1: SupCon Pre-training ====
epoch            total_loss       cls_loss        
0                1.3124780655     1.3124780655    
1                0.1784346402     0.1784346402    
==== Stage 2: Latent Domain PCL ====
epoch            total_loss       dis_loss         proto_loss       ent_pen_loss    
0                4.1423368454     2.0727205276     3.5392324924     0.3000000119    
Counter({np.int64(2): 2250, np.int64(0): 2047, np.int64(1): 953})
==== Stage 3: Domain-invariant + HardNCE ====
epoch            total_loss       cls_loss         dis_loss         hard_loss       
0                3.9066689014     3.7144069672     0.1922606677     0.0000042915    
  Source acc: 1.000000  |  Target acc: 0.902667
  Best target acc: 0.905333

======== ROUND 13 ========  [Ablation: M1]
==== Stage 1: SupCon Pre-training ====
epoch            total_loss       cls_loss        
0                0.5805965662     0.5805965662    
1                3.9169182777     3.9169182777    
==== Stage 2: Latent Domain PCL ====
epoch            total_loss       dis_loss         proto_loss       ent_pen_loss    
0                0.8763698339     0.7525514960     0.0261944421     0.1107210815    
Counter({np.int64(0): 2213, np.int64(2): 2141, np.int64(1): 896})
==== Stage 3: Domain-invariant + HardNCE ====
epoch            total_loss       cls_loss         dis_loss         hard_loss       
0                1.2286168337     0.8307290077     0.3978873193     0.0000016689    
  Source acc: 1.000000  |  Target acc: 0.894000
  Best target acc: 0.905333

======== ROUND 14 ========  [Ablation: M1]
==== Stage 1: SupCon Pre-training ====
epoch            total_loss       cls_loss        
0                0.0727103278     0.0727103278    
1                0.1668903381     0.1668903381    
==== Stage 2: Latent Domain PCL ====
epoch            total_loss       dis_loss         proto_loss       ent_pen_loss    
0                1.3633179665     0.3365817070     1.4534726143     0.3000000119    
Counter({np.int64(0): 2319, np.int64(2): 2064, np.int64(1): 867})
==== Stage 3: Domain-invariant + HardNCE ====
epoch            total_loss       cls_loss         dis_loss         hard_loss       
0                0.8509940505     0.1915688068     0.6594238877     0.0000045300    
  Source acc: 1.000000  |  Target acc: 0.904667
  Best target acc: 0.905333

======== ROUND 15 ========  [Ablation: M1]
==== Stage 1: SupCon Pre-training ====
epoch            total_loss       cls_loss        
0                5.4331946373     5.4331946373    
1                5.4487905502     5.4487905502    
==== Stage 2: Latent Domain PCL ====
epoch            total_loss       dis_loss         proto_loss       ent_pen_loss    
0                2.3214707375     0.9872354865     2.0684704781     0.3000000119    
Counter({np.int64(0): 2255, np.int64(2): 1810, np.int64(1): 1185})
==== Stage 3: Domain-invariant + HardNCE ====
epoch            total_loss       cls_loss         dis_loss         hard_loss       
0                0.7900857925     0.0234067235     0.7666775584     0.0000050068    
  Source acc: 1.000000  |  Target acc: 0.901333
  Best target acc: 0.905333

======== ROUND 16 ========  [Ablation: M1]
==== Stage 1: SupCon Pre-training ====
epoch            total_loss       cls_loss        
0                0.0558828562     0.0558828562    
1                0.0634660199     0.0634660199    
==== Stage 2: Latent Domain PCL ====
epoch            total_loss       dis_loss         proto_loss       ent_pen_loss    
0                2.0797431469     0.6463780403     2.2667303085     0.3000000119    
Counter({np.int64(0): 2178, np.int64(2): 1860, np.int64(1): 1212})
==== Stage 3: Domain-invariant + HardNCE ====
epoch            total_loss       cls_loss         dis_loss         hard_loss       
0                0.2736682892     0.1428757757     0.1307916492     0.0000028610    
  Source acc: 1.000000  |  Target acc: 0.900000
  Best target acc: 0.905333

======== ROUND 17 ========  [Ablation: M1]
==== Stage 1: SupCon Pre-training ====
epoch            total_loss       cls_loss        
0                0.0560087450     0.0560087450    
1                0.1127709299     0.1127709299    
==== Stage 2: Latent Domain PCL ====
epoch            total_loss       dis_loss         proto_loss       ent_pen_loss    
0                0.4696584046     0.3193709850     0.0791327059     0.1107210815    
Counter({np.int64(0): 2041, np.int64(1): 1645, np.int64(2): 1564})
==== Stage 3: Domain-invariant + HardNCE ====
epoch            total_loss       cls_loss         dis_loss         hard_loss       
0                3.0439238548     2.2929813862     0.7509289980     0.0000443459    
  Source acc: 1.000000  |  Target acc: 0.895333
  Best target acc: 0.905333

======== ROUND 18 ========  [Ablation: M1]
==== Stage 1: SupCon Pre-training ====
epoch            total_loss       cls_loss        
0                0.0221853107     0.0221853107    
1                0.1816240251     0.1816240251    
==== Stage 2: Latent Domain PCL ====
epoch            total_loss       dis_loss         proto_loss       ent_pen_loss    
0                0.5605875850     0.4375978708     0.0245372877     0.1107210815    
Counter({np.int64(0): 2085, np.int64(2): 1599, np.int64(1): 1566})
==== Stage 3: Domain-invariant + HardNCE ====
epoch            total_loss       cls_loss         dis_loss         hard_loss       
0                0.1985245198     0.0324259251     0.1660968810     0.0000057220    
  Source acc: 1.000000  |  Target acc: 0.906000
  Best target acc: 0.906000

======== ROUND 19 ========  [Ablation: M1]
==== Stage 1: SupCon Pre-training ====
epoch            total_loss       cls_loss        
0                0.0203759167     0.0203759167    
1                0.0376900136     0.0376900136    
==== Stage 2: Latent Domain PCL ====
epoch            total_loss       dis_loss         proto_loss       ent_pen_loss    
0                1.4363732338     0.3831474781     1.5064513683     0.3000000119    
Counter({np.int64(0): 2148, np.int64(1): 1626, np.int64(2): 1476})
==== Stage 3: Domain-invariant + HardNCE ====
epoch            total_loss       cls_loss         dis_loss         hard_loss       
0                0.3110346794     0.1301416159     0.1808897853     0.0000109673    
  Source acc: 1.000000  |  Target acc: 0.890667
  Best target acc: 0.906000

======== ROUND 20 ========  [Ablation: M1]
==== Stage 1: SupCon Pre-training ====
epoch            total_loss       cls_loss        
0                5.6252813339     5.6252813339    
1                0.1225681305     0.1225681305    
==== Stage 2: Latent Domain PCL ====
epoch            total_loss       dis_loss         proto_loss       ent_pen_loss    
0                0.4374976158     0.3161336184     0.0212858357     0.1107210815    
Counter({np.int64(0): 2131, np.int64(1): 1614, np.int64(2): 1505})
==== Stage 3: Domain-invariant + HardNCE ====
epoch            total_loss       cls_loss         dis_loss         hard_loss       
0                1.9214849472     0.5121460557     1.4093333483     0.0000183582    
  Source acc: 1.000000  |  Target acc: 0.909333
  Best target acc: 0.909333

======== ROUND 21 ========  [Ablation: M1]
==== Stage 1: SupCon Pre-training ====
epoch            total_loss       cls_loss        
0                4.5377874374     4.5377874374    
1                0.3417602181     0.3417602181    
==== Stage 2: Latent Domain PCL ====
epoch            total_loss       dis_loss         proto_loss       ent_pen_loss    
0                0.4509758651     0.3353862464     0.0097370688     0.1107210815    
Counter({np.int64(0): 2241, np.int64(1): 1617, np.int64(2): 1392})
==== Stage 3: Domain-invariant + HardNCE ====
epoch            total_loss       cls_loss         dis_loss         hard_loss       
0                0.2765534818     0.0353447013     0.2412022799     0.0000216961    
  Source acc: 1.000000  |  Target acc: 0.897333
  Best target acc: 0.909333

======== ROUND 22 ========  [Ablation: M1]
==== Stage 1: SupCon Pre-training ====
epoch            total_loss       cls_loss        
0                6.6305971146     6.6305971146    
1                0.0600167327     0.0600167327    
==== Stage 2: Latent Domain PCL ====
epoch            total_loss       dis_loss         proto_loss       ent_pen_loss    
0                0.8958331347     0.5092333555     0.5517572761     0.1107210815    
Counter({np.int64(0): 2420, np.int64(1): 1633, np.int64(2): 1197})
==== Stage 3: Domain-invariant + HardNCE ====
epoch            total_loss       cls_loss         dis_loss         hard_loss       
0                0.8387033343     0.0413721725     0.7973307967     0.0000011921    
  Source acc: 1.000000  |  Target acc: 0.912000
  Best target acc: 0.912000

======== ROUND 23 ========  [Ablation: M1]
==== Stage 1: SupCon Pre-training ====
epoch            total_loss       cls_loss        
0                0.0334774740     0.0334774740    
1                0.0179289039     0.0179289039    
==== Stage 2: Latent Domain PCL ====
epoch            total_loss       dis_loss         proto_loss       ent_pen_loss    
0                0.5958118439     0.4736697078     0.0228420272     0.1107210815    
Counter({np.int64(0): 2448, np.int64(1): 1699, np.int64(2): 1103})
==== Stage 3: Domain-invariant + HardNCE ====
epoch            total_loss       cls_loss         dis_loss         hard_loss       
0                0.1698419899     0.0367807634     0.1330550015     0.0000207424    
  Source acc: 1.000000  |  Target acc: 0.909333
  Best target acc: 0.912000

======== ROUND 24 ========  [Ablation: M1]
==== Stage 1: SupCon Pre-training ====
epoch            total_loss       cls_loss        
0                0.0143807055     0.0143807055    
1                0.0967264846     0.0967264846    
==== Stage 2: Latent Domain PCL ====
epoch            total_loss       dis_loss         proto_loss       ent_pen_loss    
0                3.0028131008     2.0346601009     1.3363059759     0.3000000119    
Counter({np.int64(0): 2596, np.int64(1): 1686, np.int64(2): 968})
==== Stage 3: Domain-invariant + HardNCE ====
epoch            total_loss       cls_loss         dis_loss         hard_loss       
0                4.2845311165     0.2345739603     4.0499567986     0.0000019073    
  Source acc: 1.000000  |  Target acc: 0.903333
  Best target acc: 0.912000

======== ROUND 25 ========  [Ablation: M1]
==== Stage 1: SupCon Pre-training ====
epoch            total_loss       cls_loss        
0                0.2948091626     0.2948091626    
1                0.1694424748     0.1694424748    
==== Stage 2: Latent Domain PCL ====
epoch            total_loss       dis_loss         proto_loss       ent_pen_loss    
0                0.4251000881     0.3051813841     0.0183952190     0.1107210815    
Counter({np.int64(0): 2615, np.int64(1): 1710, np.int64(2): 925})
==== Stage 3: Domain-invariant + HardNCE ====
epoch            total_loss       cls_loss         dis_loss         hard_loss       
0                1.4684771299     0.1024002731     1.3660756350     0.0000040531    
  Source acc: 1.000000  |  Target acc: 0.904667
  Best target acc: 0.912000

======== ROUND 26 ========  [Ablation: M1]
==== Stage 1: SupCon Pre-training ====
epoch            total_loss       cls_loss        
0                0.1914353222     0.1914353222    
1                5.6882424355     5.6882424355    
==== Stage 2: Latent Domain PCL ====
epoch            total_loss       dis_loss         proto_loss       ent_pen_loss    
0                0.4667640924     0.3440766633     0.0239327122     0.1107210815    
Counter({np.int64(0): 2626, np.int64(1): 1714, np.int64(2): 910})
==== Stage 3: Domain-invariant + HardNCE ====
epoch            total_loss       cls_loss         dis_loss         hard_loss       
0                0.9024040699     0.5547053218     0.3476984501     0.0000009537    
  Source acc: 1.000000  |  Target acc: 0.898667
  Best target acc: 0.912000

======== ROUND 27 ========  [Ablation: M1]
==== Stage 1: SupCon Pre-training ====
epoch            total_loss       cls_loss        
0                0.0223207027     0.0223207027    
1                0.4056770504     0.4056770504    
==== Stage 2: Latent Domain PCL ====
epoch            total_loss       dis_loss         proto_loss       ent_pen_loss    
0                0.6468983889     0.5223304033     0.0276937466     0.1107210815    
Counter({np.int64(0): 2619, np.int64(1): 1743, np.int64(2): 888})
==== Stage 3: Domain-invariant + HardNCE ====
epoch            total_loss       cls_loss         dis_loss         hard_loss       
0                1.2427957058     0.0182657484     1.2245287895     0.0000038147    
  Source acc: 1.000000  |  Target acc: 0.896667
  Best target acc: 0.912000

======== ROUND 28 ========  [Ablation: M1]
==== Stage 1: SupCon Pre-training ====
epoch            total_loss       cls_loss        
0                0.0256361533     0.0256361533    
1                0.0173163302     0.0173163302    
==== Stage 2: Latent Domain PCL ====
epoch            total_loss       dis_loss         proto_loss       ent_pen_loss    
0                4.5517601967     2.9340291023     2.6354620457     0.3000000119    
Counter({np.int64(0): 2609, np.int64(1): 1761, np.int64(2): 880})
==== Stage 3: Domain-invariant + HardNCE ====
epoch            total_loss       cls_loss         dis_loss         hard_loss       
0                6.8023447990     2.7091968060     4.0931477547     0.0000021458    
  Source acc: 1.000000  |  Target acc: 0.898667
  Best target acc: 0.912000

======== ROUND 29 ========  [Ablation: M1]
==== Stage 1: SupCon Pre-training ====
epoch            total_loss       cls_loss        
0                0.0384927914     0.0384927914    
1                4.0161814690     4.0161814690    
==== Stage 2: Latent Domain PCL ====
epoch            total_loss       dis_loss         proto_loss       ent_pen_loss    
0                0.5753296614     0.3379618227     0.2532935739     0.1107210815    
Counter({np.int64(0): 2622, np.int64(1): 1747, np.int64(2): 881})
==== Stage 3: Domain-invariant + HardNCE ====
epoch            total_loss       cls_loss         dis_loss         hard_loss       
0                0.6646716595     0.5661501884     0.0985202789     0.0000040531    
  Source acc: 1.000000  |  Target acc: 0.898667
  Best target acc: 0.912000

======== ROUND 30 ========  [Ablation: M1]
==== Stage 1: SupCon Pre-training ====
epoch            total_loss       cls_loss        
0                0.2474957108     0.2474957108    
1                3.8492839336     3.8492839336    
==== Stage 2: Latent Domain PCL ====
epoch            total_loss       dis_loss         proto_loss       ent_pen_loss    
0                0.5888813138     0.4111827016     0.1339550614     0.1107210815    
Counter({np.int64(0): 2629, np.int64(1): 1741, np.int64(2): 880})
==== Stage 3: Domain-invariant + HardNCE ====
epoch            total_loss       cls_loss         dis_loss         hard_loss       
0                0.9774509072     0.0419428758     0.9355052114     0.0000092983    
  Source acc: 1.000000  |  Target acc: 0.894667
  Best target acc: 0.912000

======== ROUND 31 ========  [Ablation: M1]
==== Stage 1: SupCon Pre-training ====
epoch            total_loss       cls_loss        
0                0.0572025068     0.0572025068    
1                0.2307610363     0.2307610363    
==== Stage 2: Latent Domain PCL ====
epoch            total_loss       dis_loss         proto_loss       ent_pen_loss    
0                1.2599360943     0.4933601022     0.9331518412     0.3000000119    
Counter({np.int64(0): 2637, np.int64(1): 1730, np.int64(2): 883})
==== Stage 3: Domain-invariant + HardNCE ====
epoch            total_loss       cls_loss         dis_loss         hard_loss       
0                2.2262995243     0.7329024076     1.4933947325     0.0000076294    
  Source acc: 1.000000  |  Target acc: 0.906000
  Best target acc: 0.912000

======== ROUND 32 ========  [Ablation: M1]
==== Stage 1: SupCon Pre-training ====
epoch            total_loss       cls_loss        
0                5.4693813324     5.4693813324    
1                0.0250176247     0.0250176247    
==== Stage 2: Latent Domain PCL ====
epoch            total_loss       dis_loss         proto_loss       ent_pen_loss    
0                1.4113149643     0.1683741212     1.8858819008     0.3000000119    
Counter({np.int64(0): 2629, np.int64(1): 1749, np.int64(2): 872})
==== Stage 3: Domain-invariant + HardNCE ====
epoch            total_loss       cls_loss         dis_loss         hard_loss       
0                1.1159446239     0.2885281444     0.8274127245     0.0000126362    
  Source acc: 1.000000  |  Target acc: 0.911333
  Best target acc: 0.912000

======== ROUND 33 ========  [Ablation: M1]
==== Stage 1: SupCon Pre-training ====
epoch            total_loss       cls_loss        
0                0.0153551213     0.0153551213    
1                0.0641243905     0.0641243905    
==== Stage 2: Latent Domain PCL ====
epoch            total_loss       dis_loss         proto_loss       ent_pen_loss    
0                1.8121678829     0.8155270815     1.3932814598     0.3000000119    
Counter({np.int64(0): 2630, np.int64(1): 1742, np.int64(2): 878})
==== Stage 3: Domain-invariant + HardNCE ====
epoch            total_loss       cls_loss         dis_loss         hard_loss       
0                5.5396418571     3.8053507805     1.7342125177     0.0002627373    
  Source acc: 1.000000  |  Target acc: 0.916667
  Best target acc: 0.916667

======== ROUND 34 ========  [Ablation: M1]
==== Stage 1: SupCon Pre-training ====
epoch            total_loss       cls_loss        
0                4.9692306519     4.9692306519    
1                6.0690679550     6.0690679550    
==== Stage 2: Latent Domain PCL ====
epoch            total_loss       dis_loss         proto_loss       ent_pen_loss    
0                0.4012966454     0.2802712917     0.0206085332     0.1107210815    
Counter({np.int64(0): 2621, np.int64(1): 1753, np.int64(2): 876})
==== Stage 3: Domain-invariant + HardNCE ====
epoch            total_loss       cls_loss         dis_loss         hard_loss       
0                0.5048276186     0.3517569304     0.1530695409     0.0000038147    
  Source acc: 1.000000  |  Target acc: 0.900000
  Best target acc: 0.916667

======== ROUND 35 ========  [Ablation: M1]
==== Stage 1: SupCon Pre-training ====
epoch            total_loss       cls_loss        
0                0.0841583312     0.0841583312    
1                0.0238378439     0.0238378439    
==== Stage 2: Latent Domain PCL ====
epoch            total_loss       dis_loss         proto_loss       ent_pen_loss    
0                0.4156213999     0.2853399515     0.0391207375     0.1107210815    
Counter({np.int64(0): 2621, np.int64(1): 1753, np.int64(2): 876})
==== Stage 3: Domain-invariant + HardNCE ====
epoch            total_loss       cls_loss         dis_loss         hard_loss       
0                1.2840205431     0.0903667882     1.1936527491     0.0000030994    
  Source acc: 1.000000  |  Target acc: 0.905333
  Best target acc: 0.916667

======== ROUND 36 ========  [Ablation: M1]
==== Stage 1: SupCon Pre-training ====
epoch            total_loss       cls_loss        
0                4.9232530594     4.9232530594    
1                0.0752103925     0.0752103925    
==== Stage 2: Latent Domain PCL ====
epoch            total_loss       dis_loss         proto_loss       ent_pen_loss    
0                0.9035658836     0.7884092331     0.0088711884     0.1107210815    
Counter({np.int64(0): 2626, np.int64(1): 1748, np.int64(2): 876})
==== Stage 3: Domain-invariant + HardNCE ====
epoch            total_loss       cls_loss         dis_loss         hard_loss       
0                1.5528607368     0.0399222374     1.5129312277     0.0000240803    
  Source acc: 1.000000  |  Target acc: 0.914667
  Best target acc: 0.916667

======== ROUND 37 ========  [Ablation: M1]
==== Stage 1: SupCon Pre-training ====
epoch            total_loss       cls_loss        
0                4.4474358559     4.4474358559    
1                0.0108421454     0.0108421454    
==== Stage 2: Latent Domain PCL ====
epoch            total_loss       dis_loss         proto_loss       ent_pen_loss    
0                1.8948683739     0.3545072675     2.4807221889     0.3000000119    
Counter({np.int64(0): 2621, np.int64(1): 1754, np.int64(2): 875})
==== Stage 3: Domain-invariant + HardNCE ====
epoch            total_loss       cls_loss         dis_loss         hard_loss       
0                3.6096103191     2.6031732559     1.0064337254     0.0000109673    
  Source acc: 1.000000  |  Target acc: 0.895333
  Best target acc: 0.916667

======== ROUND 38 ========  [Ablation: M1]
==== Stage 1: SupCon Pre-training ====
epoch            total_loss       cls_loss        
0                0.0209162887     0.0209162887    
1                4.4748234749     4.4748234749    
==== Stage 2: Latent Domain PCL ====
epoch            total_loss       dis_loss         proto_loss       ent_pen_loss    
0                1.0965560675     0.9576157331     0.0564385019     0.1107210815    
Counter({np.int64(0): 2616, np.int64(1): 1754, np.int64(2): 880})
==== Stage 3: Domain-invariant + HardNCE ====
epoch            total_loss       cls_loss         dis_loss         hard_loss       
0                5.9655461311     2.2537715435     3.7117738724     0.0000011921    
  Source acc: 1.000000  |  Target acc: 0.900667
  Best target acc: 0.916667

======== ROUND 39 ========  [Ablation: M1]
==== Stage 1: SupCon Pre-training ====
epoch            total_loss       cls_loss        
0                0.0096433815     0.0096433815    
1                0.0226496495     0.0226496495    
==== Stage 2: Latent Domain PCL ====
epoch            total_loss       dis_loss         proto_loss       ent_pen_loss    
0                0.4094371498     0.2930920124     0.0112481369     0.1107210815    
Counter({np.int64(0): 2626, np.int64(1): 1752, np.int64(2): 872})
==== Stage 3: Domain-invariant + HardNCE ====
epoch            total_loss       cls_loss         dis_loss         hard_loss       
0                0.9983105063     0.2406540662     0.7576541901     0.0000076294    
  Source acc: 1.000000  |  Target acc: 0.894000
  Best target acc: 0.916667

======== ROUND 40 ========  [Ablation: M1]
==== Stage 1: SupCon Pre-training ====
epoch            total_loss       cls_loss        
0                0.0663594455     0.0663594455    
1                1.6326949596     1.6326949596    
==== Stage 2: Latent Domain PCL ====
epoch            total_loss       dis_loss         proto_loss       ent_pen_loss    
0                3.1102101803     2.9983797073     0.0022187419     0.1107210815    
Counter({np.int64(0): 2634, np.int64(1): 1741, np.int64(2): 875})
==== Stage 3: Domain-invariant + HardNCE ====
epoch            total_loss       cls_loss         dis_loss         hard_loss       
0                0.6730651855     0.1509362459     0.5220702887     0.0001955032    
  Source acc: 1.000000  |  Target acc: 0.899333
  Best target acc: 0.916667

======== ROUND 41 ========  [Ablation: M1]
==== Stage 1: SupCon Pre-training ====
epoch            total_loss       cls_loss        
0                0.0034009852     0.0034009852    
1                0.0712723061     0.0712723061    
==== Stage 2: Latent Domain PCL ====
epoch            total_loss       dis_loss         proto_loss       ent_pen_loss    
0                0.3574829400     0.2318985462     0.0297266338     0.1107210815    
Counter({np.int64(0): 2624, np.int64(1): 1751, np.int64(2): 875})
==== Stage 3: Domain-invariant + HardNCE ====
epoch            total_loss       cls_loss         dis_loss         hard_loss       
0                4.9700679779     3.4351780415     1.5348839760     0.0000188351    
  Source acc: 1.000000  |  Target acc: 0.891333
  Best target acc: 0.916667

======== ROUND 42 ========  [Ablation: M1]
==== Stage 1: SupCon Pre-training ====
epoch            total_loss       cls_loss        
0                0.0823879838     0.0823879838    
1                5.5992836952     5.5992836952    
==== Stage 2: Latent Domain PCL ====
epoch            total_loss       dis_loss         proto_loss       ent_pen_loss    
0                0.3433297575     0.2270850390     0.0110472813     0.1107210815    
Counter({np.int64(0): 2629, np.int64(1): 1741, np.int64(2): 880})
==== Stage 3: Domain-invariant + HardNCE ====
epoch            total_loss       cls_loss         dis_loss         hard_loss       
0                0.6510757208     0.1213038191     0.5297701955     0.0000057220    
  Source acc: 1.000000  |  Target acc: 0.904667
  Best target acc: 0.916667

======== ROUND 43 ========  [Ablation: M1]
==== Stage 1: SupCon Pre-training ====
epoch            total_loss       cls_loss        
0                0.0118775479     0.0118775479    
1                0.0078509171     0.0078509171    
==== Stage 2: Latent Domain PCL ====
epoch            total_loss       dis_loss         proto_loss       ent_pen_loss    
0                3.2669754028     2.3250389099     1.2838729620     0.3000000119    
Counter({np.int64(0): 2625, np.int64(1): 1750, np.int64(2): 875})
==== Stage 3: Domain-invariant + HardNCE ====
epoch            total_loss       cls_loss         dis_loss         hard_loss       
0                1.9602582455     0.0317753516     1.9284802675     0.0000085831    
  Source acc: 1.000000  |  Target acc: 0.899333
  Best target acc: 0.916667

======== ROUND 44 ========  [Ablation: M1]
==== Stage 1: SupCon Pre-training ====
epoch            total_loss       cls_loss        
0                0.0137340296     0.0137340296    
1                0.0795814693     0.0795814693    
==== Stage 2: Latent Domain PCL ====
epoch            total_loss       dis_loss         proto_loss       ent_pen_loss    
0                0.7273705006     0.6155729294     0.0021530609     0.1107210815    
Counter({np.int64(0): 2627, np.int64(1): 1749, np.int64(2): 874})
==== Stage 3: Domain-invariant + HardNCE ====
epoch            total_loss       cls_loss         dis_loss         hard_loss       
0                0.7367677093     0.0613600463     0.6754072309     0.0000014305    
  Source acc: 1.000000  |  Target acc: 0.898000
  Best target acc: 0.916667

======== ROUND 45 ========  [Ablation: M1]
==== Stage 1: SupCon Pre-training ====
epoch            total_loss       cls_loss        
0                0.0481816344     0.0481816344    
1                5.0445413589     5.0445413589    
==== Stage 2: Latent Domain PCL ====
epoch            total_loss       dis_loss         proto_loss       ent_pen_loss    
0                5.1189193726     2.3795576096     4.8787231445     0.3000000119    
Counter({np.int64(0): 2614, np.int64(1): 1760, np.int64(2): 876})
==== Stage 3: Domain-invariant + HardNCE ====
epoch            total_loss       cls_loss         dis_loss         hard_loss       
0                0.0968604609     0.0602047369     0.0366533659     0.0000078678    
  Source acc: 1.000000  |  Target acc: 0.908667
  Best target acc: 0.916667

======== ROUND 46 ========  [Ablation: M1]
==== Stage 1: SupCon Pre-training ====
epoch            total_loss       cls_loss        
0                0.1177942231     0.1177942231    
1                0.0493581742     0.0493581742    
==== Stage 2: Latent Domain PCL ====
epoch            total_loss       dis_loss         proto_loss       ent_pen_loss    
0                1.7269346714     0.6263213158     1.6012265682     0.3000000119    
Counter({np.int64(0): 2630, np.int64(1): 1745, np.int64(2): 875})
==== Stage 3: Domain-invariant + HardNCE ====
epoch            total_loss       cls_loss         dis_loss         hard_loss       
0                0.1034645215     0.0293865763     0.0740759447     0.0000066757    
  Source acc: 1.000000  |  Target acc: 0.895333
  Best target acc: 0.916667

======== ROUND 47 ========  [Ablation: M1]
==== Stage 1: SupCon Pre-training ====
epoch            total_loss       cls_loss        
0                0.8936401606     0.8936401606    
1                0.0089924280     0.0089924280    
==== Stage 2: Latent Domain PCL ====
epoch            total_loss       dis_loss         proto_loss       ent_pen_loss    
0                1.7707114220     0.8014549613     1.3385131359     0.3000000119    
Counter({np.int64(0): 2626, np.int64(1): 1749, np.int64(2): 875})
==== Stage 3: Domain-invariant + HardNCE ====
epoch            total_loss       cls_loss         dis_loss         hard_loss       
0                7.9894533157     2.7425229549     5.2469296455     0.0000026226    
  Source acc: 1.000000  |  Target acc: 0.896667
  Best target acc: 0.916667

======== ROUND 48 ========  [Ablation: M1]
==== Stage 1: SupCon Pre-training ====
epoch            total_loss       cls_loss        
0                0.0426777974     0.0426777974    
1                0.1025909036     0.1025909036    
==== Stage 2: Latent Domain PCL ====
epoch            total_loss       dis_loss         proto_loss       ent_pen_loss    
0                1.7098207474     0.2835751772     2.2524912357     0.3000000119    
Counter({np.int64(0): 2624, np.int64(1): 1749, np.int64(2): 877})
==== Stage 3: Domain-invariant + HardNCE ====
epoch            total_loss       cls_loss         dis_loss         hard_loss       
0                1.5248421431     0.0210406072     1.5037989616     0.0000088215    
  Source acc: 1.000000  |  Target acc: 0.904667
  Best target acc: 0.916667

======== ROUND 49 ========  [Ablation: M1]
==== Stage 1: SupCon Pre-training ====
epoch            total_loss       cls_loss        
0                0.0469180606     0.0469180606    
1                3.3703651428     3.3703651428    
==== Stage 2: Latent Domain PCL ====
epoch            total_loss       dis_loss         proto_loss       ent_pen_loss    
0                5.2423629761     2.7121486664     4.4604287148     0.3000000119    
Counter({np.int64(0): 2627, np.int64(1): 1749, np.int64(2): 874})
==== Stage 3: Domain-invariant + HardNCE ====
epoch            total_loss       cls_loss         dis_loss         hard_loss       
0                0.3927586675     0.3653225899     0.0274350159     0.0000035763    
  Source acc: 1.000000  |  Target acc: 0.909333
  Best target acc: 0.916667
[ConfMatrix] saved to log/abl_widar1ap_cross_user_M1_s3 (cm shape=(6, 6))

Results saved to log/abl_widar1ap_cross_user_M1_s3
acc.txt: log/abl_widar1ap_cross_user_M1_s3/acc.txt
bestacc.txt: log/abl_widar1ap_cross_user_M1_s3/bestacc.txt
