[Seed] global random seed set to 2

[Ablation Mode] M1
[WidarDataset] loaded 5400 samples, gesture_map={'G01': 0, 'G02': 1, 'G03': 2, 'G04': 3, 'G05': 4, 'G06': 5}
[WidarDataset] loaded 1350 samples, gesture_map={'G01': 0, 'G02': 1, 'G03': 2, 'G04': 3, 'G05': 4, 'G06': 5}
[WidarDataset] loaded 5400 samples, gesture_map={'G01': 0, 'G02': 1, 'G03': 2, 'G04': 3, 'G05': 4, 'G06': 5}
Train set size: 5400 samples, 169 batches
Test set size:  1350 samples, 43 batches
Source eval size: 5400 samples

[Direction Sensitivity] Manual weights (dir_w=0.5): {0: 0.0, 1: 0.0, 2: 0.0, 3: 0.0, 4: 0.0, 5: 0.0}

======== ROUND 0 ========  [Ablation: M1]
==== Stage 1: SupCon Pre-training ====
epoch            total_loss       cls_loss        
0                0.6141736507     0.6141736507    
1                0.2528857291     0.2528857291    
==== Stage 2: Latent Domain PCL ====
epoch            total_loss       dis_loss         proto_loss       ent_pen_loss    
0                2.1496031284     1.8496030569     0.0000000000     0.3000000119    
Counter({np.int64(0): 2183, np.int64(2): 1618, np.int64(1): 1599})
==== Stage 3: Domain-invariant + HardNCE ====
epoch            total_loss       cls_loss         dis_loss         hard_loss       
0                1.1643491983     0.5433517098     0.5150159597     0.3532716632    
  Source acc: 0.865556  |  Target acc: 0.874074
  Best target acc: 0.874074

======== ROUND 1 ========  [Ablation: M1]
==== Stage 1: SupCon Pre-training ====
epoch            total_loss       cls_loss        
0                0.1669801474     0.1669801474    
1                0.4320950210     0.4320950210    
==== Stage 2: Latent Domain PCL ====
epoch            total_loss       dis_loss         proto_loss       ent_pen_loss    
0                1.4516239166     1.1824326515     0.5121454000     0.0131185073    
Counter({np.int64(0): 2465, np.int64(1): 1851, np.int64(2): 1084})
==== Stage 3: Domain-invariant + HardNCE ====
epoch            total_loss       cls_loss         dis_loss         hard_loss       
0                1.9388147593     0.4937078953     1.3258929253     0.3973799646    
  Source acc: 0.927222  |  Target acc: 0.886667
  Best target acc: 0.886667

======== ROUND 2 ========  [Ablation: M1]
==== Stage 1: SupCon Pre-training ====
epoch            total_loss       cls_loss        
0                0.2030761093     0.2030761093    
1                0.5883868337     0.5883868337    
==== Stage 2: Latent Domain PCL ====
epoch            total_loss       dis_loss         proto_loss       ent_pen_loss    
0                1.7756531239     1.4447263479     0.6356165409     0.0131185073    
Counter({np.int64(2): 2754, np.int64(1): 1811, np.int64(0): 835})
==== Stage 3: Domain-invariant + HardNCE ====
epoch            total_loss       cls_loss         dis_loss         hard_loss       
0                0.9276029468     0.1769855618     0.6775448322     0.2435751557    
  Source acc: 0.962963  |  Target acc: 0.937778
  Best target acc: 0.937778

======== ROUND 3 ========  [Ablation: M1]
==== Stage 1: SupCon Pre-training ====
epoch            total_loss       cls_loss        
0                0.0410265364     0.0410265364    
1                0.0437503122     0.0437503122    
==== Stage 2: Latent Domain PCL ====
epoch            total_loss       dis_loss         proto_loss       ent_pen_loss    
0                1.8455891609     1.3792461157     0.7895707488     0.0715576857    
Counter({np.int64(0): 1956, np.int64(2): 1901, np.int64(1): 1543})
==== Stage 3: Domain-invariant + HardNCE ====
epoch            total_loss       cls_loss         dis_loss         hard_loss       
0                1.0794781446     0.1746958643     0.8259918094     0.2626347542    
  Source acc: 0.975556  |  Target acc: 0.954815
  Best target acc: 0.954815

======== ROUND 4 ========  [Ablation: M1]
==== Stage 1: SupCon Pre-training ====
epoch            total_loss       cls_loss        
0                0.7381053567     0.7381053567    
1                0.1364393383     0.1364393383    
==== Stage 2: Latent Domain PCL ====
epoch            total_loss       dis_loss         proto_loss       ent_pen_loss    
0                1.7905340195     1.5032773018     0.5553489923     0.0095823081    
Counter({np.int64(2): 2397, np.int64(1): 1694, np.int64(0): 1309})
==== Stage 3: Domain-invariant + HardNCE ====
epoch            total_loss       cls_loss         dis_loss         hard_loss       
0                0.8414974213     0.1517765373     0.6248756647     0.2161505818    
  Source acc: 0.981111  |  Target acc: 0.954074
  Best target acc: 0.954815

======== ROUND 5 ========  [Ablation: M1]
==== Stage 1: SupCon Pre-training ====
epoch            total_loss       cls_loss        
0                0.3646397591     0.3646397591    
1                0.6240262389     0.6240262389    
==== Stage 2: Latent Domain PCL ====
epoch            total_loss       dis_loss         proto_loss       ent_pen_loss    
0                1.8702524900     1.5051277876     0.6942758560     0.0179868266    
Counter({np.int64(0): 1989, np.int64(2): 1856, np.int64(1): 1555})
==== Stage 3: Domain-invariant + HardNCE ====
epoch            total_loss       cls_loss         dis_loss         hard_loss       
0                1.0185552835     0.0700451955     0.8707665801     0.2591451406    
  Source acc: 0.992407  |  Target acc: 0.959259
  Best target acc: 0.959259

======== ROUND 6 ========  [Ablation: M1]
==== Stage 1: SupCon Pre-training ====
epoch            total_loss       cls_loss        
0                0.2929754853     0.2929754853    
1                0.1440243125     0.1440243125    
==== Stage 2: Latent Domain PCL ====
epoch            total_loss       dis_loss         proto_loss       ent_pen_loss    
0                1.6351406574     1.2838584185     0.6665908098     0.0179868266    
Counter({np.int64(1): 2147, np.int64(0): 1844, np.int64(2): 1409})
==== Stage 3: Domain-invariant + HardNCE ====
epoch            total_loss       cls_loss         dis_loss         hard_loss       
0                1.5075380802     0.2135854363     1.1617628336     0.4406324327    
  Source acc: 0.983704  |  Target acc: 0.939259
  Best target acc: 0.959259

======== ROUND 7 ========  [Ablation: M1]
==== Stage 1: SupCon Pre-training ====
epoch            total_loss       cls_loss        
0                0.2037306577     0.2037306577    
1                0.1267419904     0.1267419904    
==== Stage 2: Latent Domain PCL ====
epoch            total_loss       dis_loss         proto_loss       ent_pen_loss    
0                1.6373188496     1.4016218185     0.4451569319     0.0131185073    
Counter({np.int64(0): 2104, np.int64(1): 2040, np.int64(2): 1256})
==== Stage 3: Domain-invariant + HardNCE ====
epoch            total_loss       cls_loss         dis_loss         hard_loss       
0                1.2209143639     0.0829714760     1.0634489059     0.2483134121    
  Source acc: 0.992593  |  Target acc: 0.960000
  Best target acc: 0.960000

======== ROUND 8 ========  [Ablation: M1]
==== Stage 1: SupCon Pre-training ====
epoch            total_loss       cls_loss        
0                0.0534757487     0.0534757487    
1                0.2163503915     0.2163503915    
==== Stage 2: Latent Domain PCL ====
epoch            total_loss       dis_loss         proto_loss       ent_pen_loss    
0                1.6687362194     1.4974080324     0.3041921854     0.0192320347    
Counter({np.int64(2): 2338, np.int64(1): 1740, np.int64(0): 1322})
==== Stage 3: Domain-invariant + HardNCE ====
epoch            total_loss       cls_loss         dis_loss         hard_loss       
0                0.7168750763     0.0907455608     0.5503055453     0.2527465820    
  Source acc: 0.998333  |  Target acc: 0.965185
  Best target acc: 0.965185

======== ROUND 9 ========  [Ablation: M1]
==== Stage 1: SupCon Pre-training ====
epoch            total_loss       cls_loss        
0                0.0118951956     0.0118951956    
1                0.0387281440     0.0387281440    
==== Stage 2: Latent Domain PCL ====
epoch            total_loss       dis_loss         proto_loss       ent_pen_loss    
0                1.6261036396     1.2951970100     0.6503135562     0.0057497816    
Counter({np.int64(0): 1971, np.int64(1): 1962, np.int64(2): 1467})
==== Stage 3: Domain-invariant + HardNCE ====
epoch            total_loss       cls_loss         dis_loss         hard_loss       
0                0.8576588631     0.2117339969     0.5343708396     0.3718466461    
  Source acc: 0.957037  |  Target acc: 0.917037
  Best target acc: 0.965185

======== ROUND 10 ========  [Ablation: M1]
==== Stage 1: SupCon Pre-training ====
epoch            total_loss       cls_loss        
0                0.0200048890     0.0200048890    
1                0.0051302984     0.0051302984    
==== Stage 2: Latent Domain PCL ====
epoch            total_loss       dis_loss         proto_loss       ent_pen_loss    
0                0.9611168504     0.6502419114     0.5832858086     0.0192320347    
Counter({np.int64(1): 1964, np.int64(2): 1857, np.int64(0): 1579})
==== Stage 3: Domain-invariant + HardNCE ====
epoch            total_loss       cls_loss         dis_loss         hard_loss       
0                1.6633684635     0.0455469191     1.5372779369     0.2684789002    
  Source acc: 0.999444  |  Target acc: 0.971111
  Best target acc: 0.971111

======== ROUND 11 ========  [Ablation: M1]
==== Stage 1: SupCon Pre-training ====
epoch            total_loss       cls_loss        
0                0.0107457945     0.0107457945    
1                0.0855894610     0.0855894610    
==== Stage 2: Latent Domain PCL ====
epoch            total_loss       dis_loss         proto_loss       ent_pen_loss    
0                0.5340325236     0.4350632727     0.1571950465     0.0203717351    
Counter({np.int64(1): 2244, np.int64(2): 2218, np.int64(0): 938})
==== Stage 3: Domain-invariant + HardNCE ====
epoch            total_loss       cls_loss         dis_loss         hard_loss       
0                0.9147084951     0.1790656000     0.6561343670     0.2650283873    
  Source acc: 0.999815  |  Target acc: 0.971111
  Best target acc: 0.971111

======== ROUND 12 ========  [Ablation: M1]
==== Stage 1: SupCon Pre-training ====
epoch            total_loss       cls_loss        
0                0.0023233676     0.0023233676    
1                0.0517659187     0.0517659187    
==== Stage 2: Latent Domain PCL ====
epoch            total_loss       dis_loss         proto_loss       ent_pen_loss    
0                0.2944154739     0.1448785812     0.2631000876     0.0179868266    
Counter({np.int64(1): 2529, np.int64(2): 1944, np.int64(0): 927})
==== Stage 3: Domain-invariant + HardNCE ====
epoch            total_loss       cls_loss         dis_loss         hard_loss       
0                0.4400374293     0.0071636960     0.3425216079     0.3011737168    
  Source acc: 1.000000  |  Target acc: 0.976296
  Best target acc: 0.976296

======== ROUND 13 ========  [Ablation: M1]
==== Stage 1: SupCon Pre-training ====
epoch            total_loss       cls_loss        
0                0.0059319795     0.0059319795    
1                0.0025887836     0.0025887836    
==== Stage 2: Latent Domain PCL ====
epoch            total_loss       dis_loss         proto_loss       ent_pen_loss    
0                0.3925024867     0.1334293336     0.4468157291     0.0356652848    
Counter({np.int64(1): 2496, np.int64(2): 1990, np.int64(0): 914})
==== Stage 3: Domain-invariant + HardNCE ====
epoch            total_loss       cls_loss         dis_loss         hard_loss       
0                0.5000862479     0.0428378694     0.4015060365     0.1858079284    
  Source acc: 1.000000  |  Target acc: 0.976296
  Best target acc: 0.976296

======== ROUND 14 ========  [Ablation: M1]
==== Stage 1: SupCon Pre-training ====
epoch            total_loss       cls_loss        
0                0.1168484166     0.1168484166    
1                0.0074822991     0.0074822991    
==== Stage 2: Latent Domain PCL ====
epoch            total_loss       dis_loss         proto_loss       ent_pen_loss    
0                0.2148093581     0.0968898311     0.1723057330     0.0317666605    
Counter({np.int64(1): 2549, np.int64(2): 1952, np.int64(0): 899})
==== Stage 3: Domain-invariant + HardNCE ====
epoch            total_loss       cls_loss         dis_loss         hard_loss       
0                0.2505916357     0.0286284238     0.1482957751     0.2455580533    
  Source acc: 1.000000  |  Target acc: 0.976296
  Best target acc: 0.976296

======== ROUND 15 ========  [Ablation: M1]
==== Stage 1: SupCon Pre-training ====
epoch            total_loss       cls_loss        
0                0.0029977544     0.0029977544    
1                0.0033834588     0.0033834588    
==== Stage 2: Latent Domain PCL ====
epoch            total_loss       dis_loss         proto_loss       ent_pen_loss    
0                0.2745690048     0.1727537364     0.1443672478     0.0296316408    
Counter({np.int64(1): 2597, np.int64(2): 1906, np.int64(0): 897})
==== Stage 3: Domain-invariant + HardNCE ====
epoch            total_loss       cls_loss         dis_loss         hard_loss       
0                0.2343405485     0.0062708543     0.1755778044     0.1749729365    
  Source acc: 1.000000  |  Target acc: 0.975556
  Best target acc: 0.976296

======== ROUND 16 ========  [Ablation: M1]
==== Stage 1: SupCon Pre-training ====
epoch            total_loss       cls_loss        
0                0.0153273707     0.0153273707    
1                0.0031343002     0.0031343002    
==== Stage 2: Latent Domain PCL ====
epoch            total_loss       dis_loss         proto_loss       ent_pen_loss    
0                0.3581877053     0.2892444730     0.0743531659     0.0317666605    
Counter({np.int64(1): 2452, np.int64(2): 2037, np.int64(0): 911})
==== Stage 3: Domain-invariant + HardNCE ====
epoch            total_loss       cls_loss         dis_loss         hard_loss       
0                0.6252430677     0.0146709280     0.5445837379     0.2199614495    
  Source acc: 1.000000  |  Target acc: 0.978519
  Best target acc: 0.978519

======== ROUND 17 ========  [Ablation: M1]
==== Stage 1: SupCon Pre-training ====
epoch            total_loss       cls_loss        
0                0.0174626652     0.0174626652    
1                0.0839709044     0.0839709044    
==== Stage 2: Latent Domain PCL ====
epoch            total_loss       dis_loss         proto_loss       ent_pen_loss    
0                0.0969537944     0.0254644360     0.0445721261     0.0492032990    
Counter({np.int64(1): 2465, np.int64(2): 1851, np.int64(0): 1084})
==== Stage 3: Domain-invariant + HardNCE ====
epoch            total_loss       cls_loss         dis_loss         hard_loss       
0                0.4671905041     0.0114127323     0.3960646987     0.1990434974    
  Source acc: 1.000000  |  Target acc: 0.974074
  Best target acc: 0.978519

======== ROUND 18 ========  [Ablation: M1]
==== Stage 1: SupCon Pre-training ====
epoch            total_loss       cls_loss        
0                0.0014926723     0.0014926723    
1                0.0809437335     0.0809437335    
==== Stage 2: Latent Domain PCL ====
epoch            total_loss       dis_loss         proto_loss       ent_pen_loss    
0                0.2243793309     0.0848575830     0.1806368828     0.0492032990    
Counter({np.int64(1): 2427, np.int64(0): 1529, np.int64(2): 1444})
==== Stage 3: Domain-invariant + HardNCE ====
epoch            total_loss       cls_loss         dis_loss         hard_loss       
0                0.4478388727     0.0326721407     0.3384485245     0.2557273507    
  Source acc: 1.000000  |  Target acc: 0.974074
  Best target acc: 0.978519

======== ROUND 19 ========  [Ablation: M1]
==== Stage 1: SupCon Pre-training ====
epoch            total_loss       cls_loss        
0                0.0303951949     0.0303951949    
1                0.0992912352     0.0992912352    
==== Stage 2: Latent Domain PCL ====
epoch            total_loss       dis_loss         proto_loss       ent_pen_loss    
0                0.2081429064     0.0762998387     0.1958018392     0.0339421555    
Counter({np.int64(1): 2389, np.int64(0): 1751, np.int64(2): 1260})
==== Stage 3: Domain-invariant + HardNCE ====
epoch            total_loss       cls_loss         dis_loss         hard_loss       
0                0.2851154804     0.0446985513     0.1714274585     0.2299649119    
  Source acc: 1.000000  |  Target acc: 0.976296
  Best target acc: 0.978519

======== ROUND 20 ========  [Ablation: M1]
==== Stage 1: SupCon Pre-training ====
epoch            total_loss       cls_loss        
0                0.0019426491     0.0019426491    
1                0.0290975329     0.0290975329    
==== Stage 2: Latent Domain PCL ====
epoch            total_loss       dis_loss         proto_loss       ent_pen_loss    
0                0.0958112627     0.0151056899     0.1585592031     0.0014259706    
Counter({np.int64(1): 2439, np.int64(0): 1774, np.int64(2): 1187})
==== Stage 3: Domain-invariant + HardNCE ====
epoch            total_loss       cls_loss         dis_loss         hard_loss       
0                0.3141407073     0.0512665659     0.2041782588     0.1956529021    
  Source acc: 1.000000  |  Target acc: 0.977037
  Best target acc: 0.978519

======== ROUND 21 ========  [Ablation: M1]
==== Stage 1: SupCon Pre-training ====
epoch            total_loss       cls_loss        
0                0.0377472676     0.0377472676    
1                0.0027654164     0.0027654164    
==== Stage 2: Latent Domain PCL ====
epoch            total_loss       dis_loss         proto_loss       ent_pen_loss    
0                0.0744547695     0.0361881293     0.0256624781     0.0254354049    
Counter({np.int64(1): 2432, np.int64(0): 1796, np.int64(2): 1172})
==== Stage 3: Domain-invariant + HardNCE ====
epoch            total_loss       cls_loss         dis_loss         hard_loss       
0                0.1802067459     0.0258821100     0.0813623667     0.2432075441    
  Source acc: 1.000000  |  Target acc: 0.977037
  Best target acc: 0.978519

======== ROUND 22 ========  [Ablation: M1]
==== Stage 1: SupCon Pre-training ====
epoch            total_loss       cls_loss        
0                0.0044846083     0.0044846083    
1                0.0350413732     0.0350413732    
==== Stage 2: Latent Domain PCL ====
epoch            total_loss       dis_loss         proto_loss       ent_pen_loss    
0                0.0457038581     0.0352761745     0.0093558049     0.0057497816    
Counter({np.int64(1): 2434, np.int64(0): 1807, np.int64(2): 1159})
==== Stage 3: Domain-invariant + HardNCE ====
epoch            total_loss       cls_loss         dis_loss         hard_loss       
0                0.2579935491     0.0453111790     0.1782789230     0.1146781296    
  Source acc: 1.000000  |  Target acc: 0.974074
  Best target acc: 0.978519

======== ROUND 23 ========  [Ablation: M1]
==== Stage 1: SupCon Pre-training ====
epoch            total_loss       cls_loss        
0                0.0014423012     0.0014423012    
1                0.0012483562     0.0012483562    
==== Stage 2: Latent Domain PCL ====
epoch            total_loss       dis_loss         proto_loss       ent_pen_loss    
0                0.3115159869     0.1578996778     0.2436993420     0.0317666605    
Counter({np.int64(1): 2458, np.int64(0): 1794, np.int64(2): 1148})
==== Stage 3: Domain-invariant + HardNCE ====
epoch            total_loss       cls_loss         dis_loss         hard_loss       
0                0.2787006199     0.0170445573     0.2064339221     0.1840738058    
  Source acc: 1.000000  |  Target acc: 0.974074
  Best target acc: 0.978519

======== ROUND 24 ========  [Ablation: M1]
==== Stage 1: SupCon Pre-training ====
epoch            total_loss       cls_loss        
0                0.0067583495     0.0067583495    
1                0.0075741927     0.0075741927    
==== Stage 2: Latent Domain PCL ====
epoch            total_loss       dis_loss         proto_loss       ent_pen_loss    
0                0.0534209460     0.0193029791     0.0419989154     0.0131185073    
Counter({np.int64(1): 2458, np.int64(0): 1795, np.int64(2): 1147})
==== Stage 3: Domain-invariant + HardNCE ====
epoch            total_loss       cls_loss         dis_loss         hard_loss       
0                0.1268567443     0.0037527962     0.0603518598     0.2091736048    
  Source acc: 1.000000  |  Target acc: 0.977037
  Best target acc: 0.978519

======== ROUND 25 ========  [Ablation: M1]
==== Stage 1: SupCon Pre-training ====
epoch            total_loss       cls_loss        
0                0.0038625735     0.0038625735    
1                0.0021535049     0.0021535049    
==== Stage 2: Latent Domain PCL ====
epoch            total_loss       dis_loss         proto_loss       ent_pen_loss    
0                0.0361612104     0.0157195572     0.0293837469     0.0057497816    
Counter({np.int64(1): 2471, np.int64(0): 1797, np.int64(2): 1132})
==== Stage 3: Domain-invariant + HardNCE ====
epoch            total_loss       cls_loss         dis_loss         hard_loss       
0                0.1531263888     0.0145253539     0.1001757979     0.1280840933    
  Source acc: 1.000000  |  Target acc: 0.975556
  Best target acc: 0.978519

======== ROUND 26 ========  [Ablation: M1]
==== Stage 1: SupCon Pre-training ====
epoch            total_loss       cls_loss        
0                0.0009492543     0.0009492543    
1                0.0053033344     0.0053033344    
==== Stage 2: Latent Domain PCL ====
epoch            total_loss       dis_loss         proto_loss       ent_pen_loss    
0                0.0481387377     0.0168476403     0.0149540892     0.0238140523    
Counter({np.int64(1): 2451, np.int64(0): 1806, np.int64(2): 1143})
==== Stage 3: Domain-invariant + HardNCE ====
epoch            total_loss       cls_loss         dis_loss         hard_loss       
0                0.1714683026     0.0074506570     0.1174470931     0.1552351713    
  Source acc: 1.000000  |  Target acc: 0.974815
  Best target acc: 0.978519

======== ROUND 27 ========  [Ablation: M1]
==== Stage 1: SupCon Pre-training ====
epoch            total_loss       cls_loss        
0                0.0037701807     0.0037701807    
1                0.0227677692     0.0227677692    
==== Stage 2: Latent Domain PCL ====
epoch            total_loss       dis_loss         proto_loss       ent_pen_loss    
0                0.0883093476     0.0286882166     0.0212431084     0.0489995815    
Counter({np.int64(1): 2457, np.int64(0): 1802, np.int64(2): 1141})
==== Stage 3: Domain-invariant + HardNCE ====
epoch            total_loss       cls_loss         dis_loss         hard_loss       
0                0.4710987210     0.1591631919     0.2161018848     0.3194454610    
  Source acc: 1.000000  |  Target acc: 0.977778
  Best target acc: 0.978519

======== ROUND 28 ========  [Ablation: M1]
==== Stage 1: SupCon Pre-training ====
epoch            total_loss       cls_loss        
0                0.0016217530     0.0016217530    
1                0.0036820781     0.0036820781    
==== Stage 2: Latent Domain PCL ====
epoch            total_loss       dis_loss         proto_loss       ent_pen_loss    
0                0.0682585537     0.0261843409     0.0248851385     0.0296316408    
Counter({np.int64(1): 2447, np.int64(0): 1802, np.int64(2): 1151})
==== Stage 3: Domain-invariant + HardNCE ====
epoch            total_loss       cls_loss         dis_loss         hard_loss       
0                0.1346800625     0.0053547770     0.0748270750     0.1816606820    
  Source acc: 1.000000  |  Target acc: 0.975556
  Best target acc: 0.978519

======== ROUND 29 ========  [Ablation: M1]
==== Stage 1: SupCon Pre-training ====
epoch            total_loss       cls_loss        
0                0.1028877422     0.1028877422    
1                0.0020795404     0.0020795404    
==== Stage 2: Latent Domain PCL ====
epoch            total_loss       dis_loss         proto_loss       ent_pen_loss    
0                0.0816087127     0.0539147444     0.0146444757     0.0203717351    
Counter({np.int64(1): 2452, np.int64(0): 1804, np.int64(2): 1144})
==== Stage 3: Domain-invariant + HardNCE ====
epoch            total_loss       cls_loss         dis_loss         hard_loss       
0                0.1417711377     0.0080779111     0.0638476834     0.2328184545    
  Source acc: 1.000000  |  Target acc: 0.978519
  Best target acc: 0.978519

======== ROUND 30 ========  [Ablation: M1]
==== Stage 1: SupCon Pre-training ====
epoch            total_loss       cls_loss        
0                0.0311467405     0.0311467405    
1                0.0043934393     0.0043934393    
==== Stage 2: Latent Domain PCL ====
epoch            total_loss       dis_loss         proto_loss       ent_pen_loss    
0                0.1582718641     0.0407290049     0.1267547160     0.0541654974    
Counter({np.int64(1): 2469, np.int64(0): 1805, np.int64(2): 1126})
==== Stage 3: Domain-invariant + HardNCE ====
epoch            total_loss       cls_loss         dis_loss         hard_loss       
0                0.2110345513     0.0163109004     0.1395451427     0.1839283556    
  Source acc: 1.000000  |  Target acc: 0.974815
  Best target acc: 0.978519

======== ROUND 31 ========  [Ablation: M1]
==== Stage 1: SupCon Pre-training ====
epoch            total_loss       cls_loss        
0                0.0060500908     0.0060500908    
1                0.0015550485     0.0015550485    
==== Stage 2: Latent Domain PCL ====
epoch            total_loss       dis_loss         proto_loss       ent_pen_loss    
0                0.0556114130     0.0348470248     0.0055551259     0.0179868266    
Counter({np.int64(1): 2437, np.int64(0): 1807, np.int64(2): 1156})
==== Stage 3: Domain-invariant + HardNCE ====
epoch            total_loss       cls_loss         dis_loss         hard_loss       
0                0.1710581630     0.0118818125     0.1141243875     0.1501732171    
  Source acc: 1.000000  |  Target acc: 0.976296
  Best target acc: 0.978519

======== ROUND 32 ========  [Ablation: M1]
==== Stage 1: SupCon Pre-training ====
epoch            total_loss       cls_loss        
0                0.0178391952     0.0178391952    
1                0.0012297462     0.0012297462    
==== Stage 2: Latent Domain PCL ====
epoch            total_loss       dis_loss         proto_loss       ent_pen_loss    
0                0.2069166899     0.0873469487     0.1983960122     0.0203717351    
Counter({np.int64(1): 2467, np.int64(0): 1800, np.int64(2): 1133})
==== Stage 3: Domain-invariant + HardNCE ====
epoch            total_loss       cls_loss         dis_loss         hard_loss       
0                0.2480829060     0.0298653301     0.1725495309     0.1522268057    
  Source acc: 1.000000  |  Target acc: 0.977037
  Best target acc: 0.978519

======== ROUND 33 ========  [Ablation: M1]
==== Stage 1: SupCon Pre-training ====
epoch            total_loss       cls_loss        
0                0.0026219655     0.0026219655    
1                0.0559315644     0.0559315644    
==== Stage 2: Latent Domain PCL ====
epoch            total_loss       dis_loss         proto_loss       ent_pen_loss    
0                0.0603439398     0.0149322478     0.0716587678     0.0095823081    
Counter({np.int64(1): 2482, np.int64(0): 1800, np.int64(2): 1118})
==== Stage 3: Domain-invariant + HardNCE ====
epoch            total_loss       cls_loss         dis_loss         hard_loss       
0                0.1948157400     0.0167958401     0.1294165552     0.1620111465    
  Source acc: 1.000000  |  Target acc: 0.977037
  Best target acc: 0.978519

======== ROUND 34 ========  [Ablation: M1]
==== Stage 1: SupCon Pre-training ====
epoch            total_loss       cls_loss        
0                0.0005954968     0.0005954968    
1                0.0018916674     0.0018916674    
==== Stage 2: Latent Domain PCL ====
epoch            total_loss       dis_loss         proto_loss       ent_pen_loss    
0                0.0904612467     0.0311784353     0.0923286080     0.0131185073    
Counter({np.int64(1): 2486, np.int64(0): 1799, np.int64(2): 1115})
==== Stage 3: Domain-invariant + HardNCE ====
epoch            total_loss       cls_loss         dis_loss         hard_loss       
0                0.1377653629     0.0106455982     0.0682593510     0.1962013841    
  Source acc: 1.000000  |  Target acc: 0.978519
  Best target acc: 0.978519

======== ROUND 35 ========  [Ablation: M1]
==== Stage 1: SupCon Pre-training ====
epoch            total_loss       cls_loss        
0                0.0109195476     0.0109195476    
1                0.0066334843     0.0066334843    
==== Stage 2: Latent Domain PCL ====
epoch            total_loss       dis_loss         proto_loss       ent_pen_loss    
0                0.2042671740     0.1680370122     0.0131970374     0.0296316408    
Counter({np.int64(1): 2480, np.int64(0): 1803, np.int64(2): 1117})
==== Stage 3: Domain-invariant + HardNCE ====
epoch            total_loss       cls_loss         dis_loss         hard_loss       
0                0.2898154259     0.0456764810     0.1962036490     0.1597842872    
  Source acc: 1.000000  |  Target acc: 0.974815
  Best target acc: 0.978519

======== ROUND 36 ========  [Ablation: M1]
==== Stage 1: SupCon Pre-training ====
epoch            total_loss       cls_loss        
0                0.0017632545     0.0017632545    
1                0.0012731020     0.0012731020    
==== Stage 2: Latent Domain PCL ====
epoch            total_loss       dis_loss         proto_loss       ent_pen_loss    
0                0.0692846999     0.0314528719     0.0077793445     0.0339421555    
Counter({np.int64(1): 2482, np.int64(0): 1802, np.int64(2): 1116})
==== Stage 3: Domain-invariant + HardNCE ====
epoch            total_loss       cls_loss         dis_loss         hard_loss       
0                0.1377597302     0.0052800453     0.0628799126     0.2319992185    
  Source acc: 1.000000  |  Target acc: 0.975556
  Best target acc: 0.978519

======== ROUND 37 ========  [Ablation: M1]
==== Stage 1: SupCon Pre-training ====
epoch            total_loss       cls_loss        
0                0.0287212562     0.0287212562    
1                0.0196115393     0.0196115393    
==== Stage 2: Latent Domain PCL ====
epoch            total_loss       dis_loss         proto_loss       ent_pen_loss    
0                0.0875657424     0.0289394651     0.0850893259     0.0160816163    
Counter({np.int64(1): 2492, np.int64(0): 1790, np.int64(2): 1118})
==== Stage 3: Domain-invariant + HardNCE ====
epoch            total_loss       cls_loss         dis_loss         hard_loss       
0                0.1477673203     0.0056891181     0.0779291391     0.2138302177    
  Source acc: 1.000000  |  Target acc: 0.976296
  Best target acc: 0.978519

======== ROUND 38 ========  [Ablation: M1]
==== Stage 1: SupCon Pre-training ====
epoch            total_loss       cls_loss        
0                0.0012985388     0.0012985388    
1                0.0025592323     0.0025592323    
==== Stage 2: Latent Domain PCL ====
epoch            total_loss       dis_loss         proto_loss       ent_pen_loss    
0                0.0628705993     0.0297193974     0.0548028424     0.0057497816    
Counter({np.int64(1): 2470, np.int64(0): 1807, np.int64(2): 1123})
==== Stage 3: Domain-invariant + HardNCE ====
epoch            total_loss       cls_loss         dis_loss         hard_loss       
0                0.1603362560     0.0130365221     0.0830918401     0.2140263319    
  Source acc: 1.000000  |  Target acc: 0.974815
  Best target acc: 0.978519

======== ROUND 39 ========  [Ablation: M1]
==== Stage 1: SupCon Pre-training ====
epoch            total_loss       cls_loss        
0                0.0414083116     0.0414083116    
1                0.0007366533     0.0007366533    
==== Stage 2: Latent Domain PCL ====
epoch            total_loss       dis_loss         proto_loss       ent_pen_loss    
0                0.0716233328     0.0578451566     0.0083917389     0.0095823081    
Counter({np.int64(1): 2486, np.int64(0): 1794, np.int64(2): 1120})
==== Stage 3: Domain-invariant + HardNCE ====
epoch            total_loss       cls_loss         dis_loss         hard_loss       
0                0.2243966162     0.0527105182     0.1202875972     0.1713283360    
  Source acc: 1.000000  |  Target acc: 0.974074
  Best target acc: 0.978519

======== ROUND 40 ========  [Ablation: M1]
==== Stage 1: SupCon Pre-training ====
epoch            total_loss       cls_loss        
0                0.0016202527     0.0016202527    
1                0.0445919931     0.0445919931    
==== Stage 2: Latent Domain PCL ====
epoch            total_loss       dis_loss         proto_loss       ent_pen_loss    
0                0.1150386110     0.0314311050     0.1589774340     0.0041187946    
Counter({np.int64(1): 2492, np.int64(0): 1801, np.int64(2): 1107})
==== Stage 3: Domain-invariant + HardNCE ====
epoch            total_loss       cls_loss         dis_loss         hard_loss       
0                0.1028177738     0.0136787603     0.0565711670     0.1085594743    
  Source acc: 1.000000  |  Target acc: 0.974815
  Best target acc: 0.978519

======== ROUND 41 ========  [Ablation: M1]
==== Stage 1: SupCon Pre-training ====
epoch            total_loss       cls_loss        
0                0.0060250391     0.0060250391    
1                0.0010286740     0.0010286740    
==== Stage 2: Latent Domain PCL ====
epoch            total_loss       dis_loss         proto_loss       ent_pen_loss    
0                0.2765506506     0.1863838285     0.0332482010     0.0735427290    
Counter({np.int64(1): 2484, np.int64(0): 1799, np.int64(2): 1117})
==== Stage 3: Domain-invariant + HardNCE ====
epoch            total_loss       cls_loss         dis_loss         hard_loss       
0                0.1726419032     0.0123839704     0.1185419261     0.1390533745    
  Source acc: 1.000000  |  Target acc: 0.976296
  Best target acc: 0.978519

======== ROUND 42 ========  [Ablation: M1]
==== Stage 1: SupCon Pre-training ====
epoch            total_loss       cls_loss        
0                0.0012043777     0.0012043777    
1                0.0010256594     0.0010256594    
==== Stage 2: Latent Domain PCL ====
epoch            total_loss       dis_loss         proto_loss       ent_pen_loss    
0                0.0589191467     0.0465341210     0.0033460814     0.0107119847    
Counter({np.int64(1): 2489, np.int64(0): 1794, np.int64(2): 1117})
==== Stage 3: Domain-invariant + HardNCE ====
epoch            total_loss       cls_loss         dis_loss         hard_loss       
0                0.1561048329     0.0101542398     0.0950787663     0.1695727706    
  Source acc: 1.000000  |  Target acc: 0.976296
  Best target acc: 0.978519

======== ROUND 43 ========  [Ablation: M1]
==== Stage 1: SupCon Pre-training ====
epoch            total_loss       cls_loss        
0                0.0015138770     0.0015138770    
1                0.0074335882     0.0074335882    
==== Stage 2: Latent Domain PCL ====
epoch            total_loss       dis_loss         proto_loss       ent_pen_loss    
0                0.1132346615     0.0586542487     0.0615327209     0.0238140523    
Counter({np.int64(1): 2498, np.int64(0): 1801, np.int64(2): 1101})
==== Stage 3: Domain-invariant + HardNCE ====
epoch            total_loss       cls_loss         dis_loss         hard_loss       
0                0.2600660324     0.0121242404     0.1503721327     0.3252321482    
  Source acc: 1.000000  |  Target acc: 0.976296
  Best target acc: 0.978519

======== ROUND 44 ========  [Ablation: M1]
==== Stage 1: SupCon Pre-training ====
epoch            total_loss       cls_loss        
0                0.0034776402     0.0034776402    
1                0.0033216302     0.0033216302    
==== Stage 2: Latent Domain PCL ====
epoch            total_loss       dis_loss         proto_loss       ent_pen_loss    
0                0.1202856526     0.0197996814     0.1981199980     0.0014259706    
Counter({np.int64(1): 2507, np.int64(0): 1799, np.int64(2): 1094})
==== Stage 3: Domain-invariant + HardNCE ====
epoch            total_loss       cls_loss         dis_loss         hard_loss       
0                0.0811878443     0.0066822604     0.0317502357     0.1425178051    
  Source acc: 1.000000  |  Target acc: 0.974815
  Best target acc: 0.978519

======== ROUND 45 ========  [Ablation: M1]
==== Stage 1: SupCon Pre-training ====
epoch            total_loss       cls_loss        
0                0.0025019643     0.0025019643    
1                0.0016452844     0.0016452844    
==== Stage 2: Latent Domain PCL ====
epoch            total_loss       dis_loss         proto_loss       ent_pen_loss    
0                0.0845237672     0.0221117605     0.0534934513     0.0356652848    
Counter({np.int64(1): 2516, np.int64(0): 1797, np.int64(2): 1087})
==== Stage 3: Domain-invariant + HardNCE ====
epoch            total_loss       cls_loss         dis_loss         hard_loss       
0                0.1714600474     0.0184003804     0.0958263278     0.1907777786    
  Source acc: 1.000000  |  Target acc: 0.976296
  Best target acc: 0.978519

======== ROUND 46 ========  [Ablation: M1]
==== Stage 1: SupCon Pre-training ====
epoch            total_loss       cls_loss        
0                0.0036971297     0.0036971297    
1                0.1081734896     0.1081734896    
==== Stage 2: Latent Domain PCL ====
epoch            total_loss       dis_loss         proto_loss       ent_pen_loss    
0                0.2733294368     0.2520454228     0.0065943561     0.0179868266    
Counter({np.int64(1): 2508, np.int64(0): 1792, np.int64(2): 1100})
==== Stage 3: Domain-invariant + HardNCE ====
epoch            total_loss       cls_loss         dis_loss         hard_loss       
0                0.1407150775     0.0142675219     0.0710144639     0.1847769618    
  Source acc: 1.000000  |  Target acc: 0.979259
  Best target acc: 0.979259

======== ROUND 47 ========  [Ablation: M1]
==== Stage 1: SupCon Pre-training ====
epoch            total_loss       cls_loss        
0                0.0006475787     0.0006475787    
1                0.0018062539     0.0018062539    
==== Stage 2: Latent Domain PCL ====
epoch            total_loss       dis_loss         proto_loss       ent_pen_loss    
0                0.0504553318     0.0278056320     0.0190623924     0.0131185073    
Counter({np.int64(1): 2491, np.int64(0): 1802, np.int64(2): 1107})
==== Stage 3: Domain-invariant + HardNCE ====
epoch            total_loss       cls_loss         dis_loss         hard_loss       
0                0.1342821717     0.0252039004     0.0721285120     0.1231658682    
  Source acc: 1.000000  |  Target acc: 0.977037
  Best target acc: 0.979259

======== ROUND 48 ========  [Ablation: M1]
==== Stage 1: SupCon Pre-training ====
epoch            total_loss       cls_loss        
0                0.0077419872     0.0077419872    
1                0.0009617231     0.0009617231    
==== Stage 2: Latent Domain PCL ====
epoch            total_loss       dis_loss         proto_loss       ent_pen_loss    
0                0.0571370237     0.0452729426     0.0045635495     0.0095823081    
Counter({np.int64(1): 2480, np.int64(0): 1810, np.int64(2): 1110})
==== Stage 3: Domain-invariant + HardNCE ====
epoch            total_loss       cls_loss         dis_loss         hard_loss       
0                0.0907794088     0.0079448717     0.0454102606     0.1247475743    
  Source acc: 1.000000  |  Target acc: 0.977037
  Best target acc: 0.979259

======== ROUND 49 ========  [Ablation: M1]
==== Stage 1: SupCon Pre-training ====
epoch            total_loss       cls_loss        
0                0.0007604624     0.0007604624    
1                0.0019780663     0.0019780663    
==== Stage 2: Latent Domain PCL ====
epoch            total_loss       dis_loss         proto_loss       ent_pen_loss    
0                0.1641401201     0.0593544729     0.1688278168     0.0203717351    
Counter({np.int64(1): 2500, np.int64(0): 1795, np.int64(2): 1105})
==== Stage 3: Domain-invariant + HardNCE ====
epoch            total_loss       cls_loss         dis_loss         hard_loss       
0                0.1517596692     0.0285020452     0.0771878511     0.1535658836    
  Source acc: 1.000000  |  Target acc: 0.976296
  Best target acc: 0.979259
[ConfMatrix] saved to log/abl_widar1ap_cross_loc_M1_s2 (cm shape=(6, 6))

Results saved to log/abl_widar1ap_cross_loc_M1_s2
acc.txt: log/abl_widar1ap_cross_loc_M1_s2/acc.txt
bestacc.txt: log/abl_widar1ap_cross_loc_M1_s2/bestacc.txt
