[Seed] global random seed set to 3

[Ablation Mode] M4
[WidarDataset] loaded 5400 samples, gesture_map={'G01': 0, 'G02': 1, 'G03': 2, 'G04': 3, 'G05': 4, 'G06': 5}
[WidarDataset] loaded 1350 samples, gesture_map={'G01': 0, 'G02': 1, 'G03': 2, 'G04': 3, 'G05': 4, 'G06': 5}
[WidarDataset] loaded 5400 samples, gesture_map={'G01': 0, 'G02': 1, 'G03': 2, 'G04': 3, 'G05': 4, 'G06': 5}
Train set size: 5400 samples, 169 batches
Test set size:  1350 samples, 43 batches
Source eval size: 5400 samples

[Direction Sensitivity] Manual weights (dir_w=0.5): {0: 0.0, 1: 0.0, 2: 0.0, 3: 0.0, 4: 0.0, 5: 0.0}

======== ROUND 0 ========  [Ablation: M4]
==== Stage 1: SupCon Pre-training ====
epoch            total_loss       cls_loss         supcon_loss     
0                3.4533767700     0.5665849447     5.7735834122    
1                3.0744047165     0.3907540143     5.3673014641    
==== Stage 2: Latent Domain PCL ====
epoch            total_loss       dis_loss         proto_loss       ent_pen_loss    
0                2.2343962193     1.9343961477     0.0000000000     0.3000000119    
Counter({np.int64(2): 2150, np.int64(1): 1755, np.int64(0): 1495})
==== Stage 3: Domain-invariant + HardNCE ====
  (HardNCE disabled for M4 ablation)
epoch            total_loss       cls_loss         dis_loss         hard_loss       
0                1.4533724785     0.6037629247     0.8496095538     0               
  Source acc: 0.914074  |  Target acc: 0.886667
  Best target acc: 0.886667

======== ROUND 1 ========  [Ablation: M4]
==== Stage 1: SupCon Pre-training ====
epoch            total_loss       cls_loss         supcon_loss     
0                3.3606586456     0.5340657830     5.6531858444    
1                2.9274663925     0.4187808037     5.0173711777    
==== Stage 2: Latent Domain PCL ====
epoch            total_loss       dis_loss         proto_loss       ent_pen_loss    
0                1.6081378460     1.4425010681     0.3284217119     0.0014259706    
Counter({np.int64(1): 2096, np.int64(2): 1721, np.int64(0): 1583})
==== Stage 3: Domain-invariant + HardNCE ====
  (HardNCE disabled for M4 ablation)
epoch            total_loss       cls_loss         dis_loss         hard_loss       
0                1.3427094221     0.3386830986     1.0040262938     0               
  Source acc: 0.927037  |  Target acc: 0.912593
  Best target acc: 0.912593

======== ROUND 2 ========  [Ablation: M4]
==== Stage 1: SupCon Pre-training ====
epoch            total_loss       cls_loss         supcon_loss     
0                2.7336721420     0.5206875801     4.4259691238    
1                2.5413215160     0.1546657085     4.7733116150    
==== Stage 2: Latent Domain PCL ====
epoch            total_loss       dis_loss         proto_loss       ent_pen_loss    
0                1.7188298702     1.5020245314     0.4073737562     0.0131185073    
Counter({np.int64(1): 2317, np.int64(2): 1593, np.int64(0): 1490})
==== Stage 3: Domain-invariant + HardNCE ====
  (HardNCE disabled for M4 ablation)
epoch            total_loss       cls_loss         dis_loss         hard_loss       
0                0.8195300698     0.2597625256     0.5597675443     0               
  Source acc: 0.930000  |  Target acc: 0.928148
  Best target acc: 0.928148

======== ROUND 3 ========  [Ablation: M4]
==== Stage 1: SupCon Pre-training ====
epoch            total_loss       cls_loss        
0                0.5588956475     0.5588956475    
1                0.2892173827     0.2892173827    
==== Stage 2: Latent Domain PCL ====
epoch            total_loss       dis_loss         proto_loss       ent_pen_loss    
0                1.8457889557     1.6052290201     0.4489568174     0.0160816163    
Counter({np.int64(0): 3160, np.int64(1): 1288, np.int64(2): 952})
==== Stage 3: Domain-invariant + HardNCE ====
  (HardNCE disabled for M4 ablation)
epoch            total_loss       cls_loss         dis_loss         hard_loss       
0                0.7209596038     0.1369593590     0.5840002298     0               
  Source acc: 0.976296  |  Target acc: 0.960741
  Best target acc: 0.960741

======== ROUND 4 ========  [Ablation: M4]
==== Stage 1: SupCon Pre-training ====
epoch            total_loss       cls_loss        
0                0.1626227647     0.1626227647    
1                0.0212181509     0.0212181509    
==== Stage 2: Latent Domain PCL ====
epoch            total_loss       dis_loss         proto_loss       ent_pen_loss    
0                2.0398294926     1.5315002203     0.8328766227     0.0918908715    
Counter({np.int64(0): 2080, np.int64(2): 1984, np.int64(1): 1336})
==== Stage 3: Domain-invariant + HardNCE ====
  (HardNCE disabled for M4 ablation)
epoch            total_loss       cls_loss         dis_loss         hard_loss       
0                1.2225607634     0.1155110598     1.1070497036     0               
  Source acc: 0.980741  |  Target acc: 0.957778
  Best target acc: 0.960741

======== ROUND 5 ========  [Ablation: M4]
==== Stage 1: SupCon Pre-training ====
epoch            total_loss       cls_loss        
0                0.0752855614     0.0752855614    
1                0.3448862135     0.3448862135    
==== Stage 2: Latent Domain PCL ====
epoch            total_loss       dis_loss         proto_loss       ent_pen_loss    
0                1.7110952139     1.4843717813     0.4342822433     0.0095823081    
Counter({np.int64(2): 2667, np.int64(1): 1683, np.int64(0): 1050})
==== Stage 3: Domain-invariant + HardNCE ====
  (HardNCE disabled for M4 ablation)
epoch            total_loss       cls_loss         dis_loss         hard_loss       
0                0.8853398561     0.0763539299     0.8089859486     0               
  Source acc: 0.981852  |  Target acc: 0.941481
  Best target acc: 0.960741

======== ROUND 6 ========  [Ablation: M4]
==== Stage 1: SupCon Pre-training ====
epoch            total_loss       cls_loss        
0                0.3046813905     0.3046813905    
1                0.1294385940     0.1294385940    
==== Stage 2: Latent Domain PCL ====
epoch            total_loss       dis_loss         proto_loss       ent_pen_loss    
0                1.8520143032     1.3966003656     0.8748542666     0.0179868266    
Counter({np.int64(2): 2358, np.int64(1): 2067, np.int64(0): 975})
==== Stage 3: Domain-invariant + HardNCE ====
  (HardNCE disabled for M4 ablation)
epoch            total_loss       cls_loss         dis_loss         hard_loss       
0                0.9760131836     0.1251353174     0.8508778811     0               
  Source acc: 0.990000  |  Target acc: 0.962222
  Best target acc: 0.962222

======== ROUND 7 ========  [Ablation: M4]
==== Stage 1: SupCon Pre-training ====
epoch            total_loss       cls_loss        
0                0.2652808130     0.2652808130    
1                0.0788395852     0.0788395852    
==== Stage 2: Latent Domain PCL ====
epoch            total_loss       dis_loss         proto_loss       ent_pen_loss    
0                1.8086695671     1.6021414995     0.4015564919     0.0057497816    
Counter({np.int64(2): 2204, np.int64(1): 1913, np.int64(0): 1283})
==== Stage 3: Domain-invariant + HardNCE ====
  (HardNCE disabled for M4 ablation)
epoch            total_loss       cls_loss         dis_loss         hard_loss       
0                1.1275024414     0.1073749661     1.0201275349     0               
  Source acc: 0.980370  |  Target acc: 0.950370
  Best target acc: 0.962222

======== ROUND 8 ========  [Ablation: M4]
==== Stage 1: SupCon Pre-training ====
epoch            total_loss       cls_loss        
0                0.4812818468     0.4812818468    
1                0.0547824800     0.0547824800    
==== Stage 2: Latent Domain PCL ====
epoch            total_loss       dis_loss         proto_loss       ent_pen_loss    
0                1.8317836523     1.5296244621     0.5851537585     0.0095823081    
Counter({np.int64(2): 2154, np.int64(1): 2121, np.int64(0): 1125})
==== Stage 3: Domain-invariant + HardNCE ====
  (HardNCE disabled for M4 ablation)
epoch            total_loss       cls_loss         dis_loss         hard_loss       
0                1.1896835566     0.3413150609     0.8483685255     0               
  Source acc: 0.992778  |  Target acc: 0.950370
  Best target acc: 0.962222

======== ROUND 9 ========  [Ablation: M4]
==== Stage 1: SupCon Pre-training ====
epoch            total_loss       cls_loss        
0                0.0637329370     0.0637329370    
1                0.0380231291     0.0380231291    
==== Stage 2: Latent Domain PCL ====
epoch            total_loss       dis_loss         proto_loss       ent_pen_loss    
0                1.5883046389     1.3621168137     0.4309515953     0.0107119847    
Counter({np.int64(2): 2649, np.int64(1): 2002, np.int64(0): 749})
==== Stage 3: Domain-invariant + HardNCE ====
  (HardNCE disabled for M4 ablation)
epoch            total_loss       cls_loss         dis_loss         hard_loss       
0                1.4431602955     0.4487242997     0.9944360256     0               
  Source acc: 0.994074  |  Target acc: 0.969630
  Best target acc: 0.969630

======== ROUND 10 ========  [Ablation: M4]
==== Stage 1: SupCon Pre-training ====
epoch            total_loss       cls_loss        
0                0.0059523000     0.0059523000    
1                0.0118053444     0.0118053444    
==== Stage 2: Latent Domain PCL ====
epoch            total_loss       dis_loss         proto_loss       ent_pen_loss    
0                1.4015427828     0.7324700356     1.1910600662     0.0735427290    
Counter({np.int64(2): 2576, np.int64(0): 1856, np.int64(1): 968})
==== Stage 3: Domain-invariant + HardNCE ====
  (HardNCE disabled for M4 ablation)
epoch            total_loss       cls_loss         dis_loss         hard_loss       
0                0.6698001027     0.0893102214     0.5804898739     0               
  Source acc: 0.999444  |  Target acc: 0.970370
  Best target acc: 0.970370

======== ROUND 11 ========  [Ablation: M4]
==== Stage 1: SupCon Pre-training ====
epoch            total_loss       cls_loss        
0                0.0384188071     0.0384188071    
1                0.0044476213     0.0044476213    
==== Stage 2: Latent Domain PCL ====
epoch            total_loss       dis_loss         proto_loss       ent_pen_loss    
0                0.5144355893     0.4287352562     0.1205298603     0.0254354049    
Counter({np.int64(2): 2349, np.int64(1): 1651, np.int64(0): 1400})
==== Stage 3: Domain-invariant + HardNCE ====
  (HardNCE disabled for M4 ablation)
epoch            total_loss       cls_loss         dis_loss         hard_loss       
0                0.7703089714     0.0066884696     0.7636204958     0               
  Source acc: 0.999815  |  Target acc: 0.972593
  Best target acc: 0.972593

======== ROUND 12 ========  [Ablation: M4]
==== Stage 1: SupCon Pre-training ====
epoch            total_loss       cls_loss        
0                0.0669849589     0.0669849589    
1                0.0116647398     0.0116647398    
==== Stage 2: Latent Domain PCL ====
epoch            total_loss       dis_loss         proto_loss       ent_pen_loss    
0                0.6261057258     0.2538641691     0.7123198509     0.0160816163    
Counter({np.int64(0): 2492, np.int64(2): 1964, np.int64(1): 944})
==== Stage 3: Domain-invariant + HardNCE ====
  (HardNCE disabled for M4 ablation)
epoch            total_loss       cls_loss         dis_loss         hard_loss       
0                0.3084594309     0.0251136255     0.2833458185     0               
  Source acc: 0.999815  |  Target acc: 0.977037
  Best target acc: 0.977037

======== ROUND 13 ========  [Ablation: M4]
==== Stage 1: SupCon Pre-training ====
epoch            total_loss       cls_loss        
0                0.0361485071     0.0361485071    
1                0.0061827204     0.0061827204    
==== Stage 2: Latent Domain PCL ====
epoch            total_loss       dis_loss         proto_loss       ent_pen_loss    
0                0.2841423452     0.1762299687     0.2043251693     0.0057497816    
Counter({np.int64(2): 2566, np.int64(0): 1896, np.int64(1): 938})
==== Stage 3: Domain-invariant + HardNCE ====
  (HardNCE disabled for M4 ablation)
epoch            total_loss       cls_loss         dis_loss         hard_loss       
0                0.1941620559     0.0128530366     0.1813090146     0               
  Source acc: 1.000000  |  Target acc: 0.981481
  Best target acc: 0.981481

======== ROUND 14 ========  [Ablation: M4]
==== Stage 1: SupCon Pre-training ====
epoch            total_loss       cls_loss        
0                0.0487161614     0.0487161614    
1                0.1989191771     0.1989191771    
==== Stage 2: Latent Domain PCL ====
epoch            total_loss       dis_loss         proto_loss       ent_pen_loss    
0                0.3894279897     0.2457793206     0.2280340791     0.0296316408    
Counter({np.int64(2): 2640, np.int64(0): 1853, np.int64(1): 907})
==== Stage 3: Domain-invariant + HardNCE ====
  (HardNCE disabled for M4 ablation)
epoch            total_loss       cls_loss         dis_loss         hard_loss       
0                0.0809219703     0.0069679078     0.0739540607     0               
  Source acc: 1.000000  |  Target acc: 0.977778
  Best target acc: 0.981481

======== ROUND 15 ========  [Ablation: M4]
==== Stage 1: SupCon Pre-training ====
epoch            total_loss       cls_loss        
0                0.0047846572     0.0047846572    
1                0.0025876162     0.0025876162    
==== Stage 2: Latent Domain PCL ====
epoch            total_loss       dis_loss         proto_loss       ent_pen_loss    
0                0.2672012150     0.1370409876     0.2411558628     0.0095823081    
Counter({np.int64(2): 2649, np.int64(0): 1846, np.int64(1): 905})
==== Stage 3: Domain-invariant + HardNCE ====
  (HardNCE disabled for M4 ablation)
epoch            total_loss       cls_loss         dis_loss         hard_loss       
0                0.0533192307     0.0059527475     0.0473664813     0               
  Source acc: 0.999815  |  Target acc: 0.977778
  Best target acc: 0.981481

======== ROUND 16 ========  [Ablation: M4]
==== Stage 1: SupCon Pre-training ====
epoch            total_loss       cls_loss        
0                0.0119633703     0.0119633703    
1                0.0012297486     0.0012297486    
==== Stage 2: Latent Domain PCL ====
epoch            total_loss       dis_loss         proto_loss       ent_pen_loss    
0                0.1516060233     0.1211092472     0.0101227574     0.0254354049    
Counter({np.int64(2): 2674, np.int64(0): 1821, np.int64(1): 905})
==== Stage 3: Domain-invariant + HardNCE ====
  (HardNCE disabled for M4 ablation)
epoch            total_loss       cls_loss         dis_loss         hard_loss       
0                0.2042920589     0.1403729469     0.0639191121     0               
  Source acc: 0.999815  |  Target acc: 0.977037
  Best target acc: 0.981481

======== ROUND 17 ========  [Ablation: M4]
==== Stage 1: SupCon Pre-training ====
epoch            total_loss       cls_loss        
0                0.0899034068     0.0899034068    
1                0.3024686277     0.3024686277    
==== Stage 2: Latent Domain PCL ====
epoch            total_loss       dis_loss         proto_loss       ent_pen_loss    
0                0.1601212025     0.0589579493     0.1043273509     0.0489995815    
Counter({np.int64(2): 2685, np.int64(0): 1816, np.int64(1): 899})
==== Stage 3: Domain-invariant + HardNCE ====
  (HardNCE disabled for M4 ablation)
epoch            total_loss       cls_loss         dis_loss         hard_loss       
0                0.0545457304     0.0145089775     0.0400367528     0               
  Source acc: 1.000000  |  Target acc: 0.975556
  Best target acc: 0.981481

======== ROUND 18 ========  [Ablation: M4]
==== Stage 1: SupCon Pre-training ====
epoch            total_loss       cls_loss        
0                0.0153197646     0.0153197646    
1                0.0337269157     0.0337269157    
==== Stage 2: Latent Domain PCL ====
epoch            total_loss       dis_loss         proto_loss       ent_pen_loss    
0                0.0860894248     0.0225917157     0.0223392956     0.0523280613    
Counter({np.int64(2): 2698, np.int64(0): 1806, np.int64(1): 896})
==== Stage 3: Domain-invariant + HardNCE ====
  (HardNCE disabled for M4 ablation)
epoch            total_loss       cls_loss         dis_loss         hard_loss       
0                0.0402250960     0.0112520233     0.0289730728     0               
  Source acc: 1.000000  |  Target acc: 0.979259
  Best target acc: 0.981481

======== ROUND 19 ========  [Ablation: M4]
==== Stage 1: SupCon Pre-training ====
epoch            total_loss       cls_loss        
0                0.0035107713     0.0035107713    
1                0.0010786308     0.0010786308    
==== Stage 2: Latent Domain PCL ====
epoch            total_loss       dis_loss         proto_loss       ent_pen_loss    
0                0.0717652291     0.0238904115     0.0056947963     0.0450274199    
Counter({np.int64(2): 2716, np.int64(0): 1785, np.int64(1): 899})
==== Stage 3: Domain-invariant + HardNCE ====
  (HardNCE disabled for M4 ablation)
epoch            total_loss       cls_loss         dis_loss         hard_loss       
0                0.2349573374     0.1208974794     0.1140598655     0               
  Source acc: 0.999815  |  Target acc: 0.979259
  Best target acc: 0.981481

======== ROUND 20 ========  [Ablation: M4]
==== Stage 1: SupCon Pre-training ====
epoch            total_loss       cls_loss        
0                0.0018416668     0.0018416668    
1                0.0023487748     0.0023487748    
==== Stage 2: Latent Domain PCL ====
epoch            total_loss       dis_loss         proto_loss       ent_pen_loss    
0                0.1520730406     0.0607198216     0.1060389429     0.0383337401    
Counter({np.int64(2): 2695, np.int64(0): 1798, np.int64(1): 907})
==== Stage 3: Domain-invariant + HardNCE ====
  (HardNCE disabled for M4 ablation)
epoch            total_loss       cls_loss         dis_loss         hard_loss       
0                0.0294286683     0.0097021582     0.0197265111     0               
  Source acc: 0.999815  |  Target acc: 0.977778
  Best target acc: 0.981481

======== ROUND 21 ========  [Ablation: M4]
==== Stage 1: SupCon Pre-training ====
epoch            total_loss       cls_loss        
0                0.0121842660     0.0121842660    
1                0.0055752401     0.0055752401    
==== Stage 2: Latent Domain PCL ====
epoch            total_loss       dis_loss         proto_loss       ent_pen_loss    
0                0.0414440148     0.0166795719     0.0303642713     0.0095823081    
Counter({np.int64(2): 2701, np.int64(0): 1796, np.int64(1): 903})
==== Stage 3: Domain-invariant + HardNCE ====
  (HardNCE disabled for M4 ablation)
epoch            total_loss       cls_loss         dis_loss         hard_loss       
0                0.0202446543     0.0018822945     0.0183623601     0               
  Source acc: 1.000000  |  Target acc: 0.980741
  Best target acc: 0.981481

======== ROUND 22 ========  [Ablation: M4]
==== Stage 1: SupCon Pre-training ====
epoch            total_loss       cls_loss        
0                0.0008509502     0.0008509502    
1                0.0019657325     0.0019657325    
==== Stage 2: Latent Domain PCL ====
epoch            total_loss       dis_loss         proto_loss       ent_pen_loss    
0                0.0742554814     0.0224093590     0.0073572462     0.0481675006    
Counter({np.int64(2): 2699, np.int64(0): 1795, np.int64(1): 906})
==== Stage 3: Domain-invariant + HardNCE ====
  (HardNCE disabled for M4 ablation)
epoch            total_loss       cls_loss         dis_loss         hard_loss       
0                0.1073148549     0.0505660586     0.0567487925     0               
  Source acc: 1.000000  |  Target acc: 0.980000
  Best target acc: 0.981481

======== ROUND 23 ========  [Ablation: M4]
==== Stage 1: SupCon Pre-training ====
epoch            total_loss       cls_loss        
0                0.0103292549     0.0103292549    
1                0.0073493384     0.0073493384    
==== Stage 2: Latent Domain PCL ====
epoch            total_loss       dis_loss         proto_loss       ent_pen_loss    
0                0.1546520740     0.0302430242     0.0174515322     0.1156832874    
Counter({np.int64(2): 2706, np.int64(0): 1788, np.int64(1): 906})
==== Stage 3: Domain-invariant + HardNCE ====
  (HardNCE disabled for M4 ablation)
epoch            total_loss       cls_loss         dis_loss         hard_loss       
0                0.0158795584     0.0017341799     0.0141453780     0               
  Source acc: 1.000000  |  Target acc: 0.982222
  Best target acc: 0.982222

======== ROUND 24 ========  [Ablation: M4]
==== Stage 1: SupCon Pre-training ====
epoch            total_loss       cls_loss        
0                0.0509325713     0.0509325713    
1                0.0009731124     0.0009731124    
==== Stage 2: Latent Domain PCL ====
epoch            total_loss       dis_loss         proto_loss       ent_pen_loss    
0                0.1003451198     0.0230781827     0.0778663829     0.0383337401    
Counter({np.int64(2): 2702, np.int64(0): 1793, np.int64(1): 905})
==== Stage 3: Domain-invariant + HardNCE ====
  (HardNCE disabled for M4 ablation)
epoch            total_loss       cls_loss         dis_loss         hard_loss       
0                0.0729721934     0.0247238334     0.0482483618     0               
  Source acc: 1.000000  |  Target acc: 0.982963
  Best target acc: 0.982963

======== ROUND 25 ========  [Ablation: M4]
==== Stage 1: SupCon Pre-training ====
epoch            total_loss       cls_loss        
0                0.0174463056     0.0174463056    
1                0.0011882869     0.0011882869    
==== Stage 2: Latent Domain PCL ====
epoch            total_loss       dis_loss         proto_loss       ent_pen_loss    
0                0.1009180769     0.0953082219     0.0083677610     0.0014259706    
Counter({np.int64(2): 2704, np.int64(0): 1794, np.int64(1): 902})
==== Stage 3: Domain-invariant + HardNCE ====
  (HardNCE disabled for M4 ablation)
epoch            total_loss       cls_loss         dis_loss         hard_loss       
0                0.0446192622     0.0164120514     0.0282072090     0               
  Source acc: 1.000000  |  Target acc: 0.982222
  Best target acc: 0.982963

======== ROUND 26 ========  [Ablation: M4]
==== Stage 1: SupCon Pre-training ====
epoch            total_loss       cls_loss        
0                0.0038624320     0.0038624320    
1                0.0022267243     0.0022267243    
==== Stage 2: Latent Domain PCL ====
epoch            total_loss       dis_loss         proto_loss       ent_pen_loss    
0                0.1544290632     0.1119942665     0.0256063025     0.0296316408    
Counter({np.int64(2): 2698, np.int64(0): 1799, np.int64(1): 903})
==== Stage 3: Domain-invariant + HardNCE ====
  (HardNCE disabled for M4 ablation)
epoch            total_loss       cls_loss         dis_loss         hard_loss       
0                0.0306941271     0.0046608080     0.0260333195     0               
  Source acc: 1.000000  |  Target acc: 0.982222
  Best target acc: 0.982963

======== ROUND 27 ========  [Ablation: M4]
==== Stage 1: SupCon Pre-training ====
epoch            total_loss       cls_loss        
0                0.0031628851     0.0031628851    
1                0.0075420700     0.0075420700    
==== Stage 2: Latent Domain PCL ====
epoch            total_loss       dis_loss         proto_loss       ent_pen_loss    
0                0.0442519858     0.0135911303     0.0020584259     0.0296316408    
Counter({np.int64(2): 2705, np.int64(0): 1792, np.int64(1): 903})
==== Stage 3: Domain-invariant + HardNCE ====
  (HardNCE disabled for M4 ablation)
epoch            total_loss       cls_loss         dis_loss         hard_loss       
0                0.0179150421     0.0058576837     0.0120573584     0               
  Source acc: 1.000000  |  Target acc: 0.978519
  Best target acc: 0.982963

======== ROUND 28 ========  [Ablation: M4]
==== Stage 1: SupCon Pre-training ====
epoch            total_loss       cls_loss        
0                0.0114669586     0.0114669586    
1                0.0020752198     0.0020752198    
==== Stage 2: Latent Domain PCL ====
epoch            total_loss       dis_loss         proto_loss       ent_pen_loss    
0                0.0807818770     0.0295364838     0.0061557908     0.0481675006    
Counter({np.int64(2): 2699, np.int64(0): 1796, np.int64(1): 905})
==== Stage 3: Domain-invariant + HardNCE ====
  (HardNCE disabled for M4 ablation)
epoch            total_loss       cls_loss         dis_loss         hard_loss       
0                0.1979727745     0.0155251669     0.1824476123     0               
  Source acc: 1.000000  |  Target acc: 0.982963
  Best target acc: 0.982963

======== ROUND 29 ========  [Ablation: M4]
==== Stage 1: SupCon Pre-training ====
epoch            total_loss       cls_loss        
0                0.0038182316     0.0038182316    
1                0.0018023535     0.0018023535    
==== Stage 2: Latent Domain PCL ====
epoch            total_loss       dis_loss         proto_loss       ent_pen_loss    
0                0.1143465489     0.0462639891     0.0059594894     0.0651028156    
Counter({np.int64(2): 2700, np.int64(0): 1795, np.int64(1): 905})
==== Stage 3: Domain-invariant + HardNCE ====
  (HardNCE disabled for M4 ablation)
epoch            total_loss       cls_loss         dis_loss         hard_loss       
0                0.0166640524     0.0040416191     0.0126224337     0               
  Source acc: 1.000000  |  Target acc: 0.982222
  Best target acc: 0.982963

======== ROUND 30 ========  [Ablation: M4]
==== Stage 1: SupCon Pre-training ====
epoch            total_loss       cls_loss        
0                0.0200841185     0.0200841185    
1                0.0021782697     0.0021782697    
==== Stage 2: Latent Domain PCL ====
epoch            total_loss       dis_loss         proto_loss       ent_pen_loss    
0                0.0483413041     0.0421313755     0.0041822717     0.0041187946    
Counter({np.int64(2): 2702, np.int64(0): 1794, np.int64(1): 904})
==== Stage 3: Domain-invariant + HardNCE ====
  (HardNCE disabled for M4 ablation)
epoch            total_loss       cls_loss         dis_loss         hard_loss       
0                0.0814306289     0.0445591398     0.0368714891     0               
  Source acc: 1.000000  |  Target acc: 0.980741
  Best target acc: 0.982963

======== ROUND 31 ========  [Ablation: M4]
==== Stage 1: SupCon Pre-training ====
epoch            total_loss       cls_loss        
0                0.0024029564     0.0024029564    
1                0.0299070235     0.0299070235    
==== Stage 2: Latent Domain PCL ====
epoch            total_loss       dis_loss         proto_loss       ent_pen_loss    
0                0.1463668346     0.0310550854     0.1898800135     0.0203717351    
Counter({np.int64(2): 2706, np.int64(0): 1791, np.int64(1): 903})
==== Stage 3: Domain-invariant + HardNCE ====
  (HardNCE disabled for M4 ablation)
epoch            total_loss       cls_loss         dis_loss         hard_loss       
0                0.0640807599     0.0299388468     0.0341419168     0               
  Source acc: 1.000000  |  Target acc: 0.980000
  Best target acc: 0.982963

======== ROUND 32 ========  [Ablation: M4]
==== Stage 1: SupCon Pre-training ====
epoch            total_loss       cls_loss        
0                0.0024602839     0.0024602839    
1                0.0023202507     0.0023202507    
==== Stage 2: Latent Domain PCL ====
epoch            total_loss       dis_loss         proto_loss       ent_pen_loss    
0                0.0412382223     0.0067004301     0.0011912717     0.0339421555    
Counter({np.int64(2): 2697, np.int64(0): 1802, np.int64(1): 901})
==== Stage 3: Domain-invariant + HardNCE ====
  (HardNCE disabled for M4 ablation)
epoch            total_loss       cls_loss         dis_loss         hard_loss       
0                0.2163110375     0.1922483593     0.0240626857     0               
  Source acc: 1.000000  |  Target acc: 0.981481
  Best target acc: 0.982963

======== ROUND 33 ========  [Ablation: M4]
==== Stage 1: SupCon Pre-training ====
epoch            total_loss       cls_loss        
0                0.0009553141     0.0009553141    
1                0.0011023802     0.0011023802    
==== Stage 2: Latent Domain PCL ====
epoch            total_loss       dis_loss         proto_loss       ent_pen_loss    
0                0.1082053185     0.0282887947     0.0634980351     0.0481675006    
Counter({np.int64(2): 2700, np.int64(0): 1796, np.int64(1): 904})
==== Stage 3: Domain-invariant + HardNCE ====
  (HardNCE disabled for M4 ablation)
epoch            total_loss       cls_loss         dis_loss         hard_loss       
0                0.0264545139     0.0021331448     0.0243213698     0               
  Source acc: 1.000000  |  Target acc: 0.980000
  Best target acc: 0.982963

======== ROUND 34 ========  [Ablation: M4]
==== Stage 1: SupCon Pre-training ====
epoch            total_loss       cls_loss        
0                0.0007112546     0.0007112546    
1                0.0013552502     0.0013552502    
==== Stage 2: Latent Domain PCL ====
epoch            total_loss       dis_loss         proto_loss       ent_pen_loss    
0                0.0623513423     0.0373527706     0.0092536751     0.0203717351    
Counter({np.int64(2): 2705, np.int64(0): 1790, np.int64(1): 905})
==== Stage 3: Domain-invariant + HardNCE ====
  (HardNCE disabled for M4 ablation)
epoch            total_loss       cls_loss         dis_loss         hard_loss       
0                0.0167460497     0.0022702150     0.0144758355     0               
  Source acc: 1.000000  |  Target acc: 0.982222
  Best target acc: 0.982963

======== ROUND 35 ========  [Ablation: M4]
==== Stage 1: SupCon Pre-training ====
epoch            total_loss       cls_loss        
0                0.0005856733     0.0005856733    
1                0.0011427866     0.0011427866    
==== Stage 2: Latent Domain PCL ====
epoch            total_loss       dis_loss         proto_loss       ent_pen_loss    
0                0.0545787811     0.0142308585     0.0040283659     0.0383337401    
Counter({np.int64(2): 2702, np.int64(0): 1793, np.int64(1): 905})
==== Stage 3: Domain-invariant + HardNCE ====
  (HardNCE disabled for M4 ablation)
epoch            total_loss       cls_loss         dis_loss         hard_loss       
0                0.0091137569     0.0015355226     0.0075782347     0               
  Source acc: 1.000000  |  Target acc: 0.982963
  Best target acc: 0.982963

======== ROUND 36 ========  [Ablation: M4]
==== Stage 1: SupCon Pre-training ====
epoch            total_loss       cls_loss        
0                0.0630098954     0.0630098954    
1                0.0237435326     0.0237435326    
==== Stage 2: Latent Domain PCL ====
epoch            total_loss       dis_loss         proto_loss       ent_pen_loss    
0                0.0369991735     0.0063056662     0.0021237335     0.0296316408    
Counter({np.int64(2): 2700, np.int64(0): 1799, np.int64(1): 901})
==== Stage 3: Domain-invariant + HardNCE ====
  (HardNCE disabled for M4 ablation)
epoch            total_loss       cls_loss         dis_loss         hard_loss       
0                0.0173281413     0.0035140535     0.0138140870     0               
  Source acc: 1.000000  |  Target acc: 0.982222
  Best target acc: 0.982963

======== ROUND 37 ========  [Ablation: M4]
==== Stage 1: SupCon Pre-training ====
epoch            total_loss       cls_loss        
0                0.0270778686     0.0270778686    
1                0.0006853835     0.0006853835    
==== Stage 2: Latent Domain PCL ====
epoch            total_loss       dis_loss         proto_loss       ent_pen_loss    
0                0.0485618897     0.0171460118     0.0035684749     0.0296316408    
Counter({np.int64(2): 2701, np.int64(0): 1795, np.int64(1): 904})
==== Stage 3: Domain-invariant + HardNCE ====
  (HardNCE disabled for M4 ablation)
epoch            total_loss       cls_loss         dis_loss         hard_loss       
0                0.0205330998     0.0046246783     0.0159084219     0               
  Source acc: 1.000000  |  Target acc: 0.982963
  Best target acc: 0.982963

======== ROUND 38 ========  [Ablation: M4]
==== Stage 1: SupCon Pre-training ====
epoch            total_loss       cls_loss        
0                0.0072440840     0.0072440840    
1                0.0027534394     0.0027534394    
==== Stage 2: Latent Domain PCL ====
epoch            total_loss       dis_loss         proto_loss       ent_pen_loss    
0                0.0655643195     0.0144685926     0.0037848481     0.0492032990    
Counter({np.int64(2): 2699, np.int64(0): 1799, np.int64(1): 902})
==== Stage 3: Domain-invariant + HardNCE ====
  (HardNCE disabled for M4 ablation)
epoch            total_loss       cls_loss         dis_loss         hard_loss       
0                0.0439994559     0.0151586635     0.0288407914     0               
  Source acc: 1.000000  |  Target acc: 0.981481
  Best target acc: 0.982963

======== ROUND 39 ========  [Ablation: M4]
==== Stage 1: SupCon Pre-training ====
epoch            total_loss       cls_loss        
0                0.0018775783     0.0018775783    
1                0.0005774637     0.0005774637    
==== Stage 2: Latent Domain PCL ====
epoch            total_loss       dis_loss         proto_loss       ent_pen_loss    
0                0.1713772416     0.0516001470     0.0345549136     0.1024996415    
Counter({np.int64(2): 2704, np.int64(0): 1794, np.int64(1): 902})
==== Stage 3: Domain-invariant + HardNCE ====
  (HardNCE disabled for M4 ablation)
epoch            total_loss       cls_loss         dis_loss         hard_loss       
0                0.0220648851     0.0026312713     0.0194336139     0               
  Source acc: 1.000000  |  Target acc: 0.983704
  Best target acc: 0.983704

======== ROUND 40 ========  [Ablation: M4]
==== Stage 1: SupCon Pre-training ====
epoch            total_loss       cls_loss        
0                0.0028425355     0.0028425355    
1                0.1562969089     0.1562969089    
==== Stage 2: Latent Domain PCL ====
epoch            total_loss       dis_loss         proto_loss       ent_pen_loss    
0                0.0811530873     0.0145425051     0.0030155357     0.0651028156    
Counter({np.int64(2): 2700, np.int64(0): 1799, np.int64(1): 901})
==== Stage 3: Domain-invariant + HardNCE ====
  (HardNCE disabled for M4 ablation)
epoch            total_loss       cls_loss         dis_loss         hard_loss       
0                0.0085380524     0.0009345572     0.0076034954     0               
  Source acc: 1.000000  |  Target acc: 0.980741
  Best target acc: 0.983704

======== ROUND 41 ========  [Ablation: M4]
==== Stage 1: SupCon Pre-training ====
epoch            total_loss       cls_loss        
0                0.0032296947     0.0032296947    
1                0.0012187877     0.0012187877    
==== Stage 2: Latent Domain PCL ====
epoch            total_loss       dis_loss         proto_loss       ent_pen_loss    
0                0.2522515059     0.1047007442     0.0736593455     0.1107210815    
Counter({np.int64(2): 2697, np.int64(0): 1796, np.int64(1): 907})
==== Stage 3: Domain-invariant + HardNCE ====
  (HardNCE disabled for M4 ablation)
epoch            total_loss       cls_loss         dis_loss         hard_loss       
0                0.1518033594     0.0686737001     0.0831296593     0               
  Source acc: 1.000000  |  Target acc: 0.982963
  Best target acc: 0.983704

======== ROUND 42 ========  [Ablation: M4]
==== Stage 1: SupCon Pre-training ====
epoch            total_loss       cls_loss        
0                0.0010766501     0.0010766501    
1                0.0017264001     0.0017264001    
==== Stage 2: Latent Domain PCL ====
epoch            total_loss       dis_loss         proto_loss       ent_pen_loss    
0                0.3368382156     0.0533515997     0.4689740837     0.0489995815    
Counter({np.int64(2): 2700, np.int64(0): 1795, np.int64(1): 905})
==== Stage 3: Domain-invariant + HardNCE ====
  (HardNCE disabled for M4 ablation)
epoch            total_loss       cls_loss         dis_loss         hard_loss       
0                0.0077877017     0.0013096231     0.0064780787     0               
  Source acc: 1.000000  |  Target acc: 0.980741
  Best target acc: 0.983704

======== ROUND 43 ========  [Ablation: M4]
==== Stage 1: SupCon Pre-training ====
epoch            total_loss       cls_loss        
0                0.0013209200     0.0013209200    
1                0.0007569539     0.0007569539    
==== Stage 2: Latent Domain PCL ====
epoch            total_loss       dis_loss         proto_loss       ent_pen_loss    
0                0.0350950845     0.0091748796     0.0009695984     0.0254354049    
Counter({np.int64(2): 2692, np.int64(0): 1803, np.int64(1): 905})
==== Stage 3: Domain-invariant + HardNCE ====
  (HardNCE disabled for M4 ablation)
epoch            total_loss       cls_loss         dis_loss         hard_loss       
0                0.0115070753     0.0022124054     0.0092946701     0               
  Source acc: 1.000000  |  Target acc: 0.980741
  Best target acc: 0.983704

======== ROUND 44 ========  [Ablation: M4]
==== Stage 1: SupCon Pre-training ====
epoch            total_loss       cls_loss        
0                0.0011914818     0.0011914818    
1                0.0491376556     0.0491376556    
==== Stage 2: Latent Domain PCL ====
epoch            total_loss       dis_loss         proto_loss       ent_pen_loss    
0                0.2859566808     0.1330237836     0.2674017549     0.0192320347    
Counter({np.int64(2): 2708, np.int64(0): 1794, np.int64(1): 898})
==== Stage 3: Domain-invariant + HardNCE ====
  (HardNCE disabled for M4 ablation)
epoch            total_loss       cls_loss         dis_loss         hard_loss       
0                0.0241581276     0.0090020653     0.0151560633     0               
  Source acc: 1.000000  |  Target acc: 0.983704
  Best target acc: 0.983704

======== ROUND 45 ========  [Ablation: M4]
==== Stage 1: SupCon Pre-training ====
epoch            total_loss       cls_loss        
0                0.0005011888     0.0005011888    
1                0.0008618178     0.0008618178    
==== Stage 2: Latent Domain PCL ====
epoch            total_loss       dis_loss         proto_loss       ent_pen_loss    
0                0.0966075510     0.0108555555     0.0215039831     0.0750000030    
Counter({np.int64(2): 2697, np.int64(0): 1800, np.int64(1): 903})
==== Stage 3: Domain-invariant + HardNCE ====
  (HardNCE disabled for M4 ablation)
epoch            total_loss       cls_loss         dis_loss         hard_loss       
0                0.0120873479     0.0031323049     0.0089550428     0               
  Source acc: 1.000000  |  Target acc: 0.979259
  Best target acc: 0.983704

======== ROUND 46 ========  [Ablation: M4]
==== Stage 1: SupCon Pre-training ====
epoch            total_loss       cls_loss        
0                0.1276352257     0.1276352257    
1                0.0005666668     0.0005666668    
==== Stage 2: Latent Domain PCL ====
epoch            total_loss       dis_loss         proto_loss       ent_pen_loss    
0                0.0968771353     0.0626714602     0.0048780269     0.0317666605    
Counter({np.int64(2): 2703, np.int64(0): 1794, np.int64(1): 903})
==== Stage 3: Domain-invariant + HardNCE ====
  (HardNCE disabled for M4 ablation)
epoch            total_loss       cls_loss         dis_loss         hard_loss       
0                0.0102523761     0.0029575040     0.0072948723     0               
  Source acc: 1.000000  |  Target acc: 0.980000
  Best target acc: 0.983704

======== ROUND 47 ========  [Ablation: M4]
==== Stage 1: SupCon Pre-training ====
epoch            total_loss       cls_loss        
0                0.0007394084     0.0007394084    
1                0.0339315422     0.0339315422    
==== Stage 2: Latent Domain PCL ====
epoch            total_loss       dis_loss         proto_loss       ent_pen_loss    
0                0.0242624078     0.0197262261     0.0008347741     0.0041187946    
Counter({np.int64(2): 2701, np.int64(0): 1799, np.int64(1): 900})
==== Stage 3: Domain-invariant + HardNCE ====
  (HardNCE disabled for M4 ablation)
epoch            total_loss       cls_loss         dis_loss         hard_loss       
0                0.0213037357     0.0023953647     0.0189083703     0               
  Source acc: 1.000000  |  Target acc: 0.979259
  Best target acc: 0.983704

======== ROUND 48 ========  [Ablation: M4]
==== Stage 1: SupCon Pre-training ====
epoch            total_loss       cls_loss        
0                0.0007944500     0.0007944500    
1                0.0019773806     0.0019773806    
==== Stage 2: Latent Domain PCL ====
epoch            total_loss       dis_loss         proto_loss       ent_pen_loss    
0                0.0832995102     0.0459781773     0.0067583541     0.0339421555    
Counter({np.int64(2): 2706, np.int64(0): 1795, np.int64(1): 899})
==== Stage 3: Domain-invariant + HardNCE ====
  (HardNCE disabled for M4 ablation)
epoch            total_loss       cls_loss         dis_loss         hard_loss       
0                0.0324811451     0.0053867102     0.0270944349     0               
  Source acc: 1.000000  |  Target acc: 0.983704
  Best target acc: 0.983704

======== ROUND 49 ========  [Ablation: M4]
==== Stage 1: SupCon Pre-training ====
epoch            total_loss       cls_loss        
0                0.0017690110     0.0017690110    
1                0.0100207981     0.0100207981    
==== Stage 2: Latent Domain PCL ====
epoch            total_loss       dis_loss         proto_loss       ent_pen_loss    
0                0.1042027622     0.0224583540     0.0084016174     0.0775436014    
Counter({np.int64(2): 2716, np.int64(0): 1784, np.int64(1): 900})
==== Stage 3: Domain-invariant + HardNCE ====
  (HardNCE disabled for M4 ablation)
epoch            total_loss       cls_loss         dis_loss         hard_loss       
0                0.0360529907     0.0028729772     0.0331800133     0               
  Source acc: 1.000000  |  Target acc: 0.982222
  Best target acc: 0.983704
[ConfMatrix] saved to log/abl_widar1ap_cross_loc_M4_s3 (cm shape=(6, 6))

Results saved to log/abl_widar1ap_cross_loc_M4_s3
acc.txt: log/abl_widar1ap_cross_loc_M4_s3/acc.txt
bestacc.txt: log/abl_widar1ap_cross_loc_M4_s3/bestacc.txt
