[Seed] global random seed set to 4

[Ablation Mode] M1
[WidarDataset] loaded 5250 samples, gesture_map={'G01': 0, 'G02': 1, 'G03': 2, 'G04': 3, 'G05': 4, 'G06': 5}
[WidarDataset] loaded 1500 samples, gesture_map={'G01': 0, 'G02': 1, 'G03': 2, 'G04': 3, 'G05': 4, 'G06': 5}
[WidarDataset] loaded 5250 samples, gesture_map={'G01': 0, 'G02': 1, 'G03': 2, 'G04': 3, 'G05': 4, 'G06': 5}
Train set size: 5250 samples, 165 batches
Test set size:  1500 samples, 47 batches
Source eval size: 5250 samples

[Direction Sensitivity] Manual weights (dir_w=0.5): {0: 0.0, 1: 0.0, 2: 0.0, 3: 0.0, 4: 0.0, 5: 0.0}

======== ROUND 0 ========  [Ablation: M1]
==== Stage 1: SupCon Pre-training ====
epoch            total_loss       cls_loss        
0                1.0797991753     1.0797991753    
1                0.3133263588     0.3133263588    
==== Stage 2: Latent Domain PCL ====
epoch            total_loss       dis_loss         proto_loss       ent_pen_loss    
0                2.2325055599     1.9325056076     0.0000000000     0.3000000119    
Counter({np.int64(2): 2546, np.int64(1): 1713, np.int64(0): 991})
==== Stage 3: Domain-invariant + HardNCE ====
epoch            total_loss       cls_loss         dis_loss         hard_loss       
0                2.6987264156     0.5884442329     2.1102819443     0.0000007153    
  Source acc: 0.782095  |  Target acc: 0.740000
  Best target acc: 0.740000

======== ROUND 1 ========  [Ablation: M1]
==== Stage 1: SupCon Pre-training ====
epoch            total_loss       cls_loss        
0                1.6029582024     1.6029582024    
1                4.1822414398     4.1822414398    
==== Stage 2: Latent Domain PCL ====
epoch            total_loss       dis_loss         proto_loss       ent_pen_loss    
0                3.7470510006     2.2787721157     2.7151155472     0.1107210815    
Counter({np.int64(2): 2723, np.int64(0): 1327, np.int64(1): 1200})
==== Stage 3: Domain-invariant + HardNCE ====
epoch            total_loss       cls_loss         dis_loss         hard_loss       
0                1.1084613800     0.3974207640     0.7110371590     0.0000114441    
  Source acc: 0.901333  |  Target acc: 0.728667
  Best target acc: 0.740000

======== ROUND 2 ========  [Ablation: M1]
==== Stage 1: SupCon Pre-training ====
epoch            total_loss       cls_loss        
0                0.1380284429     0.1380284429    
1                4.7711539268     4.7711539268    
==== Stage 2: Latent Domain PCL ====
epoch            total_loss       dis_loss         proto_loss       ent_pen_loss    
0                2.4481666088     2.2595677376     0.1557556391     0.1107210815    
Counter({np.int64(1): 2178, np.int64(2): 1783, np.int64(0): 1289})
==== Stage 3: Domain-invariant + HardNCE ====
epoch            total_loss       cls_loss         dis_loss         hard_loss       
0                1.1337410212     0.1801573634     0.9535803795     0.0000107288    
  Source acc: 0.944952  |  Target acc: 0.775333
  Best target acc: 0.775333

======== ROUND 3 ========  [Ablation: M1]
==== Stage 1: SupCon Pre-training ====
epoch            total_loss       cls_loss        
0                0.6427413225     0.6427413225    
1                0.0166039523     0.0166039523    
==== Stage 2: Latent Domain PCL ====
epoch            total_loss       dis_loss         proto_loss       ent_pen_loss    
0                1.6798887253     1.1386560202     0.8610230684     0.1107210815    
Counter({np.int64(1): 2178, np.int64(2): 1808, np.int64(0): 1264})
==== Stage 3: Domain-invariant + HardNCE ====
epoch            total_loss       cls_loss         dis_loss         hard_loss       
0                5.8004941940     4.1346349716     1.6658575535     0.0000057220    
  Source acc: 0.974667  |  Target acc: 0.816667
  Best target acc: 0.816667

======== ROUND 4 ========  [Ablation: M1]
==== Stage 1: SupCon Pre-training ====
epoch            total_loss       cls_loss        
0                2.2049207687     2.2049207687    
1                5.1284036636     5.1284036636    
==== Stage 2: Latent Domain PCL ====
epoch            total_loss       dis_loss         proto_loss       ent_pen_loss    
0                1.2305130959     1.0364830494     0.1666177958     0.1107210815    
Counter({np.int64(2): 2459, np.int64(0): 2229, np.int64(1): 562})
==== Stage 3: Domain-invariant + HardNCE ====
epoch            total_loss       cls_loss         dis_loss         hard_loss       
0                1.7581001520     0.2371289134     1.5209668875     0.0000147820    
  Source acc: 0.984000  |  Target acc: 0.817333
  Best target acc: 0.817333

======== ROUND 5 ========  [Ablation: M1]
==== Stage 1: SupCon Pre-training ====
epoch            total_loss       cls_loss        
0                4.7647013664     4.7647013664    
1                0.1794409454     0.1794409454    
==== Stage 2: Latent Domain PCL ====
epoch            total_loss       dis_loss         proto_loss       ent_pen_loss    
0                2.4060223103     2.2513368130     0.0879288241     0.1107210815    
Counter({np.int64(2): 1968, np.int64(0): 1727, np.int64(1): 1555})
==== Stage 3: Domain-invariant + HardNCE ====
epoch            total_loss       cls_loss         dis_loss         hard_loss       
0                4.9691934586     4.1020469666     0.8671404719     0.0000209808    
  Source acc: 0.989905  |  Target acc: 0.848667
  Best target acc: 0.848667

======== ROUND 6 ========  [Ablation: M1]
==== Stage 1: SupCon Pre-training ====
epoch            total_loss       cls_loss        
0                0.0871178061     0.0871178061    
1                0.2632224560     0.2632224560    
==== Stage 2: Latent Domain PCL ====
epoch            total_loss       dis_loss         proto_loss       ent_pen_loss    
0                3.9537580013     2.3961908817     2.5151340961     0.3000000119    
Counter({np.int64(0): 2043, np.int64(2): 1972, np.int64(1): 1235})
==== Stage 3: Domain-invariant + HardNCE ====
epoch            total_loss       cls_loss         dis_loss         hard_loss       
0                1.3694858551     0.3722324073     0.9972531796     0.0000009537    
  Source acc: 0.899238  |  Target acc: 0.809333
  Best target acc: 0.848667

======== ROUND 7 ========  [Ablation: M1]
==== Stage 1: SupCon Pre-training ====
epoch            total_loss       cls_loss        
0                0.0580026098     0.0580026098    
1                5.2911858559     5.2911858559    
==== Stage 2: Latent Domain PCL ====
epoch            total_loss       dis_loss         proto_loss       ent_pen_loss    
0                1.3282947540     1.1593160629     0.1165150851     0.1107210815    
Counter({np.int64(2): 2599, np.int64(0): 1416, np.int64(1): 1235})
==== Stage 3: Domain-invariant + HardNCE ====
epoch            total_loss       cls_loss         dis_loss         hard_loss       
0                1.0812407732     0.3516415060     0.7295934558     0.0000195503    
  Source acc: 0.988571  |  Target acc: 0.838000
  Best target acc: 0.848667

======== ROUND 8 ========  [Ablation: M1]
==== Stage 1: SupCon Pre-training ====
epoch            total_loss       cls_loss        
0                6.4842844009     6.4842844009    
1                0.0254737828     0.0254737828    
==== Stage 2: Latent Domain PCL ====
epoch            total_loss       dis_loss         proto_loss       ent_pen_loss    
0                4.1971235275     2.4565339088     2.8811786175     0.3000000119    
Counter({np.int64(1): 2424, np.int64(2): 2344, np.int64(0): 482})
==== Stage 3: Domain-invariant + HardNCE ====
epoch            total_loss       cls_loss         dis_loss         hard_loss       
0                0.7642717361     0.2540983856     0.5101726651     0.0000023842    
  Source acc: 0.997143  |  Target acc: 0.883333
  Best target acc: 0.883333

======== ROUND 9 ========  [Ablation: M1]
==== Stage 1: SupCon Pre-training ====
epoch            total_loss       cls_loss        
0                0.6212339401     0.6212339401    
1                0.1331792921     0.1331792921    
==== Stage 2: Latent Domain PCL ====
epoch            total_loss       dis_loss         proto_loss       ent_pen_loss    
0                2.0990588665     1.9613260031     0.0540238023     0.1107210815    
Counter({np.int64(2): 2255, np.int64(1): 1840, np.int64(0): 1155})
==== Stage 3: Domain-invariant + HardNCE ====
epoch            total_loss       cls_loss         dis_loss         hard_loss       
0                3.3976550102     2.5122563839     0.8853962421     0.0000083447    
  Source acc: 0.962476  |  Target acc: 0.782667
  Best target acc: 0.883333

======== ROUND 10 ========  [Ablation: M1]
==== Stage 1: SupCon Pre-training ====
epoch            total_loss       cls_loss        
0                0.0038067135     0.0038067135    
1                4.5344648361     4.5344648361    
==== Stage 2: Latent Domain PCL ====
epoch            total_loss       dis_loss         proto_loss       ent_pen_loss    
0                1.2698909044     1.1448888779     0.0285617504     0.1107210815    
Counter({np.int64(1): 2263, np.int64(0): 1547, np.int64(2): 1440})
==== Stage 3: Domain-invariant + HardNCE ====
epoch            total_loss       cls_loss         dis_loss         hard_loss       
0                0.9034742713     0.1771608293     0.7263116241     0.0000061989    
  Source acc: 0.999619  |  Target acc: 0.864000
  Best target acc: 0.883333

======== ROUND 11 ========  [Ablation: M1]
==== Stage 1: SupCon Pre-training ====
epoch            total_loss       cls_loss        
0                0.0438261777     0.0438261777    
1                0.0248551555     0.0248551555    
==== Stage 2: Latent Domain PCL ====
epoch            total_loss       dis_loss         proto_loss       ent_pen_loss    
0                2.7078471184     2.5723500252     0.0495519936     0.1107210815    
Counter({np.int64(2): 2245, np.int64(1): 2056, np.int64(0): 949})
==== Stage 3: Domain-invariant + HardNCE ====
epoch            total_loss       cls_loss         dis_loss         hard_loss       
0                0.8602558970     0.1914404780     0.6687925458     0.0000762939    
  Source acc: 0.999810  |  Target acc: 0.900000
  Best target acc: 0.900000

======== ROUND 12 ========  [Ablation: M1]
==== Stage 1: SupCon Pre-training ====
epoch            total_loss       cls_loss        
0                3.4652302265     3.4652302265    
1                0.0241245460     0.0241245460    
==== Stage 2: Latent Domain PCL ====
epoch            total_loss       dis_loss         proto_loss       ent_pen_loss    
0                4.5059719086     2.6328492165     3.1462450027     0.3000000119    
Counter({np.int64(1): 2245, np.int64(0): 1743, np.int64(2): 1262})
==== Stage 3: Domain-invariant + HardNCE ====
epoch            total_loss       cls_loss         dis_loss         hard_loss       
0                1.5750966072     0.3106351197     1.2644536495     0.0000262260    
  Source acc: 0.999810  |  Target acc: 0.903333
  Best target acc: 0.903333

======== ROUND 13 ========  [Ablation: M1]
==== Stage 1: SupCon Pre-training ====
epoch            total_loss       cls_loss        
0                0.0265970603     0.0265970603    
1                0.0422347859     0.0422347859    
==== Stage 2: Latent Domain PCL ====
epoch            total_loss       dis_loss         proto_loss       ent_pen_loss    
0                1.2033704519     1.0578182936     0.0696621016     0.1107210815    
Counter({np.int64(1): 2151, np.int64(0): 1985, np.int64(2): 1114})
==== Stage 3: Domain-invariant + HardNCE ====
epoch            total_loss       cls_loss         dis_loss         hard_loss       
0                2.5859644413     0.5426496863     2.0433135033     0.0000038147    
  Source acc: 0.999619  |  Target acc: 0.912000
  Best target acc: 0.912000

======== ROUND 14 ========  [Ablation: M1]
==== Stage 1: SupCon Pre-training ====
epoch            total_loss       cls_loss        
0                0.4270345271     0.4270345271    
1                0.8875471354     0.8875471354    
==== Stage 2: Latent Domain PCL ====
epoch            total_loss       dis_loss         proto_loss       ent_pen_loss    
0                1.5455236435     0.4653703570     1.5603067875     0.3000000119    
Counter({np.int64(1): 2564, np.int64(0): 1592, np.int64(2): 1094})
==== Stage 3: Domain-invariant + HardNCE ====
epoch            total_loss       cls_loss         dis_loss         hard_loss       
0                5.2566194534     3.9607365131     1.2958822250     0.0000028610    
  Source acc: 1.000000  |  Target acc: 0.902000
  Best target acc: 0.912000

======== ROUND 15 ========  [Ablation: M1]
==== Stage 1: SupCon Pre-training ====
epoch            total_loss       cls_loss        
0                5.7185225487     5.7185225487    
1                0.0813913718     0.0813913718    
==== Stage 2: Latent Domain PCL ====
epoch            total_loss       dis_loss         proto_loss       ent_pen_loss    
0                2.3166594505     0.6858893633     3.0400981903     0.1107210815    
Counter({np.int64(1): 2654, np.int64(0): 1800, np.int64(2): 796})
==== Stage 3: Domain-invariant + HardNCE ====
epoch            total_loss       cls_loss         dis_loss         hard_loss       
0                0.4387171865     0.2827834487     0.1559325159     0.0000040531    
  Source acc: 1.000000  |  Target acc: 0.887333
  Best target acc: 0.912000

======== ROUND 16 ========  [Ablation: M1]
==== Stage 1: SupCon Pre-training ====
epoch            total_loss       cls_loss        
0                0.0463084653     0.0463084653    
1                0.0241458397     0.0241458397    
==== Stage 2: Latent Domain PCL ====
epoch            total_loss       dis_loss         proto_loss       ent_pen_loss    
0                1.0614413023     0.5403864384     0.8206675649     0.1107210815    
Counter({np.int64(1): 2431, np.int64(0): 1895, np.int64(2): 924})
==== Stage 3: Domain-invariant + HardNCE ====
epoch            total_loss       cls_loss         dis_loss         hard_loss       
0                0.5551862121     0.0286143795     0.5265702605     0.0000052452    
  Source acc: 1.000000  |  Target acc: 0.912000
  Best target acc: 0.912000

======== ROUND 17 ========  [Ablation: M1]
==== Stage 1: SupCon Pre-training ====
epoch            total_loss       cls_loss        
0                0.0600047782     0.0600047782    
1                0.0348495506     0.0348495506    
==== Stage 2: Latent Domain PCL ====
epoch            total_loss       dis_loss         proto_loss       ent_pen_loss    
0                1.1842972040     0.4778015018     1.1915491819     0.1107210815    
Counter({np.int64(1): 2600, np.int64(2): 1874, np.int64(0): 776})
==== Stage 3: Domain-invariant + HardNCE ====
epoch            total_loss       cls_loss         dis_loss         hard_loss       
0                1.3861308098     0.0267215893     1.3594043255     0.0000162125    
  Source acc: 1.000000  |  Target acc: 0.904000
  Best target acc: 0.912000

======== ROUND 18 ========  [Ablation: M1]
==== Stage 1: SupCon Pre-training ====
epoch            total_loss       cls_loss        
0                0.0335432552     0.0335432552    
1                0.9873101711     0.9873101711    
==== Stage 2: Latent Domain PCL ====
epoch            total_loss       dis_loss         proto_loss       ent_pen_loss    
0                1.4452819824     1.3325741291     0.0039735190     0.1107210815    
Counter({np.int64(1): 2757, np.int64(2): 1430, np.int64(0): 1063})
==== Stage 3: Domain-invariant + HardNCE ====
epoch            total_loss       cls_loss         dis_loss         hard_loss       
0                1.2845140696     0.3265728951     0.9579383135     0.0000095367    
  Source acc: 1.000000  |  Target acc: 0.892667
  Best target acc: 0.912000

======== ROUND 19 ========  [Ablation: M1]
==== Stage 1: SupCon Pre-training ====
epoch            total_loss       cls_loss        
0                0.1845913976     0.1845913976    
1                0.1968155950     0.1968155950    
==== Stage 2: Latent Domain PCL ====
epoch            total_loss       dis_loss         proto_loss       ent_pen_loss    
0                1.1191608906     0.9422632456     0.1323531568     0.1107210815    
Counter({np.int64(1): 2236, np.int64(2): 1958, np.int64(0): 1056})
==== Stage 3: Domain-invariant + HardNCE ====
epoch            total_loss       cls_loss         dis_loss         hard_loss       
0                0.6453233957     0.1620898545     0.4832251072     0.0000281334    
  Source acc: 1.000000  |  Target acc: 0.901333
  Best target acc: 0.912000

======== ROUND 20 ========  [Ablation: M1]
==== Stage 1: SupCon Pre-training ====
epoch            total_loss       cls_loss        
0                4.6482014656     4.6482014656    
1                0.0382542536     0.0382542536    
==== Stage 2: Latent Domain PCL ====
epoch            total_loss       dis_loss         proto_loss       ent_pen_loss    
0                0.9275951385     0.7956804037     0.0423871949     0.1107210815    
Counter({np.int64(1): 2313, np.int64(0): 1547, np.int64(2): 1390})
==== Stage 3: Domain-invariant + HardNCE ====
epoch            total_loss       cls_loss         dis_loss         hard_loss       
0                0.2794082761     0.0649094731     0.2144984603     0.0000011921    
  Source acc: 1.000000  |  Target acc: 0.896667
  Best target acc: 0.912000

======== ROUND 21 ========  [Ablation: M1]
==== Stage 1: SupCon Pre-training ====
epoch            total_loss       cls_loss        
0                4.3650755882     4.3650755882    
1                0.0145310741     0.0145310741    
==== Stage 2: Latent Domain PCL ====
epoch            total_loss       dis_loss         proto_loss       ent_pen_loss    
0                2.5392639637     0.9590218067     2.5604844093     0.3000000119    
Counter({np.int64(1): 2114, np.int64(2): 1594, np.int64(0): 1542})
==== Stage 3: Domain-invariant + HardNCE ====
epoch            total_loss       cls_loss         dis_loss         hard_loss       
0                0.9064349532     0.1515897512     0.7548415661     0.0000121593    
  Source acc: 1.000000  |  Target acc: 0.891333
  Best target acc: 0.912000

======== ROUND 22 ========  [Ablation: M1]
==== Stage 1: SupCon Pre-training ====
epoch            total_loss       cls_loss        
0                0.0458041243     0.0458041243    
1                0.0175722614     0.0175722614    
==== Stage 2: Latent Domain PCL ====
epoch            total_loss       dis_loss         proto_loss       ent_pen_loss    
0                0.7405403852     0.5394927263     0.1806532592     0.1107210815    
Counter({np.int64(2): 1925, np.int64(1): 1853, np.int64(0): 1472})
==== Stage 3: Domain-invariant + HardNCE ====
epoch            total_loss       cls_loss         dis_loss         hard_loss       
0                0.8203289509     0.0457647368     0.7745631933     0.0000033379    
  Source acc: 1.000000  |  Target acc: 0.884667
  Best target acc: 0.912000

======== ROUND 23 ========  [Ablation: M1]
==== Stage 1: SupCon Pre-training ====
epoch            total_loss       cls_loss        
0                0.0092234202     0.0092234202    
1                0.0626493618     0.0626493618    
==== Stage 2: Latent Domain PCL ====
epoch            total_loss       dis_loss         proto_loss       ent_pen_loss    
0                1.8157119751     0.5804222822     1.8705793619     0.3000000119    
Counter({np.int64(1): 1835, np.int64(0): 1753, np.int64(2): 1662})
==== Stage 3: Domain-invariant + HardNCE ====
epoch            total_loss       cls_loss         dis_loss         hard_loss       
0                1.1152634621     0.0070031737     1.1082599163     0.0000011921    
  Source acc: 1.000000  |  Target acc: 0.896667
  Best target acc: 0.912000

======== ROUND 24 ========  [Ablation: M1]
==== Stage 1: SupCon Pre-training ====
epoch            total_loss       cls_loss        
0                5.2304306030     5.2304306030    
1                0.1174311787     0.1174311787    
==== Stage 2: Latent Domain PCL ====
epoch            total_loss       dis_loss         proto_loss       ent_pen_loss    
0                0.8508938551     0.6969544888     0.0864366069     0.1107210815    
Counter({np.int64(0): 1960, np.int64(2): 1680, np.int64(1): 1610})
==== Stage 3: Domain-invariant + HardNCE ====
epoch            total_loss       cls_loss         dis_loss         hard_loss       
0                1.7744495869     0.0671120957     1.7073369026     0.0000019073    
  Source acc: 1.000000  |  Target acc: 0.882667
  Best target acc: 0.912000

======== ROUND 25 ========  [Ablation: M1]
==== Stage 1: SupCon Pre-training ====
epoch            total_loss       cls_loss        
0                0.4784722924     0.4784722924    
1                0.3748496771     0.3748496771    
==== Stage 2: Latent Domain PCL ====
epoch            total_loss       dis_loss         proto_loss       ent_pen_loss    
0                3.6427593231     1.9506624937     2.7841937542     0.3000000119    
Counter({np.int64(0): 1904, np.int64(2): 1728, np.int64(1): 1618})
==== Stage 3: Domain-invariant + HardNCE ====
epoch            total_loss       cls_loss         dis_loss         hard_loss       
0                1.1802667379     0.4960716963     0.6841763258     0.0000624657    
  Source acc: 1.000000  |  Target acc: 0.894000
  Best target acc: 0.912000

======== ROUND 26 ========  [Ablation: M1]
==== Stage 1: SupCon Pre-training ====
epoch            total_loss       cls_loss        
0                0.1999974698     0.1999974698    
1                4.3212370872     4.3212370872    
==== Stage 2: Latent Domain PCL ====
epoch            total_loss       dis_loss         proto_loss       ent_pen_loss    
0                1.2073355913     1.0085231066     0.1761828363     0.1107210815    
Counter({np.int64(0): 1943, np.int64(2): 1707, np.int64(1): 1600})
==== Stage 3: Domain-invariant + HardNCE ====
epoch            total_loss       cls_loss         dis_loss         hard_loss       
0                0.6290575266     0.0460314453     0.5830242634     0.0000059605    
  Source acc: 1.000000  |  Target acc: 0.898000
  Best target acc: 0.912000

======== ROUND 27 ========  [Ablation: M1]
==== Stage 1: SupCon Pre-training ====
epoch            total_loss       cls_loss        
0                5.1556563377     5.1556563377    
1                0.1893152446     0.1893152446    
==== Stage 2: Latent Domain PCL ====
epoch            total_loss       dis_loss         proto_loss       ent_pen_loss    
0                0.9771907330     0.7293900847     0.2741590142     0.1107210815    
Counter({np.int64(2): 1891, np.int64(0): 1758, np.int64(1): 1601})
==== Stage 3: Domain-invariant + HardNCE ====
epoch            total_loss       cls_loss         dis_loss         hard_loss       
0                3.4920921326     2.4245355129     1.0675561428     0.0000019073    
  Source acc: 1.000000  |  Target acc: 0.893333
  Best target acc: 0.912000

======== ROUND 28 ========  [Ablation: M1]
==== Stage 1: SupCon Pre-training ====
epoch            total_loss       cls_loss        
0                0.5039387941     0.5039387941    
1                0.0996467248     0.0996467248    
==== Stage 2: Latent Domain PCL ====
epoch            total_loss       dis_loss         proto_loss       ent_pen_loss    
0                3.2382264137     0.9764370918     3.9235787392     0.3000000119    
Counter({np.int64(2): 1974, np.int64(0): 1791, np.int64(1): 1485})
==== Stage 3: Domain-invariant + HardNCE ====
epoch            total_loss       cls_loss         dis_loss         hard_loss       
0                0.6946707964     0.1748147607     0.5198557377     0.0000009537    
  Source acc: 1.000000  |  Target acc: 0.906000
  Best target acc: 0.912000

======== ROUND 29 ========  [Ablation: M1]
==== Stage 1: SupCon Pre-training ====
epoch            total_loss       cls_loss        
0                4.5157661438     4.5157661438    
1                0.0230342485     0.0230342485    
==== Stage 2: Latent Domain PCL ====
epoch            total_loss       dis_loss         proto_loss       ent_pen_loss    
0                0.7067993879     0.5919245481     0.0083076181     0.1107210815    
Counter({np.int64(2): 1980, np.int64(0): 1901, np.int64(1): 1369})
==== Stage 3: Domain-invariant + HardNCE ====
epoch            total_loss       cls_loss         dis_loss         hard_loss       
0                2.7495718002     1.3627623320     1.3868013620     0.0000274181    
  Source acc: 1.000000  |  Target acc: 0.885333
  Best target acc: 0.912000

======== ROUND 30 ========  [Ablation: M1]
==== Stage 1: SupCon Pre-training ====
epoch            total_loss       cls_loss        
0                0.1166139394     0.1166139394    
1                1.2870787382     1.2870787382    
==== Stage 2: Latent Domain PCL ====
epoch            total_loss       dis_loss         proto_loss       ent_pen_loss    
0                0.8542432785     0.6385564208     0.2099315077     0.1107210815    
Counter({np.int64(2): 1993, np.int64(0): 1936, np.int64(1): 1321})
==== Stage 3: Domain-invariant + HardNCE ====
epoch            total_loss       cls_loss         dis_loss         hard_loss       
0                0.4633115530     0.0927992240     0.3705103397     0.0000066757    
  Source acc: 1.000000  |  Target acc: 0.894667
  Best target acc: 0.912000

======== ROUND 31 ========  [Ablation: M1]
==== Stage 1: SupCon Pre-training ====
epoch            total_loss       cls_loss        
0                5.3191971779     5.3191971779    
1                0.2411648482     0.2411648482    
==== Stage 2: Latent Domain PCL ====
epoch            total_loss       dis_loss         proto_loss       ent_pen_loss    
0                0.8865648508     0.4766690433     0.5983493924     0.1107210815    
Counter({np.int64(2): 2105, np.int64(0): 1848, np.int64(1): 1297})
==== Stage 3: Domain-invariant + HardNCE ====
epoch            total_loss       cls_loss         dis_loss         hard_loss       
0                2.2567803860     0.9020353556     1.3547441959     0.0000023842    
  Source acc: 1.000000  |  Target acc: 0.884000
  Best target acc: 0.912000

======== ROUND 32 ========  [Ablation: M1]
==== Stage 1: SupCon Pre-training ====
epoch            total_loss       cls_loss        
0                0.0829961449     0.0829961449    
1                0.0126795173     0.0126795173    
==== Stage 2: Latent Domain PCL ====
epoch            total_loss       dis_loss         proto_loss       ent_pen_loss    
0                1.1950523853     0.8200196028     0.5286234021     0.1107210815    
Counter({np.int64(2): 2254, np.int64(0): 1777, np.int64(1): 1219})
==== Stage 3: Domain-invariant + HardNCE ====
epoch            total_loss       cls_loss         dis_loss         hard_loss       
0                0.8015283942     0.2059978247     0.5955283642     0.0000073910    
  Source acc: 1.000000  |  Target acc: 0.877333
  Best target acc: 0.912000

======== ROUND 33 ========  [Ablation: M1]
==== Stage 1: SupCon Pre-training ====
epoch            total_loss       cls_loss        
0                0.0859539434     0.0859539434    
1                0.0306447446     0.0306447446    
==== Stage 2: Latent Domain PCL ====
epoch            total_loss       dis_loss         proto_loss       ent_pen_loss    
0                3.3576781750     2.2463588715     1.6226387024     0.3000000119    
Counter({np.int64(2): 2146, np.int64(0): 1836, np.int64(1): 1268})
==== Stage 3: Domain-invariant + HardNCE ====
epoch            total_loss       cls_loss         dis_loss         hard_loss       
0                0.2324633896     0.0404748395     0.1919881999     0.0000011921    
  Source acc: 1.000000  |  Target acc: 0.898667
  Best target acc: 0.912000

======== ROUND 34 ========  [Ablation: M1]
==== Stage 1: SupCon Pre-training ====
epoch            total_loss       cls_loss        
0                0.0478236526     0.0478236526    
1                0.0136520118     0.0136520118    
==== Stage 2: Latent Domain PCL ====
epoch            total_loss       dis_loss         proto_loss       ent_pen_loss    
0                2.6632280350     0.9234016538     2.8796529770     0.3000000119    
Counter({np.int64(2): 2157, np.int64(0): 1856, np.int64(1): 1237})
==== Stage 3: Domain-invariant + HardNCE ====
epoch            total_loss       cls_loss         dis_loss         hard_loss       
0                2.4505593777     0.1509427428     2.2996160984     0.0000019073    
  Source acc: 1.000000  |  Target acc: 0.885333
  Best target acc: 0.912000

======== ROUND 35 ========  [Ablation: M1]
==== Stage 1: SupCon Pre-training ====
epoch            total_loss       cls_loss        
0                0.0502738208     0.0502738208    
1                0.1361976266     0.1361976266    
==== Stage 2: Latent Domain PCL ====
epoch            total_loss       dis_loss         proto_loss       ent_pen_loss    
0                4.9628643990     2.9959414005     3.3338456154     0.3000000119    
Counter({np.int64(2): 2108, np.int64(0): 1924, np.int64(1): 1218})
==== Stage 3: Domain-invariant + HardNCE ====
epoch            total_loss       cls_loss         dis_loss         hard_loss       
0                1.8519960642     0.6414036751     1.2105892897     0.0000104904    
  Source acc: 1.000000  |  Target acc: 0.882000
  Best target acc: 0.912000

======== ROUND 36 ========  [Ablation: M1]
==== Stage 1: SupCon Pre-training ====
epoch            total_loss       cls_loss        
0                5.4883704185     5.4883704185    
1                0.0173382629     0.0173382629    
==== Stage 2: Latent Domain PCL ====
epoch            total_loss       dis_loss         proto_loss       ent_pen_loss    
0                1.5246680975     1.2595243454     0.3088453412     0.1107210815    
Counter({np.int64(2): 2196, np.int64(0): 1901, np.int64(1): 1153})
==== Stage 3: Domain-invariant + HardNCE ====
epoch            total_loss       cls_loss         dis_loss         hard_loss       
0                5.7200183868     3.7203743458     1.9996430874     0.0000023842    
  Source acc: 1.000000  |  Target acc: 0.874667
  Best target acc: 0.912000

======== ROUND 37 ========  [Ablation: M1]
==== Stage 1: SupCon Pre-training ====
epoch            total_loss       cls_loss        
0                0.0160380974     0.0160380974    
1                0.0356117822     0.0356117822    
==== Stage 2: Latent Domain PCL ====
epoch            total_loss       dis_loss         proto_loss       ent_pen_loss    
0                0.9111877680     0.4234391451     0.7540549636     0.1107210815    
Counter({np.int64(2): 2274, np.int64(0): 1797, np.int64(1): 1179})
==== Stage 3: Domain-invariant + HardNCE ====
epoch            total_loss       cls_loss         dis_loss         hard_loss       
0                0.2564024627     0.0696201473     0.1867735684     0.0000290871    
  Source acc: 1.000000  |  Target acc: 0.902000
  Best target acc: 0.912000

======== ROUND 38 ========  [Ablation: M1]
==== Stage 1: SupCon Pre-training ====
epoch            total_loss       cls_loss        
0                0.0784591138     0.0784591138    
1                0.0637972131     0.0637972131    
==== Stage 2: Latent Domain PCL ====
epoch            total_loss       dis_loss         proto_loss       ent_pen_loss    
0                4.3441829681     2.2320053577     3.6243543625     0.3000000119    
Counter({np.int64(2): 2175, np.int64(0): 1906, np.int64(1): 1169})
==== Stage 3: Domain-invariant + HardNCE ====
epoch            total_loss       cls_loss         dis_loss         hard_loss       
0                1.0767022371     0.2145954072     0.8621063232     0.0000014305    
  Source acc: 1.000000  |  Target acc: 0.888000
  Best target acc: 0.912000

======== ROUND 39 ========  [Ablation: M1]
==== Stage 1: SupCon Pre-training ====
epoch            total_loss       cls_loss        
0                0.6160215139     0.6160215139    
1                0.0209231190     0.0209231190    
==== Stage 2: Latent Domain PCL ====
epoch            total_loss       dis_loss         proto_loss       ent_pen_loss    
0                3.8780710697     2.3745803833     2.4069814682     0.3000000119    
Counter({np.int64(2): 2151, np.int64(0): 1905, np.int64(1): 1194})
==== Stage 3: Domain-invariant + HardNCE ====
epoch            total_loss       cls_loss         dis_loss         hard_loss       
0                0.4448939562     0.1402674019     0.3045963049     0.0001008511    
  Source acc: 1.000000  |  Target acc: 0.886000
  Best target acc: 0.912000

======== ROUND 40 ========  [Ablation: M1]
==== Stage 1: SupCon Pre-training ====
epoch            total_loss       cls_loss        
0                0.1853442341     0.1853442341    
1                5.1078963280     5.1078963280    
==== Stage 2: Latent Domain PCL ====
epoch            total_loss       dis_loss         proto_loss       ent_pen_loss    
0                0.6525924206     0.5410314202     0.0016797304     0.1107210815    
Counter({np.int64(2): 2196, np.int64(0): 1837, np.int64(1): 1217})
==== Stage 3: Domain-invariant + HardNCE ====
epoch            total_loss       cls_loss         dis_loss         hard_loss       
0                2.5063700676     1.5311055183     0.9752613306     0.0000109673    
  Source acc: 1.000000  |  Target acc: 0.890000
  Best target acc: 0.912000

======== ROUND 41 ========  [Ablation: M1]
==== Stage 1: SupCon Pre-training ====
epoch            total_loss       cls_loss        
0                0.1587589532     0.1587589532    
1                0.0483842827     0.0483842827    
==== Stage 2: Latent Domain PCL ====
epoch            total_loss       dis_loss         proto_loss       ent_pen_loss    
0                1.9206302166     0.5176239610     2.2060124874     0.3000000119    
Counter({np.int64(2): 2276, np.int64(0): 1781, np.int64(1): 1193})
==== Stage 3: Domain-invariant + HardNCE ====
epoch            total_loss       cls_loss         dis_loss         hard_loss       
0                1.2337931395     0.6871315241     0.5466458201     0.0000526905    
  Source acc: 1.000000  |  Target acc: 0.879333
  Best target acc: 0.912000

======== ROUND 42 ========  [Ablation: M1]
==== Stage 1: SupCon Pre-training ====
epoch            total_loss       cls_loss        
0                0.0052897581     0.0052897581    
1                0.0769912824     0.0769912824    
==== Stage 2: Latent Domain PCL ====
epoch            total_loss       dis_loss         proto_loss       ent_pen_loss    
0                0.8564237356     0.5377256870     0.4159539938     0.1107210815    
Counter({np.int64(2): 2317, np.int64(0): 1764, np.int64(1): 1169})
==== Stage 3: Domain-invariant + HardNCE ====
epoch            total_loss       cls_loss         dis_loss         hard_loss       
0                0.2146691531     0.0597734228     0.1548925787     0.0000104904    
  Source acc: 1.000000  |  Target acc: 0.898000
  Best target acc: 0.912000

======== ROUND 43 ========  [Ablation: M1]
==== Stage 1: SupCon Pre-training ====
epoch            total_loss       cls_loss        
0                0.1731617302     0.1731617302    
1                0.2096004337     0.2096004337    
==== Stage 2: Latent Domain PCL ====
epoch            total_loss       dis_loss         proto_loss       ent_pen_loss    
0                1.6202362776     1.3913156986     0.2363989055     0.1107210815    
Counter({np.int64(2): 2360, np.int64(0): 1724, np.int64(1): 1166})
==== Stage 3: Domain-invariant + HardNCE ====
epoch            total_loss       cls_loss         dis_loss         hard_loss       
0                0.3442986906     0.1300222874     0.2142762393     0.0000004768    
  Source acc: 1.000000  |  Target acc: 0.876000
  Best target acc: 0.912000

======== ROUND 44 ========  [Ablation: M1]
==== Stage 1: SupCon Pre-training ====
epoch            total_loss       cls_loss        
0                0.6048574448     0.6048574448    
1                0.1046226844     0.1046226844    
==== Stage 2: Latent Domain PCL ====
epoch            total_loss       dis_loss         proto_loss       ent_pen_loss    
0                0.8171510696     0.6826774478     0.0475051552     0.1107210815    
Counter({np.int64(2): 2336, np.int64(0): 1743, np.int64(1): 1171})
==== Stage 3: Domain-invariant + HardNCE ====
epoch            total_loss       cls_loss         dis_loss         hard_loss       
0                0.6413387656     0.2137250304     0.4276130199     0.0000023842    
  Source acc: 1.000000  |  Target acc: 0.906667
  Best target acc: 0.912000

======== ROUND 45 ========  [Ablation: M1]
==== Stage 1: SupCon Pre-training ====
epoch            total_loss       cls_loss        
0                0.0315271057     0.0315271057    
1                0.0305215064     0.0305215064    
==== Stage 2: Latent Domain PCL ====
epoch            total_loss       dis_loss         proto_loss       ent_pen_loss    
0                3.4456710815     1.0509784222     4.1893854141     0.3000000119    
Counter({np.int64(2): 2404, np.int64(0): 1690, np.int64(1): 1156})
==== Stage 3: Domain-invariant + HardNCE ====
epoch            total_loss       cls_loss         dis_loss         hard_loss       
0                1.6754136086     0.4149829149     1.2604284286     0.0000076294    
  Source acc: 1.000000  |  Target acc: 0.882667
  Best target acc: 0.912000

======== ROUND 46 ========  [Ablation: M1]
==== Stage 1: SupCon Pre-training ====
epoch            total_loss       cls_loss        
0                0.0203242470     0.0203242470    
1                0.0265947413     0.0265947413    
==== Stage 2: Latent Domain PCL ====
epoch            total_loss       dis_loss         proto_loss       ent_pen_loss    
0                0.9745912552     0.7625347376     0.2026707530     0.1107210815    
Counter({np.int64(2): 2377, np.int64(0): 1694, np.int64(1): 1179})
==== Stage 3: Domain-invariant + HardNCE ====
epoch            total_loss       cls_loss         dis_loss         hard_loss       
0                0.8661037087     0.1093596146     0.7567437887     0.0000009537    
  Source acc: 1.000000  |  Target acc: 0.881333
  Best target acc: 0.912000

======== ROUND 47 ========  [Ablation: M1]
==== Stage 1: SupCon Pre-training ====
epoch            total_loss       cls_loss        
0                0.0198840834     0.0198840834    
1                0.0169387702     0.0169387702    
==== Stage 2: Latent Domain PCL ====
epoch            total_loss       dis_loss         proto_loss       ent_pen_loss    
0                0.6622799635     0.5398799181     0.0233579818     0.1107210815    
Counter({np.int64(2): 2375, np.int64(0): 1716, np.int64(1): 1159})
==== Stage 3: Domain-invariant + HardNCE ====
epoch            total_loss       cls_loss         dis_loss         hard_loss       
0                0.6662892103     0.0907904804     0.5754984617     0.0000007153    
  Source acc: 1.000000  |  Target acc: 0.882667
  Best target acc: 0.912000

======== ROUND 48 ========  [Ablation: M1]
==== Stage 1: SupCon Pre-training ====
epoch            total_loss       cls_loss        
0                0.0105926497     0.0105926497    
1                0.0314753838     0.0314753838    
==== Stage 2: Latent Domain PCL ====
epoch            total_loss       dis_loss         proto_loss       ent_pen_loss    
0                1.1837693453     1.0584450960     0.0292063169     0.1107210815    
Counter({np.int64(2): 2410, np.int64(0): 1660, np.int64(1): 1180})
==== Stage 3: Domain-invariant + HardNCE ====
epoch            total_loss       cls_loss         dis_loss         hard_loss       
0                1.0588304996     0.1384335905     0.9203959703     0.0000030994    
  Source acc: 1.000000  |  Target acc: 0.905333
  Best target acc: 0.912000

======== ROUND 49 ========  [Ablation: M1]
==== Stage 1: SupCon Pre-training ====
epoch            total_loss       cls_loss        
0                4.7163310051     4.7163310051    
1                0.2157285213     0.2157285213    
==== Stage 2: Latent Domain PCL ====
epoch            total_loss       dis_loss         proto_loss       ent_pen_loss    
0                1.0582805872     0.9420566559     0.0110056195     0.1107210815    
Counter({np.int64(2): 2361, np.int64(0): 1714, np.int64(1): 1175})
==== Stage 3: Domain-invariant + HardNCE ====
epoch            total_loss       cls_loss         dis_loss         hard_loss       
0                0.5330610275     0.2096243352     0.3234353065     0.0000045300    
  Source acc: 1.000000  |  Target acc: 0.891333
  Best target acc: 0.912000
[ConfMatrix] saved to log/abl_widar1ap_cross_user_M1_s4 (cm shape=(6, 6))

Results saved to log/abl_widar1ap_cross_user_M1_s4
acc.txt: log/abl_widar1ap_cross_user_M1_s4/acc.txt
bestacc.txt: log/abl_widar1ap_cross_user_M1_s4/bestacc.txt
