[Seed] global random seed set to 2

[Ablation Mode] M2
[XRF55Dataset] loaded 3840 samples from 1 dirs
[XRF55Dataset] loaded 960 samples from 1 dirs
[XRF55Dataset] loaded 3840 samples from 1 dirs
Train set size: 3840 samples, 120 batches
Test set size:  960 samples, 30 batches
Source eval size: 3840 samples

[Direction Sensitivity] Manual weights (dir_w=0.5): {0: 0.0, 1: 0.5, 2: 0.5, 3: 0.5, 4: 0.5, 5: 0.5, 6: 0.5, 7: 0.5}

======== ROUND 0 ========  [Ablation: M2]
==== Stage 1: SupCon Pre-training ====
epoch            total_loss       cls_loss         supcon_loss     
0                4.2649068832     1.3238680363     5.8820776939    
1                3.8496694565     1.0316330194     5.6360726357    
==== Stage 2: SKIPPED (M2 ablation) ====
  Random domain assignment: Counter({1: 1323, 2: 1286, 0: 1231})
==== Stage 3: Domain-invariant + HardNCE ====
epoch            total_loss       cls_loss         dis_loss         hard_loss       
0                2.1377904415     0.8372322321     1.0547801256     0.8192601204    
  Source acc: 0.827083  |  Target acc: 0.551042
  Best target acc: 0.551042

======== ROUND 1 ========  [Ablation: M2]
==== Stage 1: SupCon Pre-training ====
epoch            total_loss       cls_loss         supcon_loss     
0                3.0578258038     0.4418738782     5.2319040298    
1                3.2513198853     0.5051831007     5.4922738075    
==== Stage 2: SKIPPED (M2 ablation) ====
  Random domain assignment: Counter({0: 1296, 1: 1281, 2: 1263})
==== Stage 3: Domain-invariant + HardNCE ====
epoch            total_loss       cls_loss         dis_loss         hard_loss       
0                1.9675239325     0.5875819325     1.1218647957     0.8602576256    
  Source acc: 0.904948  |  Target acc: 0.544792
  Best target acc: 0.551042

======== ROUND 2 ========  [Ablation: M2]
==== Stage 1: SupCon Pre-training ====
epoch            total_loss       cls_loss         supcon_loss     
0                3.1443636417     0.3976077735     5.4935116768    
1                3.6823379993     0.7147321701     5.9352116585    
==== Stage 2: SKIPPED (M2 ablation) ====
  Random domain assignment: Counter({0: 1287, 2: 1279, 1: 1274})
==== Stage 3: Domain-invariant + HardNCE ====
epoch            total_loss       cls_loss         dis_loss         hard_loss       
0                1.8042447567     0.4210049510     1.1564882994     0.7558385134    
  Source acc: 0.967187  |  Target acc: 0.594792
  Best target acc: 0.594792

======== ROUND 3 ========  [Ablation: M2]
==== Stage 1: SupCon Pre-training ====
epoch            total_loss       cls_loss        
0                0.1829170287     0.1829170287    
1                0.2150593400     0.2150593400    
==== Stage 2: SKIPPED (M2 ablation) ====
  Random domain assignment: Counter({0: 1305, 1: 1303, 2: 1232})
==== Stage 3: Domain-invariant + HardNCE ====
epoch            total_loss       cls_loss         dis_loss         hard_loss       
0                1.9607489109     0.5692832470     1.1712903976     0.7339177132    
  Source acc: 0.980990  |  Target acc: 0.510417
  Best target acc: 0.594792

======== ROUND 4 ========  [Ablation: M2]
==== Stage 1: SupCon Pre-training ====
epoch            total_loss       cls_loss        
0                0.2990716100     0.2990716100    
1                0.3168439567     0.3168439567    
==== Stage 2: SKIPPED (M2 ablation) ====
  Random domain assignment: Counter({1: 1305, 0: 1286, 2: 1249})
==== Stage 3: Domain-invariant + HardNCE ====
epoch            total_loss       cls_loss         dis_loss         hard_loss       
0                1.5410206318     0.2138016671     1.1059056520     0.7377113104    
  Source acc: 0.986198  |  Target acc: 0.561458
  Best target acc: 0.594792

======== ROUND 5 ========  [Ablation: M2]
==== Stage 1: SupCon Pre-training ====
epoch            total_loss       cls_loss        
0                0.0439689606     0.0439689606    
1                0.1343681067     0.1343681067    
==== Stage 2: SKIPPED (M2 ablation) ====
  Random domain assignment: Counter({0: 1309, 1: 1302, 2: 1229})
==== Stage 3: Domain-invariant + HardNCE ====
epoch            total_loss       cls_loss         dis_loss         hard_loss       
0                1.4137802124     0.0850671977     1.1136882305     0.7167495489    
  Source acc: 0.994271  |  Target acc: 0.571875
  Best target acc: 0.594792

======== ROUND 6 ========  [Ablation: M2]
==== Stage 1: SupCon Pre-training ====
epoch            total_loss       cls_loss        
0                0.3282417655     0.3282417655    
1                0.0402639024     0.0402639024    
==== Stage 2: SKIPPED (M2 ablation) ====
  Random domain assignment: Counter({0: 1335, 2: 1262, 1: 1243})
==== Stage 3: Domain-invariant + HardNCE ====
epoch            total_loss       cls_loss         dis_loss         hard_loss       
0                1.4831365347     0.1276993454     1.1405060291     0.7164369822    
  Source acc: 0.992448  |  Target acc: 0.596875
  Best target acc: 0.596875

======== ROUND 7 ========  [Ablation: M2]
==== Stage 1: SupCon Pre-training ====
epoch            total_loss       cls_loss        
0                0.1286367625     0.1286367625    
1                0.1629972756     0.1629972756    
==== Stage 2: SKIPPED (M2 ablation) ====
  Random domain assignment: Counter({0: 1361, 2: 1240, 1: 1239})
==== Stage 3: Domain-invariant + HardNCE ====
epoch            total_loss       cls_loss         dis_loss         hard_loss       
0                1.4902735949     0.1971135437     1.0886400938     0.6817331314    
  Source acc: 0.994010  |  Target acc: 0.568750
  Best target acc: 0.596875

======== ROUND 8 ========  [Ablation: M2]
==== Stage 1: SupCon Pre-training ====
epoch            total_loss       cls_loss        
0                0.2189393342     0.2189393342    
1                0.2373465747     0.2373465747    
==== Stage 2: SKIPPED (M2 ablation) ====
  Random domain assignment: Counter({2: 1333, 1: 1272, 0: 1235})
==== Stage 3: Domain-invariant + HardNCE ====
epoch            total_loss       cls_loss         dis_loss         hard_loss       
0                1.4978649616     0.1429898292     1.1442264318     0.7021619678    
  Source acc: 0.993490  |  Target acc: 0.576042
  Best target acc: 0.596875

======== ROUND 9 ========  [Ablation: M2]
==== Stage 1: SupCon Pre-training ====
epoch            total_loss       cls_loss        
0                0.1874375641     0.1874375641    
1                0.2461830378     0.2461830378    
==== Stage 2: SKIPPED (M2 ablation) ====
  Random domain assignment: Counter({0: 1297, 2: 1272, 1: 1271})
==== Stage 3: Domain-invariant + HardNCE ====
epoch            total_loss       cls_loss         dis_loss         hard_loss       
0                1.6176365614     0.2857724428     1.1245954037     0.6908957362    
  Source acc: 0.993750  |  Target acc: 0.593750
  Best target acc: 0.596875

======== ROUND 10 ========  [Ablation: M2]
==== Stage 1: SupCon Pre-training ====
epoch            total_loss       cls_loss        
0                0.1104004532     0.1104004532    
1                0.0537336022     0.0537336022    
==== Stage 2: SKIPPED (M2 ablation) ====
  Random domain assignment: Counter({2: 1297, 0: 1289, 1: 1254})
==== Stage 3: Domain-invariant + HardNCE ====
epoch            total_loss       cls_loss         dis_loss         hard_loss       
0                1.3963326216     0.0777666718     1.1307307482     0.6261174679    
  Source acc: 1.000000  |  Target acc: 0.600000
  Best target acc: 0.600000

======== ROUND 11 ========  [Ablation: M2]
==== Stage 1: SupCon Pre-training ====
epoch            total_loss       cls_loss        
0                0.0116211204     0.0116211204    
1                0.0680494308     0.0680494308    
==== Stage 2: SKIPPED (M2 ablation) ====
  Random domain assignment: Counter({0: 1326, 2: 1277, 1: 1237})
==== Stage 3: Domain-invariant + HardNCE ====
epoch            total_loss       cls_loss         dis_loss         hard_loss       
0                1.3616529703     0.0491290130     1.0971742868     0.7178323865    
  Source acc: 1.000000  |  Target acc: 0.613542
  Best target acc: 0.613542

======== ROUND 12 ========  [Ablation: M2]
==== Stage 1: SupCon Pre-training ====
epoch            total_loss       cls_loss        
0                0.0447527282     0.0447527282    
1                0.0304329246     0.0304329246    
==== Stage 2: SKIPPED (M2 ablation) ====
  Random domain assignment: Counter({2: 1318, 0: 1282, 1: 1240})
==== Stage 3: Domain-invariant + HardNCE ====
epoch            total_loss       cls_loss         dis_loss         hard_loss       
0                1.3315188885     0.0241488703     1.1039085388     0.6782049537    
  Source acc: 1.000000  |  Target acc: 0.618750
  Best target acc: 0.618750

======== ROUND 13 ========  [Ablation: M2]
==== Stage 1: SupCon Pre-training ====
epoch            total_loss       cls_loss        
0                0.0037586356     0.0037586356    
1                0.0159757696     0.0159757696    
==== Stage 2: SKIPPED (M2 ablation) ====
  Random domain assignment: Counter({0: 1323, 1: 1298, 2: 1219})
==== Stage 3: Domain-invariant + HardNCE ====
epoch            total_loss       cls_loss         dis_loss         hard_loss       
0                1.3003762960     0.0392899290     1.0900135040     0.5702427626    
  Source acc: 1.000000  |  Target acc: 0.623958
  Best target acc: 0.623958

======== ROUND 14 ========  [Ablation: M2]
==== Stage 1: SupCon Pre-training ====
epoch            total_loss       cls_loss        
0                0.0744547918     0.0744547918    
1                0.0203823224     0.0203823224    
==== Stage 2: SKIPPED (M2 ablation) ====
  Random domain assignment: Counter({0: 1317, 1: 1263, 2: 1260})
==== Stage 3: Domain-invariant + HardNCE ====
epoch            total_loss       cls_loss         dis_loss         hard_loss       
0                1.2878274918     0.0209268760     1.0907226801     0.5872598290    
  Source acc: 1.000000  |  Target acc: 0.617708
  Best target acc: 0.623958

======== ROUND 15 ========  [Ablation: M2]
==== Stage 1: SupCon Pre-training ====
epoch            total_loss       cls_loss        
0                0.0763090923     0.0763090923    
1                0.1122127324     0.1122127324    
==== Stage 2: SKIPPED (M2 ablation) ====
  Random domain assignment: Counter({1: 1294, 0: 1283, 2: 1263})
==== Stage 3: Domain-invariant + HardNCE ====
epoch            total_loss       cls_loss         dis_loss         hard_loss       
0                1.3527624607     0.0534037165     1.1087985039     0.6352005005    
  Source acc: 1.000000  |  Target acc: 0.627083
  Best target acc: 0.627083

======== ROUND 16 ========  [Ablation: M2]
==== Stage 1: SupCon Pre-training ====
epoch            total_loss       cls_loss        
0                0.0035819584     0.0035819584    
1                0.0151928607     0.0151928607    
==== Stage 2: SKIPPED (M2 ablation) ====
  Random domain assignment: Counter({0: 1288, 1: 1285, 2: 1267})
==== Stage 3: Domain-invariant + HardNCE ====
epoch            total_loss       cls_loss         dis_loss         hard_loss       
0                1.3942221403     0.0748212934     1.1076899767     0.7057027817    
  Source acc: 1.000000  |  Target acc: 0.623958
  Best target acc: 0.627083

======== ROUND 17 ========  [Ablation: M2]
==== Stage 1: SupCon Pre-training ====
epoch            total_loss       cls_loss        
0                0.0119114667     0.0119114667    
1                0.0052720513     0.0052720513    
==== Stage 2: SKIPPED (M2 ablation) ====
  Random domain assignment: Counter({0: 1394, 1: 1250, 2: 1196})
==== Stage 3: Domain-invariant + HardNCE ====
epoch            total_loss       cls_loss         dis_loss         hard_loss       
0                1.2748140097     0.0428093411     1.0632745028     0.5624337792    
  Source acc: 1.000000  |  Target acc: 0.637500
  Best target acc: 0.637500

======== ROUND 18 ========  [Ablation: M2]
==== Stage 1: SupCon Pre-training ====
epoch            total_loss       cls_loss        
0                0.0289719366     0.0289719366    
1                0.0019487140     0.0019487140    
==== Stage 2: SKIPPED (M2 ablation) ====
  Random domain assignment: Counter({2: 1291, 1: 1283, 0: 1266})
==== Stage 3: Domain-invariant + HardNCE ====
epoch            total_loss       cls_loss         dis_loss         hard_loss       
0                1.2782307863     0.0312962532     1.0821605921     0.5492463708    
  Source acc: 1.000000  |  Target acc: 0.619792
  Best target acc: 0.637500

======== ROUND 19 ========  [Ablation: M2]
==== Stage 1: SupCon Pre-training ====
epoch            total_loss       cls_loss        
0                0.0076261489     0.0076261489    
1                0.0035783257     0.0035783257    
==== Stage 2: SKIPPED (M2 ablation) ====
  Random domain assignment: Counter({1: 1364, 0: 1246, 2: 1230})
==== Stage 3: Domain-invariant + HardNCE ====
epoch            total_loss       cls_loss         dis_loss         hard_loss       
0                1.3442797661     0.0378240682     1.1143720150     0.6402790546    
  Source acc: 1.000000  |  Target acc: 0.604167
  Best target acc: 0.637500

======== ROUND 20 ========  [Ablation: M2]
==== Stage 1: SupCon Pre-training ====
epoch            total_loss       cls_loss        
0                0.0050172834     0.0050172834    
1                0.0103911031     0.0103911031    
==== Stage 2: SKIPPED (M2 ablation) ====
  Random domain assignment: Counter({1: 1353, 0: 1290, 2: 1197})
==== Stage 3: Domain-invariant + HardNCE ====
epoch            total_loss       cls_loss         dis_loss         hard_loss       
0                1.3393155336     0.0389831774     1.1138224602     0.6216996312    
  Source acc: 1.000000  |  Target acc: 0.632292
  Best target acc: 0.637500

======== ROUND 21 ========  [Ablation: M2]
==== Stage 1: SupCon Pre-training ====
epoch            total_loss       cls_loss        
0                0.0099984761     0.0099984761    
1                0.0036180771     0.0036180771    
==== Stage 2: SKIPPED (M2 ablation) ====
  Random domain assignment: Counter({2: 1306, 1: 1281, 0: 1253})
==== Stage 3: Domain-invariant + HardNCE ====
epoch            total_loss       cls_loss         dis_loss         hard_loss       
0                1.4127118587     0.1474044025     1.1087512970     0.5218538046    
  Source acc: 1.000000  |  Target acc: 0.610417
  Best target acc: 0.637500

======== ROUND 22 ========  [Ablation: M2]
==== Stage 1: SupCon Pre-training ====
epoch            total_loss       cls_loss        
0                0.0033304626     0.0033304626    
1                0.0013742496     0.0013742496    
==== Stage 2: SKIPPED (M2 ablation) ====
  Random domain assignment: Counter({2: 1301, 1: 1297, 0: 1242})
==== Stage 3: Domain-invariant + HardNCE ====
epoch            total_loss       cls_loss         dis_loss         hard_loss       
0                1.3032784462     0.0306057334     1.1085178852     0.5471823812    
  Source acc: 1.000000  |  Target acc: 0.616667
  Best target acc: 0.637500

======== ROUND 23 ========  [Ablation: M2]
==== Stage 1: SupCon Pre-training ====
epoch            total_loss       cls_loss        
0                0.0014010207     0.0014010207    
1                0.0012237485     0.0012237485    
==== Stage 2: SKIPPED (M2 ablation) ====
  Random domain assignment: Counter({0: 1301, 1: 1285, 2: 1254})
==== Stage 3: Domain-invariant + HardNCE ====
epoch            total_loss       cls_loss         dis_loss         hard_loss       
0                1.2678622007     0.0085504819     1.0695537329     0.6325265765    
  Source acc: 1.000000  |  Target acc: 0.628125
  Best target acc: 0.637500

======== ROUND 24 ========  [Ablation: M2]
==== Stage 1: SupCon Pre-training ====
epoch            total_loss       cls_loss        
0                0.0023062667     0.0023062667    
1                0.0023474731     0.0023474731    
==== Stage 2: SKIPPED (M2 ablation) ====
  Random domain assignment: Counter({0: 1319, 1: 1297, 2: 1224})
==== Stage 3: Domain-invariant + HardNCE ====
epoch            total_loss       cls_loss         dis_loss         hard_loss       
0                1.4557675123     0.1508043110     1.1445652246     0.5346601605    
  Source acc: 1.000000  |  Target acc: 0.618750
  Best target acc: 0.637500

======== ROUND 25 ========  [Ablation: M2]
==== Stage 1: SupCon Pre-training ====
epoch            total_loss       cls_loss        
0                0.0031898876     0.0031898876    
1                0.0080310050     0.0080310050    
==== Stage 2: SKIPPED (M2 ablation) ====
  Random domain assignment: Counter({2: 1288, 1: 1276, 0: 1276})
==== Stage 3: Domain-invariant + HardNCE ====
epoch            total_loss       cls_loss         dis_loss         hard_loss       
0                1.2973220348     0.0075492570     1.1075862646     0.6072882414    
  Source acc: 1.000000  |  Target acc: 0.627083
  Best target acc: 0.637500

======== ROUND 26 ========  [Ablation: M2]
==== Stage 1: SupCon Pre-training ====
epoch            total_loss       cls_loss        
0                0.0024719746     0.0024719746    
1                0.0008035460     0.0008035460    
==== Stage 2: SKIPPED (M2 ablation) ====
  Random domain assignment: Counter({2: 1309, 1: 1289, 0: 1242})
==== Stage 3: Domain-invariant + HardNCE ====
epoch            total_loss       cls_loss         dis_loss         hard_loss       
0                1.3196078539     0.0157596432     1.1230996847     0.6024953723    
  Source acc: 1.000000  |  Target acc: 0.631250
  Best target acc: 0.637500

======== ROUND 27 ========  [Ablation: M2]
==== Stage 1: SupCon Pre-training ====
epoch            total_loss       cls_loss        
0                0.0022259215     0.0022259215    
1                0.0038047265     0.0038047265    
==== Stage 2: SKIPPED (M2 ablation) ====
  Random domain assignment: Counter({2: 1329, 0: 1276, 1: 1235})
==== Stage 3: Domain-invariant + HardNCE ====
epoch            total_loss       cls_loss         dis_loss         hard_loss       
0                1.3197785616     0.0209854357     1.1103537083     0.6281311512    
  Source acc: 1.000000  |  Target acc: 0.625000
  Best target acc: 0.637500

======== ROUND 28 ========  [Ablation: M2]
==== Stage 1: SupCon Pre-training ====
epoch            total_loss       cls_loss        
0                0.0275231637     0.0275231637    
1                0.0023825916     0.0023825916    
==== Stage 2: SKIPPED (M2 ablation) ====
  Random domain assignment: Counter({2: 1311, 0: 1273, 1: 1256})
==== Stage 3: Domain-invariant + HardNCE ====
epoch            total_loss       cls_loss         dis_loss         hard_loss       
0                1.2991520166     0.0052384455     1.1168253422     0.5902942419    
  Source acc: 1.000000  |  Target acc: 0.630208
  Best target acc: 0.637500

======== ROUND 29 ========  [Ablation: M2]
==== Stage 1: SupCon Pre-training ====
epoch            total_loss       cls_loss        
0                0.0035166782     0.0035166782    
1                0.0023481159     0.0023481159    
==== Stage 2: SKIPPED (M2 ablation) ====
  Random domain assignment: Counter({1: 1335, 0: 1264, 2: 1241})
==== Stage 3: Domain-invariant + HardNCE ====
epoch            total_loss       cls_loss         dis_loss         hard_loss       
0                1.3320070505     0.0230795071     1.1226501465     0.6209247112    
  Source acc: 1.000000  |  Target acc: 0.631250
  Best target acc: 0.637500

======== ROUND 30 ========  [Ablation: M2]
==== Stage 1: SupCon Pre-training ====
epoch            total_loss       cls_loss        
0                0.0058501903     0.0058501903    
1                0.0089000994     0.0089000994    
==== Stage 2: SKIPPED (M2 ablation) ====
  Random domain assignment: Counter({1: 1305, 2: 1273, 0: 1262})
==== Stage 3: Domain-invariant + HardNCE ====
epoch            total_loss       cls_loss         dis_loss         hard_loss       
0                1.3378269672     0.0144763198     1.1424276829     0.6030767560    
  Source acc: 1.000000  |  Target acc: 0.621875
  Best target acc: 0.637500

======== ROUND 31 ========  [Ablation: M2]
==== Stage 1: SupCon Pre-training ====
epoch            total_loss       cls_loss        
0                0.0013210088     0.0013210088    
1                0.0125988387     0.0125988387    
==== Stage 2: SKIPPED (M2 ablation) ====
  Random domain assignment: Counter({1: 1318, 2: 1297, 0: 1225})
==== Stage 3: Domain-invariant + HardNCE ====
epoch            total_loss       cls_loss         dis_loss         hard_loss       
0                1.2490549088     0.0042579938     1.0736545324     0.5704743862    
  Source acc: 1.000000  |  Target acc: 0.626042
  Best target acc: 0.637500

======== ROUND 32 ========  [Ablation: M2]
==== Stage 1: SupCon Pre-training ====
epoch            total_loss       cls_loss        
0                0.0025640675     0.0025640675    
1                0.0028231440     0.0028231440    
==== Stage 2: SKIPPED (M2 ablation) ====
  Random domain assignment: Counter({1: 1328, 2: 1278, 0: 1234})
==== Stage 3: Domain-invariant + HardNCE ====
epoch            total_loss       cls_loss         dis_loss         hard_loss       
0                1.3211154938     0.0075281863     1.1284548044     0.6171081662    
  Source acc: 1.000000  |  Target acc: 0.631250
  Best target acc: 0.637500

======== ROUND 33 ========  [Ablation: M2]
==== Stage 1: SupCon Pre-training ====
epoch            total_loss       cls_loss        
0                0.0025040281     0.0025040281    
1                0.0371806547     0.0371806547    
==== Stage 2: SKIPPED (M2 ablation) ====
  Random domain assignment: Counter({2: 1313, 1: 1295, 0: 1232})
==== Stage 3: Domain-invariant + HardNCE ====
epoch            total_loss       cls_loss         dis_loss         hard_loss       
0                1.3096424341     0.0218191855     1.1152789593     0.5751473904    
  Source acc: 1.000000  |  Target acc: 0.627083
  Best target acc: 0.637500

======== ROUND 34 ========  [Ablation: M2]
==== Stage 1: SupCon Pre-training ====
epoch            total_loss       cls_loss        
0                0.0115874102     0.0115874102    
1                0.0067205429     0.0067205429    
==== Stage 2: SKIPPED (M2 ablation) ====
  Random domain assignment: Counter({0: 1312, 1: 1289, 2: 1239})
==== Stage 3: Domain-invariant + HardNCE ====
epoch            total_loss       cls_loss         dis_loss         hard_loss       
0                1.2804419994     0.0109792687     1.0997917652     0.5655695796    
  Source acc: 1.000000  |  Target acc: 0.622917
  Best target acc: 0.637500

======== ROUND 35 ========  [Ablation: M2]
==== Stage 1: SupCon Pre-training ====
epoch            total_loss       cls_loss        
0                0.0105696050     0.0105696050    
1                0.0012688418     0.0012688418    
==== Stage 2: SKIPPED (M2 ablation) ====
  Random domain assignment: Counter({1: 1312, 2: 1291, 0: 1237})
==== Stage 3: Domain-invariant + HardNCE ====
epoch            total_loss       cls_loss         dis_loss         hard_loss       
0                1.2576272488     0.0076392973     1.0882873535     0.5390018225    
  Source acc: 1.000000  |  Target acc: 0.627083
  Best target acc: 0.637500

======== ROUND 36 ========  [Ablation: M2]
==== Stage 1: SupCon Pre-training ====
epoch            total_loss       cls_loss        
0                0.0147108529     0.0147108529    
1                0.0470324606     0.0470324606    
==== Stage 2: SKIPPED (M2 ablation) ====
  Random domain assignment: Counter({0: 1309, 2: 1308, 1: 1223})
==== Stage 3: Domain-invariant + HardNCE ====
epoch            total_loss       cls_loss         dis_loss         hard_loss       
0                1.3320293427     0.0466249585     1.1153687239     0.5667852759    
  Source acc: 1.000000  |  Target acc: 0.613542
  Best target acc: 0.637500

======== ROUND 37 ========  [Ablation: M2]
==== Stage 1: SupCon Pre-training ====
epoch            total_loss       cls_loss        
0                0.0014952235     0.0014952235    
1                0.0014443119     0.0014443119    
==== Stage 2: SKIPPED (M2 ablation) ====
  Random domain assignment: Counter({0: 1344, 2: 1296, 1: 1200})
==== Stage 3: Domain-invariant + HardNCE ====
epoch            total_loss       cls_loss         dis_loss         hard_loss       
0                1.2274892330     0.0097336676     1.0629504919     0.5160167813    
  Source acc: 1.000000  |  Target acc: 0.629167
  Best target acc: 0.637500

======== ROUND 38 ========  [Ablation: M2]
==== Stage 1: SupCon Pre-training ====
epoch            total_loss       cls_loss        
0                0.0190280378     0.0190280378    
1                0.0988557488     0.0988557488    
==== Stage 2: SKIPPED (M2 ablation) ====
  Random domain assignment: Counter({2: 1295, 1: 1280, 0: 1265})
==== Stage 3: Domain-invariant + HardNCE ====
epoch            total_loss       cls_loss         dis_loss         hard_loss       
0                1.3002707958     0.0141077433     1.1084986925     0.5922144651    
  Source acc: 1.000000  |  Target acc: 0.622917
  Best target acc: 0.637500

======== ROUND 39 ========  [Ablation: M2]
==== Stage 1: SupCon Pre-training ====
epoch            total_loss       cls_loss        
0                0.0231202506     0.0231202506    
1                0.0030363116     0.0030363116    
==== Stage 2: SKIPPED (M2 ablation) ====
  Random domain assignment: Counter({2: 1318, 1: 1278, 0: 1244})
==== Stage 3: Domain-invariant + HardNCE ====
epoch            total_loss       cls_loss         dis_loss         hard_loss       
0                1.2731556892     0.0095600011     1.0892187357     0.5812563300    
  Source acc: 1.000000  |  Target acc: 0.633333
  Best target acc: 0.637500

======== ROUND 40 ========  [Ablation: M2]
==== Stage 1: SupCon Pre-training ====
epoch            total_loss       cls_loss        
0                0.0011298484     0.0011298484    
1                0.0095083602     0.0095083602    
==== Stage 2: SKIPPED (M2 ablation) ====
  Random domain assignment: Counter({0: 1313, 1: 1312, 2: 1215})
==== Stage 3: Domain-invariant + HardNCE ====
epoch            total_loss       cls_loss         dis_loss         hard_loss       
0                1.3202778101     0.0130595062     1.1326378584     0.5819348097    
  Source acc: 1.000000  |  Target acc: 0.632292
  Best target acc: 0.637500

======== ROUND 41 ========  [Ablation: M2]
==== Stage 1: SupCon Pre-training ====
epoch            total_loss       cls_loss        
0                0.0054734694     0.0054734694    
1                0.0664745122     0.0664745122    
==== Stage 2: SKIPPED (M2 ablation) ====
  Random domain assignment: Counter({0: 1326, 1: 1267, 2: 1247})
==== Stage 3: Domain-invariant + HardNCE ====
epoch            total_loss       cls_loss         dis_loss         hard_loss       
0                1.2809348106     0.0210515577     1.0870296955     0.5761785507    
  Source acc: 1.000000  |  Target acc: 0.629167
  Best target acc: 0.637500

======== ROUND 42 ========  [Ablation: M2]
==== Stage 1: SupCon Pre-training ====
epoch            total_loss       cls_loss        
0                0.0008112528     0.0008112528    
1                0.0015202884     0.0015202884    
==== Stage 2: SKIPPED (M2 ablation) ====
  Random domain assignment: Counter({1: 1324, 2: 1264, 0: 1252})
==== Stage 3: Domain-invariant + HardNCE ====
epoch            total_loss       cls_loss         dis_loss         hard_loss       
0                1.2868779898     0.0148474388     1.1011542082     0.5695878267    
  Source acc: 1.000000  |  Target acc: 0.633333
  Best target acc: 0.637500

======== ROUND 43 ========  [Ablation: M2]
==== Stage 1: SupCon Pre-training ====
epoch            total_loss       cls_loss        
0                0.0371507630     0.0371507630    
1                0.0150943771     0.0150943771    
==== Stage 2: SKIPPED (M2 ablation) ====
  Random domain assignment: Counter({2: 1363, 0: 1282, 1: 1195})
==== Stage 3: Domain-invariant + HardNCE ====
epoch            total_loss       cls_loss         dis_loss         hard_loss       
0                1.2989510298     0.0156817250     1.1035442352     0.5990834236    
  Source acc: 1.000000  |  Target acc: 0.623958
  Best target acc: 0.637500

======== ROUND 44 ========  [Ablation: M2]
==== Stage 1: SupCon Pre-training ====
epoch            total_loss       cls_loss        
0                0.0034323451     0.0034323451    
1                0.0122848907     0.0122848907    
==== Stage 2: SKIPPED (M2 ablation) ====
  Random domain assignment: Counter({1: 1311, 0: 1286, 2: 1243})
==== Stage 3: Domain-invariant + HardNCE ====
epoch            total_loss       cls_loss         dis_loss         hard_loss       
0                1.2842069864     0.0098401066     1.1060682535     0.5609954596    
  Source acc: 1.000000  |  Target acc: 0.629167
  Best target acc: 0.637500

======== ROUND 45 ========  [Ablation: M2]
==== Stage 1: SupCon Pre-training ====
epoch            total_loss       cls_loss        
0                0.0014652144     0.0014652144    
1                0.0028423551     0.0028423551    
==== Stage 2: SKIPPED (M2 ablation) ====
  Random domain assignment: Counter({2: 1307, 0: 1301, 1: 1232})
==== Stage 3: Domain-invariant + HardNCE ====
epoch            total_loss       cls_loss         dis_loss         hard_loss       
0                1.3106430769     0.0112690423     1.1180049181     0.6045636535    
  Source acc: 1.000000  |  Target acc: 0.623958
  Best target acc: 0.637500

======== ROUND 46 ========  [Ablation: M2]
==== Stage 1: SupCon Pre-training ====
epoch            total_loss       cls_loss        
0                0.0096743237     0.0096743237    
1                0.0059493813     0.0059493813    
==== Stage 2: SKIPPED (M2 ablation) ====
  Random domain assignment: Counter({2: 1333, 1: 1299, 0: 1208})
==== Stage 3: Domain-invariant + HardNCE ====
epoch            total_loss       cls_loss         dis_loss         hard_loss       
0                1.3489503860     0.0709415153     1.1076750755     0.5677791834    
  Source acc: 1.000000  |  Target acc: 0.631250
  Best target acc: 0.637500

======== ROUND 47 ========  [Ablation: M2]
==== Stage 1: SupCon Pre-training ====
epoch            total_loss       cls_loss        
0                0.0009555935     0.0009555935    
1                0.0010455734     0.0010455734    
==== Stage 2: SKIPPED (M2 ablation) ====
  Random domain assignment: Counter({1: 1291, 2: 1279, 0: 1270})
==== Stage 3: Domain-invariant + HardNCE ====
epoch            total_loss       cls_loss         dis_loss         hard_loss       
0                1.2836347818     0.0267353002     1.0826916695     0.5806926489    
  Source acc: 1.000000  |  Target acc: 0.623958
  Best target acc: 0.637500

======== ROUND 48 ========  [Ablation: M2]
==== Stage 1: SupCon Pre-training ====
epoch            total_loss       cls_loss        
0                0.0014146180     0.0014146180    
1                0.0105704777     0.0105704777    
==== Stage 2: SKIPPED (M2 ablation) ====
  Random domain assignment: Counter({0: 1320, 2: 1290, 1: 1230})
==== Stage 3: Domain-invariant + HardNCE ====
epoch            total_loss       cls_loss         dis_loss         hard_loss       
0                1.3134791851     0.0146961771     1.1277118921     0.5702372789    
  Source acc: 1.000000  |  Target acc: 0.636458
  Best target acc: 0.637500

======== ROUND 49 ========  [Ablation: M2]
==== Stage 1: SupCon Pre-training ====
epoch            total_loss       cls_loss        
0                0.0016933604     0.0016933604    
1                0.0025420019     0.0025420019    
==== Stage 2: SKIPPED (M2 ablation) ====
  Random domain assignment: Counter({1: 1292, 2: 1284, 0: 1264})
==== Stage 3: Domain-invariant + HardNCE ====
epoch            total_loss       cls_loss         dis_loss         hard_loss       
0                1.2318873405     0.0057756137     1.0617191792     0.5479752421    
  Source acc: 1.000000  |  Target acc: 0.629167
  Best target acc: 0.637500
[ConfMatrix] saved to log/abl_xrf_cross_user_M2_s2 (cm shape=(8, 8))

Results saved to log/abl_xrf_cross_user_M2_s2
acc.txt: log/abl_xrf_cross_user_M2_s2/acc.txt
bestacc.txt: log/abl_xrf_cross_user_M2_s2/bestacc.txt
