[Seed] global random seed set to 4

[Ablation Mode] M4
[WidarDataset] loaded 5400 samples, gesture_map={'G01': 0, 'G02': 1, 'G03': 2, 'G04': 3, 'G05': 4, 'G06': 5}
[WidarDataset] loaded 1350 samples, gesture_map={'G01': 0, 'G02': 1, 'G03': 2, 'G04': 3, 'G05': 4, 'G06': 5}
[WidarDataset] loaded 5400 samples, gesture_map={'G01': 0, 'G02': 1, 'G03': 2, 'G04': 3, 'G05': 4, 'G06': 5}
Train set size: 5400 samples, 169 batches
Test set size:  1350 samples, 43 batches
Source eval size: 5400 samples

[Direction Sensitivity] Manual weights (dir_w=0.5): {0: 0.0, 1: 0.0, 2: 0.0, 3: 0.0, 4: 0.0, 5: 0.0}

======== ROUND 0 ========  [Ablation: M4]
==== Stage 1: SupCon Pre-training ====
epoch            total_loss       cls_loss         supcon_loss     
0                3.8405122757     0.8090372086     6.0629501343    
1                3.2790334225     0.5503171086     5.4574327469    
==== Stage 2: Latent Domain PCL ====
epoch            total_loss       dis_loss         proto_loss       ent_pen_loss    
0                2.2410588264     1.9410587549     0.0000000000     0.3000000119    
Counter({np.int64(0): 1933, np.int64(2): 1764, np.int64(1): 1703})
==== Stage 3: Domain-invariant + HardNCE ====
  (HardNCE disabled for M4 ablation)
epoch            total_loss       cls_loss         dis_loss         hard_loss       
0                1.6624784470     0.7014194131     0.9610589743     0               
  Source acc: 0.882593  |  Target acc: 0.876296
  Best target acc: 0.876296

======== ROUND 1 ========  [Ablation: M4]
==== Stage 1: SupCon Pre-training ====
epoch            total_loss       cls_loss         supcon_loss     
0                3.2720026970     0.4114958048     5.7210135460    
1                2.2623152733     0.1341408342     4.2563490868    
==== Stage 2: Latent Domain PCL ====
epoch            total_loss       dis_loss         proto_loss       ent_pen_loss    
0                1.8300420046     1.2926234007     1.0633376837     0.0057497816    
Counter({np.int64(0): 2276, np.int64(2): 2166, np.int64(1): 958})
==== Stage 3: Domain-invariant + HardNCE ====
  (HardNCE disabled for M4 ablation)
epoch            total_loss       cls_loss         dis_loss         hard_loss       
0                1.7492418289     0.6131784916     1.1360633373     0               
  Source acc: 0.912222  |  Target acc: 0.913333
  Best target acc: 0.913333

======== ROUND 2 ========  [Ablation: M4]
==== Stage 1: SupCon Pre-training ====
epoch            total_loss       cls_loss         supcon_loss     
0                2.1928720474     0.1614414901     4.0628609657    
1                2.1383306980     0.1546166241     3.9674282074    
==== Stage 2: Latent Domain PCL ====
epoch            total_loss       dis_loss         proto_loss       ent_pen_loss    
0                2.6364352703     2.1092634201     1.0461061001     0.0041187946    
Counter({np.int64(0): 2011, np.int64(1): 1832, np.int64(2): 1557})
==== Stage 3: Domain-invariant + HardNCE ====
  (HardNCE disabled for M4 ablation)
epoch            total_loss       cls_loss         dis_loss         hard_loss       
0                1.3344609737     0.3197090328     1.0147519112     0               
  Source acc: 0.908519  |  Target acc: 0.902222
  Best target acc: 0.913333

======== ROUND 3 ========  [Ablation: M4]
==== Stage 1: SupCon Pre-training ====
epoch            total_loss       cls_loss        
0                0.3507302701     0.3507302701    
1                0.1857799441     0.1857799441    
==== Stage 2: Latent Domain PCL ====
epoch            total_loss       dis_loss         proto_loss       ent_pen_loss    
0                2.2472920418     1.8489900827     0.7751801014     0.0107119847    
Counter({np.int64(0): 2698, np.int64(1): 1559, np.int64(2): 1143})
==== Stage 3: Domain-invariant + HardNCE ====
  (HardNCE disabled for M4 ablation)
epoch            total_loss       cls_loss         dis_loss         hard_loss       
0                1.1923747063     0.1685910821     1.0237835646     0               
  Source acc: 0.966111  |  Target acc: 0.940741
  Best target acc: 0.940741

======== ROUND 4 ========  [Ablation: M4]
==== Stage 1: SupCon Pre-training ====
epoch            total_loss       cls_loss        
0                0.2719006538     0.2719006538    
1                0.1815945357     0.1815945357    
==== Stage 2: Latent Domain PCL ====
epoch            total_loss       dis_loss         proto_loss       ent_pen_loss    
0                1.9218223095     1.6433963776     0.5059808493     0.0254354049    
Counter({np.int64(0): 2136, np.int64(1): 1973, np.int64(2): 1291})
==== Stage 3: Domain-invariant + HardNCE ====
  (HardNCE disabled for M4 ablation)
epoch            total_loss       cls_loss         dis_loss         hard_loss       
0                1.1392959356     0.0361792557     1.1031166315     0               
  Source acc: 0.982222  |  Target acc: 0.942222
  Best target acc: 0.942222

======== ROUND 5 ========  [Ablation: M4]
==== Stage 1: SupCon Pre-training ====
epoch            total_loss       cls_loss        
0                0.3076969683     0.3076969683    
1                0.1053718626     0.1053718626    
==== Stage 2: Latent Domain PCL ====
epoch            total_loss       dis_loss         proto_loss       ent_pen_loss    
0                2.2004053593     1.7383228540     0.8834218979     0.0203717351    
Counter({np.int64(1): 2315, np.int64(2): 1821, np.int64(0): 1264})
==== Stage 3: Domain-invariant + HardNCE ====
  (HardNCE disabled for M4 ablation)
epoch            total_loss       cls_loss         dis_loss         hard_loss       
0                1.0973403454     0.0763196945     1.0210206509     0               
  Source acc: 0.980370  |  Target acc: 0.947407
  Best target acc: 0.947407

======== ROUND 6 ========  [Ablation: M4]
==== Stage 1: SupCon Pre-training ====
epoch            total_loss       cls_loss        
0                0.0317444690     0.0317444690    
1                0.2826347351     0.2826347351    
==== Stage 2: Latent Domain PCL ====
epoch            total_loss       dis_loss         proto_loss       ent_pen_loss    
0                1.8396488428     1.5449253321     0.5779473186     0.0057497816    
Counter({np.int64(0): 2435, np.int64(2): 1494, np.int64(1): 1471})
==== Stage 3: Domain-invariant + HardNCE ====
  (HardNCE disabled for M4 ablation)
epoch            total_loss       cls_loss         dis_loss         hard_loss       
0                1.0281642675     0.1595374495     0.8686267734     0               
  Source acc: 0.982222  |  Target acc: 0.947407
  Best target acc: 0.947407

======== ROUND 7 ========  [Ablation: M4]
==== Stage 1: SupCon Pre-training ====
epoch            total_loss       cls_loss        
0                0.0691719130     0.0691719130    
1                0.0957093537     0.0957093537    
==== Stage 2: Latent Domain PCL ====
epoch            total_loss       dis_loss         proto_loss       ent_pen_loss    
0                1.7773145437     1.4354909658     0.6644825339     0.0095823081    
Counter({np.int64(0): 2736, np.int64(1): 1520, np.int64(2): 1144})
==== Stage 3: Domain-invariant + HardNCE ====
  (HardNCE disabled for M4 ablation)
epoch            total_loss       cls_loss         dis_loss         hard_loss       
0                1.3937674761     0.1449936181     1.2487738132     0               
  Source acc: 0.968148  |  Target acc: 0.925926
  Best target acc: 0.947407

======== ROUND 8 ========  [Ablation: M4]
==== Stage 1: SupCon Pre-training ====
epoch            total_loss       cls_loss        
0                0.1550612748     0.1550612748    
1                0.0853252411     0.0853252411    
==== Stage 2: Latent Domain PCL ====
epoch            total_loss       dis_loss         proto_loss       ent_pen_loss    
0                1.9941625595     1.7519170046     0.4166069925     0.0339421555    
Counter({np.int64(0): 2701, np.int64(1): 1417, np.int64(2): 1282})
==== Stage 3: Domain-invariant + HardNCE ====
  (HardNCE disabled for M4 ablation)
epoch            total_loss       cls_loss         dis_loss         hard_loss       
0                0.8544886112     0.1684256196     0.6860629916     0               
  Source acc: 0.996296  |  Target acc: 0.969630
  Best target acc: 0.969630

======== ROUND 9 ========  [Ablation: M4]
==== Stage 1: SupCon Pre-training ====
epoch            total_loss       cls_loss        
0                0.0828298703     0.0828298703    
1                0.0623211302     0.0623211302    
==== Stage 2: Latent Domain PCL ====
epoch            total_loss       dis_loss         proto_loss       ent_pen_loss    
0                1.8693858385     1.5992174149     0.5288370848     0.0057497816    
Counter({np.int64(0): 2078, np.int64(1): 1851, np.int64(2): 1471})
==== Stage 3: Domain-invariant + HardNCE ====
  (HardNCE disabled for M4 ablation)
epoch            total_loss       cls_loss         dis_loss         hard_loss       
0                1.1757234335     0.3922905922     0.7834328413     0               
  Source acc: 0.975556  |  Target acc: 0.917037
  Best target acc: 0.969630

======== ROUND 10 ========  [Ablation: M4]
==== Stage 1: SupCon Pre-training ====
epoch            total_loss       cls_loss        
0                0.0595959760     0.0595959760    
1                0.1604455560     0.1604455560    
==== Stage 2: Latent Domain PCL ====
epoch            total_loss       dis_loss         proto_loss       ent_pen_loss    
0                0.9623770714     0.5223785043     0.8323690295     0.0238140523    
Counter({np.int64(1): 1975, np.int64(2): 1780, np.int64(0): 1645})
==== Stage 3: Domain-invariant + HardNCE ====
  (HardNCE disabled for M4 ablation)
epoch            total_loss       cls_loss         dis_loss         hard_loss       
0                0.6229764819     0.0248032417     0.5981732607     0               
  Source acc: 0.999074  |  Target acc: 0.968889
  Best target acc: 0.969630

======== ROUND 11 ========  [Ablation: M4]
==== Stage 1: SupCon Pre-training ====
epoch            total_loss       cls_loss        
0                0.0072174058     0.0072174058    
1                0.0101917060     0.0101917060    
==== Stage 2: Latent Domain PCL ====
epoch            total_loss       dis_loss         proto_loss       ent_pen_loss    
0                0.4540605843     0.1936939210     0.5015687346     0.0095823081    
Counter({np.int64(1): 2008, np.int64(2): 1725, np.int64(0): 1667})
==== Stage 3: Domain-invariant + HardNCE ====
  (HardNCE disabled for M4 ablation)
epoch            total_loss       cls_loss         dis_loss         hard_loss       
0                0.5421974659     0.0161160640     0.5260813832     0               
  Source acc: 0.999815  |  Target acc: 0.971852
  Best target acc: 0.971852

======== ROUND 12 ========  [Ablation: M4]
==== Stage 1: SupCon Pre-training ====
epoch            total_loss       cls_loss        
0                0.0134993391     0.0134993391    
1                0.0033783463     0.0033783463    
==== Stage 2: Latent Domain PCL ====
epoch            total_loss       dis_loss         proto_loss       ent_pen_loss    
0                0.2891703844     0.1862721443     0.2029445171     0.0014259706    
Counter({np.int64(2): 2165, np.int64(0): 1938, np.int64(1): 1297})
==== Stage 3: Domain-invariant + HardNCE ====
  (HardNCE disabled for M4 ablation)
epoch            total_loss       cls_loss         dis_loss         hard_loss       
0                0.5511001945     0.0259689968     0.5251312256     0               
  Source acc: 1.000000  |  Target acc: 0.973333
  Best target acc: 0.973333

======== ROUND 13 ========  [Ablation: M4]
==== Stage 1: SupCon Pre-training ====
epoch            total_loss       cls_loss        
0                0.2086605877     0.2086605877    
1                0.0015486395     0.0015486395    
==== Stage 2: Latent Domain PCL ====
epoch            total_loss       dis_loss         proto_loss       ent_pen_loss    
0                0.5560829639     0.1986631304     0.6672115326     0.0238140523    
Counter({np.int64(2): 2700, np.int64(0): 1601, np.int64(1): 1099})
==== Stage 3: Domain-invariant + HardNCE ====
  (HardNCE disabled for M4 ablation)
epoch            total_loss       cls_loss         dis_loss         hard_loss       
0                1.0841671228     0.0843336806     0.9998334646     0               
  Source acc: 1.000000  |  Target acc: 0.974815
  Best target acc: 0.974815

======== ROUND 14 ========  [Ablation: M4]
==== Stage 1: SupCon Pre-training ====
epoch            total_loss       cls_loss        
0                0.0016663022     0.0016663022    
1                0.1159137711     0.1159137711    
==== Stage 2: Latent Domain PCL ====
epoch            total_loss       dis_loss         proto_loss       ent_pen_loss    
0                0.1815555990     0.0641989112     0.2025501430     0.0160816163    
Counter({np.int64(2): 2866, np.int64(0): 1512, np.int64(1): 1022})
==== Stage 3: Domain-invariant + HardNCE ====
  (HardNCE disabled for M4 ablation)
epoch            total_loss       cls_loss         dis_loss         hard_loss       
0                0.9412592053     0.0751059577     0.8661532402     0               
  Source acc: 0.999815  |  Target acc: 0.970370
  Best target acc: 0.974815

======== ROUND 15 ========  [Ablation: M4]
==== Stage 1: SupCon Pre-training ====
epoch            total_loss       cls_loss        
0                0.0133807259     0.0133807259    
1                0.0132980421     0.0132980421    
==== Stage 2: Latent Domain PCL ====
epoch            total_loss       dis_loss         proto_loss       ent_pen_loss    
0                0.3257504404     0.1154720411     0.3446441889     0.0379563086    
Counter({np.int64(2): 2524, np.int64(0): 1964, np.int64(1): 912})
==== Stage 3: Domain-invariant + HardNCE ====
  (HardNCE disabled for M4 ablation)
epoch            total_loss       cls_loss         dis_loss         hard_loss       
0                0.7044137716     0.0152977733     0.6891160011     0               
  Source acc: 1.000000  |  Target acc: 0.972593
  Best target acc: 0.974815

======== ROUND 16 ========  [Ablation: M4]
==== Stage 1: SupCon Pre-training ====
epoch            total_loss       cls_loss        
0                0.0292508658     0.0292508658    
1                0.0088457828     0.0088457828    
==== Stage 2: Latent Domain PCL ====
epoch            total_loss       dis_loss         proto_loss       ent_pen_loss    
0                0.4381690323     0.1475153565     0.4661158919     0.0575957373    
Counter({np.int64(2): 3088, np.int64(0): 1265, np.int64(1): 1047})
==== Stage 3: Domain-invariant + HardNCE ====
  (HardNCE disabled for M4 ablation)
epoch            total_loss       cls_loss         dis_loss         hard_loss       
0                0.5800809860     0.0128422687     0.5672386885     0               
  Source acc: 0.999815  |  Target acc: 0.971111
  Best target acc: 0.974815

======== ROUND 17 ========  [Ablation: M4]
==== Stage 1: SupCon Pre-training ====
epoch            total_loss       cls_loss        
0                0.0032790573     0.0032790573    
1                0.0147465421     0.0147465421    
==== Stage 2: Latent Domain PCL ====
epoch            total_loss       dis_loss         proto_loss       ent_pen_loss    
0                0.2180430442     0.0313023962     0.2234812826     0.0750000030    
Counter({np.int64(2): 3164, np.int64(0): 1372, np.int64(1): 864})
==== Stage 3: Domain-invariant + HardNCE ====
  (HardNCE disabled for M4 ablation)
epoch            total_loss       cls_loss         dis_loss         hard_loss       
0                0.6497306228     0.0080637755     0.6416668296     0               
  Source acc: 1.000000  |  Target acc: 0.974074
  Best target acc: 0.974815

======== ROUND 18 ========  [Ablation: M4]
==== Stage 1: SupCon Pre-training ====
epoch            total_loss       cls_loss        
0                0.0993934572     0.0993934572    
1                0.0085099814     0.0085099814    
==== Stage 2: Latent Domain PCL ====
epoch            total_loss       dis_loss         proto_loss       ent_pen_loss    
0                0.3249735832     0.0394450985     0.3396903872     0.1156832874    
Counter({np.int64(2): 3216, np.int64(0): 1449, np.int64(1): 735})
==== Stage 3: Domain-invariant + HardNCE ====
  (HardNCE disabled for M4 ablation)
epoch            total_loss       cls_loss         dis_loss         hard_loss       
0                0.8578479886     0.0026803883     0.8551676273     0               
  Source acc: 1.000000  |  Target acc: 0.973333
  Best target acc: 0.974815

======== ROUND 19 ========  [Ablation: M4]
==== Stage 1: SupCon Pre-training ====
epoch            total_loss       cls_loss        
0                0.0011144815     0.0011144815    
1                0.0245973319     0.0245973319    
==== Stage 2: Latent Domain PCL ====
epoch            total_loss       dis_loss         proto_loss       ent_pen_loss    
0                0.2244335264     0.0268901978     0.2867556810     0.0541654825    
Counter({np.int64(2): 3114, np.int64(0): 1673, np.int64(1): 613})
==== Stage 3: Domain-invariant + HardNCE ====
  (HardNCE disabled for M4 ablation)
epoch            total_loss       cls_loss         dis_loss         hard_loss       
0                0.6170365810     0.0024157790     0.6146208048     0               
  Source acc: 1.000000  |  Target acc: 0.977037
  Best target acc: 0.977037

======== ROUND 20 ========  [Ablation: M4]
==== Stage 1: SupCon Pre-training ====
epoch            total_loss       cls_loss        
0                0.0061066938     0.0061066938    
1                0.0011889199     0.0011889199    
==== Stage 2: Latent Domain PCL ====
epoch            total_loss       dis_loss         proto_loss       ent_pen_loss    
0                0.3715198636     0.1881308556     0.2167779654     0.0750000030    
Counter({np.int64(2): 3214, np.int64(0): 1797, np.int64(1): 389})
==== Stage 3: Domain-invariant + HardNCE ====
  (HardNCE disabled for M4 ablation)
epoch            total_loss       cls_loss         dis_loss         hard_loss       
0                0.5824740529     0.0090142107     0.5734598637     0               
  Source acc: 1.000000  |  Target acc: 0.976296
  Best target acc: 0.977037

======== ROUND 21 ========  [Ablation: M4]
==== Stage 1: SupCon Pre-training ====
epoch            total_loss       cls_loss        
0                0.0045088031     0.0045088031    
1                0.0049910727     0.0049910727    
==== Stage 2: Latent Domain PCL ====
epoch            total_loss       dis_loss         proto_loss       ent_pen_loss    
0                0.1902146488     0.0309223384     0.2593213320     0.0296316408    
Counter({np.int64(2): 3445, np.int64(0): 1496, np.int64(1): 459})
==== Stage 3: Domain-invariant + HardNCE ====
  (HardNCE disabled for M4 ablation)
epoch            total_loss       cls_loss         dis_loss         hard_loss       
0                0.7964609265     0.0034388080     0.7930220962     0               
  Source acc: 1.000000  |  Target acc: 0.977037
  Best target acc: 0.977037

======== ROUND 22 ========  [Ablation: M4]
==== Stage 1: SupCon Pre-training ====
epoch            total_loss       cls_loss        
0                0.0063979775     0.0063979775    
1                0.0125218323     0.0125218323    
==== Stage 2: Latent Domain PCL ====
epoch            total_loss       dis_loss         proto_loss       ent_pen_loss    
0                0.1061420962     0.0424189679     0.0914726108     0.0179868266    
Counter({np.int64(2): 3464, np.int64(0): 1315, np.int64(1): 621})
==== Stage 3: Domain-invariant + HardNCE ====
  (HardNCE disabled for M4 ablation)
epoch            total_loss       cls_loss         dis_loss         hard_loss       
0                0.4781616926     0.0817499831     0.3964117169     0               
  Source acc: 1.000000  |  Target acc: 0.977778
  Best target acc: 0.977778

======== ROUND 23 ========  [Ablation: M4]
==== Stage 1: SupCon Pre-training ====
epoch            total_loss       cls_loss        
0                0.0058703311     0.0058703311    
1                0.0032341189     0.0032341189    
==== Stage 2: Latent Domain PCL ====
epoch            total_loss       dis_loss         proto_loss       ent_pen_loss    
0                0.2550186515     0.0185252260     0.2290455401     0.1219706461    
Counter({np.int64(2): 3363, np.int64(0): 1752, np.int64(1): 285})
==== Stage 3: Domain-invariant + HardNCE ====
  (HardNCE disabled for M4 ablation)
epoch            total_loss       cls_loss         dis_loss         hard_loss       
0                0.3267239630     0.0254490748     0.3012748957     0               
  Source acc: 1.000000  |  Target acc: 0.975556
  Best target acc: 0.977778

======== ROUND 24 ========  [Ablation: M4]
==== Stage 1: SupCon Pre-training ====
epoch            total_loss       cls_loss        
0                0.0007716320     0.0007716320    
1                0.0024188950     0.0024188950    
==== Stage 2: Latent Domain PCL ====
epoch            total_loss       dis_loss         proto_loss       ent_pen_loss    
0                0.2279490978     0.0173580032     0.2374004424     0.0918908715    
Counter({np.int64(2): 3537, np.int64(0): 1460, np.int64(1): 403})
==== Stage 3: Domain-invariant + HardNCE ====
  (HardNCE disabled for M4 ablation)
epoch            total_loss       cls_loss         dis_loss         hard_loss       
0                0.6338136196     0.0216916502     0.6121219397     0               
  Source acc: 1.000000  |  Target acc: 0.976296
  Best target acc: 0.977778

======== ROUND 25 ========  [Ablation: M4]
==== Stage 1: SupCon Pre-training ====
epoch            total_loss       cls_loss        
0                0.0020109406     0.0020109406    
1                0.0012264182     0.0012264182    
==== Stage 2: Latent Domain PCL ====
epoch            total_loss       dis_loss         proto_loss       ent_pen_loss    
0                0.2820894718     0.0576206408     0.1284211725     0.1602582335    
Counter({np.int64(2): 3542, np.int64(0): 1436, np.int64(1): 422})
==== Stage 3: Domain-invariant + HardNCE ====
  (HardNCE disabled for M4 ablation)
epoch            total_loss       cls_loss         dis_loss         hard_loss       
0                0.6071971655     0.0099101895     0.5972869992     0               
  Source acc: 1.000000  |  Target acc: 0.976296
  Best target acc: 0.977778

======== ROUND 26 ========  [Ablation: M4]
==== Stage 1: SupCon Pre-training ====
epoch            total_loss       cls_loss        
0                0.0521505624     0.0521505624    
1                0.0019244095     0.0019244095    
==== Stage 2: Latent Domain PCL ====
epoch            total_loss       dis_loss         proto_loss       ent_pen_loss    
0                0.2402346432     0.0373134054     0.2308145463     0.0875139758    
Counter({np.int64(2): 3554, np.int64(0): 1653, np.int64(1): 193})
==== Stage 3: Domain-invariant + HardNCE ====
  (HardNCE disabled for M4 ablation)
epoch            total_loss       cls_loss         dis_loss         hard_loss       
0                0.6677092314     0.0195135158     0.6481957436     0               
  Source acc: 1.000000  |  Target acc: 0.975556
  Best target acc: 0.977778

======== ROUND 27 ========  [Ablation: M4]
==== Stage 1: SupCon Pre-training ====
epoch            total_loss       cls_loss        
0                0.0053924737     0.0053924737    
1                0.0011556695     0.0011556695    
==== Stage 2: Latent Domain PCL ====
epoch            total_loss       dis_loss         proto_loss       ent_pen_loss    
0                0.1692790687     0.0204856247     0.1360411644     0.0807728693    
Counter({np.int64(2): 2687, np.int64(0): 1788, np.int64(1): 925})
==== Stage 3: Domain-invariant + HardNCE ====
  (HardNCE disabled for M4 ablation)
epoch            total_loss       cls_loss         dis_loss         hard_loss       
0                0.7804583311     0.0009460724     0.7795122862     0               
  Source acc: 1.000000  |  Target acc: 0.974815
  Best target acc: 0.977778

======== ROUND 28 ========  [Ablation: M4]
==== Stage 1: SupCon Pre-training ====
epoch            total_loss       cls_loss        
0                0.0758911595     0.0758911595    
1                0.0018084798     0.0018084798    
==== Stage 2: Latent Domain PCL ====
epoch            total_loss       dis_loss         proto_loss       ent_pen_loss    
0                0.0524715967     0.0213883147     0.0237024948     0.0192320347    
Counter({np.int64(2): 3580, np.int64(0): 1656, np.int64(1): 164})
==== Stage 3: Domain-invariant + HardNCE ====
  (HardNCE disabled for M4 ablation)
epoch            total_loss       cls_loss         dis_loss         hard_loss       
0                0.2457889318     0.0060516521     0.2397372723     0               
  Source acc: 1.000000  |  Target acc: 0.979259
  Best target acc: 0.979259

======== ROUND 29 ========  [Ablation: M4]
==== Stage 1: SupCon Pre-training ====
epoch            total_loss       cls_loss        
0                0.0022352336     0.0022352336    
1                0.0918391645     0.0918391645    
==== Stage 2: Latent Domain PCL ====
epoch            total_loss       dis_loss         proto_loss       ent_pen_loss    
0                0.2068083584     0.0191290677     0.1439919919     0.1156832874    
Counter({np.int64(2): 3568, np.int64(0): 1668, np.int64(1): 164})
==== Stage 3: Domain-invariant + HardNCE ====
  (HardNCE disabled for M4 ablation)
epoch            total_loss       cls_loss         dis_loss         hard_loss       
0                0.2690451443     0.0036450594     0.2654000819     0               
  Source acc: 1.000000  |  Target acc: 0.978519
  Best target acc: 0.979259

======== ROUND 30 ========  [Ablation: M4]
==== Stage 1: SupCon Pre-training ====
epoch            total_loss       cls_loss        
0                0.0031640921     0.0031640921    
1                0.0300230812     0.0300230812    
==== Stage 2: Latent Domain PCL ====
epoch            total_loss       dis_loss         proto_loss       ent_pen_loss    
0                0.1983068585     0.0375278406     0.0286737066     0.1464421600    
Counter({np.int64(2): 3574, np.int64(0): 1709, np.int64(1): 117})
==== Stage 3: Domain-invariant + HardNCE ====
  (HardNCE disabled for M4 ablation)
epoch            total_loss       cls_loss         dis_loss         hard_loss       
0                0.2411489338     0.0050776605     0.2360712737     0               
  Source acc: 1.000000  |  Target acc: 0.976296
  Best target acc: 0.979259

======== ROUND 31 ========  [Ablation: M4]
==== Stage 1: SupCon Pre-training ====
epoch            total_loss       cls_loss        
0                0.0010006692     0.0010006692    
1                0.0021957515     0.0021957515    
==== Stage 2: Latent Domain PCL ====
epoch            total_loss       dis_loss         proto_loss       ent_pen_loss    
0                0.2124825269     0.0734181628     0.0731294453     0.1024996415    
Counter({np.int64(2): 3562, np.int64(0): 1727, np.int64(1): 111})
==== Stage 3: Domain-invariant + HardNCE ====
  (HardNCE disabled for M4 ablation)
epoch            total_loss       cls_loss         dis_loss         hard_loss       
0                0.3254300356     0.0428208709     0.2826091647     0               
  Source acc: 1.000000  |  Target acc: 0.977778
  Best target acc: 0.979259

======== ROUND 32 ========  [Ablation: M4]
==== Stage 1: SupCon Pre-training ====
epoch            total_loss       cls_loss        
0                0.0484952517     0.0484952517    
1                0.0025887049     0.0025887049    
==== Stage 2: Latent Domain PCL ====
epoch            total_loss       dis_loss         proto_loss       ent_pen_loss    
0                0.2759916186     0.0697451606     0.1811263561     0.1156832874    
Counter({np.int64(2): 3554, np.int64(0): 1784, np.int64(1): 62})
==== Stage 3: Domain-invariant + HardNCE ====
  (HardNCE disabled for M4 ablation)
epoch            total_loss       cls_loss         dis_loss         hard_loss       
0                0.2230145633     0.0019228793     0.2210916877     0               
  Source acc: 1.000000  |  Target acc: 0.978519
  Best target acc: 0.979259

======== ROUND 33 ========  [Ablation: M4]
==== Stage 1: SupCon Pre-training ====
epoch            total_loss       cls_loss        
0                0.0058386424     0.0058386424    
1                0.0089472504     0.0089472504    
==== Stage 2: Latent Domain PCL ====
epoch            total_loss       dis_loss         proto_loss       ent_pen_loss    
0                0.1301823854     0.0402126908     0.0248521827     0.0775436014    
Counter({np.int64(2): 2706, np.int64(0): 1790, np.int64(1): 904})
==== Stage 3: Domain-invariant + HardNCE ====
  (HardNCE disabled for M4 ablation)
epoch            total_loss       cls_loss         dis_loss         hard_loss       
0                0.9655459523     0.0030920876     0.9624538422     0               
  Source acc: 1.000000  |  Target acc: 0.977037
  Best target acc: 0.979259

======== ROUND 34 ========  [Ablation: M4]
==== Stage 1: SupCon Pre-training ====
epoch            total_loss       cls_loss        
0                0.0017590342     0.0017590342    
1                0.0011274121     0.0011274121    
==== Stage 2: Latent Domain PCL ====
epoch            total_loss       dis_loss         proto_loss       ent_pen_loss    
0                0.0901955962     0.0439846814     0.0331585407     0.0296316408    
Counter({np.int64(2): 3506, np.int64(0): 1802, np.int64(1): 92})
==== Stage 3: Domain-invariant + HardNCE ====
  (HardNCE disabled for M4 ablation)
epoch            total_loss       cls_loss         dis_loss         hard_loss       
0                0.2702154219     0.0098920641     0.2603233457     0               
  Source acc: 1.000000  |  Target acc: 0.978519
  Best target acc: 0.979259

======== ROUND 35 ========  [Ablation: M4]
==== Stage 1: SupCon Pre-training ====
epoch            total_loss       cls_loss        
0                0.0045436914     0.0045436914    
1                0.0008096806     0.0008096806    
==== Stage 2: Latent Domain PCL ====
epoch            total_loss       dis_loss         proto_loss       ent_pen_loss    
0                0.2156336606     0.0896273330     0.0229496323     0.1145315021    
Counter({np.int64(2): 3204, np.int64(0): 1780, np.int64(1): 416})
==== Stage 3: Domain-invariant + HardNCE ====
  (HardNCE disabled for M4 ablation)
epoch            total_loss       cls_loss         dis_loss         hard_loss       
0                1.6363373995     0.0150195928     1.6213178635     0               
  Source acc: 1.000000  |  Target acc: 0.977037
  Best target acc: 0.979259

======== ROUND 36 ========  [Ablation: M4]
==== Stage 1: SupCon Pre-training ====
epoch            total_loss       cls_loss        
0                0.0044013974     0.0044013974    
1                0.0554399192     0.0554399192    
==== Stage 2: Latent Domain PCL ====
epoch            total_loss       dis_loss         proto_loss       ent_pen_loss    
0                0.1308191270     0.0653270856     0.0263279453     0.0523280613    
Counter({np.int64(2): 3596, np.int64(0): 1080, np.int64(1): 724})
==== Stage 3: Domain-invariant + HardNCE ====
  (HardNCE disabled for M4 ablation)
epoch            total_loss       cls_loss         dis_loss         hard_loss       
0                0.9235932827     0.0014296882     0.9221636057     0               
  Source acc: 1.000000  |  Target acc: 0.976296
  Best target acc: 0.979259

======== ROUND 37 ========  [Ablation: M4]
==== Stage 1: SupCon Pre-training ====
epoch            total_loss       cls_loss        
0                0.0011935738     0.0011935738    
1                0.0007167169     0.0007167169    
==== Stage 2: Latent Domain PCL ====
epoch            total_loss       dis_loss         proto_loss       ent_pen_loss    
0                0.0975727811     0.0115848416     0.0400401168     0.0659678802    
Counter({np.int64(2): 2720, np.int64(0): 1789, np.int64(1): 891})
==== Stage 3: Domain-invariant + HardNCE ====
  (HardNCE disabled for M4 ablation)
epoch            total_loss       cls_loss         dis_loss         hard_loss       
0                0.6870595813     0.0020666115     0.6849929690     0               
  Source acc: 1.000000  |  Target acc: 0.976296
  Best target acc: 0.979259

======== ROUND 38 ========  [Ablation: M4]
==== Stage 1: SupCon Pre-training ====
epoch            total_loss       cls_loss        
0                0.0004439387     0.0004439387    
1                0.0013472214     0.0013472214    
==== Stage 2: Latent Domain PCL ====
epoch            total_loss       dis_loss         proto_loss       ent_pen_loss    
0                0.3390178382     0.0308869034     0.5948379040     0.0107119847    
Counter({np.int64(2): 3593, np.int64(0): 1731, np.int64(1): 76})
==== Stage 3: Domain-invariant + HardNCE ====
  (HardNCE disabled for M4 ablation)
epoch            total_loss       cls_loss         dis_loss         hard_loss       
0                0.2299810648     0.0095047699     0.2204762995     0               
  Source acc: 1.000000  |  Target acc: 0.978519
  Best target acc: 0.979259

======== ROUND 39 ========  [Ablation: M4]
==== Stage 1: SupCon Pre-training ====
epoch            total_loss       cls_loss        
0                0.0019622841     0.0019622841    
1                0.0272338856     0.0272338856    
==== Stage 2: Latent Domain PCL ====
epoch            total_loss       dis_loss         proto_loss       ent_pen_loss    
0                0.1743819267     0.0480602197     0.1479872763     0.0523280613    
Counter({np.int64(2): 3600, np.int64(0): 1225, np.int64(1): 575})
==== Stage 3: Domain-invariant + HardNCE ====
  (HardNCE disabled for M4 ablation)
epoch            total_loss       cls_loss         dis_loss         hard_loss       
0                1.2266401052     0.1105556265     1.1160844564     0               
  Source acc: 1.000000  |  Target acc: 0.977778
  Best target acc: 0.979259

======== ROUND 40 ========  [Ablation: M4]
==== Stage 1: SupCon Pre-training ====
epoch            total_loss       cls_loss        
0                0.0027475590     0.0027475590    
1                0.2034702301     0.2034702301    
==== Stage 2: Latent Domain PCL ====
epoch            total_loss       dis_loss         proto_loss       ent_pen_loss    
0                0.2675234079     0.1389262825     0.0734125227     0.0918908715    
Counter({np.int64(2): 2727, np.int64(0): 1790, np.int64(1): 883})
==== Stage 3: Domain-invariant + HardNCE ====
  (HardNCE disabled for M4 ablation)
epoch            total_loss       cls_loss         dis_loss         hard_loss       
0                0.7681390643     0.0057078958     0.7624311447     0               
  Source acc: 1.000000  |  Target acc: 0.979259
  Best target acc: 0.979259

======== ROUND 41 ========  [Ablation: M4]
==== Stage 1: SupCon Pre-training ====
epoch            total_loss       cls_loss        
0                0.0533288121     0.0533288121    
1                0.0005647761     0.0005647761    
==== Stage 2: Latent Domain PCL ====
epoch            total_loss       dis_loss         proto_loss       ent_pen_loss    
0                0.0637393519     0.0483979285     0.0092588784     0.0107119847    
Counter({np.int64(2): 3599, np.int64(0): 1596, np.int64(1): 205})
==== Stage 3: Domain-invariant + HardNCE ====
  (HardNCE disabled for M4 ablation)
epoch            total_loss       cls_loss         dis_loss         hard_loss       
0                0.2058302611     0.0050230217     0.2008072436     0               
  Source acc: 1.000000  |  Target acc: 0.978519
  Best target acc: 0.979259

======== ROUND 42 ========  [Ablation: M4]
==== Stage 1: SupCon Pre-training ====
epoch            total_loss       cls_loss        
0                0.0022063747     0.0022063747    
1                0.0006929436     0.0006929436    
==== Stage 2: Latent Domain PCL ====
epoch            total_loss       dis_loss         proto_loss       ent_pen_loss    
0                0.2541808188     0.1099602208     0.1134132296     0.0875139758    
Counter({np.int64(2): 3595, np.int64(0): 1552, np.int64(1): 253})
==== Stage 3: Domain-invariant + HardNCE ====
  (HardNCE disabled for M4 ablation)
epoch            total_loss       cls_loss         dis_loss         hard_loss       
0                0.6898932457     0.0036683325     0.6862249374     0               
  Source acc: 1.000000  |  Target acc: 0.978519
  Best target acc: 0.979259

======== ROUND 43 ========  [Ablation: M4]
==== Stage 1: SupCon Pre-training ====
epoch            total_loss       cls_loss        
0                0.0012852213     0.0012852213    
1                0.0013216347     0.0013216347    
==== Stage 2: Latent Domain PCL ====
epoch            total_loss       dis_loss         proto_loss       ent_pen_loss    
0                0.2282474637     0.0397426933     0.1330682337     0.1219706461    
Counter({np.int64(2): 2739, np.int64(0): 1788, np.int64(1): 873})
==== Stage 3: Domain-invariant + HardNCE ====
  (HardNCE disabled for M4 ablation)
epoch            total_loss       cls_loss         dis_loss         hard_loss       
0                0.7293637991     0.0652335957     0.6641302109     0               
  Source acc: 1.000000  |  Target acc: 0.977778
  Best target acc: 0.979259

======== ROUND 44 ========  [Ablation: M4]
==== Stage 1: SupCon Pre-training ====
epoch            total_loss       cls_loss        
0                0.0008496501     0.0008496501    
1                0.0406195335     0.0406195335    
==== Stage 2: Latent Domain PCL ====
epoch            total_loss       dis_loss         proto_loss       ent_pen_loss    
0                0.1329576969     0.0713483393     0.0148877427     0.0541654825    
Counter({np.int64(2): 3586, np.int64(1): 1433, np.int64(0): 381})
==== Stage 3: Domain-invariant + HardNCE ====
  (HardNCE disabled for M4 ablation)
epoch            total_loss       cls_loss         dis_loss         hard_loss       
0                0.7159304023     0.0028843202     0.7130460739     0               
  Source acc: 1.000000  |  Target acc: 0.977778
  Best target acc: 0.979259

======== ROUND 45 ========  [Ablation: M4]
==== Stage 1: SupCon Pre-training ====
epoch            total_loss       cls_loss        
0                0.0008653214     0.0008653214    
1                0.0062000225     0.0062000225    
==== Stage 2: Latent Domain PCL ====
epoch            total_loss       dis_loss         proto_loss       ent_pen_loss    
0                0.1867159009     0.0534894876     0.0826710761     0.0918908715    
Counter({np.int64(2): 3602, np.int64(0): 901, np.int64(1): 897})
==== Stage 3: Domain-invariant + HardNCE ====
  (HardNCE disabled for M4 ablation)
epoch            total_loss       cls_loss         dis_loss         hard_loss       
0                0.4572420716     0.0026063954     0.4546356797     0               
  Source acc: 1.000000  |  Target acc: 0.977037
  Best target acc: 0.979259

======== ROUND 46 ========  [Ablation: M4]
==== Stage 1: SupCon Pre-training ====
epoch            total_loss       cls_loss        
0                0.0298940856     0.0298940856    
1                0.0016763966     0.0016763966    
==== Stage 2: Latent Domain PCL ====
epoch            total_loss       dis_loss         proto_loss       ent_pen_loss    
0                0.1376189291     0.0385049172     0.0366822779     0.0807728693    
Counter({np.int64(2): 2715, np.int64(0): 1788, np.int64(1): 897})
==== Stage 3: Domain-invariant + HardNCE ====
  (HardNCE disabled for M4 ablation)
epoch            total_loss       cls_loss         dis_loss         hard_loss       
0                0.9380496144     0.0102587938     0.9277908206     0               
  Source acc: 1.000000  |  Target acc: 0.976296
  Best target acc: 0.979259

======== ROUND 47 ========  [Ablation: M4]
==== Stage 1: SupCon Pre-training ====
epoch            total_loss       cls_loss        
0                0.0088403290     0.0088403290    
1                0.0026694809     0.0026694809    
==== Stage 2: Latent Domain PCL ====
epoch            total_loss       dis_loss         proto_loss       ent_pen_loss    
0                0.1995633841     0.1633303612     0.0089327171     0.0317666605    
Counter({np.int64(2): 3593, np.int64(0): 909, np.int64(1): 898})
==== Stage 3: Domain-invariant + HardNCE ====
  (HardNCE disabled for M4 ablation)
epoch            total_loss       cls_loss         dis_loss         hard_loss       
0                0.4551029503     0.0008036114     0.4542993307     0               
  Source acc: 1.000000  |  Target acc: 0.979259
  Best target acc: 0.979259

======== ROUND 48 ========  [Ablation: M4]
==== Stage 1: SupCon Pre-training ====
epoch            total_loss       cls_loss        
0                0.0005317559     0.0005317559    
1                0.0285733808     0.0285733808    
==== Stage 2: Latent Domain PCL ====
epoch            total_loss       dis_loss         proto_loss       ent_pen_loss    
0                0.1768798828     0.0966687575     0.0104222242     0.0750000030    
Counter({np.int64(2): 3600, np.int64(0): 903, np.int64(1): 897})
==== Stage 3: Domain-invariant + HardNCE ====
  (HardNCE disabled for M4 ablation)
epoch            total_loss       cls_loss         dis_loss         hard_loss       
0                0.6351402998     0.0028388705     0.6323014498     0               
  Source acc: 1.000000  |  Target acc: 0.978519
  Best target acc: 0.979259

======== ROUND 49 ========  [Ablation: M4]
==== Stage 1: SupCon Pre-training ====
epoch            total_loss       cls_loss        
0                0.0007202313     0.0007202313    
1                0.0010574730     0.0010574730    
==== Stage 2: Latent Domain PCL ====
epoch            total_loss       dis_loss         proto_loss       ent_pen_loss    
0                0.1355334520     0.0319025964     0.0090168659     0.0991224274    
Counter({np.int64(2): 3597, np.int64(0): 905, np.int64(1): 898})
==== Stage 3: Domain-invariant + HardNCE ====
  (HardNCE disabled for M4 ablation)
epoch            total_loss       cls_loss         dis_loss         hard_loss       
0                0.3495050371     0.0050195479     0.3444854915     0               
  Source acc: 1.000000  |  Target acc: 0.978519
  Best target acc: 0.979259
[ConfMatrix] saved to log/abl_widar1ap_cross_loc_M4_s4 (cm shape=(6, 6))

Results saved to log/abl_widar1ap_cross_loc_M4_s4
acc.txt: log/abl_widar1ap_cross_loc_M4_s4/acc.txt
bestacc.txt: log/abl_widar1ap_cross_loc_M4_s4/bestacc.txt
