[Seed] global random seed set to 0

[Ablation Mode] M0
[WidarDataset] loaded 5400 samples, gesture_map={'G01': 0, 'G02': 1, 'G03': 2, 'G04': 3, 'G05': 4, 'G06': 5}
[WidarDataset] loaded 1350 samples, gesture_map={'G01': 0, 'G02': 1, 'G03': 2, 'G04': 3, 'G05': 4, 'G06': 5}
[WidarDataset] loaded 5400 samples, gesture_map={'G01': 0, 'G02': 1, 'G03': 2, 'G04': 3, 'G05': 4, 'G06': 5}
Train set size: 5400 samples, 169 batches
Test set size:  1350 samples, 43 batches
Source eval size: 5400 samples

[Direction Sensitivity] Manual weights (dir_w=0.5): {0: 0.0, 1: 0.0, 2: 0.0, 3: 0.0, 4: 0.0, 5: 0.0}

======== ROUND 0 ========  [Ablation: M0]
==== M0 Baseline: CE Only ====
epoch            total_loss       cls_loss        
0                0.2108202726     0.2108202726    
1                0.2960621417     0.2960621417    
2                0.4202060699     0.4202060699    
3                0.3125906289     0.3125906289    
  Source acc: 0.941481  |  Target acc: 0.938519
  Best target acc: 0.938519

======== ROUND 1 ========  [Ablation: M0]
==== M0 Baseline: CE Only ====
epoch            total_loss       cls_loss        
0                0.1044923142     0.1044923142    
1                0.1350792050     0.1350792050    
2                0.4125541449     0.4125541449    
3                0.3693101406     0.3693101406    
  Source acc: 0.976111  |  Target acc: 0.945926
  Best target acc: 0.945926

======== ROUND 2 ========  [Ablation: M0]
==== M0 Baseline: CE Only ====
epoch            total_loss       cls_loss        
0                0.0711904243     0.0711904243    
1                0.4155615866     0.4155615866    
2                0.1557495147     0.1557495147    
3                0.4214530289     0.4214530289    
  Source acc: 0.992407  |  Target acc: 0.951852
  Best target acc: 0.951852

======== ROUND 3 ========  [Ablation: M0]
==== M0 Baseline: CE Only ====
epoch            total_loss       cls_loss        
0                0.0545745939     0.0545745939    
1                0.2865791917     0.2865791917    
2                0.0918898284     0.0918898284    
3                0.0284799915     0.0284799915    
  Source acc: 0.943148  |  Target acc: 0.904444
  Best target acc: 0.951852

======== ROUND 4 ========  [Ablation: M0]
==== M0 Baseline: CE Only ====
epoch            total_loss       cls_loss        
0                0.2590402067     0.2590402067    
1                0.0262837708     0.0262837708    
2                0.1254914850     0.1254914850    
3                0.0446050912     0.0446050912    
  Source acc: 0.994444  |  Target acc: 0.956296
  Best target acc: 0.956296

======== ROUND 5 ========  [Ablation: M0]
==== M0 Baseline: CE Only ====
epoch            total_loss       cls_loss        
0                0.3941423893     0.3941423893    
1                0.3359063566     0.3359063566    
2                0.0485536605     0.0485536605    
3                0.0380954109     0.0380954109    
  Source acc: 0.982407  |  Target acc: 0.947407
  Best target acc: 0.956296

======== ROUND 6 ========  [Ablation: M0]
==== M0 Baseline: CE Only ====
epoch            total_loss       cls_loss        
0                0.0101528894     0.0101528894    
1                0.1005589738     0.1005589738    
2                0.0641231760     0.0641231760    
3                0.0375336222     0.0375336222    
  Source acc: 0.987222  |  Target acc: 0.937778
  Best target acc: 0.956296

======== ROUND 7 ========  [Ablation: M0]
==== M0 Baseline: CE Only ====
epoch            total_loss       cls_loss        
0                0.3574284613     0.3574284613    
1                0.0324028283     0.0324028283    
2                0.0113673164     0.0113673164    
3                0.0253287237     0.0253287237    
  Source acc: 0.992407  |  Target acc: 0.953333
  Best target acc: 0.956296

======== ROUND 8 ========  [Ablation: M0]
==== M0 Baseline: CE Only ====
epoch            total_loss       cls_loss        
0                0.1197529957     0.1197529957    
1                0.6582892537     0.6582892537    
2                0.0477990173     0.0477990173    
3                0.0044880309     0.0044880309    
  Source acc: 0.994259  |  Target acc: 0.968148
  Best target acc: 0.968148

======== ROUND 9 ========  [Ablation: M0]
==== M0 Baseline: CE Only ====
epoch            total_loss       cls_loss        
0                0.0390305445     0.0390305445    
1                0.0102982232     0.0102982232    
2                0.1911834627     0.1911834627    
3                0.0347918086     0.0347918086    
  Source acc: 0.997963  |  Target acc: 0.965926
  Best target acc: 0.968148

======== ROUND 10 ========  [Ablation: M0]
==== M0 Baseline: CE Only ====
epoch            total_loss       cls_loss        
0                0.0247473717     0.0247473717    
1                0.0309104826     0.0309104826    
2                0.0020178340     0.0020178340    
3                0.0024066225     0.0024066225    
  Source acc: 1.000000  |  Target acc: 0.974074
  Best target acc: 0.974074

======== ROUND 11 ========  [Ablation: M0]
==== M0 Baseline: CE Only ====
epoch            total_loss       cls_loss        
0                0.0196988657     0.0196988657    
1                0.0035031016     0.0035031016    
2                0.1197690666     0.1197690666    
3                0.0361765698     0.0361765698    
  Source acc: 1.000000  |  Target acc: 0.972593
  Best target acc: 0.974074

======== ROUND 12 ========  [Ablation: M0]
==== M0 Baseline: CE Only ====
epoch            total_loss       cls_loss        
0                0.0015519870     0.0015519870    
1                0.0006001326     0.0006001326    
2                0.0381116159     0.0381116159    
3                0.0012304949     0.0012304949    
  Source acc: 1.000000  |  Target acc: 0.974074
  Best target acc: 0.974074

======== ROUND 13 ========  [Ablation: M0]
==== M0 Baseline: CE Only ====
epoch            total_loss       cls_loss        
0                0.0126677277     0.0126677277    
1                0.0037176311     0.0037176311    
2                0.0707078055     0.0707078055    
3                0.1119503379     0.1119503379    
  Source acc: 1.000000  |  Target acc: 0.974074
  Best target acc: 0.974074

======== ROUND 14 ========  [Ablation: M0]
==== M0 Baseline: CE Only ====
epoch            total_loss       cls_loss        
0                0.0007268880     0.0007268880    
1                0.0009252224     0.0009252224    
2                0.0022426795     0.0022426795    
3                0.0018194205     0.0018194205    
  Source acc: 1.000000  |  Target acc: 0.975556
  Best target acc: 0.975556

======== ROUND 15 ========  [Ablation: M0]
==== M0 Baseline: CE Only ====
epoch            total_loss       cls_loss        
0                0.0018820543     0.0018820543    
1                0.0036104645     0.0036104645    
2                0.0008033444     0.0008033444    
3                0.0076722265     0.0076722265    
  Source acc: 1.000000  |  Target acc: 0.972593
  Best target acc: 0.975556

======== ROUND 16 ========  [Ablation: M0]
==== M0 Baseline: CE Only ====
epoch            total_loss       cls_loss        
0                0.0003683246     0.0003683246    
1                0.0009988416     0.0009988416    
2                0.0307217315     0.0307217315    
3                0.0040608482     0.0040608482    
  Source acc: 1.000000  |  Target acc: 0.973333
  Best target acc: 0.975556

======== ROUND 17 ========  [Ablation: M0]
==== M0 Baseline: CE Only ====
epoch            total_loss       cls_loss        
0                0.0010364820     0.0010364820    
1                0.0050411322     0.0050411322    
2                0.0028913792     0.0028913792    
3                0.0014840314     0.0014840314    
  Source acc: 1.000000  |  Target acc: 0.975556
  Best target acc: 0.975556

======== ROUND 18 ========  [Ablation: M0]
==== M0 Baseline: CE Only ====
epoch            total_loss       cls_loss        
0                0.0013805320     0.0013805320    
1                0.0011595433     0.0011595433    
2                0.0148700289     0.0148700289    
3                0.0009295843     0.0009295843    
  Source acc: 1.000000  |  Target acc: 0.975556
  Best target acc: 0.975556

======== ROUND 19 ========  [Ablation: M0]
==== M0 Baseline: CE Only ====
epoch            total_loss       cls_loss        
0                0.0070005837     0.0070005837    
1                0.0043584290     0.0043584290    
2                0.0009635565     0.0009635565    
3                0.0008241247     0.0008241247    
  Source acc: 1.000000  |  Target acc: 0.974815
  Best target acc: 0.975556

======== ROUND 20 ========  [Ablation: M0]
==== M0 Baseline: CE Only ====
epoch            total_loss       cls_loss        
0                0.0025436070     0.0025436070    
1                0.0433280468     0.0433280468    
2                0.0015792494     0.0015792494    
3                0.0009322800     0.0009322800    
  Source acc: 1.000000  |  Target acc: 0.974815
  Best target acc: 0.975556

======== ROUND 21 ========  [Ablation: M0]
==== M0 Baseline: CE Only ====
epoch            total_loss       cls_loss        
0                0.0018202005     0.0018202005    
1                0.0010743330     0.0010743330    
2                0.0029027117     0.0029027117    
3                0.0028190396     0.0028190396    
  Source acc: 1.000000  |  Target acc: 0.976296
  Best target acc: 0.976296

======== ROUND 22 ========  [Ablation: M0]
==== M0 Baseline: CE Only ====
epoch            total_loss       cls_loss        
0                0.0016244459     0.0016244459    
1                0.0003871454     0.0003871454    
2                0.0006308912     0.0006308912    
3                0.0003539367     0.0003539367    
  Source acc: 1.000000  |  Target acc: 0.975556
  Best target acc: 0.976296

======== ROUND 23 ========  [Ablation: M0]
==== M0 Baseline: CE Only ====
epoch            total_loss       cls_loss        
0                0.0055022668     0.0055022668    
1                0.0022554568     0.0022554568    
2                0.0008837302     0.0008837302    
3                0.0016880124     0.0016880124    
  Source acc: 1.000000  |  Target acc: 0.975556
  Best target acc: 0.976296

======== ROUND 24 ========  [Ablation: M0]
==== M0 Baseline: CE Only ====
epoch            total_loss       cls_loss        
0                0.0006545282     0.0006545282    
1                0.0015827304     0.0015827304    
2                0.0030069828     0.0030069828    
3                0.0005350739     0.0005350739    
  Source acc: 1.000000  |  Target acc: 0.975556
  Best target acc: 0.976296

======== ROUND 25 ========  [Ablation: M0]
==== M0 Baseline: CE Only ====
epoch            total_loss       cls_loss        
0                0.0016213916     0.0016213916    
1                0.0004195959     0.0004195959    
2                0.0006366331     0.0006366331    
3                0.0007377304     0.0007377304    
  Source acc: 1.000000  |  Target acc: 0.974815
  Best target acc: 0.976296

======== ROUND 26 ========  [Ablation: M0]
==== M0 Baseline: CE Only ====
epoch            total_loss       cls_loss        
0                0.0196830332     0.0196830332    
1                0.0007065376     0.0007065376    
2                0.0008903422     0.0008903422    
3                0.0088465801     0.0088465801    
  Source acc: 1.000000  |  Target acc: 0.974815
  Best target acc: 0.976296

======== ROUND 27 ========  [Ablation: M0]
==== M0 Baseline: CE Only ====
epoch            total_loss       cls_loss        
0                0.0005221018     0.0005221018    
1                0.0006818452     0.0006818452    
2                0.0005752500     0.0005752500    
3                0.0603417754     0.0603417754    
  Source acc: 1.000000  |  Target acc: 0.974815
  Best target acc: 0.976296

======== ROUND 28 ========  [Ablation: M0]
==== M0 Baseline: CE Only ====
epoch            total_loss       cls_loss        
0                0.0006861213     0.0006861213    
1                0.0017173286     0.0017173286    
2                0.0003634224     0.0003634224    
3                0.0008793080     0.0008793080    
  Source acc: 1.000000  |  Target acc: 0.976296
  Best target acc: 0.976296

======== ROUND 29 ========  [Ablation: M0]
==== M0 Baseline: CE Only ====
epoch            total_loss       cls_loss        
0                0.0048457896     0.0048457896    
1                0.0020468801     0.0020468801    
2                0.0002280219     0.0002280219    
3                0.0038059449     0.0038059449    
  Source acc: 1.000000  |  Target acc: 0.976296
  Best target acc: 0.976296

======== ROUND 30 ========  [Ablation: M0]
==== M0 Baseline: CE Only ====
epoch            total_loss       cls_loss        
0                0.0009875232     0.0009875232    
1                0.0973800495     0.0973800495    
2                0.0006016066     0.0006016066    
3                0.0003526930     0.0003526930    
  Source acc: 1.000000  |  Target acc: 0.975556
  Best target acc: 0.976296

======== ROUND 31 ========  [Ablation: M0]
==== M0 Baseline: CE Only ====
epoch            total_loss       cls_loss        
0                0.0004072220     0.0004072220    
1                0.0010385262     0.0010385262    
2                0.0019616084     0.0019616084    
3                0.0008189143     0.0008189143    
  Source acc: 1.000000  |  Target acc: 0.976296
  Best target acc: 0.976296

======== ROUND 32 ========  [Ablation: M0]
==== M0 Baseline: CE Only ====
epoch            total_loss       cls_loss        
0                0.0030944392     0.0030944392    
1                0.0007008743     0.0007008743    
2                0.0038120465     0.0038120465    
3                0.0004723117     0.0004723117    
  Source acc: 1.000000  |  Target acc: 0.974074
  Best target acc: 0.976296

======== ROUND 33 ========  [Ablation: M0]
==== M0 Baseline: CE Only ====
epoch            total_loss       cls_loss        
0                0.0004043402     0.0004043402    
1                0.0002590961     0.0002590961    
2                0.0007118902     0.0007118902    
3                0.0003231349     0.0003231349    
  Source acc: 1.000000  |  Target acc: 0.975556
  Best target acc: 0.976296

======== ROUND 34 ========  [Ablation: M0]
==== M0 Baseline: CE Only ====
epoch            total_loss       cls_loss        
0                0.0004148335     0.0004148335    
1                0.0034852065     0.0034852065    
2                0.0005650026     0.0005650026    
3                0.0004808745     0.0004808745    
  Source acc: 1.000000  |  Target acc: 0.976296
  Best target acc: 0.976296

======== ROUND 35 ========  [Ablation: M0]
==== M0 Baseline: CE Only ====
epoch            total_loss       cls_loss        
0                0.0017058579     0.0017058579    
1                0.0002900388     0.0002900388    
2                0.0005688238     0.0005688238    
3                0.0009276347     0.0009276347    
  Source acc: 1.000000  |  Target acc: 0.975556
  Best target acc: 0.976296

======== ROUND 36 ========  [Ablation: M0]
==== M0 Baseline: CE Only ====
epoch            total_loss       cls_loss        
0                0.0010165962     0.0010165962    
1                0.0011067271     0.0011067271    
2                0.0013538502     0.0013538502    
3                0.0074217082     0.0074217082    
  Source acc: 1.000000  |  Target acc: 0.974815
  Best target acc: 0.976296

======== ROUND 37 ========  [Ablation: M0]
==== M0 Baseline: CE Only ====
epoch            total_loss       cls_loss        
0                0.0005885041     0.0005885041    
1                0.0027629535     0.0027629535    
2                0.0803889558     0.0803889558    
3                0.0004366803     0.0004366803    
  Source acc: 1.000000  |  Target acc: 0.976296
  Best target acc: 0.976296

======== ROUND 38 ========  [Ablation: M0]
==== M0 Baseline: CE Only ====
epoch            total_loss       cls_loss        
0                0.0009692918     0.0009692918    
1                0.0008526493     0.0008526493    
2                0.0048900903     0.0048900903    
3                0.0010641729     0.0010641729    
  Source acc: 1.000000  |  Target acc: 0.974074
  Best target acc: 0.976296

======== ROUND 39 ========  [Ablation: M0]
==== M0 Baseline: CE Only ====
epoch            total_loss       cls_loss        
0                0.0003272255     0.0003272255    
1                0.0002693138     0.0002693138    
2                0.0006492501     0.0006492501    
3                0.0003519473     0.0003519473    
  Source acc: 1.000000  |  Target acc: 0.974074
  Best target acc: 0.976296

======== ROUND 40 ========  [Ablation: M0]
==== M0 Baseline: CE Only ====
epoch            total_loss       cls_loss        
0                0.0008444668     0.0008444668    
1                0.0505504906     0.0505504906    
2                0.0005514189     0.0005514189    
3                0.0021163318     0.0021163318    
  Source acc: 1.000000  |  Target acc: 0.974815
  Best target acc: 0.976296

======== ROUND 41 ========  [Ablation: M0]
==== M0 Baseline: CE Only ====
epoch            total_loss       cls_loss        
0                0.0032479481     0.0032479481    
1                0.0007218489     0.0007218489    
2                0.0003433980     0.0003433980    
3                0.0007168092     0.0007168092    
  Source acc: 1.000000  |  Target acc: 0.975556
  Best target acc: 0.976296

======== ROUND 42 ========  [Ablation: M0]
==== M0 Baseline: CE Only ====
epoch            total_loss       cls_loss        
0                0.0017062720     0.0017062720    
1                0.0006406684     0.0006406684    
2                0.0048210989     0.0048210989    
3                0.0014988929     0.0014988929    
  Source acc: 1.000000  |  Target acc: 0.974815
  Best target acc: 0.976296

======== ROUND 43 ========  [Ablation: M0]
==== M0 Baseline: CE Only ====
epoch            total_loss       cls_loss        
0                0.0004230722     0.0004230722    
1                0.0048480560     0.0048480560    
2                0.0006092282     0.0006092282    
3                0.0006060749     0.0006060749    
  Source acc: 1.000000  |  Target acc: 0.976296
  Best target acc: 0.976296

======== ROUND 44 ========  [Ablation: M0]
==== M0 Baseline: CE Only ====
epoch            total_loss       cls_loss        
0                0.0009127344     0.0009127344    
1                0.0005397394     0.0005397394    
2                0.0007109207     0.0007109207    
3                0.0005967075     0.0005967075    
  Source acc: 1.000000  |  Target acc: 0.974074
  Best target acc: 0.976296

======== ROUND 45 ========  [Ablation: M0]
==== M0 Baseline: CE Only ====
epoch            total_loss       cls_loss        
0                0.0006352236     0.0006352236    
1                0.0038913044     0.0038913044    
2                0.0050651510     0.0050651510    
3                0.0022512120     0.0022512120    
  Source acc: 1.000000  |  Target acc: 0.975556
  Best target acc: 0.976296

======== ROUND 46 ========  [Ablation: M0]
==== M0 Baseline: CE Only ====
epoch            total_loss       cls_loss        
0                0.0012070577     0.0012070577    
1                0.0007474734     0.0007474734    
2                0.0006712266     0.0006712266    
3                0.0007657681     0.0007657681    
  Source acc: 1.000000  |  Target acc: 0.976296
  Best target acc: 0.976296

======== ROUND 47 ========  [Ablation: M0]
==== M0 Baseline: CE Only ====
epoch            total_loss       cls_loss        
0                0.0004502968     0.0004502968    
1                0.0004437639     0.0004437639    
2                0.0012107206     0.0012107206    
3                0.0210145637     0.0210145637    
  Source acc: 1.000000  |  Target acc: 0.975556
  Best target acc: 0.976296

======== ROUND 48 ========  [Ablation: M0]
==== M0 Baseline: CE Only ====
epoch            total_loss       cls_loss        
0                0.0025760715     0.0025760715    
1                0.0118830269     0.0118830269    
2                0.0006005901     0.0006005901    
3                0.0004097896     0.0004097896    
  Source acc: 1.000000  |  Target acc: 0.974815
  Best target acc: 0.976296

======== ROUND 49 ========  [Ablation: M0]
==== M0 Baseline: CE Only ====
epoch            total_loss       cls_loss        
0                0.0009830850     0.0009830850    
1                0.0004168663     0.0004168663    
2                0.0002701606     0.0002701606    
3                0.0006589084     0.0006589084    
  Source acc: 1.000000  |  Target acc: 0.974815
  Best target acc: 0.976296
[ConfMatrix] saved to log/abl_widar1ap_cross_loc_M0_s0 (cm shape=(6, 6))

Results saved to log/abl_widar1ap_cross_loc_M0_s0
acc.txt: log/abl_widar1ap_cross_loc_M0_s0/acc.txt
bestacc.txt: log/abl_widar1ap_cross_loc_M0_s0/bestacc.txt
