[Seed] global random seed set to 4

[Ablation Mode] M2
[WidarDataset] loaded 5400 samples, gesture_map={'G01': 0, 'G02': 1, 'G03': 2, 'G04': 3, 'G05': 4, 'G06': 5}
[WidarDataset] loaded 1350 samples, gesture_map={'G01': 0, 'G02': 1, 'G03': 2, 'G04': 3, 'G05': 4, 'G06': 5}
[WidarDataset] loaded 5400 samples, gesture_map={'G01': 0, 'G02': 1, 'G03': 2, 'G04': 3, 'G05': 4, 'G06': 5}
Train set size: 5400 samples, 169 batches
Test set size:  1350 samples, 43 batches
Source eval size: 5400 samples

[Direction Sensitivity] Manual weights (dir_w=0.5): {0: 0.0, 1: 0.0, 2: 0.0, 3: 0.0, 4: 0.0, 5: 0.0}

======== ROUND 0 ========  [Ablation: M2]
==== Stage 1: SupCon Pre-training ====
epoch            total_loss       cls_loss         supcon_loss     
0                3.6229488850     0.8378331661     5.5702314377    
1                3.4151010513     0.4739465714     5.8823089600    
==== Stage 2: SKIPPED (M2 ablation) ====
  Random domain assignment: Counter({1: 1811, 2: 1800, 0: 1789})
==== Stage 3: Domain-invariant + HardNCE ====
epoch            total_loss       cls_loss         dis_loss         hard_loss       
0                1.7107830048     0.5070029497     1.1354123354     0.2278922647    
  Source acc: 0.919444  |  Target acc: 0.898519
  Best target acc: 0.898519

======== ROUND 1 ========  [Ablation: M2]
==== Stage 1: SupCon Pre-training ====
epoch            total_loss       cls_loss         supcon_loss     
0                3.1404047012     0.4334234893     5.4139623642    
1                3.1696991920     0.5453976989     5.2486028671    
==== Stage 2: SKIPPED (M2 ablation) ====
  Random domain assignment: Counter({0: 1863, 1: 1773, 2: 1764})
==== Stage 3: Domain-invariant + HardNCE ====
epoch            total_loss       cls_loss         dis_loss         hard_loss       
0                1.5128089190     0.3066370487     1.1469635963     0.1973608434    
  Source acc: 0.918333  |  Target acc: 0.891111
  Best target acc: 0.898519

======== ROUND 2 ========  [Ablation: M2]
==== Stage 1: SupCon Pre-training ====
epoch            total_loss       cls_loss         supcon_loss     
0                2.9471836090     0.1282619834     5.6378431320    
1                3.2531206608     0.5881788135     5.3298835754    
==== Stage 2: SKIPPED (M2 ablation) ====
  Random domain assignment: Counter({1: 1856, 0: 1784, 2: 1760})
==== Stage 3: Domain-invariant + HardNCE ====
epoch            total_loss       cls_loss         dis_loss         hard_loss       
0                1.4014592171     0.0966231823     1.2145748138     0.3008708358    
  Source acc: 0.961852  |  Target acc: 0.945926
  Best target acc: 0.945926

======== ROUND 3 ========  [Ablation: M2]
==== Stage 1: SupCon Pre-training ====
epoch            total_loss       cls_loss        
0                0.1326372325     0.1326372325    
1                0.3585827053     0.3585827053    
==== Stage 2: SKIPPED (M2 ablation) ====
  Random domain assignment: Counter({2: 1811, 0: 1802, 1: 1787})
==== Stage 3: Domain-invariant + HardNCE ====
epoch            total_loss       cls_loss         dis_loss         hard_loss       
0                1.3064703941     0.1198104396     1.1052565575     0.2713446617    
  Source acc: 0.987963  |  Target acc: 0.968148
  Best target acc: 0.968148

======== ROUND 4 ========  [Ablation: M2]
==== Stage 1: SupCon Pre-training ====
epoch            total_loss       cls_loss        
0                0.5250477791     0.5250477791    
1                0.2433554083     0.2433554083    
==== Stage 2: SKIPPED (M2 ablation) ====
  Random domain assignment: Counter({2: 1842, 1: 1797, 0: 1761})
==== Stage 3: Domain-invariant + HardNCE ====
epoch            total_loss       cls_loss         dis_loss         hard_loss       
0                1.3031601906     0.0796531662     1.1387398243     0.2825573683    
  Source acc: 0.992037  |  Target acc: 0.959259
  Best target acc: 0.968148

======== ROUND 5 ========  [Ablation: M2]
==== Stage 1: SupCon Pre-training ====
epoch            total_loss       cls_loss        
0                0.0380711704     0.0380711704    
1                0.2126574963     0.2126574963    
==== Stage 2: SKIPPED (M2 ablation) ====
  Random domain assignment: Counter({2: 1835, 0: 1792, 1: 1773})
==== Stage 3: Domain-invariant + HardNCE ====
epoch            total_loss       cls_loss         dis_loss         hard_loss       
0                1.2150732279     0.0459353328     1.0890576839     0.2669339180    
  Source acc: 0.993148  |  Target acc: 0.960000
  Best target acc: 0.968148

======== ROUND 6 ========  [Ablation: M2]
==== Stage 1: SupCon Pre-training ====
epoch            total_loss       cls_loss        
0                0.0571551770     0.0571551770    
1                0.4311492443     0.4311492443    
==== Stage 2: SKIPPED (M2 ablation) ====
  Random domain assignment: Counter({1: 1865, 0: 1771, 2: 1764})
==== Stage 3: Domain-invariant + HardNCE ====
epoch            total_loss       cls_loss         dis_loss         hard_loss       
0                1.2944473028     0.1753381044     1.0529998541     0.2203644365    
  Source acc: 0.994259  |  Target acc: 0.955556
  Best target acc: 0.968148

======== ROUND 7 ========  [Ablation: M2]
==== Stage 1: SupCon Pre-training ====
epoch            total_loss       cls_loss        
0                0.2294936627     0.2294936627    
1                0.1176534221     0.1176534221    
==== Stage 2: SKIPPED (M2 ablation) ====
  Random domain assignment: Counter({1: 1820, 2: 1790, 0: 1790})
==== Stage 3: Domain-invariant + HardNCE ====
epoch            total_loss       cls_loss         dis_loss         hard_loss       
0                1.2336152792     0.0834773183     1.1009824276     0.1638518423    
  Source acc: 0.996852  |  Target acc: 0.956296
  Best target acc: 0.968148

======== ROUND 8 ========  [Ablation: M2]
==== Stage 1: SupCon Pre-training ====
epoch            total_loss       cls_loss        
0                0.0139382975     0.0139382975    
1                0.1717877388     0.1717877388    
==== Stage 2: SKIPPED (M2 ablation) ====
  Random domain assignment: Counter({2: 1811, 0: 1800, 1: 1789})
==== Stage 3: Domain-invariant + HardNCE ====
epoch            total_loss       cls_loss         dis_loss         hard_loss       
0                1.3437570333     0.1097066626     1.1575216055     0.2550960779    
  Source acc: 0.983519  |  Target acc: 0.960000
  Best target acc: 0.968148

======== ROUND 9 ========  [Ablation: M2]
==== Stage 1: SupCon Pre-training ====
epoch            total_loss       cls_loss        
0                0.0716684088     0.0716684088    
1                0.0511341505     0.0511341505    
==== Stage 2: SKIPPED (M2 ablation) ====
  Random domain assignment: Counter({0: 1830, 1: 1797, 2: 1773})
==== Stage 3: Domain-invariant + HardNCE ====
epoch            total_loss       cls_loss         dis_loss         hard_loss       
0                1.2135847807     0.0334689356     1.1040359735     0.2535995245    
  Source acc: 0.986481  |  Target acc: 0.958519
  Best target acc: 0.968148

======== ROUND 10 ========  [Ablation: M2]
==== Stage 1: SupCon Pre-training ====
epoch            total_loss       cls_loss        
0                0.1579334885     0.1579334885    
1                0.0027464896     0.0027464896    
==== Stage 2: SKIPPED (M2 ablation) ====
  Random domain assignment: Counter({1: 1817, 2: 1809, 0: 1774})
==== Stage 3: Domain-invariant + HardNCE ====
epoch            total_loss       cls_loss         dis_loss         hard_loss       
0                1.1366801262     0.0163932666     1.0694987774     0.1692936122    
  Source acc: 1.000000  |  Target acc: 0.973333
  Best target acc: 0.973333

======== ROUND 11 ========  [Ablation: M2]
==== Stage 1: SupCon Pre-training ====
epoch            total_loss       cls_loss        
0                0.1791242957     0.1791242957    
1                0.0052872137     0.0052872137    
==== Stage 2: SKIPPED (M2 ablation) ====
  Random domain assignment: Counter({2: 1836, 0: 1814, 1: 1750})
==== Stage 3: Domain-invariant + HardNCE ====
epoch            total_loss       cls_loss         dis_loss         hard_loss       
0                1.1506183147     0.0128795216     1.1023937464     0.1178167313    
  Source acc: 1.000000  |  Target acc: 0.977037
  Best target acc: 0.977037

======== ROUND 12 ========  [Ablation: M2]
==== Stage 1: SupCon Pre-training ====
epoch            total_loss       cls_loss        
0                0.0085221529     0.0085221529    
1                0.0656387731     0.0656387731    
==== Stage 2: SKIPPED (M2 ablation) ====
  Random domain assignment: Counter({0: 1881, 1: 1780, 2: 1739})
==== Stage 3: Domain-invariant + HardNCE ====
epoch            total_loss       cls_loss         dis_loss         hard_loss       
0                1.1409219503     0.0080251722     1.0976659060     0.1174363717    
  Source acc: 1.000000  |  Target acc: 0.974815
  Best target acc: 0.977037

======== ROUND 13 ========  [Ablation: M2]
==== Stage 1: SupCon Pre-training ====
epoch            total_loss       cls_loss        
0                0.0448225737     0.0448225737    
1                0.0016427021     0.0016427021    
==== Stage 2: SKIPPED (M2 ablation) ====
  Random domain assignment: Counter({1: 1820, 0: 1800, 2: 1780})
==== Stage 3: Domain-invariant + HardNCE ====
epoch            total_loss       cls_loss         dis_loss         hard_loss       
0                1.1586672068     0.0129429298     1.0951410532     0.1686109900    
  Source acc: 1.000000  |  Target acc: 0.974074
  Best target acc: 0.977037

======== ROUND 14 ========  [Ablation: M2]
==== Stage 1: SupCon Pre-training ====
epoch            total_loss       cls_loss        
0                0.0012525019     0.0012525019    
1                0.0043319366     0.0043319366    
==== Stage 2: SKIPPED (M2 ablation) ====
  Random domain assignment: Counter({0: 1856, 2: 1809, 1: 1735})
==== Stage 3: Domain-invariant + HardNCE ====
epoch            total_loss       cls_loss         dis_loss         hard_loss       
0                1.2917916775     0.1709229499     1.0775259733     0.1444758475    
  Source acc: 1.000000  |  Target acc: 0.974074
  Best target acc: 0.977037

======== ROUND 15 ========  [Ablation: M2]
==== Stage 1: SupCon Pre-training ====
epoch            total_loss       cls_loss        
0                0.0024912108     0.0024912108    
1                0.0016214136     0.0016214136    
==== Stage 2: SKIPPED (M2 ablation) ====
  Random domain assignment: Counter({0: 1827, 1: 1787, 2: 1786})
==== Stage 3: Domain-invariant + HardNCE ====
epoch            total_loss       cls_loss         dis_loss         hard_loss       
0                1.1479452848     0.0196206141     1.0948116779     0.1117096990    
  Source acc: 1.000000  |  Target acc: 0.977778
  Best target acc: 0.977778

======== ROUND 16 ========  [Ablation: M2]
==== Stage 1: SupCon Pre-training ====
epoch            total_loss       cls_loss        
0                0.0008069558     0.0008069558    
1                0.0047458173     0.0047458173    
==== Stage 2: SKIPPED (M2 ablation) ====
  Random domain assignment: Counter({0: 1848, 1: 1780, 2: 1772})
==== Stage 3: Domain-invariant + HardNCE ====
epoch            total_loss       cls_loss         dis_loss         hard_loss       
0                1.2126965523     0.0126715647     1.1513255835     0.1623310745    
  Source acc: 1.000000  |  Target acc: 0.975556
  Best target acc: 0.977778

======== ROUND 17 ========  [Ablation: M2]
==== Stage 1: SupCon Pre-training ====
epoch            total_loss       cls_loss        
0                0.0059713293     0.0059713293    
1                0.0023604373     0.0023604373    
==== Stage 2: SKIPPED (M2 ablation) ====
  Random domain assignment: Counter({1: 1834, 2: 1784, 0: 1782})
==== Stage 3: Domain-invariant + HardNCE ====
epoch            total_loss       cls_loss         dis_loss         hard_loss       
0                1.1739523411     0.0053711948     1.1334300041     0.1171704978    
  Source acc: 1.000000  |  Target acc: 0.975556
  Best target acc: 0.977778

======== ROUND 18 ========  [Ablation: M2]
==== Stage 1: SupCon Pre-training ====
epoch            total_loss       cls_loss        
0                0.0027458447     0.0027458447    
1                0.0007842247     0.0007842247    
==== Stage 2: SKIPPED (M2 ablation) ====
  Random domain assignment: Counter({2: 1856, 0: 1779, 1: 1765})
==== Stage 3: Domain-invariant + HardNCE ====
epoch            total_loss       cls_loss         dis_loss         hard_loss       
0                1.1528290510     0.0159959923     1.1056756973     0.1038578972    
  Source acc: 1.000000  |  Target acc: 0.974815
  Best target acc: 0.977778

======== ROUND 19 ========  [Ablation: M2]
==== Stage 1: SupCon Pre-training ====
epoch            total_loss       cls_loss        
0                0.0011067601     0.0011067601    
1                0.0051347143     0.0051347143    
==== Stage 2: SKIPPED (M2 ablation) ====
  Random domain assignment: Counter({1: 1847, 2: 1788, 0: 1765})
==== Stage 3: Domain-invariant + HardNCE ====
epoch            total_loss       cls_loss         dis_loss         hard_loss       
0                1.1220017672     0.0109882578     1.0789666176     0.1068231091    
  Source acc: 1.000000  |  Target acc: 0.978519
  Best target acc: 0.978519

======== ROUND 20 ========  [Ablation: M2]
==== Stage 1: SupCon Pre-training ====
epoch            total_loss       cls_loss        
0                0.0012581802     0.0012581802    
1                0.0110346349     0.0110346349    
==== Stage 2: SKIPPED (M2 ablation) ====
  Random domain assignment: Counter({2: 1843, 0: 1779, 1: 1778})
==== Stage 3: Domain-invariant + HardNCE ====
epoch            total_loss       cls_loss         dis_loss         hard_loss       
0                1.0900918245     0.0076401681     1.0465155840     0.1197868809    
  Source acc: 1.000000  |  Target acc: 0.976296
  Best target acc: 0.978519

======== ROUND 21 ========  [Ablation: M2]
==== Stage 1: SupCon Pre-training ====
epoch            total_loss       cls_loss        
0                0.0009879455     0.0009879455    
1                0.0125666270     0.0125666270    
==== Stage 2: SKIPPED (M2 ablation) ====
  Random domain assignment: Counter({2: 1889, 0: 1787, 1: 1724})
==== Stage 3: Domain-invariant + HardNCE ====
epoch            total_loss       cls_loss         dis_loss         hard_loss       
0                1.1861897707     0.0217704494     1.1131649017     0.1708479524    
  Source acc: 1.000000  |  Target acc: 0.977037
  Best target acc: 0.978519

======== ROUND 22 ========  [Ablation: M2]
==== Stage 1: SupCon Pre-training ====
epoch            total_loss       cls_loss        
0                0.0009982690     0.0009982690    
1                0.0020828450     0.0020828450    
==== Stage 2: SKIPPED (M2 ablation) ====
  Random domain assignment: Counter({1: 1819, 2: 1803, 0: 1778})
==== Stage 3: Domain-invariant + HardNCE ====
epoch            total_loss       cls_loss         dis_loss         hard_loss       
0                1.1863963604     0.0084230611     1.1191273928     0.1961528957    
  Source acc: 1.000000  |  Target acc: 0.977037
  Best target acc: 0.978519

======== ROUND 23 ========  [Ablation: M2]
==== Stage 1: SupCon Pre-training ====
epoch            total_loss       cls_loss        
0                0.0012212192     0.0012212192    
1                0.0019270079     0.0019270079    
==== Stage 2: SKIPPED (M2 ablation) ====
  Random domain assignment: Counter({1: 1877, 2: 1824, 0: 1699})
==== Stage 3: Domain-invariant + HardNCE ====
epoch            total_loss       cls_loss         dis_loss         hard_loss       
0                1.1527581215     0.0058779581     1.1108890772     0.1199700683    
  Source acc: 1.000000  |  Target acc: 0.977037
  Best target acc: 0.978519

======== ROUND 24 ========  [Ablation: M2]
==== Stage 1: SupCon Pre-training ====
epoch            total_loss       cls_loss        
0                0.0019885367     0.0019885367    
1                0.0005739224     0.0005739224    
==== Stage 2: SKIPPED (M2 ablation) ====
  Random domain assignment: Counter({1: 1830, 2: 1813, 0: 1757})
==== Stage 3: Domain-invariant + HardNCE ====
epoch            total_loss       cls_loss         dis_loss         hard_loss       
0                1.1343424320     0.0037085612     1.0764139891     0.1807326525    
  Source acc: 1.000000  |  Target acc: 0.974074
  Best target acc: 0.978519

======== ROUND 25 ========  [Ablation: M2]
==== Stage 1: SupCon Pre-training ====
epoch            total_loss       cls_loss        
0                0.0030080567     0.0030080567    
1                0.0052227895     0.0052227895    
==== Stage 2: SKIPPED (M2 ablation) ====
  Random domain assignment: Counter({1: 1852, 0: 1801, 2: 1747})
==== Stage 3: Domain-invariant + HardNCE ====
epoch            total_loss       cls_loss         dis_loss         hard_loss       
0                1.1383854151     0.0028394887     1.0840957165     0.1715009809    
  Source acc: 1.000000  |  Target acc: 0.974815
  Best target acc: 0.978519

======== ROUND 26 ========  [Ablation: M2]
==== Stage 1: SupCon Pre-training ====
epoch            total_loss       cls_loss        
0                0.0048197028     0.0048197028    
1                0.0012651527     0.0012651527    
==== Stage 2: SKIPPED (M2 ablation) ====
  Random domain assignment: Counter({2: 1824, 1: 1808, 0: 1768})
==== Stage 3: Domain-invariant + HardNCE ====
epoch            total_loss       cls_loss         dis_loss         hard_loss       
0                1.1629832983     0.0163098704     1.1147358418     0.1064588055    
  Source acc: 1.000000  |  Target acc: 0.973333
  Best target acc: 0.978519

======== ROUND 27 ========  [Ablation: M2]
==== Stage 1: SupCon Pre-training ====
epoch            total_loss       cls_loss        
0                0.0004765381     0.0004765381    
1                0.0018976367     0.0018976367    
==== Stage 2: SKIPPED (M2 ablation) ====
  Random domain assignment: Counter({0: 1828, 1: 1793, 2: 1779})
==== Stage 3: Domain-invariant + HardNCE ====
epoch            total_loss       cls_loss         dis_loss         hard_loss       
0                1.1813179255     0.0052331327     1.1178591251     0.1940855235    
  Source acc: 1.000000  |  Target acc: 0.975556
  Best target acc: 0.978519

======== ROUND 28 ========  [Ablation: M2]
==== Stage 1: SupCon Pre-training ====
epoch            total_loss       cls_loss        
0                0.0010074355     0.0010074355    
1                0.0010378073     0.0010378073    
==== Stage 2: SKIPPED (M2 ablation) ====
  Random domain assignment: Counter({2: 1806, 0: 1805, 1: 1789})
==== Stage 3: Domain-invariant + HardNCE ====
epoch            total_loss       cls_loss         dis_loss         hard_loss       
0                1.1653503180     0.0064114048     1.1313865185     0.0918412432    
  Source acc: 1.000000  |  Target acc: 0.978519
  Best target acc: 0.978519

======== ROUND 29 ========  [Ablation: M2]
==== Stage 1: SupCon Pre-training ====
epoch            total_loss       cls_loss        
0                0.0006604320     0.0006604320    
1                0.0017483352     0.0017483352    
==== Stage 2: SKIPPED (M2 ablation) ====
  Random domain assignment: Counter({0: 1866, 1: 1771, 2: 1763})
==== Stage 3: Domain-invariant + HardNCE ====
epoch            total_loss       cls_loss         dis_loss         hard_loss       
0                1.1457741261     0.0085539101     1.0992358923     0.1266146898    
  Source acc: 1.000000  |  Target acc: 0.975556
  Best target acc: 0.978519

======== ROUND 30 ========  [Ablation: M2]
==== Stage 1: SupCon Pre-training ====
epoch            total_loss       cls_loss        
0                0.0058969124     0.0058969124    
1                0.0032610416     0.0032610416    
==== Stage 2: SKIPPED (M2 ablation) ====
  Random domain assignment: Counter({1: 1835, 0: 1800, 2: 1765})
==== Stage 3: Domain-invariant + HardNCE ====
epoch            total_loss       cls_loss         dis_loss         hard_loss       
0                1.1452791691     0.0044807037     1.0898549557     0.1698117256    
  Source acc: 1.000000  |  Target acc: 0.976296
  Best target acc: 0.978519

======== ROUND 31 ========  [Ablation: M2]
==== Stage 1: SupCon Pre-training ====
epoch            total_loss       cls_loss        
0                0.0005069207     0.0005069207    
1                0.0010220528     0.0010220528    
==== Stage 2: SKIPPED (M2 ablation) ====
  Random domain assignment: Counter({0: 1827, 1: 1814, 2: 1759})
==== Stage 3: Domain-invariant + HardNCE ====
epoch            total_loss       cls_loss         dis_loss         hard_loss       
0                1.1441700459     0.0067796241     1.1035451889     0.1128170937    
  Source acc: 1.000000  |  Target acc: 0.975556
  Best target acc: 0.978519

======== ROUND 32 ========  [Ablation: M2]
==== Stage 1: SupCon Pre-training ====
epoch            total_loss       cls_loss        
0                0.0055653863     0.0055653863    
1                0.0004706865     0.0004706865    
==== Stage 2: SKIPPED (M2 ablation) ====
  Random domain assignment: Counter({0: 1872, 1: 1764, 2: 1764})
==== Stage 3: Domain-invariant + HardNCE ====
epoch            total_loss       cls_loss         dis_loss         hard_loss       
0                1.1542857885     0.0134407356     1.0875778198     0.1775574386    
  Source acc: 1.000000  |  Target acc: 0.977037
  Best target acc: 0.978519

======== ROUND 33 ========  [Ablation: M2]
==== Stage 1: SupCon Pre-training ====
epoch            total_loss       cls_loss        
0                0.0454041511     0.0454041511    
1                0.0207430813     0.0207430813    
==== Stage 2: SKIPPED (M2 ablation) ====
  Random domain assignment: Counter({0: 1818, 2: 1804, 1: 1778})
==== Stage 3: Domain-invariant + HardNCE ====
epoch            total_loss       cls_loss         dis_loss         hard_loss       
0                1.1492097378     0.0050300378     1.1134170294     0.1025423855    
  Source acc: 1.000000  |  Target acc: 0.980741
  Best target acc: 0.980741

======== ROUND 34 ========  [Ablation: M2]
==== Stage 1: SupCon Pre-training ====
epoch            total_loss       cls_loss        
0                0.1199846268     0.1199846268    
1                0.0016863904     0.0016863904    
==== Stage 2: SKIPPED (M2 ablation) ====
  Random domain assignment: Counter({0: 1851, 2: 1781, 1: 1768})
==== Stage 3: Domain-invariant + HardNCE ====
epoch            total_loss       cls_loss         dis_loss         hard_loss       
0                1.1198374033     0.0038809739     1.0921072960     0.0794972032    
  Source acc: 1.000000  |  Target acc: 0.978519
  Best target acc: 0.980741

======== ROUND 35 ========  [Ablation: M2]
==== Stage 1: SupCon Pre-training ====
epoch            total_loss       cls_loss        
0                0.0011039906     0.0011039906    
1                0.0646582469     0.0646582469    
==== Stage 2: SKIPPED (M2 ablation) ====
  Random domain assignment: Counter({0: 1895, 2: 1796, 1: 1709})
==== Stage 3: Domain-invariant + HardNCE ====
epoch            total_loss       cls_loss         dis_loss         hard_loss       
0                1.1681417227     0.0051897368     1.1246747971     0.1275903881    
  Source acc: 1.000000  |  Target acc: 0.979259
  Best target acc: 0.980741

======== ROUND 36 ========  [Ablation: M2]
==== Stage 1: SupCon Pre-training ====
epoch            total_loss       cls_loss        
0                0.0009311800     0.0009311800    
1                0.0658405796     0.0658405796    
==== Stage 2: SKIPPED (M2 ablation) ====
  Random domain assignment: Counter({0: 1821, 1: 1795, 2: 1784})
==== Stage 3: Domain-invariant + HardNCE ====
epoch            total_loss       cls_loss         dis_loss         hard_loss       
0                1.1987767220     0.0042027817     1.1625144482     0.1068652719    
  Source acc: 1.000000  |  Target acc: 0.977778
  Best target acc: 0.980741

======== ROUND 37 ========  [Ablation: M2]
==== Stage 1: SupCon Pre-training ====
epoch            total_loss       cls_loss        
0                0.0008486421     0.0008486421    
1                0.0167251732     0.0167251732    
==== Stage 2: SKIPPED (M2 ablation) ====
  Random domain assignment: Counter({2: 1840, 1: 1809, 0: 1751})
==== Stage 3: Domain-invariant + HardNCE ====
epoch            total_loss       cls_loss         dis_loss         hard_loss       
0                1.0818262100     0.0066145561     1.0565425158     0.0622302294    
  Source acc: 1.000000  |  Target acc: 0.977037
  Best target acc: 0.980741

======== ROUND 38 ========  [Ablation: M2]
==== Stage 1: SupCon Pre-training ====
epoch            total_loss       cls_loss        
0                0.0011915275     0.0011915275    
1                0.0136285126     0.0136285126    
==== Stage 2: SKIPPED (M2 ablation) ====
  Random domain assignment: Counter({2: 1806, 1: 1802, 0: 1792})
==== Stage 3: Domain-invariant + HardNCE ====
epoch            total_loss       cls_loss         dis_loss         hard_loss       
0                1.1722679138     0.0497988202     1.0660436153     0.1880848259    
  Source acc: 1.000000  |  Target acc: 0.977778
  Best target acc: 0.980741

======== ROUND 39 ========  [Ablation: M2]
==== Stage 1: SupCon Pre-training ====
epoch            total_loss       cls_loss        
0                0.0243531931     0.0243531931    
1                0.0014853115     0.0014853115    
==== Stage 2: SKIPPED (M2 ablation) ====
  Random domain assignment: Counter({2: 1824, 0: 1821, 1: 1755})
==== Stage 3: Domain-invariant + HardNCE ====
epoch            total_loss       cls_loss         dis_loss         hard_loss       
0                1.1945785284     0.0185449515     1.1341375113     0.1396535039    
  Source acc: 1.000000  |  Target acc: 0.977037
  Best target acc: 0.980741

======== ROUND 40 ========  [Ablation: M2]
==== Stage 1: SupCon Pre-training ====
epoch            total_loss       cls_loss        
0                0.0014214106     0.0014214106    
1                0.1278162450     0.1278162450    
==== Stage 2: SKIPPED (M2 ablation) ====
  Random domain assignment: Counter({1: 1802, 0: 1801, 2: 1797})
==== Stage 3: Domain-invariant + HardNCE ====
epoch            total_loss       cls_loss         dis_loss         hard_loss       
0                1.1753889322     0.0070596631     1.1219785213     0.1545023173    
  Source acc: 1.000000  |  Target acc: 0.979259
  Best target acc: 0.980741

======== ROUND 41 ========  [Ablation: M2]
==== Stage 1: SupCon Pre-training ====
epoch            total_loss       cls_loss        
0                0.0010733702     0.0010733702    
1                0.0005777281     0.0005777281    
==== Stage 2: SKIPPED (M2 ablation) ====
  Random domain assignment: Counter({0: 1825, 2: 1808, 1: 1767})
==== Stage 3: Domain-invariant + HardNCE ====
epoch            total_loss       cls_loss         dis_loss         hard_loss       
0                1.1486587524     0.0395206064     1.0781097412     0.1034279466    
  Source acc: 1.000000  |  Target acc: 0.977778
  Best target acc: 0.980741

======== ROUND 42 ========  [Ablation: M2]
==== Stage 1: SupCon Pre-training ====
epoch            total_loss       cls_loss        
0                0.0007655646     0.0007655646    
1                0.0647405088     0.0647405088    
==== Stage 2: SKIPPED (M2 ablation) ====
  Random domain assignment: Counter({1: 1832, 0: 1792, 2: 1776})
==== Stage 3: Domain-invariant + HardNCE ====
epoch            total_loss       cls_loss         dis_loss         hard_loss       
0                1.1543301344     0.0122928796     1.0848457813     0.1906384081    
  Source acc: 1.000000  |  Target acc: 0.980000
  Best target acc: 0.980741

======== ROUND 43 ========  [Ablation: M2]
==== Stage 1: SupCon Pre-training ====
epoch            total_loss       cls_loss        
0                0.0017159617     0.0017159617    
1                0.0110472208     0.0110472208    
==== Stage 2: SKIPPED (M2 ablation) ====
  Random domain assignment: Counter({2: 1859, 1: 1793, 0: 1748})
==== Stage 3: Domain-invariant + HardNCE ====
epoch            total_loss       cls_loss         dis_loss         hard_loss       
0                1.1276770830     0.0089656776     1.0926696062     0.0868058801    
  Source acc: 1.000000  |  Target acc: 0.976296
  Best target acc: 0.980741

======== ROUND 44 ========  [Ablation: M2]
==== Stage 1: SupCon Pre-training ====
epoch            total_loss       cls_loss        
0                0.0004754889     0.0004754889    
1                0.0027320506     0.0027320506    
==== Stage 2: SKIPPED (M2 ablation) ====
  Random domain assignment: Counter({2: 1846, 1: 1811, 0: 1743})
==== Stage 3: Domain-invariant + HardNCE ====
epoch            total_loss       cls_loss         dis_loss         hard_loss       
0                1.1354557276     0.0091378586     1.0872013569     0.1303884685    
  Source acc: 1.000000  |  Target acc: 0.976296
  Best target acc: 0.980741

======== ROUND 45 ========  [Ablation: M2]
==== Stage 1: SupCon Pre-training ====
epoch            total_loss       cls_loss        
0                0.0021557112     0.0021557112    
1                0.0006238868     0.0006238868    
==== Stage 2: SKIPPED (M2 ablation) ====
  Random domain assignment: Counter({2: 1846, 1: 1789, 0: 1765})
==== Stage 3: Domain-invariant + HardNCE ====
epoch            total_loss       cls_loss         dis_loss         hard_loss       
0                1.1574453115     0.0173147526     1.1021708250     0.1265321672    
  Source acc: 1.000000  |  Target acc: 0.978519
  Best target acc: 0.980741

======== ROUND 46 ========  [Ablation: M2]
==== Stage 1: SupCon Pre-training ====
epoch            total_loss       cls_loss        
0                0.0004031785     0.0004031785    
1                0.0040520765     0.0040520765    
==== Stage 2: SKIPPED (M2 ablation) ====
  Random domain assignment: Counter({1: 1858, 2: 1812, 0: 1730})
==== Stage 3: Domain-invariant + HardNCE ====
epoch            total_loss       cls_loss         dis_loss         hard_loss       
0                1.1640431881     0.0027050667     1.1138718128     0.1582207382    
  Source acc: 1.000000  |  Target acc: 0.976296
  Best target acc: 0.980741

======== ROUND 47 ========  [Ablation: M2]
==== Stage 1: SupCon Pre-training ====
epoch            total_loss       cls_loss        
0                0.0005413568     0.0005413568    
1                0.0015156231     0.0015156231    
==== Stage 2: SKIPPED (M2 ablation) ====
  Random domain assignment: Counter({0: 1887, 2: 1806, 1: 1707})
==== Stage 3: Domain-invariant + HardNCE ====
epoch            total_loss       cls_loss         dis_loss         hard_loss       
0                1.1829625368     0.0051872269     1.1415392160     0.1207867265    
  Source acc: 1.000000  |  Target acc: 0.977778
  Best target acc: 0.980741

======== ROUND 48 ========  [Ablation: M2]
==== Stage 1: SupCon Pre-training ====
epoch            total_loss       cls_loss        
0                0.0060174409     0.0060174409    
1                0.0110767027     0.0110767027    
==== Stage 2: SKIPPED (M2 ablation) ====
  Random domain assignment: Counter({2: 1831, 0: 1790, 1: 1779})
==== Stage 3: Domain-invariant + HardNCE ====
epoch            total_loss       cls_loss         dis_loss         hard_loss       
0                1.1306059361     0.0107010147     1.0828517675     0.1235102639    
  Source acc: 1.000000  |  Target acc: 0.978519
  Best target acc: 0.980741

======== ROUND 49 ========  [Ablation: M2]
==== Stage 1: SupCon Pre-training ====
epoch            total_loss       cls_loss        
0                0.0024425695     0.0024425695    
1                0.0823935717     0.0823935717    
==== Stage 2: SKIPPED (M2 ablation) ====
  Random domain assignment: Counter({1: 1823, 0: 1801, 2: 1776})
==== Stage 3: Domain-invariant + HardNCE ====
epoch            total_loss       cls_loss         dis_loss         hard_loss       
0                1.1245349646     0.0095811263     1.0863188505     0.0954500660    
  Source acc: 1.000000  |  Target acc: 0.977778
  Best target acc: 0.980741
[ConfMatrix] saved to log/abl_widar1ap_cross_loc_M2_s4 (cm shape=(6, 6))

Results saved to log/abl_widar1ap_cross_loc_M2_s4
acc.txt: log/abl_widar1ap_cross_loc_M2_s4/acc.txt
bestacc.txt: log/abl_widar1ap_cross_loc_M2_s4/bestacc.txt
