[Seed] global random seed set to 1

[Ablation Mode] M1
[WidarDataset] loaded 5250 samples, gesture_map={'G01': 0, 'G02': 1, 'G03': 2, 'G04': 3, 'G05': 4, 'G06': 5}
[WidarDataset] loaded 1500 samples, gesture_map={'G01': 0, 'G02': 1, 'G03': 2, 'G04': 3, 'G05': 4, 'G06': 5}
[WidarDataset] loaded 5250 samples, gesture_map={'G01': 0, 'G02': 1, 'G03': 2, 'G04': 3, 'G05': 4, 'G06': 5}
Train set size: 5250 samples, 165 batches
Test set size:  1500 samples, 47 batches
Source eval size: 5250 samples

[Direction Sensitivity] Manual weights (dir_w=0.5): {0: 0.0, 1: 0.0, 2: 0.0, 3: 0.0, 4: 0.0, 5: 0.0}

======== ROUND 0 ========  [Ablation: M1]
==== Stage 1: SupCon Pre-training ====
epoch            total_loss       cls_loss        
0                0.3333225548     0.3333225548    
1                4.4945440292     4.4945440292    
==== Stage 2: Latent Domain PCL ====
epoch            total_loss       dis_loss         proto_loss       ent_pen_loss    
0                1.9418590069     1.6418590546     0.0000000000     0.3000000119    
Counter({np.int64(0): 2036, np.int64(1): 1651, np.int64(2): 1563})
==== Stage 3: Domain-invariant + HardNCE ====
epoch            total_loss       cls_loss         dis_loss         hard_loss       
0                2.5029733181     1.6703900099     0.8325790167     0.0000145435    
  Source acc: 0.836000  |  Target acc: 0.728000
  Best target acc: 0.728000

======== ROUND 1 ========  [Ablation: M1]
==== Stage 1: SupCon Pre-training ====
epoch            total_loss       cls_loss        
0                2.5618529320     2.5618529320    
1                0.6777368784     0.6777368784    
==== Stage 2: Latent Domain PCL ====
epoch            total_loss       dis_loss         proto_loss       ent_pen_loss    
0                2.4131999016     1.7281066179     1.1487443447     0.1107210815    
Counter({np.int64(1): 2210, np.int64(0): 2014, np.int64(2): 1026})
==== Stage 3: Domain-invariant + HardNCE ====
epoch            total_loss       cls_loss         dis_loss         hard_loss       
0                3.9787414074     3.3259651661     0.6527737379     0.0000090599    
  Source acc: 0.858476  |  Target acc: 0.802667
  Best target acc: 0.802667

======== ROUND 2 ========  [Ablation: M1]
==== Stage 1: SupCon Pre-training ====
epoch            total_loss       cls_loss        
0                0.1908002496     0.1908002496    
1                0.6515327692     0.6515327692    
==== Stage 2: Latent Domain PCL ====
epoch            total_loss       dis_loss         proto_loss       ent_pen_loss    
0                1.6120514870     1.1489346027     0.7047914863     0.1107210815    
Counter({np.int64(2): 2159, np.int64(0): 1583, np.int64(1): 1508})
==== Stage 3: Domain-invariant + HardNCE ====
epoch            total_loss       cls_loss         dis_loss         hard_loss       
0                0.5098274946     0.2741079628     0.2357160300     0.0000116825    
  Source acc: 0.826667  |  Target acc: 0.629333
  Best target acc: 0.802667

======== ROUND 3 ========  [Ablation: M1]
==== Stage 1: SupCon Pre-training ====
epoch            total_loss       cls_loss        
0                6.1280660629     6.1280660629    
1                0.2322413772     0.2322413772    
==== Stage 2: Latent Domain PCL ====
epoch            total_loss       dis_loss         proto_loss       ent_pen_loss    
0                2.3708975315     1.1859772205     1.7698404789     0.3000000119    
Counter({np.int64(1): 1999, np.int64(2): 1925, np.int64(0): 1326})
==== Stage 3: Domain-invariant + HardNCE ====
epoch            total_loss       cls_loss         dis_loss         hard_loss       
0                1.1475486755     0.7236713767     0.4238761663     0.0000038147    
  Source acc: 0.962286  |  Target acc: 0.754000
  Best target acc: 0.802667

======== ROUND 4 ========  [Ablation: M1]
==== Stage 1: SupCon Pre-training ====
epoch            total_loss       cls_loss        
0                0.2600229383     0.2600229383    
1                0.5464878678     0.5464878678    
==== Stage 2: Latent Domain PCL ====
epoch            total_loss       dis_loss         proto_loss       ent_pen_loss    
0                1.4177575111     0.9321997166     0.7496734262     0.1107210815    
Counter({np.int64(1): 2516, np.int64(0): 1480, np.int64(2): 1254})
==== Stage 3: Domain-invariant + HardNCE ====
epoch            total_loss       cls_loss         dis_loss         hard_loss       
0                0.9810170531     0.4099844694     0.5710314512     0.0000038147    
  Source acc: 0.980000  |  Target acc: 0.829333
  Best target acc: 0.829333

======== ROUND 5 ========  [Ablation: M1]
==== Stage 1: SupCon Pre-training ====
epoch            total_loss       cls_loss        
0                0.7275207043     0.7275207043    
1                0.0989883840     0.0989883840    
==== Stage 2: Latent Domain PCL ====
epoch            total_loss       dis_loss         proto_loss       ent_pen_loss    
0                1.6143573523     1.3843057156     0.2386610955     0.1107210815    
Counter({np.int64(1): 2168, np.int64(2): 1837, np.int64(0): 1245})
==== Stage 3: Domain-invariant + HardNCE ====
epoch            total_loss       cls_loss         dis_loss         hard_loss       
0                3.2175278664     2.4430639744     0.7744634151     0.0000014305    
  Source acc: 0.949333  |  Target acc: 0.744667
  Best target acc: 0.829333

======== ROUND 6 ========  [Ablation: M1]
==== Stage 1: SupCon Pre-training ====
epoch            total_loss       cls_loss        
0                3.7367696762     3.7367696762    
1                0.0245141946     0.0245141946    
==== Stage 2: Latent Domain PCL ====
epoch            total_loss       dis_loss         proto_loss       ent_pen_loss    
0                1.8156598806     1.6278462410     0.1541850120     0.1107210815    
Counter({np.int64(2): 1979, np.int64(0): 1809, np.int64(1): 1462})
==== Stage 3: Domain-invariant + HardNCE ====
epoch            total_loss       cls_loss         dis_loss         hard_loss       
0                4.4090299606     3.1846685410     1.2242069244     0.0005152225    
  Source acc: 0.960571  |  Target acc: 0.836667
  Best target acc: 0.836667

======== ROUND 7 ========  [Ablation: M1]
==== Stage 1: SupCon Pre-training ====
epoch            total_loss       cls_loss        
0                0.0324142836     0.0324142836    
1                0.6568229198     0.6568229198    
==== Stage 2: Latent Domain PCL ====
epoch            total_loss       dis_loss         proto_loss       ent_pen_loss    
0                3.7586605549     3.5208137035     0.2542515993     0.1107210815    
Counter({np.int64(1): 2014, np.int64(2): 1941, np.int64(0): 1295})
==== Stage 3: Domain-invariant + HardNCE ====
epoch            total_loss       cls_loss         dis_loss         hard_loss       
0                1.4790096283     0.8676534891     0.6113556623     0.0000014305    
  Source acc: 0.993333  |  Target acc: 0.847333
  Best target acc: 0.847333

======== ROUND 8 ========  [Ablation: M1]
==== Stage 1: SupCon Pre-training ====
epoch            total_loss       cls_loss        
0                5.1626596451     5.1626596451    
1                0.2145815492     0.2145815492    
==== Stage 2: Latent Domain PCL ====
epoch            total_loss       dis_loss         proto_loss       ent_pen_loss    
0                1.6491214037     1.2761254311     0.5245497227     0.1107210815    
Counter({np.int64(1): 2611, np.int64(2): 1591, np.int64(0): 1048})
==== Stage 3: Domain-invariant + HardNCE ====
epoch            total_loss       cls_loss         dis_loss         hard_loss       
0                0.5948232412     0.2534310222     0.3413913846     0.0000028610    
  Source acc: 0.989143  |  Target acc: 0.835333
  Best target acc: 0.847333

======== ROUND 9 ========  [Ablation: M1]
==== Stage 1: SupCon Pre-training ====
epoch            total_loss       cls_loss        
0                1.8540531397     1.8540531397    
1                6.7805743217     6.7805743217    
==== Stage 2: Latent Domain PCL ====
epoch            total_loss       dis_loss         proto_loss       ent_pen_loss    
0                3.3100578785     2.7248635292     0.9489464164     0.1107210815    
Counter({np.int64(1): 2808, np.int64(0): 1419, np.int64(2): 1023})
==== Stage 3: Domain-invariant + HardNCE ====
epoch            total_loss       cls_loss         dis_loss         hard_loss       
0                1.5885777473     0.1237235516     1.4648511410     0.0000102520    
  Source acc: 0.993143  |  Target acc: 0.844000
  Best target acc: 0.847333

======== ROUND 10 ========  [Ablation: M1]
==== Stage 1: SupCon Pre-training ====
epoch            total_loss       cls_loss        
0                0.0149567025     0.0149567025    
1                0.2223094404     0.2223094404    
==== Stage 2: Latent Domain PCL ====
epoch            total_loss       dis_loss         proto_loss       ent_pen_loss    
0                1.6990274191     1.5129362345     0.1507400721     0.1107210815    
Counter({np.int64(2): 1970, np.int64(0): 1767, np.int64(1): 1513})
==== Stage 3: Domain-invariant + HardNCE ====
epoch            total_loss       cls_loss         dis_loss         hard_loss       
0                3.9285094738     2.6138279438     1.3146798611     0.0000052452    
  Source acc: 0.999619  |  Target acc: 0.902000
  Best target acc: 0.902000

======== ROUND 11 ========  [Ablation: M1]
==== Stage 1: SupCon Pre-training ====
epoch            total_loss       cls_loss        
0                4.7571964264     4.7571964264    
1                5.1822786331     5.1822786331    
==== Stage 2: Latent Domain PCL ====
epoch            total_loss       dis_loss         proto_loss       ent_pen_loss    
0                4.2104597092     2.4090428352     3.0028338432     0.3000000119    
Counter({np.int64(2): 2043, np.int64(0): 1642, np.int64(1): 1565})
==== Stage 3: Domain-invariant + HardNCE ====
epoch            total_loss       cls_loss         dis_loss         hard_loss       
0                0.6506644487     0.0977395698     0.5529224873     0.0000078678    
  Source acc: 1.000000  |  Target acc: 0.904667
  Best target acc: 0.904667

======== ROUND 12 ========  [Ablation: M1]
==== Stage 1: SupCon Pre-training ====
epoch            total_loss       cls_loss        
0                0.0643454567     0.0643454567    
1                0.0393210873     0.0393210873    
==== Stage 2: Latent Domain PCL ====
epoch            total_loss       dis_loss         proto_loss       ent_pen_loss    
0                2.3122603893     2.1540770531     0.0949245319     0.1107210815    
Counter({np.int64(0): 2164, np.int64(2): 2049, np.int64(1): 1037})
==== Stage 3: Domain-invariant + HardNCE ====
epoch            total_loss       cls_loss         dis_loss         hard_loss       
0                2.1392960548     0.1584891975     1.9808030128     0.0000128746    
  Source acc: 1.000000  |  Target acc: 0.895333
  Best target acc: 0.904667

======== ROUND 13 ========  [Ablation: M1]
==== Stage 1: SupCon Pre-training ====
epoch            total_loss       cls_loss        
0                0.0155936284     0.0155936284    
1                0.0227958839     0.0227958839    
==== Stage 2: Latent Domain PCL ====
epoch            total_loss       dis_loss         proto_loss       ent_pen_loss    
0                1.3433313370     1.0610227585     0.3431750238     0.1107210815    
Counter({np.int64(2): 2001, np.int64(1): 1790, np.int64(0): 1459})
==== Stage 3: Domain-invariant + HardNCE ====
epoch            total_loss       cls_loss         dis_loss         hard_loss       
0                0.4076748788     0.1404446214     0.2672289610     0.0000042915    
  Source acc: 1.000000  |  Target acc: 0.914000
  Best target acc: 0.914000

======== ROUND 14 ========  [Ablation: M1]
==== Stage 1: SupCon Pre-training ====
epoch            total_loss       cls_loss        
0                0.0196980946     0.0196980946    
1                6.9368414879     6.9368414879    
==== Stage 2: Latent Domain PCL ====
epoch            total_loss       dis_loss         proto_loss       ent_pen_loss    
0                2.4596676826     1.4778140783     1.3637074232     0.3000000119    
Counter({np.int64(2): 1875, np.int64(0): 1839, np.int64(1): 1536})
==== Stage 3: Domain-invariant + HardNCE ====
epoch            total_loss       cls_loss         dis_loss         hard_loss       
0                0.4708597958     0.0196313858     0.4512268305     0.0000052452    
  Source acc: 1.000000  |  Target acc: 0.885333
  Best target acc: 0.914000

======== ROUND 15 ========  [Ablation: M1]
==== Stage 1: SupCon Pre-training ====
epoch            total_loss       cls_loss        
0                0.0198371317     0.0198371317    
1                0.5553590059     0.5553590059    
==== Stage 2: Latent Domain PCL ====
epoch            total_loss       dis_loss         proto_loss       ent_pen_loss    
0                1.0839010477     0.8494373560     0.2474851757     0.1107210815    
Counter({np.int64(2): 1881, np.int64(0): 1813, np.int64(1): 1556})
==== Stage 3: Domain-invariant + HardNCE ====
epoch            total_loss       cls_loss         dis_loss         hard_loss       
0                2.9184806347     1.0925014019     1.8259003162     0.0002632141    
  Source acc: 1.000000  |  Target acc: 0.906667
  Best target acc: 0.914000

======== ROUND 16 ========  [Ablation: M1]
==== Stage 1: SupCon Pre-training ====
epoch            total_loss       cls_loss        
0                4.1476154327     4.1476154327    
1                0.0450860038     0.0450860038    
==== Stage 2: Latent Domain PCL ====
epoch            total_loss       dis_loss         proto_loss       ent_pen_loss    
0                1.0316427946     0.5847079158     0.6724275351     0.1107210815    
Counter({np.int64(0): 2101, np.int64(2): 1982, np.int64(1): 1167})
==== Stage 3: Domain-invariant + HardNCE ====
epoch            total_loss       cls_loss         dis_loss         hard_loss       
0                1.0149286985     0.0226468015     0.9922810793     0.0000026226    
  Source acc: 1.000000  |  Target acc: 0.906000
  Best target acc: 0.914000

======== ROUND 17 ========  [Ablation: M1]
==== Stage 1: SupCon Pre-training ====
epoch            total_loss       cls_loss        
0                0.1927022040     0.1927022040    
1                4.7983031273     4.7983031273    
==== Stage 2: Latent Domain PCL ====
epoch            total_loss       dis_loss         proto_loss       ent_pen_loss    
0                1.4592144489     1.2987381220     0.0995104238     0.1107210815    
Counter({np.int64(0): 2246, np.int64(2): 2058, np.int64(1): 946})
==== Stage 3: Domain-invariant + HardNCE ====
epoch            total_loss       cls_loss         dis_loss         hard_loss       
0                0.6821273565     0.1528633684     0.5292615294     0.0000081062    
  Source acc: 1.000000  |  Target acc: 0.904000
  Best target acc: 0.914000

======== ROUND 18 ========  [Ablation: M1]
==== Stage 1: SupCon Pre-training ====
epoch            total_loss       cls_loss        
0                0.0208676979     0.0208676979    
1                0.2161851674     0.2161851674    
==== Stage 2: Latent Domain PCL ====
epoch            total_loss       dis_loss         proto_loss       ent_pen_loss    
0                1.0380719900     0.8275263309     0.1996490955     0.1107210815    
Counter({np.int64(0): 2481, np.int64(2): 2040, np.int64(1): 729})
==== Stage 3: Domain-invariant + HardNCE ====
epoch            total_loss       cls_loss         dis_loss         hard_loss       
0                0.3997760415     0.0396945998     0.3600810766     0.0000011921    
  Source acc: 1.000000  |  Target acc: 0.890000
  Best target acc: 0.914000

======== ROUND 19 ========  [Ablation: M1]
==== Stage 1: SupCon Pre-training ====
epoch            total_loss       cls_loss        
0                0.0151299909     0.0151299909    
1                0.0122072268     0.0122072268    
==== Stage 2: Latent Domain PCL ====
epoch            total_loss       dis_loss         proto_loss       ent_pen_loss    
0                2.5369968414     1.1656382084     2.5212750435     0.1107210815    
Counter({np.int64(0): 2593, np.int64(2): 1970, np.int64(1): 687})
==== Stage 3: Domain-invariant + HardNCE ====
epoch            total_loss       cls_loss         dis_loss         hard_loss       
0                0.1064373776     0.0253699832     0.0810671821     0.0000007153    
  Source acc: 1.000000  |  Target acc: 0.903333
  Best target acc: 0.914000

======== ROUND 20 ========  [Ablation: M1]
==== Stage 1: SupCon Pre-training ====
epoch            total_loss       cls_loss        
0                0.1641043723     0.1641043723    
1                0.0323757194     0.0323757194    
==== Stage 2: Latent Domain PCL ====
epoch            total_loss       dis_loss         proto_loss       ent_pen_loss    
0                1.5204305649     1.4074623585     0.0044942205     0.1107210815    
Counter({np.int64(0): 2574, np.int64(2): 1963, np.int64(1): 713})
==== Stage 3: Domain-invariant + HardNCE ====
epoch            total_loss       cls_loss         dis_loss         hard_loss       
0                2.3785939217     0.2666316628     2.1119618416     0.0000019073    
  Source acc: 1.000000  |  Target acc: 0.916667
  Best target acc: 0.916667

======== ROUND 21 ========  [Ablation: M1]
==== Stage 1: SupCon Pre-training ====
epoch            total_loss       cls_loss        
0                0.0344794653     0.0344794653    
1                0.0905831754     0.0905831754    
==== Stage 2: Latent Domain PCL ====
epoch            total_loss       dis_loss         proto_loss       ent_pen_loss    
0                3.0483787060     2.0733306408     1.3500962257     0.3000000119    
Counter({np.int64(0): 2584, np.int64(2): 1941, np.int64(1): 725})
==== Stage 3: Domain-invariant + HardNCE ====
epoch            total_loss       cls_loss         dis_loss         hard_loss       
0                4.6347489357     3.0917415619     1.5430006981     0.0000216961    
  Source acc: 1.000000  |  Target acc: 0.911333
  Best target acc: 0.916667

======== ROUND 22 ========  [Ablation: M1]
==== Stage 1: SupCon Pre-training ====
epoch            total_loss       cls_loss        
0                0.0506725833     0.0506725833    
1                0.0234640017     0.0234640017    
==== Stage 2: Latent Domain PCL ====
epoch            total_loss       dis_loss         proto_loss       ent_pen_loss    
0                1.3700861931     1.2220451832     0.0746397227     0.1107210815    
Counter({np.int64(0): 2650, np.int64(2): 1932, np.int64(1): 668})
==== Stage 3: Domain-invariant + HardNCE ====
epoch            total_loss       cls_loss         dis_loss         hard_loss       
0                2.1066548824     0.8192330003     1.2874182463     0.0000119209    
  Source acc: 1.000000  |  Target acc: 0.913333
  Best target acc: 0.916667

======== ROUND 23 ========  [Ablation: M1]
==== Stage 1: SupCon Pre-training ====
epoch            total_loss       cls_loss        
0                0.0925827846     0.0925827846    
1                0.3363485634     0.3363485634    
==== Stage 2: Latent Domain PCL ====
epoch            total_loss       dis_loss         proto_loss       ent_pen_loss    
0                1.3748911619     1.2558999062     0.0165403988     0.1107210815    
Counter({np.int64(0): 2738, np.int64(2): 1846, np.int64(1): 666})
==== Stage 3: Domain-invariant + HardNCE ====
epoch            total_loss       cls_loss         dis_loss         hard_loss       
0                4.4710135460     2.9199647903     1.5510480404     0.0000016689    
  Source acc: 1.000000  |  Target acc: 0.906000
  Best target acc: 0.916667

======== ROUND 24 ========  [Ablation: M1]
==== Stage 1: SupCon Pre-training ====
epoch            total_loss       cls_loss        
0                0.2827622890     0.2827622890    
1                4.0639119148     4.0639119148    
==== Stage 2: Latent Domain PCL ====
epoch            total_loss       dis_loss         proto_loss       ent_pen_loss    
0                4.0281014442     3.4832761288     0.8682088256     0.1107210815    
Counter({np.int64(0): 2741, np.int64(2): 1834, np.int64(1): 675})
==== Stage 3: Domain-invariant + HardNCE ====
epoch            total_loss       cls_loss         dis_loss         hard_loss       
0                2.0800659657     0.0309630036     2.0491018295     0.0000042915    
  Source acc: 1.000000  |  Target acc: 0.917333
  Best target acc: 0.917333

======== ROUND 25 ========  [Ablation: M1]
==== Stage 1: SupCon Pre-training ====
epoch            total_loss       cls_loss        
0                0.2019044012     0.2019044012    
1                0.0387809053     0.0387809053    
==== Stage 2: Latent Domain PCL ====
epoch            total_loss       dis_loss         proto_loss       ent_pen_loss    
0                3.1830599308     2.0563673973     1.6533854008     0.3000000119    
Counter({np.int64(0): 2713, np.int64(2): 1841, np.int64(1): 696})
==== Stage 3: Domain-invariant + HardNCE ====
epoch            total_loss       cls_loss         dis_loss         hard_loss       
0                9.9388246536     3.1466786861     6.7921357155     0.0000348091    
  Source acc: 1.000000  |  Target acc: 0.924000
  Best target acc: 0.924000

======== ROUND 26 ========  [Ablation: M1]
==== Stage 1: SupCon Pre-training ====
epoch            total_loss       cls_loss        
0                5.2949566841     5.2949566841    
1                0.0478144735     0.0478144735    
==== Stage 2: Latent Domain PCL ====
epoch            total_loss       dis_loss         proto_loss       ent_pen_loss    
0                3.9153289795     2.5782706738     2.0741167068     0.3000000119    
Counter({np.int64(0): 2842, np.int64(2): 1832, np.int64(1): 576})
==== Stage 3: Domain-invariant + HardNCE ====
epoch            total_loss       cls_loss         dis_loss         hard_loss       
0                0.9128313661     0.1374445707     0.7753793597     0.0000247955    
  Source acc: 1.000000  |  Target acc: 0.911333
  Best target acc: 0.924000

======== ROUND 27 ========  [Ablation: M1]
==== Stage 1: SupCon Pre-training ====
epoch            total_loss       cls_loss        
0                0.0143081155     0.0143081155    
1                5.9830236435     5.9830236435    
==== Stage 2: Latent Domain PCL ====
epoch            total_loss       dis_loss         proto_loss       ent_pen_loss    
0                5.2423200607     3.2073702812     3.4698991776     0.3000000119    
Counter({np.int64(0): 2826, np.int64(2): 1876, np.int64(1): 548})
==== Stage 3: Domain-invariant + HardNCE ====
epoch            total_loss       cls_loss         dis_loss         hard_loss       
0                4.2403016090     3.6397738457     0.6005271673     0.0000019073    
  Source acc: 1.000000  |  Target acc: 0.898667
  Best target acc: 0.924000

======== ROUND 28 ========  [Ablation: M1]
==== Stage 1: SupCon Pre-training ====
epoch            total_loss       cls_loss        
0                0.0136804758     0.0136804758    
1                0.9436526895     0.9436526895    
==== Stage 2: Latent Domain PCL ====
epoch            total_loss       dis_loss         proto_loss       ent_pen_loss    
0                3.1624331474     2.0677933693     1.9678372145     0.1107210815    
Counter({np.int64(0): 2969, np.int64(2): 1869, np.int64(1): 412})
==== Stage 3: Domain-invariant + HardNCE ====
epoch            total_loss       cls_loss         dis_loss         hard_loss       
0                2.8075976372     0.0810172707     2.7265772820     0.0000100136    
  Source acc: 1.000000  |  Target acc: 0.904667
  Best target acc: 0.924000

======== ROUND 29 ========  [Ablation: M1]
==== Stage 1: SupCon Pre-training ====
epoch            total_loss       cls_loss        
0                4.2293491364     4.2293491364    
1                0.8648936749     0.8648936749    
==== Stage 2: Latent Domain PCL ====
epoch            total_loss       dis_loss         proto_loss       ent_pen_loss    
0                2.9385783672     2.0327291489     1.2116987705     0.3000000119    
Counter({np.int64(0): 3047, np.int64(2): 1848, np.int64(1): 355})
==== Stage 3: Domain-invariant + HardNCE ====
epoch            total_loss       cls_loss         dis_loss         hard_loss       
0                0.9455007911     0.0713116899     0.8741854429     0.0000121593    
  Source acc: 1.000000  |  Target acc: 0.914667
  Best target acc: 0.924000

======== ROUND 30 ========  [Ablation: M1]
==== Stage 1: SupCon Pre-training ====
epoch            total_loss       cls_loss        
0                0.0794163495     0.0794163495    
1                0.1200622097     0.1200622097    
==== Stage 2: Latent Domain PCL ====
epoch            total_loss       dis_loss         proto_loss       ent_pen_loss    
0                1.5972239971     1.4788455963     0.0153145753     0.1107210815    
Counter({np.int64(0): 3059, np.int64(2): 1888, np.int64(1): 303})
==== Stage 3: Domain-invariant + HardNCE ====
epoch            total_loss       cls_loss         dis_loss         hard_loss       
0                0.1194771975     0.0458695702     0.0736072659     0.0000011921    
  Source acc: 1.000000  |  Target acc: 0.898000
  Best target acc: 0.924000

======== ROUND 31 ========  [Ablation: M1]
==== Stage 1: SupCon Pre-training ====
epoch            total_loss       cls_loss        
0                0.3167513013     0.3167513013    
1                0.0169557799     0.0169557799    
==== Stage 2: Latent Domain PCL ====
epoch            total_loss       dis_loss         proto_loss       ent_pen_loss    
0                4.2598495483     2.6892168522     2.5412652493     0.3000000119    
Counter({np.int64(0): 3182, np.int64(2): 1720, np.int64(1): 348})
==== Stage 3: Domain-invariant + HardNCE ====
epoch            total_loss       cls_loss         dis_loss         hard_loss       
0                0.3267985284     0.2652571499     0.0615390092     0.0000078678    
  Source acc: 1.000000  |  Target acc: 0.910000
  Best target acc: 0.924000

======== ROUND 32 ========  [Ablation: M1]
==== Stage 1: SupCon Pre-training ====
epoch            total_loss       cls_loss        
0                0.1020997465     0.1020997465    
1                0.1236977130     0.1236977130    
==== Stage 2: Latent Domain PCL ====
epoch            total_loss       dis_loss         proto_loss       ent_pen_loss    
0                1.9468257427     1.8216861486     0.0288370047     0.1107210815    
Counter({np.int64(0): 3218, np.int64(2): 1462, np.int64(1): 570})
==== Stage 3: Domain-invariant + HardNCE ====
epoch            total_loss       cls_loss         dis_loss         hard_loss       
0                0.6150344610     0.5432621241     0.0717704892     0.0000061989    
  Source acc: 1.000000  |  Target acc: 0.915333
  Best target acc: 0.924000

======== ROUND 33 ========  [Ablation: M1]
==== Stage 1: SupCon Pre-training ====
epoch            total_loss       cls_loss        
0                0.2105169892     0.2105169892    
1                0.0544094928     0.0544094928    
==== Stage 2: Latent Domain PCL ====
epoch            total_loss       dis_loss         proto_loss       ent_pen_loss    
0                4.2884287834     2.3469338417     3.2829899788     0.3000000119    
Counter({np.int64(0): 3116, np.int64(2): 1781, np.int64(1): 353})
==== Stage 3: Domain-invariant + HardNCE ====
epoch            total_loss       cls_loss         dis_loss         hard_loss       
0                0.7448269725     0.0758967102     0.6689274907     0.0000092983    
  Source acc: 1.000000  |  Target acc: 0.903333
  Best target acc: 0.924000

======== ROUND 34 ========  [Ablation: M1]
==== Stage 1: SupCon Pre-training ====
epoch            total_loss       cls_loss        
0                0.0047890008     0.0047890008    
1                0.0283606090     0.0283606090    
==== Stage 2: Latent Domain PCL ====
epoch            total_loss       dis_loss         proto_loss       ent_pen_loss    
0                1.2685576677     0.9196140766     0.4764448702     0.1107210815    
Counter({np.int64(0): 3172, np.int64(2): 1773, np.int64(1): 305})
==== Stage 3: Domain-invariant + HardNCE ====
epoch            total_loss       cls_loss         dis_loss         hard_loss       
0                0.0784442574     0.0250913352     0.0533522815     0.0000021458    
  Source acc: 1.000000  |  Target acc: 0.916000
  Best target acc: 0.924000

======== ROUND 35 ========  [Ablation: M1]
==== Stage 1: SupCon Pre-training ====
epoch            total_loss       cls_loss        
0                0.7434903383     0.7434903383    
1                0.6546159387     0.6546159387    
==== Stage 2: Latent Domain PCL ====
epoch            total_loss       dis_loss         proto_loss       ent_pen_loss    
0                3.3225128651     2.4236736298     1.1976783276     0.3000000119    
Counter({np.int64(0): 3228, np.int64(2): 1761, np.int64(1): 261})
==== Stage 3: Domain-invariant + HardNCE ====
epoch            total_loss       cls_loss         dis_loss         hard_loss       
0                0.1649204940     0.0559403598     0.1089794934     0.0000021458    
  Source acc: 1.000000  |  Target acc: 0.908667
  Best target acc: 0.924000

======== ROUND 36 ========  [Ablation: M1]
==== Stage 1: SupCon Pre-training ====
epoch            total_loss       cls_loss        
0                1.2473746538     1.2473746538    
1                0.0457136072     0.0457136072    
==== Stage 2: Latent Domain PCL ====
epoch            total_loss       dis_loss         proto_loss       ent_pen_loss    
0                1.3956977129     1.2789083719     0.0121364873     0.1107210815    
Counter({np.int64(0): 3305, np.int64(2): 1760, np.int64(1): 185})
==== Stage 3: Domain-invariant + HardNCE ====
epoch            total_loss       cls_loss         dis_loss         hard_loss       
0                5.5609474182     3.4057836533     2.1551599503     0.0000121593    
  Source acc: 1.000000  |  Target acc: 0.909333
  Best target acc: 0.924000

======== ROUND 37 ========  [Ablation: M1]
==== Stage 1: SupCon Pre-training ====
epoch            total_loss       cls_loss        
0                0.4658268988     0.4658268988    
1                0.0664774477     0.0664774477    
==== Stage 2: Latent Domain PCL ====
epoch            total_loss       dis_loss         proto_loss       ent_pen_loss    
0                1.1892440319     1.0697842836     0.0174772814     0.1107210815    
Counter({np.int64(0): 3443, np.int64(2): 1601, np.int64(1): 206})
==== Stage 3: Domain-invariant + HardNCE ====
epoch            total_loss       cls_loss         dis_loss         hard_loss       
0                0.9004241228     0.1140693650     0.7863538265     0.0000030994    
  Source acc: 1.000000  |  Target acc: 0.902000
  Best target acc: 0.924000

======== ROUND 38 ========  [Ablation: M1]
==== Stage 1: SupCon Pre-training ====
epoch            total_loss       cls_loss        
0                0.0330939963     0.0330939963    
1                0.0412529856     0.0412529856    
==== Stage 2: Latent Domain PCL ====
epoch            total_loss       dis_loss         proto_loss       ent_pen_loss    
0                1.6406052113     1.5173820257     0.0250041559     0.1107210815    
Counter({np.int64(0): 3419, np.int64(2): 1731, np.int64(1): 100})
==== Stage 3: Domain-invariant + HardNCE ====
epoch            total_loss       cls_loss         dis_loss         hard_loss       
0                0.2416937649     0.1191459671     0.1225468665     0.0000030994    
  Source acc: 1.000000  |  Target acc: 0.916667
  Best target acc: 0.924000

======== ROUND 39 ========  [Ablation: M1]
==== Stage 1: SupCon Pre-training ====
epoch            total_loss       cls_loss        
0                0.1393922269     0.1393922269    
1                6.0940127373     6.0940127373    
==== Stage 2: Latent Domain PCL ====
epoch            total_loss       dis_loss         proto_loss       ent_pen_loss    
0                4.1724514961     1.9471088648     3.8506853580     0.3000000119    
Counter({np.int64(0): 3492, np.int64(2): 1708, np.int64(1): 50})
==== Stage 3: Domain-invariant + HardNCE ====
epoch            total_loss       cls_loss         dis_loss         hard_loss       
0                0.2914974689     0.1192213297     0.1722746938     0.0000047684    
  Source acc: 1.000000  |  Target acc: 0.912000
  Best target acc: 0.924000

======== ROUND 40 ========  [Ablation: M1]
==== Stage 1: SupCon Pre-training ====
epoch            total_loss       cls_loss        
0                0.2339599282     0.2339599282    
1                0.0182418935     0.0182418935    
==== Stage 2: Latent Domain PCL ====
epoch            total_loss       dis_loss         proto_loss       ent_pen_loss    
0                1.4401601553     1.3220868111     0.0147045627     0.1107210815    
Counter({np.int64(0): 3421, np.int64(2): 1730, np.int64(1): 99})
==== Stage 3: Domain-invariant + HardNCE ====
epoch            total_loss       cls_loss         dis_loss         hard_loss       
0                1.8954579830     0.1790845841     1.7163729668     0.0000016689    
  Source acc: 1.000000  |  Target acc: 0.918000
  Best target acc: 0.924000

======== ROUND 41 ========  [Ablation: M1]
==== Stage 1: SupCon Pre-training ====
epoch            total_loss       cls_loss        
0                0.0426535159     0.0426535159    
1                0.3751503229     0.3751503229    
==== Stage 2: Latent Domain PCL ====
epoch            total_loss       dis_loss         proto_loss       ent_pen_loss    
0                4.1663618088     3.3874771595     0.9577695131     0.3000000119    
Counter({np.int64(0): 3189, np.int64(2): 1748, np.int64(1): 313})
==== Stage 3: Domain-invariant + HardNCE ====
epoch            total_loss       cls_loss         dis_loss         hard_loss       
0                9.4196748734     2.7487220764     6.6709475517     0.0000152588    
  Source acc: 1.000000  |  Target acc: 0.918000
  Best target acc: 0.924000

======== ROUND 42 ========  [Ablation: M1]
==== Stage 1: SupCon Pre-training ====
epoch            total_loss       cls_loss        
0                0.0184568539     0.0184568539    
1                4.5905933380     4.5905933380    
==== Stage 2: Latent Domain PCL ====
epoch            total_loss       dis_loss         proto_loss       ent_pen_loss    
0                3.4928216934     3.0818011761     0.6005989909     0.1107210815    
Counter({np.int64(0): 3455, np.int64(2): 1752, np.int64(1): 43})
==== Stage 3: Domain-invariant + HardNCE ====
epoch            total_loss       cls_loss         dis_loss         hard_loss       
0                5.6576151848     2.7585449219     2.8990676403     0.0000073910    
  Source acc: 1.000000  |  Target acc: 0.910000
  Best target acc: 0.924000

======== ROUND 43 ========  [Ablation: M1]
==== Stage 1: SupCon Pre-training ====
epoch            total_loss       cls_loss        
0                5.8220548630     5.8220548630    
1                4.4032974243     4.4032974243    
==== Stage 2: Latent Domain PCL ====
epoch            total_loss       dis_loss         proto_loss       ent_pen_loss    
0                1.2796125412     1.1560057402     0.0257712640     0.1107210815    
Counter({np.int64(0): 3477, np.int64(2): 1696, np.int64(1): 77})
==== Stage 3: Domain-invariant + HardNCE ====
epoch            total_loss       cls_loss         dis_loss         hard_loss       
0                0.1311440915     0.0433897786     0.0877540261     0.0000009537    
  Source acc: 1.000000  |  Target acc: 0.915333
  Best target acc: 0.924000

======== ROUND 44 ========  [Ablation: M1]
==== Stage 1: SupCon Pre-training ====
epoch            total_loss       cls_loss        
0                5.4766159058     5.4766159058    
1                0.0081967795     0.0081967795    
==== Stage 2: Latent Domain PCL ====
epoch            total_loss       dis_loss         proto_loss       ent_pen_loss    
0                1.7187256813     1.5927089453     0.0305911694     0.1107210815    
Counter({np.int64(0): 3465, np.int64(2): 1718, np.int64(1): 67})
==== Stage 3: Domain-invariant + HardNCE ====
epoch            total_loss       cls_loss         dis_loss         hard_loss       
0                3.6083135605     0.8577422500     2.7505707741     0.0000019073    
  Source acc: 1.000000  |  Target acc: 0.921333
  Best target acc: 0.924000

======== ROUND 45 ========  [Ablation: M1]
==== Stage 1: SupCon Pre-training ====
epoch            total_loss       cls_loss        
0                5.1646795273     5.1646795273    
1                0.0168148745     0.0168148745    
==== Stage 2: Latent Domain PCL ====
epoch            total_loss       dis_loss         proto_loss       ent_pen_loss    
0                4.9826521873     3.5274806023     2.3103427887     0.3000000119    
Counter({np.int64(0): 3423, np.int64(2): 1751, np.int64(1): 76})
==== Stage 3: Domain-invariant + HardNCE ====
epoch            total_loss       cls_loss         dis_loss         hard_loss       
0                0.1212452054     0.0562905967     0.0649536103     0.0000033379    
  Source acc: 1.000000  |  Target acc: 0.912000
  Best target acc: 0.924000

======== ROUND 46 ========  [Ablation: M1]
==== Stage 1: SupCon Pre-training ====
epoch            total_loss       cls_loss        
0                0.0179781467     0.0179781467    
1                0.0087233186     0.0087233186    
==== Stage 2: Latent Domain PCL ====
epoch            total_loss       dis_loss         proto_loss       ent_pen_loss    
0                5.2768044472     2.9210839272     4.1114406586     0.3000000119    
Counter({np.int64(0): 3469, np.int64(2): 1753, np.int64(1): 28})
==== Stage 3: Domain-invariant + HardNCE ====
epoch            total_loss       cls_loss         dis_loss         hard_loss       
0                0.4073320031     0.0650086254     0.3423215151     0.0000061989    
  Source acc: 1.000000  |  Target acc: 0.893333
  Best target acc: 0.924000

======== ROUND 47 ========  [Ablation: M1]
==== Stage 1: SupCon Pre-training ====
epoch            total_loss       cls_loss        
0                4.9909987450     4.9909987450    
1                0.0336537287     0.0336537287    
==== Stage 2: Latent Domain PCL ====
epoch            total_loss       dis_loss         proto_loss       ent_pen_loss    
0                6.2084097862     3.7978405952     4.2211380005     0.3000000119    
Counter({np.int64(0): 3508, np.int64(2): 1706, np.int64(1): 36})
==== Stage 3: Domain-invariant + HardNCE ====
epoch            total_loss       cls_loss         dis_loss         hard_loss       
0                0.1732642949     0.0531159341     0.1201477200     0.0000021458    
  Source acc: 1.000000  |  Target acc: 0.905333
  Best target acc: 0.924000

======== ROUND 48 ========  [Ablation: M1]
==== Stage 1: SupCon Pre-training ====
epoch            total_loss       cls_loss        
0                0.0491569340     0.0491569340    
1                0.0144866351     0.0144866351    
==== Stage 2: Latent Domain PCL ====
epoch            total_loss       dis_loss         proto_loss       ent_pen_loss    
0                4.4231653214     2.8558974266     2.5345351696     0.3000000119    
Counter({np.int64(0): 3490, np.int64(2): 1731, np.int64(1): 29})
==== Stage 3: Domain-invariant + HardNCE ====
epoch            total_loss       cls_loss         dis_loss         hard_loss       
0                0.1025956795     0.0332027376     0.0693925098     0.0000014305    
  Source acc: 1.000000  |  Target acc: 0.914000
  Best target acc: 0.924000

======== ROUND 49 ========  [Ablation: M1]
==== Stage 1: SupCon Pre-training ====
epoch            total_loss       cls_loss        
0                0.0489077121     0.0489077121    
1                0.0299561545     0.0299561545    
==== Stage 2: Latent Domain PCL ====
epoch            total_loss       dis_loss         proto_loss       ent_pen_loss    
0                0.9035584927     0.7806776762     0.0243193563     0.1107210815    
Counter({np.int64(0): 3495, np.int64(2): 1715, np.int64(1): 40})
==== Stage 3: Domain-invariant + HardNCE ====
epoch            total_loss       cls_loss         dis_loss         hard_loss       
0                5.0833020210     2.5939779282     2.4893229008     0.0000040531    
  Source acc: 1.000000  |  Target acc: 0.918000
  Best target acc: 0.924000
[ConfMatrix] saved to log/abl_widar1ap_cross_user_M1_s1 (cm shape=(6, 6))

Results saved to log/abl_widar1ap_cross_user_M1_s1
acc.txt: log/abl_widar1ap_cross_user_M1_s1/acc.txt
bestacc.txt: log/abl_widar1ap_cross_user_M1_s1/bestacc.txt
