[Seed] global random seed set to 3

[Ablation Mode] M2
[WidarDataset] loaded 5400 samples, gesture_map={'G01': 0, 'G02': 1, 'G03': 2, 'G04': 3, 'G05': 4, 'G06': 5}
[WidarDataset] loaded 1350 samples, gesture_map={'G01': 0, 'G02': 1, 'G03': 2, 'G04': 3, 'G05': 4, 'G06': 5}
[WidarDataset] loaded 5400 samples, gesture_map={'G01': 0, 'G02': 1, 'G03': 2, 'G04': 3, 'G05': 4, 'G06': 5}
Train set size: 5400 samples, 169 batches
Test set size:  1350 samples, 43 batches
Source eval size: 5400 samples

[Direction Sensitivity] Manual weights (dir_w=0.5): {0: 0.0, 1: 0.0, 2: 0.0, 3: 0.0, 4: 0.0, 5: 0.0}

======== ROUND 0 ========  [Ablation: M2]
==== Stage 1: SupCon Pre-training ====
epoch            total_loss       cls_loss         supcon_loss     
0                3.7116930485     0.6226245761     6.1781368256    
1                3.3980345726     0.6155230403     5.5650229454    
==== Stage 2: SKIPPED (M2 ablation) ====
  Random domain assignment: Counter({0: 1810, 2: 1800, 1: 1790})
==== Stage 3: Domain-invariant + HardNCE ====
epoch            total_loss       cls_loss         dis_loss         hard_loss       
0                1.5599069595     0.3688652813     1.1110887527     0.2665100396    
  Source acc: 0.820370  |  Target acc: 0.817778
  Best target acc: 0.817778

======== ROUND 1 ========  [Ablation: M2]
==== Stage 1: SupCon Pre-training ====
epoch            total_loss       cls_loss         supcon_loss     
0                3.0456907749     0.1889904588     5.7134008408    
1                3.2128980160     0.4039808810     5.6178340912    
==== Stage 2: SKIPPED (M2 ablation) ====
  Random domain assignment: Counter({2: 1808, 0: 1805, 1: 1787})
==== Stage 3: Domain-invariant + HardNCE ====
epoch            total_loss       cls_loss         dis_loss         hard_loss       
0                1.6883136034     0.5383610129     1.0772511959     0.2423377037    
  Source acc: 0.969259  |  Target acc: 0.944444
  Best target acc: 0.944444

======== ROUND 2 ========  [Ablation: M2]
==== Stage 1: SupCon Pre-training ====
epoch            total_loss       cls_loss         supcon_loss     
0                3.0656404495     0.1727440506     5.7857928276    
1                3.1405153275     0.4017184079     5.4775938988    
==== Stage 2: SKIPPED (M2 ablation) ====
  Random domain assignment: Counter({0: 1823, 1: 1803, 2: 1774})
==== Stage 3: Domain-invariant + HardNCE ====
epoch            total_loss       cls_loss         dis_loss         hard_loss       
0                1.6145068407     0.4131653309     1.1435811520     0.1925343871    
  Source acc: 0.985185  |  Target acc: 0.949630
  Best target acc: 0.949630

======== ROUND 3 ========  [Ablation: M2]
==== Stage 1: SupCon Pre-training ====
epoch            total_loss       cls_loss        
0                0.1266172379     0.1266172379    
1                0.1190753803     0.1190753803    
==== Stage 2: SKIPPED (M2 ablation) ====
  Random domain assignment: Counter({1: 1837, 2: 1797, 0: 1766})
==== Stage 3: Domain-invariant + HardNCE ====
epoch            total_loss       cls_loss         dis_loss         hard_loss       
0                1.2177156210     0.0640983582     1.0985745192     0.1834757030    
  Source acc: 0.977778  |  Target acc: 0.943704
  Best target acc: 0.949630

======== ROUND 4 ========  [Ablation: M2]
==== Stage 1: SupCon Pre-training ====
epoch            total_loss       cls_loss        
0                0.5830657482     0.5830657482    
1                0.0290486738     0.0290486738    
==== Stage 2: SKIPPED (M2 ablation) ====
  Random domain assignment: Counter({2: 1819, 1: 1794, 0: 1787})
==== Stage 3: Domain-invariant + HardNCE ====
epoch            total_loss       cls_loss         dis_loss         hard_loss       
0                1.7405496836     0.6398702264     1.0263808966     0.2476617098    
  Source acc: 0.985185  |  Target acc: 0.945926
  Best target acc: 0.949630

======== ROUND 5 ========  [Ablation: M2]
==== Stage 1: SupCon Pre-training ====
epoch            total_loss       cls_loss        
0                0.4193294346     0.4193294346    
1                0.0507462583     0.0507462583    
==== Stage 2: SKIPPED (M2 ablation) ====
  Random domain assignment: Counter({1: 1845, 0: 1795, 2: 1760})
==== Stage 3: Domain-invariant + HardNCE ====
epoch            total_loss       cls_loss         dis_loss         hard_loss       
0                1.1938652992     0.0681252703     1.0846991539     0.1368029565    
  Source acc: 0.995556  |  Target acc: 0.960741
  Best target acc: 0.960741

======== ROUND 6 ========  [Ablation: M2]
==== Stage 1: SupCon Pre-training ====
epoch            total_loss       cls_loss        
0                0.1228727698     0.1228727698    
1                0.0306974594     0.0306974594    
==== Stage 2: SKIPPED (M2 ablation) ====
  Random domain assignment: Counter({0: 1856, 1: 1790, 2: 1754})
==== Stage 3: Domain-invariant + HardNCE ====
epoch            total_loss       cls_loss         dis_loss         hard_loss       
0                1.2082890272     0.0482239611     1.0795054436     0.2685318589    
  Source acc: 0.992407  |  Target acc: 0.960000
  Best target acc: 0.960741

======== ROUND 7 ========  [Ablation: M2]
==== Stage 1: SupCon Pre-training ====
epoch            total_loss       cls_loss        
0                0.2472411394     0.2472411394    
1                0.0253436044     0.0253436044    
==== Stage 2: SKIPPED (M2 ablation) ====
  Random domain assignment: Counter({0: 1828, 1: 1826, 2: 1746})
==== Stage 3: Domain-invariant + HardNCE ====
epoch            total_loss       cls_loss         dis_loss         hard_loss       
0                1.2779730558     0.0954123959     1.1360957623     0.1548830718    
  Source acc: 0.996852  |  Target acc: 0.968148
  Best target acc: 0.968148

======== ROUND 8 ========  [Ablation: M2]
==== Stage 1: SupCon Pre-training ====
epoch            total_loss       cls_loss        
0                0.0155648990     0.0155648990    
1                0.0443655290     0.0443655290    
==== Stage 2: SKIPPED (M2 ablation) ====
  Random domain assignment: Counter({2: 1815, 1: 1804, 0: 1781})
==== Stage 3: Domain-invariant + HardNCE ====
epoch            total_loss       cls_loss         dis_loss         hard_loss       
0                1.3026467562     0.0984088778     1.1400961876     0.2138052583    
  Source acc: 0.993148  |  Target acc: 0.960000
  Best target acc: 0.968148

======== ROUND 9 ========  [Ablation: M2]
==== Stage 1: SupCon Pre-training ====
epoch            total_loss       cls_loss        
0                0.3404042721     0.3404042721    
1                0.0061504585     0.0061504585    
==== Stage 2: SKIPPED (M2 ablation) ====
  Random domain assignment: Counter({0: 1898, 2: 1788, 1: 1714})
==== Stage 3: Domain-invariant + HardNCE ====
epoch            total_loss       cls_loss         dis_loss         hard_loss       
0                1.4604884386     0.2798411548     1.0988615751     0.2726189792    
  Source acc: 0.998889  |  Target acc: 0.971111
  Best target acc: 0.971111

======== ROUND 10 ========  [Ablation: M2]
==== Stage 1: SupCon Pre-training ====
epoch            total_loss       cls_loss        
0                0.0051712226     0.0051712226    
1                0.0074070455     0.0074070455    
==== Stage 2: SKIPPED (M2 ablation) ====
  Random domain assignment: Counter({1: 1818, 0: 1792, 2: 1790})
==== Stage 3: Domain-invariant + HardNCE ====
epoch            total_loss       cls_loss         dis_loss         hard_loss       
0                1.2058695555     0.0118901553     1.1552255154     0.1291793883    
  Source acc: 1.000000  |  Target acc: 0.974074
  Best target acc: 0.974074

======== ROUND 11 ========  [Ablation: M2]
==== Stage 1: SupCon Pre-training ====
epoch            total_loss       cls_loss        
0                0.0092174215     0.0092174215    
1                0.0018969495     0.0018969495    
==== Stage 2: SKIPPED (M2 ablation) ====
  Random domain assignment: Counter({0: 1820, 1: 1794, 2: 1786})
==== Stage 3: Domain-invariant + HardNCE ====
epoch            total_loss       cls_loss         dis_loss         hard_loss       
0                1.1944040060     0.0269676689     1.1187046766     0.1624388546    
  Source acc: 1.000000  |  Target acc: 0.977778
  Best target acc: 0.977778

======== ROUND 12 ========  [Ablation: M2]
==== Stage 1: SupCon Pre-training ====
epoch            total_loss       cls_loss        
0                0.0073004742     0.0073004742    
1                0.0116200447     0.0116200447    
==== Stage 2: SKIPPED (M2 ablation) ====
  Random domain assignment: Counter({1: 1839, 0: 1787, 2: 1774})
==== Stage 3: Domain-invariant + HardNCE ====
epoch            total_loss       cls_loss         dis_loss         hard_loss       
0                1.2382113934     0.0651781335     1.1226705313     0.1678756475    
  Source acc: 1.000000  |  Target acc: 0.977037
  Best target acc: 0.977778

======== ROUND 13 ========  [Ablation: M2]
==== Stage 1: SupCon Pre-training ====
epoch            total_loss       cls_loss        
0                0.2037293464     0.2037293464    
1                0.0023290731     0.0023290731    
==== Stage 2: SKIPPED (M2 ablation) ====
  Random domain assignment: Counter({1: 1825, 0: 1802, 2: 1773})
==== Stage 3: Domain-invariant + HardNCE ====
epoch            total_loss       cls_loss         dis_loss         hard_loss       
0                1.2006890774     0.0117098531     1.1551965475     0.1126091480    
  Source acc: 1.000000  |  Target acc: 0.977037
  Best target acc: 0.977778

======== ROUND 14 ========  [Ablation: M2]
==== Stage 1: SupCon Pre-training ====
epoch            total_loss       cls_loss        
0                0.0053222827     0.0053222827    
1                0.0020578876     0.0020578876    
==== Stage 2: SKIPPED (M2 ablation) ====
  Random domain assignment: Counter({1: 1855, 2: 1781, 0: 1764})
==== Stage 3: Domain-invariant + HardNCE ====
epoch            total_loss       cls_loss         dis_loss         hard_loss       
0                1.1736608744     0.0132243447     1.1308797598     0.0985223055    
  Source acc: 1.000000  |  Target acc: 0.977778
  Best target acc: 0.977778

======== ROUND 15 ========  [Ablation: M2]
==== Stage 1: SupCon Pre-training ====
epoch            total_loss       cls_loss        
0                0.0018548891     0.0018548891    
1                0.0075101815     0.0075101815    
==== Stage 2: SKIPPED (M2 ablation) ====
  Random domain assignment: Counter({2: 1820, 1: 1804, 0: 1776})
==== Stage 3: Domain-invariant + HardNCE ====
epoch            total_loss       cls_loss         dis_loss         hard_loss       
0                1.1775422096     0.0068515302     1.1423617601     0.0944298357    
  Source acc: 1.000000  |  Target acc: 0.974074
  Best target acc: 0.977778

======== ROUND 16 ========  [Ablation: M2]
==== Stage 1: SupCon Pre-training ====
epoch            total_loss       cls_loss        
0                0.0015764079     0.0015764079    
1                0.0006885882     0.0006885882    
==== Stage 2: SKIPPED (M2 ablation) ====
  Random domain assignment: Counter({0: 1822, 2: 1802, 1: 1776})
==== Stage 3: Domain-invariant + HardNCE ====
epoch            total_loss       cls_loss         dis_loss         hard_loss       
0                1.1315829754     0.0127504254     1.0908188820     0.0933791846    
  Source acc: 1.000000  |  Target acc: 0.978519
  Best target acc: 0.978519

======== ROUND 17 ========  [Ablation: M2]
==== Stage 1: SupCon Pre-training ====
epoch            total_loss       cls_loss        
0                0.0009189484     0.0009189484    
1                0.0020214750     0.0020214750    
==== Stage 2: SKIPPED (M2 ablation) ====
  Random domain assignment: Counter({0: 1866, 2: 1783, 1: 1751})
==== Stage 3: Domain-invariant + HardNCE ====
epoch            total_loss       cls_loss         dis_loss         hard_loss       
0                1.1700482368     0.0048335721     1.1361507177     0.0968797058    
  Source acc: 1.000000  |  Target acc: 0.976296
  Best target acc: 0.978519

======== ROUND 18 ========  [Ablation: M2]
==== Stage 1: SupCon Pre-training ====
epoch            total_loss       cls_loss        
0                0.0024960905     0.0024960905    
1                0.0023217683     0.0023217683    
==== Stage 2: SKIPPED (M2 ablation) ====
  Random domain assignment: Counter({1: 1805, 2: 1802, 0: 1793})
==== Stage 3: Domain-invariant + HardNCE ====
epoch            total_loss       cls_loss         dis_loss         hard_loss       
0                1.1379522085     0.0087480415     1.0792374611     0.1665554643    
  Source acc: 1.000000  |  Target acc: 0.974074
  Best target acc: 0.978519

======== ROUND 19 ========  [Ablation: M2]
==== Stage 1: SupCon Pre-training ====
epoch            total_loss       cls_loss        
0                0.0044472283     0.0044472283    
1                0.0116122514     0.0116122514    
==== Stage 2: SKIPPED (M2 ablation) ====
  Random domain assignment: Counter({0: 1839, 1: 1804, 2: 1757})
==== Stage 3: Domain-invariant + HardNCE ====
epoch            total_loss       cls_loss         dis_loss         hard_loss       
0                1.1454252005     0.0040646312     1.1043715477     0.1232966408    
  Source acc: 1.000000  |  Target acc: 0.977778
  Best target acc: 0.978519

======== ROUND 20 ========  [Ablation: M2]
==== Stage 1: SupCon Pre-training ====
epoch            total_loss       cls_loss        
0                0.0011395876     0.0011395876    
1                0.0163276251     0.0163276251    
==== Stage 2: SKIPPED (M2 ablation) ====
  Random domain assignment: Counter({2: 1815, 0: 1812, 1: 1773})
==== Stage 3: Domain-invariant + HardNCE ====
epoch            total_loss       cls_loss         dis_loss         hard_loss       
0                1.1559407711     0.0041327723     1.0971584320     0.1821653843    
  Source acc: 1.000000  |  Target acc: 0.977037
  Best target acc: 0.978519

======== ROUND 21 ========  [Ablation: M2]
==== Stage 1: SupCon Pre-training ====
epoch            total_loss       cls_loss        
0                0.0012314919     0.0012314919    
1                0.0005042947     0.0005042947    
==== Stage 2: SKIPPED (M2 ablation) ====
  Random domain assignment: Counter({1: 1826, 0: 1819, 2: 1755})
==== Stage 3: Domain-invariant + HardNCE ====
epoch            total_loss       cls_loss         dis_loss         hard_loss       
0                1.1652137041     0.0137971127     1.1116087437     0.1326925457    
  Source acc: 1.000000  |  Target acc: 0.979259
  Best target acc: 0.979259

======== ROUND 22 ========  [Ablation: M2]
==== Stage 1: SupCon Pre-training ====
epoch            total_loss       cls_loss        
0                0.0017543343     0.0017543343    
1                0.0043618544     0.0043618544    
==== Stage 2: SKIPPED (M2 ablation) ====
  Random domain assignment: Counter({0: 1853, 1: 1789, 2: 1758})
==== Stage 3: Domain-invariant + HardNCE ====
epoch            total_loss       cls_loss         dis_loss         hard_loss       
0                1.1569126844     0.0043678358     1.1244127750     0.0937737674    
  Source acc: 1.000000  |  Target acc: 0.978519
  Best target acc: 0.979259

======== ROUND 23 ========  [Ablation: M2]
==== Stage 1: SupCon Pre-training ====
epoch            total_loss       cls_loss        
0                0.0014258673     0.0014258673    
1                0.0006389892     0.0006389892    
==== Stage 2: SKIPPED (M2 ablation) ====
  Random domain assignment: Counter({1: 1834, 0: 1793, 2: 1773})
==== Stage 3: Domain-invariant + HardNCE ====
epoch            total_loss       cls_loss         dis_loss         hard_loss       
0                1.1836010218     0.0507481210     1.0980913639     0.1158719063    
  Source acc: 1.000000  |  Target acc: 0.977778
  Best target acc: 0.979259

======== ROUND 24 ========  [Ablation: M2]
==== Stage 1: SupCon Pre-training ====
epoch            total_loss       cls_loss        
0                0.0676086619     0.0676086619    
1                0.0033344580     0.0033344580    
==== Stage 2: SKIPPED (M2 ablation) ====
  Random domain assignment: Counter({1: 1815, 0: 1803, 2: 1782})
==== Stage 3: Domain-invariant + HardNCE ====
epoch            total_loss       cls_loss         dis_loss         hard_loss       
0                1.1716011763     0.0027319908     1.1107990742     0.1935667843    
  Source acc: 1.000000  |  Target acc: 0.978519
  Best target acc: 0.979259

======== ROUND 25 ========  [Ablation: M2]
==== Stage 1: SupCon Pre-training ====
epoch            total_loss       cls_loss        
0                0.0011207290     0.0011207290    
1                0.1339381188     0.1339381188    
==== Stage 2: SKIPPED (M2 ablation) ====
  Random domain assignment: Counter({0: 1824, 2: 1824, 1: 1752})
==== Stage 3: Domain-invariant + HardNCE ====
epoch            total_loss       cls_loss         dis_loss         hard_loss       
0                1.1590873003     0.0091045341     1.0965275764     0.1781840026    
  Source acc: 1.000000  |  Target acc: 0.977037
  Best target acc: 0.979259

======== ROUND 26 ========  [Ablation: M2]
==== Stage 1: SupCon Pre-training ====
epoch            total_loss       cls_loss        
0                0.0011473483     0.0011473483    
1                0.0005424295     0.0005424295    
==== Stage 2: SKIPPED (M2 ablation) ====
  Random domain assignment: Counter({0: 1868, 2: 1790, 1: 1742})
==== Stage 3: Domain-invariant + HardNCE ====
epoch            total_loss       cls_loss         dis_loss         hard_loss       
0                1.1617581844     0.0210808516     1.1017611027     0.1297209114    
  Source acc: 1.000000  |  Target acc: 0.977778
  Best target acc: 0.979259

======== ROUND 27 ========  [Ablation: M2]
==== Stage 1: SupCon Pre-training ====
epoch            total_loss       cls_loss        
0                0.0019420004     0.0019420004    
1                0.0011463271     0.0011463271    
==== Stage 2: SKIPPED (M2 ablation) ====
  Random domain assignment: Counter({0: 1811, 2: 1798, 1: 1791})
==== Stage 3: Domain-invariant + HardNCE ====
epoch            total_loss       cls_loss         dis_loss         hard_loss       
0                1.1520688534     0.0244501159     1.1019283533     0.0856348500    
  Source acc: 1.000000  |  Target acc: 0.978519
  Best target acc: 0.979259

======== ROUND 28 ========  [Ablation: M2]
==== Stage 1: SupCon Pre-training ====
epoch            total_loss       cls_loss        
0                0.0012314297     0.0012314297    
1                0.0007977779     0.0007977779    
==== Stage 2: SKIPPED (M2 ablation) ====
  Random domain assignment: Counter({2: 1814, 0: 1796, 1: 1790})
==== Stage 3: Domain-invariant + HardNCE ====
epoch            total_loss       cls_loss         dis_loss         hard_loss       
0                1.0960297585     0.0048479615     1.0581893921     0.1099744067    
  Source acc: 1.000000  |  Target acc: 0.980741
  Best target acc: 0.980741

======== ROUND 29 ========  [Ablation: M2]
==== Stage 1: SupCon Pre-training ====
epoch            total_loss       cls_loss        
0                0.0003692753     0.0003692753    
1                0.0007769689     0.0007769689    
==== Stage 2: SKIPPED (M2 ablation) ====
  Random domain assignment: Counter({0: 1836, 1: 1825, 2: 1739})
==== Stage 3: Domain-invariant + HardNCE ====
epoch            total_loss       cls_loss         dis_loss         hard_loss       
0                1.1525740623     0.0055176504     1.1094603539     0.1253202409    
  Source acc: 1.000000  |  Target acc: 0.977778
  Best target acc: 0.980741

======== ROUND 30 ========  [Ablation: M2]
==== Stage 1: SupCon Pre-training ====
epoch            total_loss       cls_loss        
0                0.0016402015     0.0016402015    
1                0.0006613358     0.0006613358    
==== Stage 2: SKIPPED (M2 ablation) ====
  Random domain assignment: Counter({0: 1827, 1: 1789, 2: 1784})
==== Stage 3: Domain-invariant + HardNCE ====
epoch            total_loss       cls_loss         dis_loss         hard_loss       
0                1.1387975216     0.0032478727     1.1060374975     0.0983737335    
  Source acc: 1.000000  |  Target acc: 0.980000
  Best target acc: 0.980741

======== ROUND 31 ========  [Ablation: M2]
==== Stage 1: SupCon Pre-training ====
epoch            total_loss       cls_loss        
0                0.0003626981     0.0003626981    
1                0.0010602343     0.0010602343    
==== Stage 2: SKIPPED (M2 ablation) ====
  Random domain assignment: Counter({2: 1806, 1: 1799, 0: 1795})
==== Stage 3: Domain-invariant + HardNCE ====
epoch            total_loss       cls_loss         dis_loss         hard_loss       
0                1.2057033777     0.0519928224     1.1191954613     0.1150504798    
  Source acc: 1.000000  |  Target acc: 0.979259
  Best target acc: 0.980741

======== ROUND 32 ========  [Ablation: M2]
==== Stage 1: SupCon Pre-training ====
epoch            total_loss       cls_loss        
0                0.0005625237     0.0005625237    
1                0.0020889649     0.0020889649    
==== Stage 2: SKIPPED (M2 ablation) ====
  Random domain assignment: Counter({0: 1813, 2: 1795, 1: 1792})
==== Stage 3: Domain-invariant + HardNCE ====
epoch            total_loss       cls_loss         dis_loss         hard_loss       
0                1.1782517433     0.0190704186     1.1313138008     0.0928918719    
  Source acc: 1.000000  |  Target acc: 0.980741
  Best target acc: 0.980741

======== ROUND 33 ========  [Ablation: M2]
==== Stage 1: SupCon Pre-training ====
epoch            total_loss       cls_loss        
0                0.0016972335     0.0016972335    
1                0.0082780635     0.0082780635    
==== Stage 2: SKIPPED (M2 ablation) ====
  Random domain assignment: Counter({0: 1835, 2: 1800, 1: 1765})
==== Stage 3: Domain-invariant + HardNCE ====
epoch            total_loss       cls_loss         dis_loss         hard_loss       
0                1.1474125385     0.0128997676     1.0972684622     0.1241477951    
  Source acc: 1.000000  |  Target acc: 0.977037
  Best target acc: 0.980741

======== ROUND 34 ========  [Ablation: M2]
==== Stage 1: SupCon Pre-training ====
epoch            total_loss       cls_loss        
0                0.0003817904     0.0003817904    
1                0.0037545217     0.0037545217    
==== Stage 2: SKIPPED (M2 ablation) ====
  Random domain assignment: Counter({1: 1864, 2: 1769, 0: 1767})
==== Stage 3: Domain-invariant + HardNCE ====
epoch            total_loss       cls_loss         dis_loss         hard_loss       
0                1.1719267368     0.0030869823     1.1409404278     0.0929979309    
  Source acc: 1.000000  |  Target acc: 0.980000
  Best target acc: 0.980741

======== ROUND 35 ========  [Ablation: M2]
==== Stage 1: SupCon Pre-training ====
epoch            total_loss       cls_loss        
0                0.0024044376     0.0024044376    
1                0.0020025752     0.0020025752    
==== Stage 2: SKIPPED (M2 ablation) ====
  Random domain assignment: Counter({1: 1827, 2: 1813, 0: 1760})
==== Stage 3: Domain-invariant + HardNCE ====
epoch            total_loss       cls_loss         dis_loss         hard_loss       
0                1.1548987627     0.0022377910     1.1295270920     0.0771130770    
  Source acc: 1.000000  |  Target acc: 0.978519
  Best target acc: 0.980741

======== ROUND 36 ========  [Ablation: M2]
==== Stage 1: SupCon Pre-training ====
epoch            total_loss       cls_loss        
0                0.0037014780     0.0037014780    
1                0.0012213254     0.0012213254    
==== Stage 2: SKIPPED (M2 ablation) ====
  Random domain assignment: Counter({2: 1841, 0: 1802, 1: 1757})
==== Stage 3: Domain-invariant + HardNCE ====
epoch            total_loss       cls_loss         dis_loss         hard_loss       
0                1.1780573130     0.0707012713     1.0816812515     0.0855827928    
  Source acc: 1.000000  |  Target acc: 0.978519
  Best target acc: 0.980741

======== ROUND 37 ========  [Ablation: M2]
==== Stage 1: SupCon Pre-training ====
epoch            total_loss       cls_loss        
0                0.0007809892     0.0007809892    
1                0.0010321033     0.0010321033    
==== Stage 2: SKIPPED (M2 ablation) ====
  Random domain assignment: Counter({1: 1842, 2: 1788, 0: 1770})
==== Stage 3: Domain-invariant + HardNCE ====
epoch            total_loss       cls_loss         dis_loss         hard_loss       
0                1.1284950972     0.0065028616     1.0843613148     0.1254364848    
  Source acc: 1.000000  |  Target acc: 0.979259
  Best target acc: 0.980741

======== ROUND 38 ========  [Ablation: M2]
==== Stage 1: SupCon Pre-training ====
epoch            total_loss       cls_loss        
0                0.0030169317     0.0030169317    
1                0.0007548532     0.0007548532    
==== Stage 2: SKIPPED (M2 ablation) ====
  Random domain assignment: Counter({2: 1821, 0: 1821, 1: 1758})
==== Stage 3: Domain-invariant + HardNCE ====
epoch            total_loss       cls_loss         dis_loss         hard_loss       
0                1.1363785267     0.0127779506     1.1014778614     0.0737423748    
  Source acc: 1.000000  |  Target acc: 0.979259
  Best target acc: 0.980741

======== ROUND 39 ========  [Ablation: M2]
==== Stage 1: SupCon Pre-training ====
epoch            total_loss       cls_loss        
0                0.0009732682     0.0009732682    
1                0.0006118996     0.0006118996    
==== Stage 2: SKIPPED (M2 ablation) ====
  Random domain assignment: Counter({1: 1842, 2: 1810, 0: 1748})
==== Stage 3: Domain-invariant + HardNCE ====
epoch            total_loss       cls_loss         dis_loss         hard_loss       
0                1.1704721451     0.0122002624     1.1173359156     0.1364533603    
  Source acc: 1.000000  |  Target acc: 0.976296
  Best target acc: 0.980741

======== ROUND 40 ========  [Ablation: M2]
==== Stage 1: SupCon Pre-training ====
epoch            total_loss       cls_loss        
0                0.0022208716     0.0022208716    
1                0.0028376325     0.0028376325    
==== Stage 2: SKIPPED (M2 ablation) ====
  Random domain assignment: Counter({2: 1847, 0: 1782, 1: 1771})
==== Stage 3: Domain-invariant + HardNCE ====
epoch            total_loss       cls_loss         dis_loss         hard_loss       
0                1.1392341852     0.0032844394     1.0859718323     0.1665931195    
  Source acc: 1.000000  |  Target acc: 0.978519
  Best target acc: 0.980741

======== ROUND 41 ========  [Ablation: M2]
==== Stage 1: SupCon Pre-training ====
epoch            total_loss       cls_loss        
0                0.0015659118     0.0015659118    
1                0.0008863318     0.0008863318    
==== Stage 2: SKIPPED (M2 ablation) ====
  Random domain assignment: Counter({2: 1810, 1: 1797, 0: 1793})
==== Stage 3: Domain-invariant + HardNCE ====
epoch            total_loss       cls_loss         dis_loss         hard_loss       
0                1.1666235924     0.0136959367     1.1200538874     0.1095789671    
  Source acc: 1.000000  |  Target acc: 0.977778
  Best target acc: 0.980741

======== ROUND 42 ========  [Ablation: M2]
==== Stage 1: SupCon Pre-training ====
epoch            total_loss       cls_loss        
0                0.0013717719     0.0013717719    
1                0.0004340555     0.0004340555    
==== Stage 2: SKIPPED (M2 ablation) ====
  Random domain assignment: Counter({1: 1874, 0: 1779, 2: 1747})
==== Stage 3: Domain-invariant + HardNCE ====
epoch            total_loss       cls_loss         dis_loss         hard_loss       
0                1.2867946625     0.1494717002     1.0932214260     0.1470051110    
  Source acc: 1.000000  |  Target acc: 0.977778
  Best target acc: 0.980741

======== ROUND 43 ========  [Ablation: M2]
==== Stage 1: SupCon Pre-training ====
epoch            total_loss       cls_loss        
0                0.0008180663     0.0008180663    
1                0.0020062353     0.0020062353    
==== Stage 2: SKIPPED (M2 ablation) ====
  Random domain assignment: Counter({1: 1841, 2: 1784, 0: 1775})
==== Stage 3: Domain-invariant + HardNCE ====
epoch            total_loss       cls_loss         dis_loss         hard_loss       
0                1.1873528957     0.0448838733     1.1081702709     0.1143290997    
  Source acc: 1.000000  |  Target acc: 0.977037
  Best target acc: 0.980741

======== ROUND 44 ========  [Ablation: M2]
==== Stage 1: SupCon Pre-training ====
epoch            total_loss       cls_loss        
0                0.0385285318     0.0385285318    
1                0.0013459465     0.0013459465    
==== Stage 2: SKIPPED (M2 ablation) ====
  Random domain assignment: Counter({0: 1835, 2: 1798, 1: 1767})
==== Stage 3: Domain-invariant + HardNCE ====
epoch            total_loss       cls_loss         dis_loss         hard_loss       
0                1.1155450344     0.0045059458     1.0842505693     0.0892948136    
  Source acc: 1.000000  |  Target acc: 0.978519
  Best target acc: 0.980741

======== ROUND 45 ========  [Ablation: M2]
==== Stage 1: SupCon Pre-training ====
epoch            total_loss       cls_loss        
0                0.0004551893     0.0004551893    
1                0.0014235018     0.0014235018    
==== Stage 2: SKIPPED (M2 ablation) ====
  Random domain assignment: Counter({0: 1841, 2: 1785, 1: 1774})
==== Stage 3: Domain-invariant + HardNCE ====
epoch            total_loss       cls_loss         dis_loss         hard_loss       
0                1.2558716536     0.1392708868     1.0877274275     0.0962442160    
  Source acc: 1.000000  |  Target acc: 0.980000
  Best target acc: 0.980741

======== ROUND 46 ========  [Ablation: M2]
==== Stage 1: SupCon Pre-training ====
epoch            total_loss       cls_loss        
0                0.0024342062     0.0024342062    
1                0.0004764042     0.0004764042    
==== Stage 2: SKIPPED (M2 ablation) ====
  Random domain assignment: Counter({1: 1856, 2: 1832, 0: 1712})
==== Stage 3: Domain-invariant + HardNCE ====
epoch            total_loss       cls_loss         dis_loss         hard_loss       
0                1.2048155069     0.0200786013     1.1243391037     0.2013257444    
  Source acc: 1.000000  |  Target acc: 0.976296
  Best target acc: 0.980741

======== ROUND 47 ========  [Ablation: M2]
==== Stage 1: SupCon Pre-training ====
epoch            total_loss       cls_loss        
0                0.0037794027     0.0037794027    
1                0.0012212145     0.0012212145    
==== Stage 2: SKIPPED (M2 ablation) ====
  Random domain assignment: Counter({2: 1819, 0: 1808, 1: 1773})
==== Stage 3: Domain-invariant + HardNCE ====
epoch            total_loss       cls_loss         dis_loss         hard_loss       
0                1.1926501989     0.0536729991     1.0826601982     0.1877233684    
  Source acc: 1.000000  |  Target acc: 0.979259
  Best target acc: 0.980741

======== ROUND 48 ========  [Ablation: M2]
==== Stage 1: SupCon Pre-training ====
epoch            total_loss       cls_loss        
0                0.0007567692     0.0007567692    
1                0.0428553708     0.0428553708    
==== Stage 2: SKIPPED (M2 ablation) ====
  Random domain assignment: Counter({2: 1841, 0: 1794, 1: 1765})
==== Stage 3: Domain-invariant + HardNCE ====
epoch            total_loss       cls_loss         dis_loss         hard_loss       
0                1.1444047689     0.0094744973     1.1149193048     0.0667031035    
  Source acc: 1.000000  |  Target acc: 0.978519
  Best target acc: 0.980741

======== ROUND 49 ========  [Ablation: M2]
==== Stage 1: SupCon Pre-training ====
epoch            total_loss       cls_loss        
0                0.0631891787     0.0631891787    
1                0.0005232745     0.0005232745    
==== Stage 2: SKIPPED (M2 ablation) ====
  Random domain assignment: Counter({2: 1829, 0: 1819, 1: 1752})
==== Stage 3: Domain-invariant + HardNCE ====
epoch            total_loss       cls_loss         dis_loss         hard_loss       
0                1.1375484467     0.0066077053     1.1020634174     0.0962578878    
  Source acc: 1.000000  |  Target acc: 0.976296
  Best target acc: 0.980741
[ConfMatrix] saved to log/abl_widar1ap_cross_loc_M2_s3 (cm shape=(6, 6))

Results saved to log/abl_widar1ap_cross_loc_M2_s3
acc.txt: log/abl_widar1ap_cross_loc_M2_s3/acc.txt
bestacc.txt: log/abl_widar1ap_cross_loc_M2_s3/bestacc.txt
