[Seed] global random seed set to 1

[Ablation Mode] M1
[XRF55Dataset] loaded 3840 samples from 1 dirs
[XRF55Dataset] loaded 960 samples from 1 dirs
[XRF55Dataset] loaded 3840 samples from 1 dirs
Train set size: 3840 samples, 120 batches
Test set size:  960 samples, 30 batches
Source eval size: 3840 samples

[Direction Sensitivity] Manual weights (dir_w=0.5): {0: 0.0, 1: 0.5, 2: 0.5, 3: 0.5, 4: 0.5, 5: 0.5, 6: 0.5, 7: 0.5}

======== ROUND 0 ========  [Ablation: M1]
==== Stage 1: SupCon Pre-training ====
epoch            total_loss       cls_loss        
0                1.6983969212     1.6983969212    
1                0.8190032244     0.8190032244    
==== Stage 2: Latent Domain PCL ====
epoch            total_loss       dis_loss         proto_loss       ent_pen_loss    
0                2.5088598728     2.2088599205     0.0000000000     0.3000000119    
Counter({np.int64(2): 1753, np.int64(1): 1698, np.int64(0): 389})
==== Stage 3: Domain-invariant + HardNCE ====
epoch            total_loss       cls_loss         dis_loss         hard_loss       
0                1.5422153473     0.6549336314     0.6313864589     0.8529841900    
  Source acc: 0.730469  |  Target acc: 0.445833
  Best target acc: 0.445833

======== ROUND 1 ========  [Ablation: M1]
==== Stage 1: SupCon Pre-training ====
epoch            total_loss       cls_loss        
0                0.6093750000     0.6093750000    
1                0.6077417135     0.6077417135    
==== Stage 2: Latent Domain PCL ====
epoch            total_loss       dis_loss         proto_loss       ent_pen_loss    
0                2.2595551014     1.8699158430     0.6607217193     0.0592784360    
Counter({np.int64(1): 1492, np.int64(0): 1467, np.int64(2): 881})
==== Stage 3: Domain-invariant + HardNCE ====
epoch            total_loss       cls_loss         dis_loss         hard_loss       
0                1.7785028219     0.8339172602     0.7018798590     0.8090189695    
  Source acc: 0.920833  |  Target acc: 0.531250
  Best target acc: 0.531250

======== ROUND 2 ========  [Ablation: M1]
==== Stage 1: SupCon Pre-training ====
epoch            total_loss       cls_loss        
0                0.2413143814     0.2413143814    
1                0.5566137433     0.5566137433    
==== Stage 2: Latent Domain PCL ====
epoch            total_loss       dis_loss         proto_loss       ent_pen_loss    
0                1.9654994011     1.7131122351     0.5042349696     0.0002696014    
Counter({np.int64(2): 1567, np.int64(0): 1323, np.int64(1): 950})
==== Stage 3: Domain-invariant + HardNCE ====
epoch            total_loss       cls_loss         dis_loss         hard_loss       
0                1.5790002346     0.5678676367     0.7405955195     0.9017902613    
  Source acc: 0.950260  |  Target acc: 0.534375
  Best target acc: 0.534375

======== ROUND 3 ========  [Ablation: M1]
==== Stage 1: SupCon Pre-training ====
epoch            total_loss       cls_loss        
0                0.2166430056     0.2166430056    
1                0.2143721879     0.2143721879    
==== Stage 2: Latent Domain PCL ====
epoch            total_loss       dis_loss         proto_loss       ent_pen_loss    
0                2.0575294495     1.7493829727     0.6124907136     0.0019012074    
Counter({np.int64(2): 1586, np.int64(0): 1567, np.int64(1): 687})
==== Stage 3: Domain-invariant + HardNCE ====
epoch            total_loss       cls_loss         dis_loss         hard_loss       
0                1.4440480471     0.4139251411     0.8005596399     0.7652108669    
  Source acc: 0.940365  |  Target acc: 0.546875
  Best target acc: 0.546875

======== ROUND 4 ========  [Ablation: M1]
==== Stage 1: SupCon Pre-training ====
epoch            total_loss       cls_loss        
0                0.3777132630     0.3777132630    
1                0.2382038832     0.2382038832    
==== Stage 2: Latent Domain PCL ====
epoch            total_loss       dis_loss         proto_loss       ent_pen_loss    
0                2.2824182510     2.0233712196     0.5034127831     0.0073407623    
Counter({np.int64(2): 1834, np.int64(0): 1175, np.int64(1): 831})
==== Stage 3: Domain-invariant + HardNCE ====
epoch            total_loss       cls_loss         dis_loss         hard_loss       
0                1.2345155478     0.1649400443     0.8455296159     0.7468194962    
  Source acc: 0.963281  |  Target acc: 0.539583
  Best target acc: 0.546875

======== ROUND 5 ========  [Ablation: M1]
==== Stage 1: SupCon Pre-training ====
epoch            total_loss       cls_loss        
0                0.2194377184     0.2194377184    
1                0.2031459361     0.2031459361    
==== Stage 2: Latent Domain PCL ====
epoch            total_loss       dis_loss         proto_loss       ent_pen_loss    
0                1.9862126112     1.8370115757     0.2682228386     0.0150896376    
Counter({np.int64(0): 1466, np.int64(2): 1345, np.int64(1): 1029})
==== Stage 3: Domain-invariant + HardNCE ====
epoch            total_loss       cls_loss         dis_loss         hard_loss       
0                1.3460196257     0.5070150495     0.6288479567     0.7005218267    
  Source acc: 0.974740  |  Target acc: 0.578125
  Best target acc: 0.578125

======== ROUND 6 ========  [Ablation: M1]
==== Stage 1: SupCon Pre-training ====
epoch            total_loss       cls_loss        
0                0.1335448772     0.1335448772    
1                0.1296725869     0.1296725869    
==== Stage 2: Latent Domain PCL ====
epoch            total_loss       dis_loss         proto_loss       ent_pen_loss    
0                2.3171780109     1.9839192629     0.6627151966     0.0019012074    
Counter({np.int64(0): 1688, np.int64(1): 1314, np.int64(2): 838})
==== Stage 3: Domain-invariant + HardNCE ====
epoch            total_loss       cls_loss         dis_loss         hard_loss       
0                1.5316557884     0.3025172353     1.0028884411     0.7541670203    
  Source acc: 0.990625  |  Target acc: 0.578125
  Best target acc: 0.578125

======== ROUND 7 ========  [Ablation: M1]
==== Stage 1: SupCon Pre-training ====
epoch            total_loss       cls_loss        
0                0.1251371950     0.1251371950    
1                0.1191864535     0.1191864535    
==== Stage 2: Latent Domain PCL ====
epoch            total_loss       dis_loss         proto_loss       ent_pen_loss    
0                1.8702030182     1.5952954292     0.4385713041     0.0556219406    
Counter({np.int64(2): 1619, np.int64(1): 1414, np.int64(0): 807})
==== Stage 3: Domain-invariant + HardNCE ====
epoch            total_loss       cls_loss         dis_loss         hard_loss       
0                1.2974922657     0.3688517213     0.7289394736     0.6656700373    
  Source acc: 0.985938  |  Target acc: 0.534375
  Best target acc: 0.578125

======== ROUND 8 ========  [Ablation: M1]
==== Stage 1: SupCon Pre-training ====
epoch            total_loss       cls_loss        
0                0.0731482357     0.0731482357    
1                0.0354513489     0.0354513489    
==== Stage 2: Latent Domain PCL ====
epoch            total_loss       dis_loss         proto_loss       ent_pen_loss    
0                2.3598570824     2.1084184647     0.4769350290     0.0129710762    
Counter({np.int64(2): 1801, np.int64(0): 1257, np.int64(1): 782})
==== Stage 3: Domain-invariant + HardNCE ====
epoch            total_loss       cls_loss         dis_loss         hard_loss       
0                1.4024304152     0.1823389977     1.0124747753     0.6920555234    
  Source acc: 0.983073  |  Target acc: 0.580208
  Best target acc: 0.580208

======== ROUND 9 ========  [Ablation: M1]
==== Stage 1: SupCon Pre-training ====
epoch            total_loss       cls_loss        
0                0.1548652798     0.1548652798    
1                0.2710819244     0.2710819244    
==== Stage 2: Latent Domain PCL ====
epoch            total_loss       dis_loss         proto_loss       ent_pen_loss    
0                1.9505245686     1.7156984806     0.4407870173     0.0144325616    
Counter({np.int64(2): 1596, np.int64(1): 1517, np.int64(0): 727})
==== Stage 3: Domain-invariant + HardNCE ====
epoch            total_loss       cls_loss         dis_loss         hard_loss       
0                1.1164574623     0.2690365016     0.6127383113     0.7822753787    
  Source acc: 0.992969  |  Target acc: 0.586458
  Best target acc: 0.586458

======== ROUND 10 ========  [Ablation: M1]
==== Stage 1: SupCon Pre-training ====
epoch            total_loss       cls_loss        
0                0.1699617952     0.1699617952    
1                0.0717915371     0.0717915371    
==== Stage 2: Latent Domain PCL ====
epoch            total_loss       dis_loss         proto_loss       ent_pen_loss    
0                1.3724951744     1.0299277306     0.5954711437     0.0448319279    
Counter({np.int64(1): 1510, np.int64(2): 1432, np.int64(0): 898})
==== Stage 3: Domain-invariant + HardNCE ====
epoch            total_loss       cls_loss         dis_loss         hard_loss       
0                1.0022292137     0.0419670083     0.7529672980     0.6909828782    
  Source acc: 1.000000  |  Target acc: 0.595833
  Best target acc: 0.595833

======== ROUND 11 ========  [Ablation: M1]
==== Stage 1: SupCon Pre-training ====
epoch            total_loss       cls_loss        
0                0.1337057352     0.1337057352    
1                0.0918654129     0.0918654129    
==== Stage 2: Latent Domain PCL ====
epoch            total_loss       dis_loss         proto_loss       ent_pen_loss    
0                1.0593816042     0.8729681373     0.3102796078     0.0312737636    
Counter({np.int64(2): 1469, np.int64(1): 1441, np.int64(0): 930})
==== Stage 3: Domain-invariant + HardNCE ====
epoch            total_loss       cls_loss         dis_loss         hard_loss       
0                0.7301154137     0.0348351933     0.5091032386     0.6205898523    
  Source acc: 1.000000  |  Target acc: 0.615625
  Best target acc: 0.615625

======== ROUND 12 ========  [Ablation: M1]
==== Stage 1: SupCon Pre-training ====
epoch            total_loss       cls_loss        
0                0.0271448344     0.0271448344    
1                0.0292065199     0.0292065199    
==== Stage 2: Latent Domain PCL ====
epoch            total_loss       dis_loss         proto_loss       ent_pen_loss    
0                1.2344579697     1.1757944822     0.1105470061     0.0033900046    
Counter({np.int64(1): 1490, np.int64(2): 1371, np.int64(0): 979})
==== Stage 3: Domain-invariant + HardNCE ====
epoch            total_loss       cls_loss         dis_loss         hard_loss       
0                1.2554348707     0.1192808226     0.9342280030     0.6730866432    
  Source acc: 1.000000  |  Target acc: 0.606250
  Best target acc: 0.615625

======== ROUND 13 ========  [Ablation: M1]
==== Stage 1: SupCon Pre-training ====
epoch            total_loss       cls_loss        
0                0.0198464990     0.0198464990    
1                0.0184538979     0.0184538979    
==== Stage 2: Latent Domain PCL ====
epoch            total_loss       dis_loss         proto_loss       ent_pen_loss    
0                1.4207282066     1.3056154251     0.1894377172     0.0203939695    
Counter({np.int64(1): 1445, np.int64(2): 1325, np.int64(0): 1070})
==== Stage 3: Domain-invariant + HardNCE ====
epoch            total_loss       cls_loss         dis_loss         hard_loss       
0                1.1602841616     0.0282196719     0.9273327589     0.6824388504    
  Source acc: 1.000000  |  Target acc: 0.608333
  Best target acc: 0.615625

======== ROUND 14 ========  [Ablation: M1]
==== Stage 1: SupCon Pre-training ====
epoch            total_loss       cls_loss        
0                0.0118124792     0.0118124792    
1                0.0040660128     0.0040660128    
==== Stage 2: Latent Domain PCL ====
epoch            total_loss       dis_loss         proto_loss       ent_pen_loss    
0                1.6707195044     1.5931748152     0.1529965997     0.0010464388    
Counter({np.int64(1): 1460, np.int64(0): 1246, np.int64(2): 1134})
==== Stage 3: Domain-invariant + HardNCE ====
epoch            total_loss       cls_loss         dis_loss         hard_loss       
0                1.2647870779     0.0470133238     1.0278447866     0.6330966949    
  Source acc: 1.000000  |  Target acc: 0.583333
  Best target acc: 0.615625

======== ROUND 15 ========  [Ablation: M1]
==== Stage 1: SupCon Pre-training ====
epoch            total_loss       cls_loss        
0                0.0351293832     0.0351293832    
1                0.0164460689     0.0164460689    
==== Stage 2: Latent Domain PCL ====
epoch            total_loss       dis_loss         proto_loss       ent_pen_loss    
0                2.5889532566     2.4422125816     0.2715781927     0.0109514743    
Counter({np.int64(1): 1427, np.int64(0): 1426, np.int64(2): 987})
==== Stage 3: Domain-invariant + HardNCE ====
epoch            total_loss       cls_loss         dis_loss         hard_loss       
0                1.5138981342     0.0226476006     1.2963161469     0.6497813463    
  Source acc: 1.000000  |  Target acc: 0.606250
  Best target acc: 0.615625

======== ROUND 16 ========  [Ablation: M1]
==== Stage 1: SupCon Pre-training ====
epoch            total_loss       cls_loss        
0                0.0070302058     0.0070302058    
1                0.0293306913     0.0293306913    
==== Stage 2: Latent Domain PCL ====
epoch            total_loss       dis_loss         proto_loss       ent_pen_loss    
0                2.4430718422     2.2954411507     0.2947219908     0.0002696014    
Counter({np.int64(1): 1467, np.int64(0): 1340, np.int64(2): 1033})
==== Stage 3: Domain-invariant + HardNCE ====
epoch            total_loss       cls_loss         dis_loss         hard_loss       
0                1.3033776283     0.0505073518     1.0602035522     0.6422225237    
  Source acc: 1.000000  |  Target acc: 0.597917
  Best target acc: 0.615625

======== ROUND 17 ========  [Ablation: M1]
==== Stage 1: SupCon Pre-training ====
epoch            total_loss       cls_loss        
0                0.0095857009     0.0095857009    
1                0.0051389597     0.0051389597    
==== Stage 2: Latent Domain PCL ====
epoch            total_loss       dis_loss         proto_loss       ent_pen_loss    
0                2.5797946453     2.3738899231     0.3775073290     0.0171511024    
Counter({np.int64(1): 1592, np.int64(0): 1337, np.int64(2): 911})
==== Stage 3: Domain-invariant + HardNCE ====
epoch            total_loss       cls_loss         dis_loss         hard_loss       
0                0.9916155934     0.0264991857     0.7911762595     0.5798003674    
  Source acc: 1.000000  |  Target acc: 0.603125
  Best target acc: 0.615625

======== ROUND 18 ========  [Ablation: M1]
==== Stage 1: SupCon Pre-training ====
epoch            total_loss       cls_loss        
0                0.0133082699     0.0133082699    
1                0.0031748838     0.0031748838    
==== Stage 2: Latent Domain PCL ====
epoch            total_loss       dis_loss         proto_loss       ent_pen_loss    
0                2.1926906109     2.0796875954     0.2156162560     0.0051949215    
Counter({np.int64(1): 1375, np.int64(0): 1329, np.int64(2): 1136})
==== Stage 3: Domain-invariant + HardNCE ====
epoch            total_loss       cls_loss         dis_loss         hard_loss       
0                1.0302715302     0.0254417770     0.8271853328     0.5921480060    
  Source acc: 1.000000  |  Target acc: 0.608333
  Best target acc: 0.615625

======== ROUND 19 ========  [Ablation: M1]
==== Stage 1: SupCon Pre-training ====
epoch            total_loss       cls_loss        
0                0.0073323660     0.0073323660    
1                0.0418319963     0.0418319963    
==== Stage 2: Latent Domain PCL ====
epoch            total_loss       dis_loss         proto_loss       ent_pen_loss    
0                2.2796065807     2.0640449524     0.4164420366     0.0073407623    
Counter({np.int64(1): 1316, np.int64(2): 1275, np.int64(0): 1249})
==== Stage 3: Domain-invariant + HardNCE ====
epoch            total_loss       cls_loss         dis_loss         hard_loss       
0                0.8138053417     0.0135368258     0.5929351449     0.6911112666    
  Source acc: 1.000000  |  Target acc: 0.618750
  Best target acc: 0.618750

======== ROUND 20 ========  [Ablation: M1]
==== Stage 1: SupCon Pre-training ====
epoch            total_loss       cls_loss        
0                0.0095363026     0.0095363026    
1                0.0042639729     0.0042639729    
==== Stage 2: Latent Domain PCL ====
epoch            total_loss       dis_loss         proto_loss       ent_pen_loss    
0                2.1970663071     2.0582296848     0.2648918927     0.0063906796    
Counter({np.int64(2): 1311, np.int64(0): 1280, np.int64(1): 1249})
==== Stage 3: Domain-invariant + HardNCE ====
epoch            total_loss       cls_loss         dis_loss         hard_loss       
0                0.8294759989     0.0159069914     0.6234180331     0.6338366270    
  Source acc: 1.000000  |  Target acc: 0.615625
  Best target acc: 0.618750

======== ROUND 21 ========  [Ablation: M1]
==== Stage 1: SupCon Pre-training ====
epoch            total_loss       cls_loss        
0                0.0051772045     0.0051772045    
1                0.0099870842     0.0099870842    
==== Stage 2: Latent Domain PCL ====
epoch            total_loss       dis_loss         proto_loss       ent_pen_loss    
0                2.1196024418     1.9025115967     0.4237917066     0.0051949215    
Counter({np.int64(2): 1304, np.int64(0): 1292, np.int64(1): 1244})
==== Stage 3: Domain-invariant + HardNCE ====
epoch            total_loss       cls_loss         dis_loss         hard_loss       
0                0.8151655793     0.0875674039     0.5328354239     0.6492092013    
  Source acc: 1.000000  |  Target acc: 0.600000
  Best target acc: 0.618750

======== ROUND 22 ========  [Ablation: M1]
==== Stage 1: SupCon Pre-training ====
epoch            total_loss       cls_loss        
0                0.0108082052     0.0108082052    
1                0.0072120586     0.0072120586    
==== Stage 2: Latent Domain PCL ====
epoch            total_loss       dis_loss         proto_loss       ent_pen_loss    
0                2.1717276573     1.8964543343     0.5097582936     0.0203939695    
Counter({np.int64(0): 1322, np.int64(2): 1318, np.int64(1): 1200})
==== Stage 3: Domain-invariant + HardNCE ====
epoch            total_loss       cls_loss         dis_loss         hard_loss       
0                0.7897865772     0.0454074629     0.5598656535     0.6150447726    
  Source acc: 1.000000  |  Target acc: 0.613542
  Best target acc: 0.618750

======== ROUND 23 ========  [Ablation: M1]
==== Stage 1: SupCon Pre-training ====
epoch            total_loss       cls_loss        
0                0.0535783321     0.0535783321    
1                0.0148123344     0.0148123344    
==== Stage 2: Latent Domain PCL ====
epoch            total_loss       dis_loss         proto_loss       ent_pen_loss    
0                2.2703053951     2.0188913345     0.4851360619     0.0088461619    
Counter({np.int64(2): 1348, np.int64(0): 1315, np.int64(1): 1177})
==== Stage 3: Domain-invariant + HardNCE ====
epoch            total_loss       cls_loss         dis_loss         hard_loss       
0                0.6225963235     0.0092689395     0.4438150525     0.5650410652    
  Source acc: 1.000000  |  Target acc: 0.606250
  Best target acc: 0.618750

======== ROUND 24 ========  [Ablation: M1]
==== Stage 1: SupCon Pre-training ====
epoch            total_loss       cls_loss        
0                0.0024212291     0.0024212291    
1                0.0092248786     0.0092248786    
==== Stage 2: Latent Domain PCL ====
epoch            total_loss       dis_loss         proto_loss       ent_pen_loss    
0                2.2350120544     2.0636391640     0.3138806224     0.0144325616    
Counter({np.int64(2): 1386, np.int64(0): 1281, np.int64(1): 1173})
==== Stage 3: Domain-invariant + HardNCE ====
epoch            total_loss       cls_loss         dis_loss         hard_loss       
0                0.6873874068     0.0279043764     0.4839181602     0.5852162838    
  Source acc: 1.000000  |  Target acc: 0.615625
  Best target acc: 0.618750

======== ROUND 25 ========  [Ablation: M1]
==== Stage 1: SupCon Pre-training ====
epoch            total_loss       cls_loss        
0                0.0050723702     0.0050723702    
1                0.0456870869     0.0456870869    
==== Stage 2: Latent Domain PCL ====
epoch            total_loss       dis_loss         proto_loss       ent_pen_loss    
0                2.1035470963     1.9648057222     0.2707024217     0.0033900375    
Counter({np.int64(2): 1385, np.int64(0): 1291, np.int64(1): 1164})
==== Stage 3: Domain-invariant + HardNCE ====
epoch            total_loss       cls_loss         dis_loss         hard_loss       
0                0.9056403041     0.0109664751     0.6975526810     0.6570705175    
  Source acc: 1.000000  |  Target acc: 0.608333
  Best target acc: 0.618750

======== ROUND 26 ========  [Ablation: M1]
==== Stage 1: SupCon Pre-training ====
epoch            total_loss       cls_loss        
0                0.0021159681     0.0021159681    
1                0.0088212937     0.0088212937    
==== Stage 2: Latent Domain PCL ====
epoch            total_loss       dis_loss         proto_loss       ent_pen_loss    
0                2.2559638023     2.0978441238     0.3124372065     0.0019012074    
Counter({np.int64(2): 1415, np.int64(0): 1298, np.int64(1): 1127})
==== Stage 3: Domain-invariant + HardNCE ====
epoch            total_loss       cls_loss         dis_loss         hard_loss       
0                0.7917300463     0.0221826378     0.5815798044     0.6265587211    
  Source acc: 1.000000  |  Target acc: 0.607292
  Best target acc: 0.618750

======== ROUND 27 ========  [Ablation: M1]
==== Stage 1: SupCon Pre-training ====
epoch            total_loss       cls_loss        
0                0.0307389162     0.0307389162    
1                0.0223853104     0.0223853104    
==== Stage 2: Latent Domain PCL ====
epoch            total_loss       dis_loss         proto_loss       ent_pen_loss    
0                1.9671568871     1.7877492905     0.3131853342     0.0228149444    
Counter({np.int64(2): 1406, np.int64(0): 1353, np.int64(1): 1081})
==== Stage 3: Domain-invariant + HardNCE ====
epoch            total_loss       cls_loss         dis_loss         hard_loss       
0                0.8433808684     0.0460657030     0.6282064319     0.5636957884    
  Source acc: 1.000000  |  Target acc: 0.605208
  Best target acc: 0.618750

======== ROUND 28 ========  [Ablation: M1]
==== Stage 1: SupCon Pre-training ====
epoch            total_loss       cls_loss        
0                0.0096248537     0.0096248537    
1                0.0133864982     0.0133864982    
==== Stage 2: Latent Domain PCL ====
epoch            total_loss       dis_loss         proto_loss       ent_pen_loss    
0                2.0160365105     1.9805381298     0.0671946779     0.0019012074    
Counter({np.int64(0): 1383, np.int64(2): 1379, np.int64(1): 1078})
==== Stage 3: Domain-invariant + HardNCE ====
epoch            total_loss       cls_loss         dis_loss         hard_loss       
0                0.8018153906     0.0132078910     0.5841956139     0.6813727617    
  Source acc: 1.000000  |  Target acc: 0.602083
  Best target acc: 0.618750

======== ROUND 29 ========  [Ablation: M1]
==== Stage 1: SupCon Pre-training ====
epoch            total_loss       cls_loss        
0                0.0029615159     0.0029615159    
1                0.0012086170     0.0012086170    
==== Stage 2: Latent Domain PCL ====
epoch            total_loss       dis_loss         proto_loss       ent_pen_loss    
0                2.0624954700     1.9460659027     0.2124284655     0.0102151651    
Counter({np.int64(2): 1386, np.int64(0): 1383, np.int64(1): 1071})
==== Stage 3: Domain-invariant + HardNCE ====
epoch            total_loss       cls_loss         dis_loss         hard_loss       
0                0.8043998480     0.0631307364     0.5581347346     0.6104479432    
  Source acc: 1.000000  |  Target acc: 0.594792
  Best target acc: 0.618750

======== ROUND 30 ========  [Ablation: M1]
==== Stage 1: SupCon Pre-training ====
epoch            total_loss       cls_loss        
0                0.0030028857     0.0030028857    
1                0.0072342847     0.0072342847    
==== Stage 2: Latent Domain PCL ====
epoch            total_loss       dis_loss         proto_loss       ent_pen_loss    
0                2.1295089722     2.0183432102     0.2119418830     0.0051949215    
Counter({np.int64(0): 1395, np.int64(2): 1386, np.int64(1): 1059})
==== Stage 3: Domain-invariant + HardNCE ====
epoch            total_loss       cls_loss         dis_loss         hard_loss       
0                0.8059518337     0.0144792721     0.5995717049     0.6396695375    
  Source acc: 1.000000  |  Target acc: 0.592708
  Best target acc: 0.618750

======== ROUND 31 ========  [Ablation: M1]
==== Stage 1: SupCon Pre-training ====
epoch            total_loss       cls_loss        
0                0.0213763900     0.0213763900    
1                0.0037654322     0.0037654322    
==== Stage 2: Latent Domain PCL ====
epoch            total_loss       dis_loss         proto_loss       ent_pen_loss    
0                2.1441318989     1.9766786098     0.3007694483     0.0170687120    
Counter({np.int64(0): 1415, np.int64(2): 1406, np.int64(1): 1019})
==== Stage 3: Domain-invariant + HardNCE ====
epoch            total_loss       cls_loss         dis_loss         hard_loss       
0                0.6717464328     0.0246425532     0.4709697664     0.5871137381    
  Source acc: 1.000000  |  Target acc: 0.589583
  Best target acc: 0.618750

======== ROUND 32 ========  [Ablation: M1]
==== Stage 1: SupCon Pre-training ====
epoch            total_loss       cls_loss        
0                0.0040778383     0.0040778383    
1                0.0018710230     0.0018710230    
==== Stage 2: Latent Domain PCL ====
epoch            total_loss       dis_loss         proto_loss       ent_pen_loss    
0                2.1075134277     1.9811313152     0.2009234875     0.0259205047    
Counter({np.int64(2): 1398, np.int64(0): 1398, np.int64(1): 1044})
==== Stage 3: Domain-invariant + HardNCE ====
epoch            total_loss       cls_loss         dis_loss         hard_loss       
0                0.7600897551     0.0256186537     0.5398424268     0.6487621069    
  Source acc: 1.000000  |  Target acc: 0.597917
  Best target acc: 0.618750

======== ROUND 33 ========  [Ablation: M1]
==== Stage 1: SupCon Pre-training ====
epoch            total_loss       cls_loss        
0                0.0079005277     0.0079005277    
1                0.0104213739     0.0104213739    
==== Stage 2: Latent Domain PCL ====
epoch            total_loss       dis_loss         proto_loss       ent_pen_loss    
0                1.9137657881     1.7896600962     0.2263083160     0.0109514743    
Counter({np.int64(0): 1456, np.int64(2): 1405, np.int64(1): 979})
==== Stage 3: Domain-invariant + HardNCE ====
epoch            total_loss       cls_loss         dis_loss         hard_loss       
0                0.8376393914     0.0528650135     0.6080784202     0.5889863968    
  Source acc: 1.000000  |  Target acc: 0.601042
  Best target acc: 0.618750

======== ROUND 34 ========  [Ablation: M1]
==== Stage 1: SupCon Pre-training ====
epoch            total_loss       cls_loss        
0                0.0044695293     0.0044695293    
1                0.0891948119     0.0891948119    
==== Stage 2: Latent Domain PCL ====
epoch            total_loss       dis_loss         proto_loss       ent_pen_loss    
0                2.1429045200     1.9580440521     0.3659186363     0.0019012074    
Counter({np.int64(0): 1495, np.int64(2): 1391, np.int64(1): 954})
==== Stage 3: Domain-invariant + HardNCE ====
epoch            total_loss       cls_loss         dis_loss         hard_loss       
0                0.8242726326     0.0561009236     0.5757151246     0.6415220499    
  Source acc: 1.000000  |  Target acc: 0.595833
  Best target acc: 0.618750

======== ROUND 35 ========  [Ablation: M1]
==== Stage 1: SupCon Pre-training ====
epoch            total_loss       cls_loss        
0                0.0150360651     0.0150360651    
1                0.0171746295     0.0171746295    
==== Stage 2: Latent Domain PCL ====
epoch            total_loss       dis_loss         proto_loss       ent_pen_loss    
0                2.2873969078     2.1722445488     0.2156233490     0.0073407623    
Counter({np.int64(0): 1498, np.int64(2): 1388, np.int64(1): 954})
==== Stage 3: Domain-invariant + HardNCE ====
epoch            total_loss       cls_loss         dis_loss         hard_loss       
0                0.6520661116     0.0163404811     0.4597265720     0.5866634846    
  Source acc: 1.000000  |  Target acc: 0.593750
  Best target acc: 0.618750

======== ROUND 36 ========  [Ablation: M1]
==== Stage 1: SupCon Pre-training ====
epoch            total_loss       cls_loss        
0                0.0040502502     0.0040502502    
1                0.0014287087     0.0014287087    
==== Stage 2: Latent Domain PCL ====
epoch            total_loss       dis_loss         proto_loss       ent_pen_loss    
0                2.1779887676     2.1406979561     0.0707792640     0.0019012074    
Counter({np.int64(0): 1506, np.int64(2): 1396, np.int64(1): 938})
==== Stage 3: Domain-invariant + HardNCE ====
epoch            total_loss       cls_loss         dis_loss         hard_loss       
0                0.6572714448     0.0482407473     0.4322430491     0.5892921686    
  Source acc: 1.000000  |  Target acc: 0.598958
  Best target acc: 0.618750

======== ROUND 37 ========  [Ablation: M1]
==== Stage 1: SupCon Pre-training ====
epoch            total_loss       cls_loss        
0                0.0028596553     0.0028596553    
1                0.0019134728     0.0019134728    
==== Stage 2: Latent Domain PCL ====
epoch            total_loss       dis_loss         proto_loss       ent_pen_loss    
0                2.0149803162     1.9345103502     0.1541597843     0.0033900375    
Counter({np.int64(0): 1565, np.int64(2): 1402, np.int64(1): 873})
==== Stage 3: Domain-invariant + HardNCE ====
epoch            total_loss       cls_loss         dis_loss         hard_loss       
0                0.8619491458     0.0343210362     0.6309062839     0.6557395458    
  Source acc: 1.000000  |  Target acc: 0.590625
  Best target acc: 0.618750

======== ROUND 38 ========  [Ablation: M1]
==== Stage 1: SupCon Pre-training ====
epoch            total_loss       cls_loss        
0                0.0046602939     0.0046602939    
1                0.0019007240     0.0019007240    
==== Stage 2: Latent Domain PCL ====
epoch            total_loss       dis_loss         proto_loss       ent_pen_loss    
0                2.2275953293     2.0523023605     0.3164488673     0.0170687120    
Counter({np.int64(0): 1591, np.int64(2): 1388, np.int64(1): 861})
==== Stage 3: Domain-invariant + HardNCE ====
epoch            total_loss       cls_loss         dis_loss         hard_loss       
0                0.6789964437     0.0142797530     0.5098012686     0.5163848400    
  Source acc: 1.000000  |  Target acc: 0.589583
  Best target acc: 0.618750

======== ROUND 39 ========  [Ablation: M1]
==== Stage 1: SupCon Pre-training ====
epoch            total_loss       cls_loss        
0                0.0042241509     0.0042241509    
1                0.0018034849     0.0018034849    
==== Stage 2: Latent Domain PCL ====
epoch            total_loss       dis_loss         proto_loss       ent_pen_loss    
0                2.1439490318     2.0879299641     0.0943461210     0.0088461619    
Counter({np.int64(0): 1616, np.int64(2): 1391, np.int64(1): 833})
==== Stage 3: Domain-invariant + HardNCE ====
epoch            total_loss       cls_loss         dis_loss         hard_loss       
0                0.8325642943     0.0249607805     0.6337067485     0.5796560049    
  Source acc: 1.000000  |  Target acc: 0.584375
  Best target acc: 0.618750

======== ROUND 40 ========  [Ablation: M1]
==== Stage 1: SupCon Pre-training ====
epoch            total_loss       cls_loss        
0                0.0042713271     0.0042713271    
1                0.0068426151     0.0068426151    
==== Stage 2: Latent Domain PCL ====
epoch            total_loss       dis_loss         proto_loss       ent_pen_loss    
0                1.8409767151     1.7646365166     0.1238152087     0.0144325616    
Counter({np.int64(0): 1660, np.int64(2): 1390, np.int64(1): 790})
==== Stage 3: Domain-invariant + HardNCE ====
epoch            total_loss       cls_loss         dis_loss         hard_loss       
0                0.6571260691     0.0137361158     0.4685311913     0.5828623772    
  Source acc: 1.000000  |  Target acc: 0.586458
  Best target acc: 0.618750

======== ROUND 41 ========  [Ablation: M1]
==== Stage 1: SupCon Pre-training ====
epoch            total_loss       cls_loss        
0                0.0031786014     0.0031786014    
1                0.0012740609     0.0012740609    
==== Stage 2: Latent Domain PCL ====
epoch            total_loss       dis_loss         proto_loss       ent_pen_loss    
0                2.2832093239     2.1421146393     0.2081407458     0.0370242447    
Counter({np.int64(0): 1700, np.int64(2): 1363, np.int64(1): 777})
==== Stage 3: Domain-invariant + HardNCE ====
epoch            total_loss       cls_loss         dis_loss         hard_loss       
0                0.6633707285     0.0257919170     0.4731456041     0.5481106043    
  Source acc: 1.000000  |  Target acc: 0.591667
  Best target acc: 0.618750

======== ROUND 42 ========  [Ablation: M1]
==== Stage 1: SupCon Pre-training ====
epoch            total_loss       cls_loss        
0                0.0174642764     0.0174642764    
1                0.0120685566     0.0120685566    
==== Stage 2: Latent Domain PCL ====
epoch            total_loss       dis_loss         proto_loss       ent_pen_loss    
0                2.4074189663     2.2096035480     0.3277462125     0.0339421555    
Counter({np.int64(0): 1692, np.int64(2): 1384, np.int64(1): 764})
==== Stage 3: Domain-invariant + HardNCE ====
epoch            total_loss       cls_loss         dis_loss         hard_loss       
0                0.7522372007     0.0999524072     0.4519028366     0.6679397821    
  Source acc: 1.000000  |  Target acc: 0.595833
  Best target acc: 0.618750

======== ROUND 43 ========  [Ablation: M1]
==== Stage 1: SupCon Pre-training ====
epoch            total_loss       cls_loss        
0                0.0039980784     0.0039980784    
1                0.0081737107     0.0081737107    
==== Stage 2: Latent Domain PCL ====
epoch            total_loss       dis_loss         proto_loss       ent_pen_loss    
0                1.9783879519     1.8989248276     0.1442446709     0.0073407623    
Counter({np.int64(0): 1767, np.int64(2): 1336, np.int64(1): 737})
==== Stage 3: Domain-invariant + HardNCE ====
epoch            total_loss       cls_loss         dis_loss         hard_loss       
0                0.7043362856     0.0255281273     0.4991139770     0.5989806652    
  Source acc: 1.000000  |  Target acc: 0.594792
  Best target acc: 0.618750

======== ROUND 44 ========  [Ablation: M1]
==== Stage 1: SupCon Pre-training ====
epoch            total_loss       cls_loss        
0                0.0015235376     0.0015235376    
1                0.0082500326     0.0082500326    
==== Stage 2: Latent Domain PCL ====
epoch            total_loss       dis_loss         proto_loss       ent_pen_loss    
0                2.2178106308     2.1260256767     0.1576275826     0.0129710762    
Counter({np.int64(0): 1788, np.int64(2): 1344, np.int64(1): 708})
==== Stage 3: Domain-invariant + HardNCE ====
epoch            total_loss       cls_loss         dis_loss         hard_loss       
0                0.8759061098     0.0996018648     0.6054638624     0.5694679618    
  Source acc: 1.000000  |  Target acc: 0.592708
  Best target acc: 0.618750

======== ROUND 45 ========  [Ablation: M1]
==== Stage 1: SupCon Pre-training ====
epoch            total_loss       cls_loss        
0                0.0032569540     0.0032569540    
1                0.0431865789     0.0431865789    
==== Stage 2: Latent Domain PCL ====
epoch            total_loss       dis_loss         proto_loss       ent_pen_loss    
0                2.2425003052     2.1287822723     0.1088788658     0.0592784360    
Counter({np.int64(0): 1849, np.int64(2): 1322, np.int64(1): 669})
==== Stage 3: Domain-invariant + HardNCE ====
epoch            total_loss       cls_loss         dis_loss         hard_loss       
0                0.7430274487     0.0173573866     0.5347418785     0.6364272833    
  Source acc: 1.000000  |  Target acc: 0.598958
  Best target acc: 0.618750

======== ROUND 46 ========  [Ablation: M1]
==== Stage 1: SupCon Pre-training ====
epoch            total_loss       cls_loss        
0                0.0034983498     0.0034983498    
1                0.0020609284     0.0020609284    
==== Stage 2: Latent Domain PCL ====
epoch            total_loss       dis_loss         proto_loss       ent_pen_loss    
0                2.1098353863     2.0045402050     0.1480426490     0.0312737636    
Counter({np.int64(0): 1913, np.int64(2): 1258, np.int64(1): 669})
==== Stage 3: Domain-invariant + HardNCE ====
epoch            total_loss       cls_loss         dis_loss         hard_loss       
0                0.8183081150     0.0170128606     0.6079506278     0.6444821954    
  Source acc: 1.000000  |  Target acc: 0.591667
  Best target acc: 0.618750

======== ROUND 47 ========  [Ablation: M1]
==== Stage 1: SupCon Pre-training ====
epoch            total_loss       cls_loss        
0                0.0066686734     0.0066686734    
1                0.0214814600     0.0214814600    
==== Stage 2: Latent Domain PCL ====
epoch            total_loss       dis_loss         proto_loss       ent_pen_loss    
0                2.0035674572     1.8681161404     0.1881318539     0.0413854271    
Counter({np.int64(0): 1981, np.int64(2): 1209, np.int64(1): 650})
==== Stage 3: Domain-invariant + HardNCE ====
epoch            total_loss       cls_loss         dis_loss         hard_loss       
0                0.9706539512     0.0228453185     0.7739830017     0.5794187784    
  Source acc: 1.000000  |  Target acc: 0.585417
  Best target acc: 0.618750

======== ROUND 48 ========  [Ablation: M1]
==== Stage 1: SupCon Pre-training ====
epoch            total_loss       cls_loss        
0                0.0014846553     0.0014846553    
1                0.0026145154     0.0026145154    
==== Stage 2: Latent Domain PCL ====
epoch            total_loss       dis_loss         proto_loss       ent_pen_loss    
0                2.0320031643     1.8744704723     0.1965083629     0.0592784360    
Counter({np.int64(0): 2039, np.int64(2): 1161, np.int64(1): 640})
==== Stage 3: Domain-invariant + HardNCE ====
epoch            total_loss       cls_loss         dis_loss         hard_loss       
0                0.9978433847     0.0345060602     0.7678060532     0.6517708898    
  Source acc: 1.000000  |  Target acc: 0.586458
  Best target acc: 0.618750

======== ROUND 49 ========  [Ablation: M1]
==== Stage 1: SupCon Pre-training ====
epoch            total_loss       cls_loss        
0                0.0010694701     0.0010694701    
1                0.0054378747     0.0054378747    
==== Stage 2: Latent Domain PCL ====
epoch            total_loss       dis_loss         proto_loss       ent_pen_loss    
0                2.0596566200     1.7590446472     0.4552891850     0.0729674622    
Counter({np.int64(0): 2049, np.int64(2): 1128, np.int64(1): 663})
==== Stage 3: Domain-invariant + HardNCE ====
epoch            total_loss       cls_loss         dis_loss         hard_loss       
0                0.8085415363     0.0088676810     0.6406899095     0.5299465656    
  Source acc: 1.000000  |  Target acc: 0.596875
  Best target acc: 0.618750
[ConfMatrix] saved to log/abl_xrf_cross_user_M1_s1 (cm shape=(8, 8))

Results saved to log/abl_xrf_cross_user_M1_s1
acc.txt: log/abl_xrf_cross_user_M1_s1/acc.txt
bestacc.txt: log/abl_xrf_cross_user_M1_s1/bestacc.txt
