[Seed] global random seed set to 0

[Ablation Mode] M2
[WidarDataset] loaded 5250 samples, gesture_map={'G01': 0, 'G02': 1, 'G03': 2, 'G04': 3, 'G05': 4, 'G06': 5}
[WidarDataset] loaded 1500 samples, gesture_map={'G01': 0, 'G02': 1, 'G03': 2, 'G04': 3, 'G05': 4, 'G06': 5}
[WidarDataset] loaded 5250 samples, gesture_map={'G01': 0, 'G02': 1, 'G03': 2, 'G04': 3, 'G05': 4, 'G06': 5}
Train set size: 5250 samples, 165 batches
Test set size:  1500 samples, 47 batches
Source eval size: 5250 samples

[Direction Sensitivity] Manual weights (dir_w=0.5): {0: 0.0, 1: 0.0, 2: 0.0, 3: 0.0, 4: 0.0, 5: 0.0}

======== ROUND 0 ========  [Ablation: M2]
==== Stage 1: SupCon Pre-training ====
epoch            total_loss       cls_loss         supcon_loss     
0                4.2960948944     1.0048937798     6.5824027061    
1                4.7985343933     1.1730128527     7.2510433197    
==== Stage 2: SKIPPED (M2 ablation) ====
  Random domain assignment: Counter({1: 1760, 0: 1756, 2: 1734})
==== Stage 3: Domain-invariant + HardNCE ====
epoch            total_loss       cls_loss         dis_loss         hard_loss       
0                4.9388365746     3.2989749908     1.6398601532     0.0000054836    
  Source acc: 0.876000  |  Target acc: 0.690000
  Best target acc: 0.690000

======== ROUND 1 ========  [Ablation: M2]
==== Stage 1: SupCon Pre-training ====
epoch            total_loss       cls_loss         supcon_loss     
0                3.7760958672     0.4905356169     6.5711202621    
1                4.0270643234     0.3583894968     7.3373494148    
==== Stage 2: SKIPPED (M2 ablation) ====
  Random domain assignment: Counter({1: 1810, 0: 1762, 2: 1678})
==== Stage 3: Domain-invariant + HardNCE ====
epoch            total_loss       cls_loss         dis_loss         hard_loss       
0                3.4715378284     2.0406296253     1.4309054613     0.0000088215    
  Source acc: 0.955048  |  Target acc: 0.812667
  Best target acc: 0.812667

======== ROUND 2 ========  [Ablation: M2]
==== Stage 1: SupCon Pre-training ====
epoch            total_loss       cls_loss         supcon_loss     
0                4.0725760460     0.4180037677     7.3091449738    
1                4.1755809784     0.3506674767     7.6498274803    
==== Stage 2: SKIPPED (M2 ablation) ====
  Random domain assignment: Counter({2: 1811, 0: 1729, 1: 1710})
==== Stage 3: Domain-invariant + HardNCE ====
epoch            total_loss       cls_loss         dis_loss         hard_loss       
0                1.4453860521     0.3339781165     1.1114073992     0.0000019073    
  Source acc: 0.971810  |  Target acc: 0.782000
  Best target acc: 0.812667

======== ROUND 3 ========  [Ablation: M2]
==== Stage 1: SupCon Pre-training ====
epoch            total_loss       cls_loss        
0                0.2446279377     0.2446279377    
1                0.6308492422     0.6308492422    
==== Stage 2: SKIPPED (M2 ablation) ====
  Random domain assignment: Counter({2: 1758, 0: 1750, 1: 1742})
==== Stage 3: Domain-invariant + HardNCE ====
epoch            total_loss       cls_loss         dis_loss         hard_loss       
0                2.9673886299     1.8024258614     1.1649607420     0.0000066757    
  Source acc: 0.975619  |  Target acc: 0.817333
  Best target acc: 0.817333

======== ROUND 4 ========  [Ablation: M2]
==== Stage 1: SupCon Pre-training ====
epoch            total_loss       cls_loss        
0                0.0315370411     0.0315370411    
1                0.0113794617     0.0113794617    
==== Stage 2: SKIPPED (M2 ablation) ====
  Random domain assignment: Counter({1: 1792, 0: 1756, 2: 1702})
==== Stage 3: Domain-invariant + HardNCE ====
epoch            total_loss       cls_loss         dis_loss         hard_loss       
0                1.0424127579     0.0268296562     1.0155819654     0.0000038147    
  Source acc: 0.981714  |  Target acc: 0.849333
  Best target acc: 0.849333

======== ROUND 5 ========  [Ablation: M2]
==== Stage 1: SupCon Pre-training ====
epoch            total_loss       cls_loss        
0                5.1153950691     5.1153950691    
1                0.0090777390     0.0090777390    
==== Stage 2: SKIPPED (M2 ablation) ====
  Random domain assignment: Counter({1: 1786, 2: 1746, 0: 1718})
==== Stage 3: Domain-invariant + HardNCE ====
epoch            total_loss       cls_loss         dis_loss         hard_loss       
0                1.0104169846     0.1408589631     0.8695560694     0.0000061989    
  Source acc: 0.987810  |  Target acc: 0.824667
  Best target acc: 0.849333

======== ROUND 6 ========  [Ablation: M2]
==== Stage 1: SupCon Pre-training ====
epoch            total_loss       cls_loss        
0                0.0723050982     0.0723050982    
1                0.1236589924     0.1236589924    
==== Stage 2: SKIPPED (M2 ablation) ====
  Random domain assignment: Counter({0: 1780, 2: 1737, 1: 1733})
==== Stage 3: Domain-invariant + HardNCE ====
epoch            total_loss       cls_loss         dis_loss         hard_loss       
0                1.2421303988     0.1487231851     1.0934051275     0.0000066757    
  Source acc: 0.985143  |  Target acc: 0.874000
  Best target acc: 0.874000

======== ROUND 7 ========  [Ablation: M2]
==== Stage 1: SupCon Pre-training ====
epoch            total_loss       cls_loss        
0                5.5823369026     5.5823369026    
1                0.0613387898     0.0613387898    
==== Stage 2: SKIPPED (M2 ablation) ====
  Random domain assignment: Counter({1: 1776, 0: 1742, 2: 1732})
==== Stage 3: Domain-invariant + HardNCE ====
epoch            total_loss       cls_loss         dis_loss         hard_loss       
0                1.3067532778     0.1233847216     1.1833670139     0.0000050068    
  Source acc: 0.982286  |  Target acc: 0.810667
  Best target acc: 0.874000

======== ROUND 8 ========  [Ablation: M2]
==== Stage 1: SupCon Pre-training ====
epoch            total_loss       cls_loss        
0                0.0441026278     0.0441026278    
1                0.0577278696     0.0577278696    
==== Stage 2: SKIPPED (M2 ablation) ====
  Random domain assignment: Counter({2: 1823, 0: 1748, 1: 1679})
==== Stage 3: Domain-invariant + HardNCE ====
epoch            total_loss       cls_loss         dis_loss         hard_loss       
0                1.2370349169     0.1618915796     1.0751419067     0.0000047684    
  Source acc: 0.981333  |  Target acc: 0.867333
  Best target acc: 0.874000

======== ROUND 9 ========  [Ablation: M2]
==== Stage 1: SupCon Pre-training ====
epoch            total_loss       cls_loss        
0                0.4590597451     0.4590597451    
1                0.1389599890     0.1389599890    
==== Stage 2: SKIPPED (M2 ablation) ====
  Random domain assignment: Counter({1: 1755, 0: 1754, 2: 1741})
==== Stage 3: Domain-invariant + HardNCE ====
epoch            total_loss       cls_loss         dis_loss         hard_loss       
0                5.0880093575     4.0004038811     1.0876032114     0.0000081062    
  Source acc: 0.995429  |  Target acc: 0.870000
  Best target acc: 0.874000

======== ROUND 10 ========  [Ablation: M2]
==== Stage 1: SupCon Pre-training ====
epoch            total_loss       cls_loss        
0                0.1085714176     0.1085714176    
1                0.0284114461     0.0284114461    
==== Stage 2: SKIPPED (M2 ablation) ====
  Random domain assignment: Counter({2: 1819, 1: 1731, 0: 1700})
==== Stage 3: Domain-invariant + HardNCE ====
epoch            total_loss       cls_loss         dis_loss         hard_loss       
0                1.1153215170     0.0553185046     1.0600028038     0.0000007153    
  Source acc: 0.999810  |  Target acc: 0.911333
  Best target acc: 0.911333

======== ROUND 11 ========  [Ablation: M2]
==== Stage 1: SupCon Pre-training ====
epoch            total_loss       cls_loss        
0                0.0505455211     0.0505455211    
1                0.0184135269     0.0184135269    
==== Stage 2: SKIPPED (M2 ablation) ====
  Random domain assignment: Counter({1: 1762, 0: 1751, 2: 1737})
==== Stage 3: Domain-invariant + HardNCE ====
epoch            total_loss       cls_loss         dis_loss         hard_loss       
0                1.2636805773     0.1684947163     1.0951831341     0.0000092983    
  Source acc: 1.000000  |  Target acc: 0.912667
  Best target acc: 0.912667

======== ROUND 12 ========  [Ablation: M2]
==== Stage 1: SupCon Pre-training ====
epoch            total_loss       cls_loss        
0                0.1980950385     0.1980950385    
1                0.0044209012     0.0044209012    
==== Stage 2: SKIPPED (M2 ablation) ====
  Random domain assignment: Counter({0: 1781, 1: 1746, 2: 1723})
==== Stage 3: Domain-invariant + HardNCE ====
epoch            total_loss       cls_loss         dis_loss         hard_loss       
0                1.3402628899     0.0818030015     1.2584593296     0.0000019073    
  Source acc: 1.000000  |  Target acc: 0.898000
  Best target acc: 0.912667

======== ROUND 13 ========  [Ablation: M2]
==== Stage 1: SupCon Pre-training ====
epoch            total_loss       cls_loss        
0                0.0459739715     0.0459739715    
1                5.7821235657     5.7821235657    
==== Stage 2: SKIPPED (M2 ablation) ====
  Random domain assignment: Counter({1: 1755, 2: 1748, 0: 1747})
==== Stage 3: Domain-invariant + HardNCE ====
epoch            total_loss       cls_loss         dis_loss         hard_loss       
0                1.3271869421     0.2054727376     1.1217135191     0.0000023842    
  Source acc: 1.000000  |  Target acc: 0.914667
  Best target acc: 0.914667

======== ROUND 14 ========  [Ablation: M2]
==== Stage 1: SupCon Pre-training ====
epoch            total_loss       cls_loss        
0                1.5746332407     1.5746332407    
1                5.4879674911     5.4879674911    
==== Stage 2: SKIPPED (M2 ablation) ====
  Random domain assignment: Counter({0: 1798, 1: 1726, 2: 1726})
==== Stage 3: Domain-invariant + HardNCE ====
epoch            total_loss       cls_loss         dis_loss         hard_loss       
0                1.5343503952     0.1070765927     1.4272699356     0.0000126362    
  Source acc: 1.000000  |  Target acc: 0.908667
  Best target acc: 0.914667

======== ROUND 15 ========  [Ablation: M2]
==== Stage 1: SupCon Pre-training ====
epoch            total_loss       cls_loss        
0                0.0093790339     0.0093790339    
1                5.5593485832     5.5593485832    
==== Stage 2: SKIPPED (M2 ablation) ====
  Random domain assignment: Counter({2: 1796, 0: 1739, 1: 1715})
==== Stage 3: Domain-invariant + HardNCE ====
epoch            total_loss       cls_loss         dis_loss         hard_loss       
0                1.1106293201     0.0588614121     1.0517674685     0.0000014305    
  Source acc: 1.000000  |  Target acc: 0.906000
  Best target acc: 0.914667

======== ROUND 16 ========  [Ablation: M2]
==== Stage 1: SupCon Pre-training ====
epoch            total_loss       cls_loss        
0                0.0183349252     0.0183349252    
1                0.0294314604     0.0294314604    
==== Stage 2: SKIPPED (M2 ablation) ====
  Random domain assignment: Counter({0: 1768, 1: 1759, 2: 1723})
==== Stage 3: Domain-invariant + HardNCE ====
epoch            total_loss       cls_loss         dis_loss         hard_loss       
0                1.1871914864     0.2305959910     0.9565937519     0.0000059605    
  Source acc: 1.000000  |  Target acc: 0.901333
  Best target acc: 0.914667

======== ROUND 17 ========  [Ablation: M2]
==== Stage 1: SupCon Pre-training ====
epoch            total_loss       cls_loss        
0                4.2562117577     4.2562117577    
1                4.3689556122     4.3689556122    
==== Stage 2: SKIPPED (M2 ablation) ====
  Random domain assignment: Counter({1: 1767, 0: 1759, 2: 1724})
==== Stage 3: Domain-invariant + HardNCE ====
epoch            total_loss       cls_loss         dis_loss         hard_loss       
0                1.2829020023     0.0858234167     1.1970766783     0.0000061989    
  Source acc: 1.000000  |  Target acc: 0.896000
  Best target acc: 0.914667

======== ROUND 18 ========  [Ablation: M2]
==== Stage 1: SupCon Pre-training ====
epoch            total_loss       cls_loss        
0                0.1164625734     0.1164625734    
1                0.0784011483     0.0784011483    
==== Stage 2: SKIPPED (M2 ablation) ====
  Random domain assignment: Counter({0: 1775, 1: 1760, 2: 1715})
==== Stage 3: Domain-invariant + HardNCE ====
epoch            total_loss       cls_loss         dis_loss         hard_loss       
0                5.0228023529     3.8286981583     1.1941030025     0.0000033379    
  Source acc: 1.000000  |  Target acc: 0.902000
  Best target acc: 0.914667

======== ROUND 19 ========  [Ablation: M2]
==== Stage 1: SupCon Pre-training ====
epoch            total_loss       cls_loss        
0                0.0372818746     0.0372818746    
1                0.0191322006     0.0191322006    
==== Stage 2: SKIPPED (M2 ablation) ====
  Random domain assignment: Counter({1: 1793, 0: 1764, 2: 1693})
==== Stage 3: Domain-invariant + HardNCE ====
epoch            total_loss       cls_loss         dis_loss         hard_loss       
0                1.2100530863     0.0672475249     1.1428050995     0.0000014305    
  Source acc: 1.000000  |  Target acc: 0.908667
  Best target acc: 0.914667

======== ROUND 20 ========  [Ablation: M2]
==== Stage 1: SupCon Pre-training ====
epoch            total_loss       cls_loss        
0                0.1114207357     0.1114207357    
1                0.0069486611     0.0069486611    
==== Stage 2: SKIPPED (M2 ablation) ====
  Random domain assignment: Counter({2: 1800, 0: 1745, 1: 1705})
==== Stage 3: Domain-invariant + HardNCE ====
epoch            total_loss       cls_loss         dis_loss         hard_loss       
0                1.2089818716     0.1332234591     1.0757558346     0.0000085831    
  Source acc: 1.000000  |  Target acc: 0.904667
  Best target acc: 0.914667

======== ROUND 21 ========  [Ablation: M2]
==== Stage 1: SupCon Pre-training ====
epoch            total_loss       cls_loss        
0                0.0998539776     0.0998539776    
1                0.0285581443     0.0285581443    
==== Stage 2: SKIPPED (M2 ablation) ====
  Random domain assignment: Counter({1: 1794, 0: 1764, 2: 1692})
==== Stage 3: Domain-invariant + HardNCE ====
epoch            total_loss       cls_loss         dis_loss         hard_loss       
0                1.1968287230     0.0482989177     1.1485215425     0.0000274181    
  Source acc: 1.000000  |  Target acc: 0.910000
  Best target acc: 0.914667

======== ROUND 22 ========  [Ablation: M2]
==== Stage 1: SupCon Pre-training ====
epoch            total_loss       cls_loss        
0                0.0563170537     0.0563170537    
1                0.0186824948     0.0186824948    
==== Stage 2: SKIPPED (M2 ablation) ====
  Random domain assignment: Counter({2: 1809, 0: 1730, 1: 1711})
==== Stage 3: Domain-invariant + HardNCE ====
epoch            total_loss       cls_loss         dis_loss         hard_loss       
0                1.4147561789     0.3008101583     1.1139446497     0.0000042915    
  Source acc: 1.000000  |  Target acc: 0.916667
  Best target acc: 0.916667

======== ROUND 23 ========  [Ablation: M2]
==== Stage 1: SupCon Pre-training ====
epoch            total_loss       cls_loss        
0                0.0168228783     0.0168228783    
1                0.0760986209     0.0760986209    
==== Stage 2: SKIPPED (M2 ablation) ====
  Random domain assignment: Counter({0: 1794, 1: 1754, 2: 1702})
==== Stage 3: Domain-invariant + HardNCE ====
epoch            total_loss       cls_loss         dis_loss         hard_loss       
0                1.3141520023     0.1918364763     1.1223142147     0.0000045300    
  Source acc: 1.000000  |  Target acc: 0.898000
  Best target acc: 0.916667

======== ROUND 24 ========  [Ablation: M2]
==== Stage 1: SupCon Pre-training ====
epoch            total_loss       cls_loss        
0                5.7708082199     5.7708082199    
1                0.0508467592     0.0508467592    
==== Stage 2: SKIPPED (M2 ablation) ====
  Random domain assignment: Counter({2: 1765, 0: 1750, 1: 1735})
==== Stage 3: Domain-invariant + HardNCE ====
epoch            total_loss       cls_loss         dis_loss         hard_loss       
0                1.1922024488     0.0940349102     1.0981662273     0.0000042915    
  Source acc: 1.000000  |  Target acc: 0.907333
  Best target acc: 0.916667

======== ROUND 25 ========  [Ablation: M2]
==== Stage 1: SupCon Pre-training ====
epoch            total_loss       cls_loss        
0                0.0168711804     0.0168711804    
1                0.0339432880     0.0339432880    
==== Stage 2: SKIPPED (M2 ablation) ====
  Random domain assignment: Counter({0: 1779, 2: 1769, 1: 1702})
==== Stage 3: Domain-invariant + HardNCE ====
epoch            total_loss       cls_loss         dis_loss         hard_loss       
0                1.2733430862     0.1232350022     1.1501054764     0.0000085831    
  Source acc: 1.000000  |  Target acc: 0.903333
  Best target acc: 0.916667

======== ROUND 26 ========  [Ablation: M2]
==== Stage 1: SupCon Pre-training ====
epoch            total_loss       cls_loss        
0                0.0979824439     0.0979824439    
1                5.2843446732     5.2843446732    
==== Stage 2: SKIPPED (M2 ablation) ====
  Random domain assignment: Counter({1: 1795, 0: 1762, 2: 1693})
==== Stage 3: Domain-invariant + HardNCE ====
epoch            total_loss       cls_loss         dis_loss         hard_loss       
0                1.1526079178     0.0672893822     1.0853176117     0.0000030994    
  Source acc: 1.000000  |  Target acc: 0.912000
  Best target acc: 0.916667

======== ROUND 27 ========  [Ablation: M2]
==== Stage 1: SupCon Pre-training ====
epoch            total_loss       cls_loss        
0                0.0161445439     0.0161445439    
1                0.0293160416     0.0293160416    
==== Stage 2: SKIPPED (M2 ablation) ====
  Random domain assignment: Counter({1: 1810, 2: 1754, 0: 1686})
==== Stage 3: Domain-invariant + HardNCE ====
epoch            total_loss       cls_loss         dis_loss         hard_loss       
0                1.2290272713     0.0442700908     1.1847562790     0.0000033379    
  Source acc: 1.000000  |  Target acc: 0.911333
  Best target acc: 0.916667

======== ROUND 28 ========  [Ablation: M2]
==== Stage 1: SupCon Pre-training ====
epoch            total_loss       cls_loss        
0                3.8898236752     3.8898236752    
1                0.0914115608     0.0914115608    
==== Stage 2: SKIPPED (M2 ablation) ====
  Random domain assignment: Counter({0: 1778, 2: 1769, 1: 1703})
==== Stage 3: Domain-invariant + HardNCE ====
epoch            total_loss       cls_loss         dis_loss         hard_loss       
0                3.2264170647     2.2008488178     1.0255553722     0.0000429153    
  Source acc: 1.000000  |  Target acc: 0.903333
  Best target acc: 0.916667

======== ROUND 29 ========  [Ablation: M2]
==== Stage 1: SupCon Pre-training ====
epoch            total_loss       cls_loss        
0                0.0583095625     0.0583095625    
1                0.0078102504     0.0078102504    
==== Stage 2: SKIPPED (M2 ablation) ====
  Random domain assignment: Counter({1: 1798, 2: 1733, 0: 1719})
==== Stage 3: Domain-invariant + HardNCE ====
epoch            total_loss       cls_loss         dis_loss         hard_loss       
0                4.5620360374     3.4023435116     1.1596899033     0.0000083447    
  Source acc: 1.000000  |  Target acc: 0.909333
  Best target acc: 0.916667

======== ROUND 30 ========  [Ablation: M2]
==== Stage 1: SupCon Pre-training ====
epoch            total_loss       cls_loss        
0                4.8693041801     4.8693041801    
1                0.0096090958     0.0096090958    
==== Stage 2: SKIPPED (M2 ablation) ====
  Random domain assignment: Counter({2: 1778, 0: 1747, 1: 1725})
==== Stage 3: Domain-invariant + HardNCE ====
epoch            total_loss       cls_loss         dis_loss         hard_loss       
0                1.4572552443     0.3354217112     1.1218330860     0.0000016689    
  Source acc: 1.000000  |  Target acc: 0.888000
  Best target acc: 0.916667

======== ROUND 31 ========  [Ablation: M2]
==== Stage 1: SupCon Pre-training ====
epoch            total_loss       cls_loss        
0                5.7965927124     5.7965927124    
1                0.0327581130     0.0327581130    
==== Stage 2: SKIPPED (M2 ablation) ====
  Random domain assignment: Counter({1: 1800, 2: 1770, 0: 1680})
==== Stage 3: Domain-invariant + HardNCE ====
epoch            total_loss       cls_loss         dis_loss         hard_loss       
0                1.3289319277     0.2686065137     1.0603165627     0.0000293255    
  Source acc: 1.000000  |  Target acc: 0.908000
  Best target acc: 0.916667

======== ROUND 32 ========  [Ablation: M2]
==== Stage 1: SupCon Pre-training ====
epoch            total_loss       cls_loss        
0                0.0080460403     0.0080460403    
1                0.3250103295     0.3250103295    
==== Stage 2: SKIPPED (M2 ablation) ====
  Random domain assignment: Counter({1: 1818, 0: 1739, 2: 1693})
==== Stage 3: Domain-invariant + HardNCE ====
epoch            total_loss       cls_loss         dis_loss         hard_loss       
0                1.2241206169     0.1257980019     1.0983223915     0.0000007153    
  Source acc: 1.000000  |  Target acc: 0.918000
  Best target acc: 0.918000

======== ROUND 33 ========  [Ablation: M2]
==== Stage 1: SupCon Pre-training ====
epoch            total_loss       cls_loss        
0                0.0806159675     0.0806159675    
1                0.0089924233     0.0089924233    
==== Stage 2: SKIPPED (M2 ablation) ====
  Random domain assignment: Counter({2: 1842, 0: 1706, 1: 1702})
==== Stage 3: Domain-invariant + HardNCE ====
epoch            total_loss       cls_loss         dis_loss         hard_loss       
0                2.7934710979     1.8164646626     0.9770017266     0.0000159740    
  Source acc: 1.000000  |  Target acc: 0.912667
  Best target acc: 0.918000

======== ROUND 34 ========  [Ablation: M2]
==== Stage 1: SupCon Pre-training ====
epoch            total_loss       cls_loss        
0                0.0350313410     0.0350313410    
1                0.1069077477     0.1069077477    
==== Stage 2: SKIPPED (M2 ablation) ====
  Random domain assignment: Counter({2: 1783, 1: 1770, 0: 1697})
==== Stage 3: Domain-invariant + HardNCE ====
epoch            total_loss       cls_loss         dis_loss         hard_loss       
0                1.3439553976     0.3124988973     1.0314040184     0.0001749992    
  Source acc: 1.000000  |  Target acc: 0.908667
  Best target acc: 0.918000

======== ROUND 35 ========  [Ablation: M2]
==== Stage 1: SupCon Pre-training ====
epoch            total_loss       cls_loss        
0                0.0730982274     0.0730982274    
1                4.4515504837     4.4515504837    
==== Stage 2: SKIPPED (M2 ablation) ====
  Random domain assignment: Counter({0: 1762, 2: 1756, 1: 1732})
==== Stage 3: Domain-invariant + HardNCE ====
epoch            total_loss       cls_loss         dis_loss         hard_loss       
0                1.1980464458     0.0965360254     1.1015096903     0.0000023842    
  Source acc: 1.000000  |  Target acc: 0.899333
  Best target acc: 0.918000

======== ROUND 36 ========  [Ablation: M2]
==== Stage 1: SupCon Pre-training ====
epoch            total_loss       cls_loss        
0                5.2361516953     5.2361516953    
1                0.0390291549     0.0390291549    
==== Stage 2: SKIPPED (M2 ablation) ====
  Random domain assignment: Counter({2: 1755, 0: 1752, 1: 1743})
==== Stage 3: Domain-invariant + HardNCE ====
epoch            total_loss       cls_loss         dis_loss         hard_loss       
0                1.3024513721     0.1676068604     1.1348429918     0.0000052452    
  Source acc: 1.000000  |  Target acc: 0.913333
  Best target acc: 0.918000

======== ROUND 37 ========  [Ablation: M2]
==== Stage 1: SupCon Pre-training ====
epoch            total_loss       cls_loss        
0                0.0218522195     0.0218522195    
1                2.5211713314     2.5211713314    
==== Stage 2: SKIPPED (M2 ablation) ====
  Random domain assignment: Counter({0: 1767, 1: 1751, 2: 1732})
==== Stage 3: Domain-invariant + HardNCE ====
epoch            total_loss       cls_loss         dis_loss         hard_loss       
0                1.0858490467     0.0131409746     1.0727076530     0.0000016689    
  Source acc: 1.000000  |  Target acc: 0.913333
  Best target acc: 0.918000

======== ROUND 38 ========  [Ablation: M2]
==== Stage 1: SupCon Pre-training ====
epoch            total_loss       cls_loss        
0                5.1983361244     5.1983361244    
1                0.0224229898     0.0224229898    
==== Stage 2: SKIPPED (M2 ablation) ====
  Random domain assignment: Counter({0: 1766, 1: 1759, 2: 1725})
==== Stage 3: Domain-invariant + HardNCE ====
epoch            total_loss       cls_loss         dis_loss         hard_loss       
0                1.1800221205     0.0062165749     1.1738011837     0.0000145435    
  Source acc: 1.000000  |  Target acc: 0.908667
  Best target acc: 0.918000

======== ROUND 39 ========  [Ablation: M2]
==== Stage 1: SupCon Pre-training ====
epoch            total_loss       cls_loss        
0                0.0590538196     0.0590538196    
1                4.8037133217     4.8037133217    
==== Stage 2: SKIPPED (M2 ablation) ====
  Random domain assignment: Counter({0: 1775, 2: 1772, 1: 1703})
==== Stage 3: Domain-invariant + HardNCE ====
epoch            total_loss       cls_loss         dis_loss         hard_loss       
0                1.1631898880     0.0277722590     1.1354172230     0.0000011921    
  Source acc: 1.000000  |  Target acc: 0.914000
  Best target acc: 0.918000

======== ROUND 40 ========  [Ablation: M2]
==== Stage 1: SupCon Pre-training ====
epoch            total_loss       cls_loss        
0                0.0246564467     0.0246564467    
1                5.1844253540     5.1844253540    
==== Stage 2: SKIPPED (M2 ablation) ====
  Random domain assignment: Counter({1: 1775, 0: 1747, 2: 1728})
==== Stage 3: Domain-invariant + HardNCE ====
epoch            total_loss       cls_loss         dis_loss         hard_loss       
0                1.3258734941     0.0151417302     1.3107309341     0.0000026226    
  Source acc: 1.000000  |  Target acc: 0.902667
  Best target acc: 0.918000

======== ROUND 41 ========  [Ablation: M2]
==== Stage 1: SupCon Pre-training ====
epoch            total_loss       cls_loss        
0                0.0964616537     0.0964616537    
1                0.0223274641     0.0223274641    
==== Stage 2: SKIPPED (M2 ablation) ====
  Random domain assignment: Counter({2: 1774, 0: 1751, 1: 1725})
==== Stage 3: Domain-invariant + HardNCE ====
epoch            total_loss       cls_loss         dis_loss         hard_loss       
0                1.1259381771     0.0104185697     1.1155186892     0.0000030994    
  Source acc: 1.000000  |  Target acc: 0.910667
  Best target acc: 0.918000

======== ROUND 42 ========  [Ablation: M2]
==== Stage 1: SupCon Pre-training ====
epoch            total_loss       cls_loss        
0                0.0194310024     0.0194310024    
1                0.1393581629     0.1393581629    
==== Stage 2: SKIPPED (M2 ablation) ====
  Random domain assignment: Counter({0: 1757, 2: 1756, 1: 1737})
==== Stage 3: Domain-invariant + HardNCE ====
epoch            total_loss       cls_loss         dis_loss         hard_loss       
0                1.2904926538     0.1246458665     1.1658431292     0.0000121593    
  Source acc: 1.000000  |  Target acc: 0.916667
  Best target acc: 0.918000

======== ROUND 43 ========  [Ablation: M2]
==== Stage 1: SupCon Pre-training ====
epoch            total_loss       cls_loss        
0                0.7509270906     0.7509270906    
1                0.0256568883     0.0256568883    
==== Stage 2: SKIPPED (M2 ablation) ====
  Random domain assignment: Counter({1: 1792, 0: 1746, 2: 1712})
==== Stage 3: Domain-invariant + HardNCE ====
epoch            total_loss       cls_loss         dis_loss         hard_loss       
0                4.3517975807     3.2171096802     1.1346824169     0.0000178814    
  Source acc: 1.000000  |  Target acc: 0.904667
  Best target acc: 0.918000

======== ROUND 44 ========  [Ablation: M2]
==== Stage 1: SupCon Pre-training ====
epoch            total_loss       cls_loss        
0                0.0430706181     0.0430706181    
1                3.6428368092     3.6428368092    
==== Stage 2: SKIPPED (M2 ablation) ====
  Random domain assignment: Counter({1: 1811, 0: 1739, 2: 1700})
==== Stage 3: Domain-invariant + HardNCE ====
epoch            total_loss       cls_loss         dis_loss         hard_loss       
0                1.2153600454     0.0911855176     1.1239036322     0.0009028912    
  Source acc: 1.000000  |  Target acc: 0.917333
  Best target acc: 0.918000

======== ROUND 45 ========  [Ablation: M2]
==== Stage 1: SupCon Pre-training ====
epoch            total_loss       cls_loss        
0                0.0198689215     0.0198689215    
1                0.2734172046     0.2734172046    
==== Stage 2: SKIPPED (M2 ablation) ====
  Random domain assignment: Counter({0: 1807, 1: 1725, 2: 1718})
==== Stage 3: Domain-invariant + HardNCE ====
epoch            total_loss       cls_loss         dis_loss         hard_loss       
0                1.1611866951     0.0780506432     1.0831326246     0.0000114441    
  Source acc: 1.000000  |  Target acc: 0.917333
  Best target acc: 0.918000

======== ROUND 46 ========  [Ablation: M2]
==== Stage 1: SupCon Pre-training ====
epoch            total_loss       cls_loss        
0                0.3487748206     0.3487748206    
1                0.0056611774     0.0056611774    
==== Stage 2: SKIPPED (M2 ablation) ====
  Random domain assignment: Counter({2: 1760, 0: 1751, 1: 1739})
==== Stage 3: Domain-invariant + HardNCE ====
epoch            total_loss       cls_loss         dis_loss         hard_loss       
0                1.1551183462     0.0654644594     1.0896459818     0.0000262260    
  Source acc: 1.000000  |  Target acc: 0.903333
  Best target acc: 0.918000

======== ROUND 47 ========  [Ablation: M2]
==== Stage 1: SupCon Pre-training ====
epoch            total_loss       cls_loss        
0                0.0085738171     0.0085738171    
1                0.0292119179     0.0292119179    
==== Stage 2: SKIPPED (M2 ablation) ====
  Random domain assignment: Counter({1: 1790, 2: 1761, 0: 1699})
==== Stage 3: Domain-invariant + HardNCE ====
epoch            total_loss       cls_loss         dis_loss         hard_loss       
0                1.3100794554     0.2185359746     1.0915422440     0.0000040531    
  Source acc: 1.000000  |  Target acc: 0.906000
  Best target acc: 0.918000

======== ROUND 48 ========  [Ablation: M2]
==== Stage 1: SupCon Pre-training ====
epoch            total_loss       cls_loss        
0                0.0109575372     0.0109575372    
1                0.0166447423     0.0166447423    
==== Stage 2: SKIPPED (M2 ablation) ====
  Random domain assignment: Counter({0: 1771, 1: 1758, 2: 1721})
==== Stage 3: Domain-invariant + HardNCE ====
epoch            total_loss       cls_loss         dis_loss         hard_loss       
0                1.1856764555     0.0696297362     1.1160461903     0.0000014305    
  Source acc: 1.000000  |  Target acc: 0.896667
  Best target acc: 0.918000

======== ROUND 49 ========  [Ablation: M2]
==== Stage 1: SupCon Pre-training ====
epoch            total_loss       cls_loss        
0                0.0202423837     0.0202423837    
1                0.0366280228     0.0366280228    
==== Stage 2: SKIPPED (M2 ablation) ====
  Random domain assignment: Counter({0: 1766, 1: 1760, 2: 1724})
==== Stage 3: Domain-invariant + HardNCE ====
epoch            total_loss       cls_loss         dis_loss         hard_loss       
0                1.1132597923     0.0185116455     1.0947476625     0.0000014305    
  Source acc: 1.000000  |  Target acc: 0.915333
  Best target acc: 0.918000
[ConfMatrix] saved to log/abl_widar1ap_cross_user_M2_s0 (cm shape=(6, 6))

Results saved to log/abl_widar1ap_cross_user_M2_s0
acc.txt: log/abl_widar1ap_cross_user_M2_s0/acc.txt
bestacc.txt: log/abl_widar1ap_cross_user_M2_s0/bestacc.txt
