[Seed] global random seed set to 3

[Ablation Mode] M2
[XRF55 cross_env] Train scenes: [1, 2, 3], Test scene: 4
[XRF55Dataset] loaded 5760 samples from 3 dirs
[XRF55Dataset] loaded 480 samples from 1 dirs
[XRF55Dataset] loaded 5760 samples from 3 dirs
Train set size: 5760 samples, 180 batches
Test set size:  480 samples, 15 batches
Source eval size: 5760 samples

[Direction Sensitivity] Manual weights (dir_w=0.5): {0: 0.0, 1: 0.5, 2: 0.5, 3: 0.5, 4: 0.5, 5: 0.5, 6: 0.5, 7: 0.5}

======== ROUND 0 ========  [Ablation: M2]
==== Stage 1: SupCon Pre-training ====
epoch            total_loss       cls_loss         supcon_loss     
0                4.1480541229     1.2201312780     5.8558459282    
1                3.7379355431     0.9449963570     5.5858783722    
==== Stage 2: SKIPPED (M2 ablation) ====
  Random domain assignment: Counter({0: 1931, 2: 1916, 1: 1913})
==== Stage 3: Domain-invariant + HardNCE ====
epoch            total_loss       cls_loss         dis_loss         hard_loss       
0                2.0344445705     0.6455891728     1.1565434933     0.7743728161    
  Source acc: 0.749306  |  Target acc: 0.585417
  Best target acc: 0.585417

======== ROUND 1 ========  [Ablation: M2]
==== Stage 1: SupCon Pre-training ====
epoch            total_loss       cls_loss         supcon_loss     
0                3.2863693237     0.6118210554     5.3490962982    
1                3.6089220047     0.8708973527     5.4760494232    
==== Stage 2: SKIPPED (M2 ablation) ====
  Random domain assignment: Counter({0: 1939, 2: 1929, 1: 1892})
==== Stage 3: Domain-invariant + HardNCE ====
epoch            total_loss       cls_loss         dis_loss         hard_loss       
0                2.0135960579     0.6593095660     1.1197714806     0.7817165256    
  Source acc: 0.898264  |  Target acc: 0.720833
  Best target acc: 0.720833

======== ROUND 2 ========  [Ablation: M2]
==== Stage 1: SupCon Pre-training ====
epoch            total_loss       cls_loss         supcon_loss     
0                3.6143498421     0.5514636636     6.1257724762    
1                3.4056291580     0.6305249929     5.5502080917    
==== Stage 2: SKIPPED (M2 ablation) ====
  Random domain assignment: Counter({0: 1934, 1: 1920, 2: 1906})
==== Stage 3: Domain-invariant + HardNCE ====
epoch            total_loss       cls_loss         dis_loss         hard_loss       
0                1.7422217131     0.4840105176     1.0391789675     0.7301070690    
  Source acc: 0.950521  |  Target acc: 0.725000
  Best target acc: 0.725000

======== ROUND 3 ========  [Ablation: M2]
==== Stage 1: SupCon Pre-training ====
epoch            total_loss       cls_loss        
0                0.2693492770     0.2693492770    
1                0.2764073014     0.2764073014    
==== Stage 2: SKIPPED (M2 ablation) ====
  Random domain assignment: Counter({1: 1971, 2: 1929, 0: 1860})
==== Stage 3: Domain-invariant + HardNCE ====
epoch            total_loss       cls_loss         dis_loss         hard_loss       
0                1.7151803970     0.3620883524     1.1461559534     0.6897871494    
  Source acc: 0.974479  |  Target acc: 0.687500
  Best target acc: 0.725000

======== ROUND 4 ========  [Ablation: M2]
==== Stage 1: SupCon Pre-training ====
epoch            total_loss       cls_loss        
0                0.2963196635     0.2963196635    
1                0.4654875398     0.4654875398    
==== Stage 2: SKIPPED (M2 ablation) ====
  Random domain assignment: Counter({1: 1925, 2: 1919, 0: 1916})
==== Stage 3: Domain-invariant + HardNCE ====
epoch            total_loss       cls_loss         dis_loss         hard_loss       
0                1.5271170139     0.1693181396     1.1332401037     0.7485292554    
  Source acc: 0.977604  |  Target acc: 0.725000
  Best target acc: 0.725000

======== ROUND 5 ========  [Ablation: M2]
==== Stage 1: SupCon Pre-training ====
epoch            total_loss       cls_loss        
0                0.1640879810     0.1640879810    
1                0.2003613710     0.2003613710    
==== Stage 2: SKIPPED (M2 ablation) ====
  Random domain assignment: Counter({0: 1967, 1: 1948, 2: 1845})
==== Stage 3: Domain-invariant + HardNCE ====
epoch            total_loss       cls_loss         dis_loss         hard_loss       
0                1.6782684326     0.3219549060     1.1645271778     0.6392877102    
  Source acc: 0.990972  |  Target acc: 0.712500
  Best target acc: 0.725000

======== ROUND 6 ========  [Ablation: M2]
==== Stage 1: SupCon Pre-training ====
epoch            total_loss       cls_loss        
0                0.2486585379     0.2486585379    
1                0.1155319065     0.1155319065    
==== Stage 2: SKIPPED (M2 ablation) ====
  Random domain assignment: Counter({0: 1941, 1: 1912, 2: 1907})
==== Stage 3: Domain-invariant + HardNCE ====
epoch            total_loss       cls_loss         dis_loss         hard_loss       
0                1.5046001673     0.1450200677     1.1311157942     0.7615475655    
  Source acc: 0.992708  |  Target acc: 0.679167
  Best target acc: 0.725000

======== ROUND 7 ========  [Ablation: M2]
==== Stage 1: SupCon Pre-training ====
epoch            total_loss       cls_loss        
0                0.2457641065     0.2457641065    
1                0.1772024333     0.1772024333    
==== Stage 2: SKIPPED (M2 ablation) ====
  Random domain assignment: Counter({1: 1977, 0: 1911, 2: 1872})
==== Stage 3: Domain-invariant + HardNCE ====
epoch            total_loss       cls_loss         dis_loss         hard_loss       
0                1.4184900522     0.1296735704     1.0649468899     0.7462318540    
  Source acc: 0.993056  |  Target acc: 0.700000
  Best target acc: 0.725000

======== ROUND 8 ========  [Ablation: M2]
==== Stage 1: SupCon Pre-training ====
epoch            total_loss       cls_loss        
0                0.3187339604     0.3187339604    
1                0.1794311106     0.1794311106    
==== Stage 2: SKIPPED (M2 ablation) ====
  Random domain assignment: Counter({0: 2006, 2: 1908, 1: 1846})
==== Stage 3: Domain-invariant + HardNCE ====
epoch            total_loss       cls_loss         dis_loss         hard_loss       
0                1.5053261518     0.1660279334     1.1113196611     0.7599287629    
  Source acc: 0.994097  |  Target acc: 0.714583
  Best target acc: 0.725000

======== ROUND 9 ========  [Ablation: M2]
==== Stage 1: SupCon Pre-training ====
epoch            total_loss       cls_loss        
0                0.2270939201     0.2270939201    
1                0.2021191269     0.2021191269    
==== Stage 2: SKIPPED (M2 ablation) ====
  Random domain assignment: Counter({1: 1924, 2: 1922, 0: 1914})
==== Stage 3: Domain-invariant + HardNCE ====
epoch            total_loss       cls_loss         dis_loss         hard_loss       
0                1.4327665567     0.1046179011     1.1146452427     0.7116777301    
  Source acc: 0.995486  |  Target acc: 0.718750
  Best target acc: 0.725000

======== ROUND 10 ========  [Ablation: M2]
==== Stage 1: SupCon Pre-training ====
epoch            total_loss       cls_loss        
0                0.0233324673     0.0233324673    
1                0.0201392453     0.0201392453    
==== Stage 2: SKIPPED (M2 ablation) ====
  Random domain assignment: Counter({0: 1926, 1: 1924, 2: 1910})
==== Stage 3: Domain-invariant + HardNCE ====
epoch            total_loss       cls_loss         dis_loss         hard_loss       
0                1.4027638435     0.1198752448     1.1018445492     0.6034803987    
  Source acc: 1.000000  |  Target acc: 0.750000
  Best target acc: 0.750000

======== ROUND 11 ========  [Ablation: M2]
==== Stage 1: SupCon Pre-training ====
epoch            total_loss       cls_loss        
0                0.0289624371     0.0289624371    
1                0.0197616834     0.0197616834    
==== Stage 2: SKIPPED (M2 ablation) ====
  Random domain assignment: Counter({0: 1951, 1: 1926, 2: 1883})
==== Stage 3: Domain-invariant + HardNCE ====
epoch            total_loss       cls_loss         dis_loss         hard_loss       
0                1.4042173624     0.1386739314     1.0897758007     0.5858920217    
  Source acc: 1.000000  |  Target acc: 0.733333
  Best target acc: 0.750000

======== ROUND 12 ========  [Ablation: M2]
==== Stage 1: SupCon Pre-training ====
epoch            total_loss       cls_loss        
0                0.0368854180     0.0368854180    
1                0.0063088029     0.0063088029    
==== Stage 2: SKIPPED (M2 ablation) ====
  Random domain assignment: Counter({1: 1943, 0: 1917, 2: 1900})
==== Stage 3: Domain-invariant + HardNCE ====
epoch            total_loss       cls_loss         dis_loss         hard_loss       
0                1.3112982512     0.0343096778     1.0744764805     0.6750403643    
  Source acc: 1.000000  |  Target acc: 0.745833
  Best target acc: 0.750000

======== ROUND 13 ========  [Ablation: M2]
==== Stage 1: SupCon Pre-training ====
epoch            total_loss       cls_loss        
0                0.0052638268     0.0052638268    
1                0.0099681970     0.0099681970    
==== Stage 2: SKIPPED (M2 ablation) ====
  Random domain assignment: Counter({1: 1978, 2: 1908, 0: 1874})
==== Stage 3: Domain-invariant + HardNCE ====
epoch            total_loss       cls_loss         dis_loss         hard_loss       
0                1.3966671228     0.1172673404     1.1001113653     0.5976280570    
  Source acc: 1.000000  |  Target acc: 0.739583
  Best target acc: 0.750000

======== ROUND 14 ========  [Ablation: M2]
==== Stage 1: SupCon Pre-training ====
epoch            total_loss       cls_loss        
0                0.0135264881     0.0135264881    
1                0.0122515056     0.0122515056    
==== Stage 2: SKIPPED (M2 ablation) ====
  Random domain assignment: Counter({2: 1931, 1: 1926, 0: 1903})
==== Stage 3: Domain-invariant + HardNCE ====
epoch            total_loss       cls_loss         dis_loss         hard_loss       
0                1.3077467680     0.0201056749     1.1074932814     0.6004924774    
  Source acc: 1.000000  |  Target acc: 0.729167
  Best target acc: 0.750000

======== ROUND 15 ========  [Ablation: M2]
==== Stage 1: SupCon Pre-training ====
epoch            total_loss       cls_loss        
0                0.0071878470     0.0071878470    
1                0.0152104208     0.0152104208    
==== Stage 2: SKIPPED (M2 ablation) ====
  Random domain assignment: Counter({0: 1945, 2: 1929, 1: 1886})
==== Stage 3: Domain-invariant + HardNCE ====
epoch            total_loss       cls_loss         dis_loss         hard_loss       
0                1.3323140144     0.0451434180     1.0988535881     0.6277234554    
  Source acc: 1.000000  |  Target acc: 0.731250
  Best target acc: 0.750000

======== ROUND 16 ========  [Ablation: M2]
==== Stage 1: SupCon Pre-training ====
epoch            total_loss       cls_loss        
0                0.0372551233     0.0372551233    
1                0.0033648424     0.0033648424    
==== Stage 2: SKIPPED (M2 ablation) ====
  Random domain assignment: Counter({0: 1983, 2: 1902, 1: 1875})
==== Stage 3: Domain-invariant + HardNCE ====
epoch            total_loss       cls_loss         dis_loss         hard_loss       
0                1.3239290714     0.0372168869     1.1250418425     0.5389009714    
  Source acc: 1.000000  |  Target acc: 0.745833
  Best target acc: 0.750000

======== ROUND 17 ========  [Ablation: M2]
==== Stage 1: SupCon Pre-training ====
epoch            total_loss       cls_loss        
0                0.0028475067     0.0028475067    
1                0.0083367731     0.0083367731    
==== Stage 2: SKIPPED (M2 ablation) ====
  Random domain assignment: Counter({1: 1950, 0: 1918, 2: 1892})
==== Stage 3: Domain-invariant + HardNCE ====
epoch            total_loss       cls_loss         dis_loss         hard_loss       
0                1.2932648659     0.0196967721     1.0892747641     0.6143109798    
  Source acc: 1.000000  |  Target acc: 0.737500
  Best target acc: 0.750000

======== ROUND 18 ========  [Ablation: M2]
==== Stage 1: SupCon Pre-training ====
epoch            total_loss       cls_loss        
0                0.0029514374     0.0029514374    
1                0.0026756702     0.0026756702    
==== Stage 2: SKIPPED (M2 ablation) ====
  Random domain assignment: Counter({0: 1981, 2: 1903, 1: 1876})
==== Stage 3: Domain-invariant + HardNCE ====
epoch            total_loss       cls_loss         dis_loss         hard_loss       
0                1.3120033741     0.0071875295     1.1252728701     0.5984768271    
  Source acc: 1.000000  |  Target acc: 0.733333
  Best target acc: 0.750000

======== ROUND 19 ========  [Ablation: M2]
==== Stage 1: SupCon Pre-training ====
epoch            total_loss       cls_loss        
0                0.0533184633     0.0533184633    
1                0.0142151350     0.0142151350    
==== Stage 2: SKIPPED (M2 ablation) ====
  Random domain assignment: Counter({2: 1942, 1: 1940, 0: 1878})
==== Stage 3: Domain-invariant + HardNCE ====
epoch            total_loss       cls_loss         dis_loss         hard_loss       
0                1.3274216652     0.0472929552     1.1182798147     0.5394963026    
  Source acc: 1.000000  |  Target acc: 0.729167
  Best target acc: 0.750000

======== ROUND 20 ========  [Ablation: M2]
==== Stage 1: SupCon Pre-training ====
epoch            total_loss       cls_loss        
0                0.0055317762     0.0055317762    
1                0.0031587342     0.0031587342    
==== Stage 2: SKIPPED (M2 ablation) ====
  Random domain assignment: Counter({0: 2004, 1: 1936, 2: 1820})
==== Stage 3: Domain-invariant + HardNCE ====
epoch            total_loss       cls_loss         dis_loss         hard_loss       
0                1.2986903191     0.0511811152     1.0910416842     0.5215586424    
  Source acc: 1.000000  |  Target acc: 0.743750
  Best target acc: 0.750000

======== ROUND 21 ========  [Ablation: M2]
==== Stage 1: SupCon Pre-training ====
epoch            total_loss       cls_loss        
0                0.0203092080     0.0203092080    
1                0.0056244605     0.0056244605    
==== Stage 2: SKIPPED (M2 ablation) ====
  Random domain assignment: Counter({0: 1922, 1: 1919, 2: 1919})
==== Stage 3: Domain-invariant + HardNCE ====
epoch            total_loss       cls_loss         dis_loss         hard_loss       
0                1.3359094858     0.0423902385     1.1205158234     0.5766782165    
  Source acc: 1.000000  |  Target acc: 0.716667
  Best target acc: 0.750000

======== ROUND 22 ========  [Ablation: M2]
==== Stage 1: SupCon Pre-training ====
epoch            total_loss       cls_loss        
0                0.0019229006     0.0019229006    
1                0.0097540263     0.0097540263    
==== Stage 2: SKIPPED (M2 ablation) ====
  Random domain assignment: Counter({0: 1934, 1: 1927, 2: 1899})
==== Stage 3: Domain-invariant + HardNCE ====
epoch            total_loss       cls_loss         dis_loss         hard_loss       
0                1.2778921127     0.0094461646     1.1042127609     0.5474442244    
  Source acc: 1.000000  |  Target acc: 0.741667
  Best target acc: 0.750000

======== ROUND 23 ========  [Ablation: M2]
==== Stage 1: SupCon Pre-training ====
epoch            total_loss       cls_loss        
0                0.0040149949     0.0040149949    
1                0.0050316397     0.0050316397    
==== Stage 2: SKIPPED (M2 ablation) ====
  Random domain assignment: Counter({1: 1939, 0: 1919, 2: 1902})
==== Stage 3: Domain-invariant + HardNCE ====
epoch            total_loss       cls_loss         dis_loss         hard_loss       
0                1.2758438587     0.0084371045     1.1058104038     0.5386542082    
  Source acc: 1.000000  |  Target acc: 0.750000
  Best target acc: 0.750000

======== ROUND 24 ========  [Ablation: M2]
==== Stage 1: SupCon Pre-training ====
epoch            total_loss       cls_loss        
0                0.0195349678     0.0195349678    
1                0.0016711387     0.0016711387    
==== Stage 2: SKIPPED (M2 ablation) ====
  Random domain assignment: Counter({0: 1971, 2: 1922, 1: 1867})
==== Stage 3: Domain-invariant + HardNCE ====
epoch            total_loss       cls_loss         dis_loss         hard_loss       
0                1.2724339962     0.0162547734     1.0836386681     0.5751353502    
  Source acc: 1.000000  |  Target acc: 0.752083
  Best target acc: 0.752083

======== ROUND 25 ========  [Ablation: M2]
==== Stage 1: SupCon Pre-training ====
epoch            total_loss       cls_loss        
0                0.0038222738     0.0038222738    
1                0.0458325632     0.0458325632    
==== Stage 2: SKIPPED (M2 ablation) ====
  Random domain assignment: Counter({0: 1979, 2: 1929, 1: 1852})
==== Stage 3: Domain-invariant + HardNCE ====
epoch            total_loss       cls_loss         dis_loss         hard_loss       
0                1.3358078003     0.0264967773     1.1250302792     0.6142691970    
  Source acc: 1.000000  |  Target acc: 0.737500
  Best target acc: 0.752083

======== ROUND 26 ========  [Ablation: M2]
==== Stage 1: SupCon Pre-training ====
epoch            total_loss       cls_loss        
0                0.0057056127     0.0057056127    
1                0.0043982835     0.0043982835    
==== Stage 2: SKIPPED (M2 ablation) ====
  Random domain assignment: Counter({2: 1945, 0: 1909, 1: 1906})
==== Stage 3: Domain-invariant + HardNCE ====
epoch            total_loss       cls_loss         dis_loss         hard_loss       
0                1.3496971130     0.0399561971     1.1374633312     0.5742586851    
  Source acc: 1.000000  |  Target acc: 0.725000
  Best target acc: 0.752083

======== ROUND 27 ========  [Ablation: M2]
==== Stage 1: SupCon Pre-training ====
epoch            total_loss       cls_loss        
0                0.0024787660     0.0024787660    
1                0.0010676403     0.0010676403    
==== Stage 2: SKIPPED (M2 ablation) ====
  Random domain assignment: Counter({1: 1970, 0: 1940, 2: 1850})
==== Stage 3: Domain-invariant + HardNCE ====
epoch            total_loss       cls_loss         dis_loss         hard_loss       
0                1.2921495438     0.0075814971     1.1007783413     0.6126323342    
  Source acc: 1.000000  |  Target acc: 0.743750
  Best target acc: 0.752083

======== ROUND 28 ========  [Ablation: M2]
==== Stage 1: SupCon Pre-training ====
epoch            total_loss       cls_loss        
0                0.0019073716     0.0019073716    
1                0.0141133452     0.0141133452    
==== Stage 2: SKIPPED (M2 ablation) ====
  Random domain assignment: Counter({0: 1964, 2: 1907, 1: 1889})
==== Stage 3: Domain-invariant + HardNCE ====
epoch            total_loss       cls_loss         dis_loss         hard_loss       
0                1.3148187399     0.0464302823     1.1257073879     0.4756036401    
  Source acc: 1.000000  |  Target acc: 0.741667
  Best target acc: 0.752083

======== ROUND 29 ========  [Ablation: M2]
==== Stage 1: SupCon Pre-training ====
epoch            total_loss       cls_loss        
0                0.0024347487     0.0024347487    
1                0.0019629227     0.0019629227    
==== Stage 2: SKIPPED (M2 ablation) ====
  Random domain assignment: Counter({1: 1929, 2: 1921, 0: 1910})
==== Stage 3: Domain-invariant + HardNCE ====
epoch            total_loss       cls_loss         dis_loss         hard_loss       
0                1.2603399754     0.0111530051     1.0923911333     0.5226530433    
  Source acc: 1.000000  |  Target acc: 0.735417
  Best target acc: 0.752083

======== ROUND 30 ========  [Ablation: M2]
==== Stage 1: SupCon Pre-training ====
epoch            total_loss       cls_loss        
0                0.0040634349     0.0040634349    
1                0.0042612660     0.0042612660    
==== Stage 2: SKIPPED (M2 ablation) ====
  Random domain assignment: Counter({0: 1937, 1: 1914, 2: 1909})
==== Stage 3: Domain-invariant + HardNCE ====
epoch            total_loss       cls_loss         dis_loss         hard_loss       
0                1.2916928530     0.0078224381     1.0960235596     0.6261561513    
  Source acc: 1.000000  |  Target acc: 0.733333
  Best target acc: 0.752083

======== ROUND 31 ========  [Ablation: M2]
==== Stage 1: SupCon Pre-training ====
epoch            total_loss       cls_loss        
0                0.0019630312     0.0019630312    
1                0.0027634543     0.0027634543    
==== Stage 2: SKIPPED (M2 ablation) ====
  Random domain assignment: Counter({0: 1952, 2: 1913, 1: 1895})
==== Stage 3: Domain-invariant + HardNCE ====
epoch            total_loss       cls_loss         dis_loss         hard_loss       
0                1.3237813711     0.0234429389     1.1218092442     0.5950970650    
  Source acc: 1.000000  |  Target acc: 0.735417
  Best target acc: 0.752083

======== ROUND 32 ========  [Ablation: M2]
==== Stage 1: SupCon Pre-training ====
epoch            total_loss       cls_loss        
0                0.0050273589     0.0050273589    
1                0.0163711887     0.0163711887    
==== Stage 2: SKIPPED (M2 ablation) ====
  Random domain assignment: Counter({1: 1988, 2: 1890, 0: 1882})
==== Stage 3: Domain-invariant + HardNCE ====
epoch            total_loss       cls_loss         dis_loss         hard_loss       
0                1.3222148418     0.0493513085     1.0872496367     0.6187129021    
  Source acc: 1.000000  |  Target acc: 0.758333
  Best target acc: 0.758333

======== ROUND 33 ========  [Ablation: M2]
==== Stage 1: SupCon Pre-training ====
epoch            total_loss       cls_loss        
0                0.0014958826     0.0014958826    
1                0.0238510426     0.0238510426    
==== Stage 2: SKIPPED (M2 ablation) ====
  Random domain assignment: Counter({2: 1968, 1: 1926, 0: 1866})
==== Stage 3: Domain-invariant + HardNCE ====
epoch            total_loss       cls_loss         dis_loss         hard_loss       
0                1.3000752926     0.0246341266     1.1013795137     0.5802054405    
  Source acc: 1.000000  |  Target acc: 0.731250
  Best target acc: 0.758333

======== ROUND 34 ========  [Ablation: M2]
==== Stage 1: SupCon Pre-training ====
epoch            total_loss       cls_loss        
0                0.0159811787     0.0159811787    
1                0.0171507653     0.0171507653    
==== Stage 2: SKIPPED (M2 ablation) ====
  Random domain assignment: Counter({2: 1942, 0: 1912, 1: 1906})
==== Stage 3: Domain-invariant + HardNCE ====
epoch            total_loss       cls_loss         dis_loss         hard_loss       
0                1.3299796581     0.0064337961     1.1526993513     0.5694882274    
  Source acc: 1.000000  |  Target acc: 0.741667
  Best target acc: 0.758333

======== ROUND 35 ========  [Ablation: M2]
==== Stage 1: SupCon Pre-training ====
epoch            total_loss       cls_loss        
0                0.0009262362     0.0009262362    
1                0.0091705248     0.0091705248    
==== Stage 2: SKIPPED (M2 ablation) ====
  Random domain assignment: Counter({0: 1948, 2: 1912, 1: 1900})
==== Stage 3: Domain-invariant + HardNCE ====
epoch            total_loss       cls_loss         dis_loss         hard_loss       
0                1.3226948977     0.0157104097     1.1417869329     0.5506585836    
  Source acc: 1.000000  |  Target acc: 0.752083
  Best target acc: 0.758333

======== ROUND 36 ========  [Ablation: M2]
==== Stage 1: SupCon Pre-training ====
epoch            total_loss       cls_loss        
0                0.0271727741     0.0271727741    
1                0.0039321622     0.0039321622    
==== Stage 2: SKIPPED (M2 ablation) ====
  Random domain assignment: Counter({1: 1969, 2: 1934, 0: 1857})
==== Stage 3: Domain-invariant + HardNCE ====
epoch            total_loss       cls_loss         dis_loss         hard_loss       
0                1.3152952194     0.0122873690     1.1224125624     0.6019843817    
  Source acc: 1.000000  |  Target acc: 0.743750
  Best target acc: 0.758333

======== ROUND 37 ========  [Ablation: M2]
==== Stage 1: SupCon Pre-training ====
epoch            total_loss       cls_loss        
0                0.0021858576     0.0021858576    
1                0.0150282448     0.0150282448    
==== Stage 2: SKIPPED (M2 ablation) ====
  Random domain assignment: Counter({2: 1963, 0: 1928, 1: 1869})
==== Stage 3: Domain-invariant + HardNCE ====
epoch            total_loss       cls_loss         dis_loss         hard_loss       
0                1.2818714380     0.0152170602     1.0900579691     0.5886546373    
  Source acc: 1.000000  |  Target acc: 0.750000
  Best target acc: 0.758333

======== ROUND 38 ========  [Ablation: M2]
==== Stage 1: SupCon Pre-training ====
epoch            total_loss       cls_loss        
0                0.2577763796     0.2577763796    
1                0.1019265577     0.1019265577    
==== Stage 2: SKIPPED (M2 ablation) ====
  Random domain assignment: Counter({2: 1966, 1: 1908, 0: 1886})
==== Stage 3: Domain-invariant + HardNCE ====
epoch            total_loss       cls_loss         dis_loss         hard_loss       
0                1.3021998405     0.0121070780     1.1184940338     0.5719955564    
  Source acc: 1.000000  |  Target acc: 0.754167
  Best target acc: 0.758333

======== ROUND 39 ========  [Ablation: M2]
==== Stage 1: SupCon Pre-training ====
epoch            total_loss       cls_loss        
0                0.0023519108     0.0023519108    
1                0.0021948814     0.0021948814    
==== Stage 2: SKIPPED (M2 ablation) ====
  Random domain assignment: Counter({1: 1983, 0: 1913, 2: 1864})
==== Stage 3: Domain-invariant + HardNCE ====
epoch            total_loss       cls_loss         dis_loss         hard_loss       
0                1.2827491760     0.0103193596     1.0943363905     0.5936446190    
  Source acc: 1.000000  |  Target acc: 0.743750
  Best target acc: 0.758333

======== ROUND 40 ========  [Ablation: M2]
==== Stage 1: SupCon Pre-training ====
epoch            total_loss       cls_loss        
0                0.0032872837     0.0032872837    
1                0.0048745326     0.0048745326    
==== Stage 2: SKIPPED (M2 ablation) ====
  Random domain assignment: Counter({1: 1998, 0: 1902, 2: 1860})
==== Stage 3: Domain-invariant + HardNCE ====
epoch            total_loss       cls_loss         dis_loss         hard_loss       
0                1.2818530798     0.0057201502     1.1016262770     0.5816890001    
  Source acc: 1.000000  |  Target acc: 0.733333
  Best target acc: 0.758333

======== ROUND 41 ========  [Ablation: M2]
==== Stage 1: SupCon Pre-training ====
epoch            total_loss       cls_loss        
0                0.0590396188     0.0590396188    
1                0.0024009605     0.0024009605    
==== Stage 2: SKIPPED (M2 ablation) ====
  Random domain assignment: Counter({0: 1938, 2: 1931, 1: 1891})
==== Stage 3: Domain-invariant + HardNCE ====
epoch            total_loss       cls_loss         dis_loss         hard_loss       
0                1.3040171862     0.0112537043     1.1156226397     0.5904693604    
  Source acc: 1.000000  |  Target acc: 0.739583
  Best target acc: 0.758333

======== ROUND 42 ========  [Ablation: M2]
==== Stage 1: SupCon Pre-training ====
epoch            total_loss       cls_loss        
0                0.0118070338     0.0118070338    
1                0.0234382991     0.0234382991    
==== Stage 2: SKIPPED (M2 ablation) ====
  Random domain assignment: Counter({0: 1966, 2: 1917, 1: 1877})
==== Stage 3: Domain-invariant + HardNCE ====
epoch            total_loss       cls_loss         dis_loss         hard_loss       
0                1.2701063156     0.0085356459     1.0771774054     0.6146440506    
  Source acc: 1.000000  |  Target acc: 0.743750
  Best target acc: 0.758333

======== ROUND 43 ========  [Ablation: M2]
==== Stage 1: SupCon Pre-training ====
epoch            total_loss       cls_loss        
0                0.0065973671     0.0065973671    
1                0.0006027512     0.0006027512    
==== Stage 2: SKIPPED (M2 ablation) ====
  Random domain assignment: Counter({1: 1965, 2: 1956, 0: 1839})
==== Stage 3: Domain-invariant + HardNCE ====
epoch            total_loss       cls_loss         dis_loss         hard_loss       
0                1.2670344114     0.0267971382     1.0845403671     0.5189893842    
  Source acc: 1.000000  |  Target acc: 0.756250
  Best target acc: 0.758333

======== ROUND 44 ========  [Ablation: M2]
==== Stage 1: SupCon Pre-training ====
epoch            total_loss       cls_loss        
0                0.0043111593     0.0043111593    
1                0.0022520483     0.0022520483    
==== Stage 2: SKIPPED (M2 ablation) ====
  Random domain assignment: Counter({2: 1934, 0: 1915, 1: 1911})
==== Stage 3: Domain-invariant + HardNCE ====
epoch            total_loss       cls_loss         dis_loss         hard_loss       
0                1.3143512011     0.0494388007     1.0941032171     0.5693637133    
  Source acc: 1.000000  |  Target acc: 0.743750
  Best target acc: 0.758333

======== ROUND 45 ========  [Ablation: M2]
==== Stage 1: SupCon Pre-training ====
epoch            total_loss       cls_loss        
0                0.0019398776     0.0019398776    
1                0.0069838911     0.0069838911    
==== Stage 2: SKIPPED (M2 ablation) ====
  Random domain assignment: Counter({2: 1962, 0: 1907, 1: 1891})
==== Stage 3: Domain-invariant + HardNCE ====
epoch            total_loss       cls_loss         dis_loss         hard_loss       
0                1.2814373970     0.0083711511     1.0955969095     0.5915645957    
  Source acc: 1.000000  |  Target acc: 0.733333
  Best target acc: 0.758333

======== ROUND 46 ========  [Ablation: M2]
==== Stage 1: SupCon Pre-training ====
epoch            total_loss       cls_loss        
0                0.0034091554     0.0034091554    
1                0.0256145447     0.0256145447    
==== Stage 2: SKIPPED (M2 ablation) ====
  Random domain assignment: Counter({2: 1955, 0: 1940, 1: 1865})
==== Stage 3: Domain-invariant + HardNCE ====
epoch            total_loss       cls_loss         dis_loss         hard_loss       
0                1.3085639477     0.0167705156     1.1110277176     0.6025523543    
  Source acc: 1.000000  |  Target acc: 0.745833
  Best target acc: 0.758333

======== ROUND 47 ========  [Ablation: M2]
==== Stage 1: SupCon Pre-training ====
epoch            total_loss       cls_loss        
0                0.0016179258     0.0016179258    
1                0.0150796855     0.0150796855    
==== Stage 2: SKIPPED (M2 ablation) ====
  Random domain assignment: Counter({1: 1956, 0: 1930, 2: 1874})
==== Stage 3: Domain-invariant + HardNCE ====
epoch            total_loss       cls_loss         dis_loss         hard_loss       
0                1.3015561104     0.0154539300     1.1100593805     0.5868093371    
  Source acc: 1.000000  |  Target acc: 0.739583
  Best target acc: 0.758333

======== ROUND 48 ========  [Ablation: M2]
==== Stage 1: SupCon Pre-training ====
epoch            total_loss       cls_loss        
0                0.0041945758     0.0041945758    
1                0.0026426509     0.0026426509    
==== Stage 2: SKIPPED (M2 ablation) ====
  Random domain assignment: Counter({0: 1977, 1: 1893, 2: 1890})
==== Stage 3: Domain-invariant + HardNCE ====
epoch            total_loss       cls_loss         dis_loss         hard_loss       
0                1.2986173630     0.0200063977     1.1084692478     0.5671390295    
  Source acc: 1.000000  |  Target acc: 0.747917
  Best target acc: 0.758333

======== ROUND 49 ========  [Ablation: M2]
==== Stage 1: SupCon Pre-training ====
epoch            total_loss       cls_loss        
0                0.0921785086     0.0921785086    
1                0.0018965794     0.0018965794    
==== Stage 2: SKIPPED (M2 ablation) ====
  Random domain assignment: Counter({0: 1978, 2: 1926, 1: 1856})
==== Stage 3: Domain-invariant + HardNCE ====
epoch            total_loss       cls_loss         dis_loss         hard_loss       
0                1.3006159067     0.0146789234     1.1192926168     0.5554809570    
  Source acc: 1.000000  |  Target acc: 0.743750
  Best target acc: 0.758333
[ConfMatrix] saved to log/abl_xrf_cross_env_M2_s3 (cm shape=(8, 8))

Results saved to log/abl_xrf_cross_env_M2_s3
acc.txt: log/abl_xrf_cross_env_M2_s3/acc.txt
bestacc.txt: log/abl_xrf_cross_env_M2_s3/bestacc.txt
