[Seed] global random seed set to 1

[Ablation Mode] M0
[XRF55Dataset] loaded 3840 samples from 1 dirs
[XRF55Dataset] loaded 960 samples from 1 dirs
[XRF55Dataset] loaded 3840 samples from 1 dirs
Train set size: 3840 samples, 120 batches
Test set size:  960 samples, 30 batches
Source eval size: 3840 samples

[Direction Sensitivity] Manual weights (dir_w=0.5): {0: 0.0, 1: 0.5, 2: 0.5, 3: 0.5, 4: 0.5, 5: 0.5, 6: 0.5, 7: 0.5}

======== ROUND 0 ========  [Ablation: M0]
==== M0 Baseline: CE Only ====
epoch            total_loss       cls_loss        
0                1.2984452248     1.2984452248    
1                0.7299933434     0.7299933434    
2                0.6696093082     0.6696093082    
3                0.4964631200     0.4964631200    
  Source acc: 0.904687  |  Target acc: 0.540625
  Best target acc: 0.540625

======== ROUND 1 ========  [Ablation: M0]
==== M0 Baseline: CE Only ====
epoch            total_loss       cls_loss        
0                0.1947451830     0.1947451830    
1                0.4100707173     0.4100707173    
2                0.4065718055     0.4065718055    
3                0.5030627251     0.5030627251    
  Source acc: 0.973958  |  Target acc: 0.540625
  Best target acc: 0.540625

======== ROUND 2 ========  [Ablation: M0]
==== M0 Baseline: CE Only ====
epoch            total_loss       cls_loss        
0                0.3994809091     0.3994809091    
1                0.3503570557     0.3503570557    
2                0.4119582176     0.4119582176    
3                0.2967185378     0.2967185378    
  Source acc: 0.955469  |  Target acc: 0.491667
  Best target acc: 0.540625

======== ROUND 3 ========  [Ablation: M0]
==== M0 Baseline: CE Only ====
epoch            total_loss       cls_loss        
0                0.1270633489     0.1270633489    
1                0.3314555287     0.3314555287    
2                0.5036976933     0.5036976933    
3                0.1956959814     0.1956959814    
  Source acc: 0.985938  |  Target acc: 0.470833
  Best target acc: 0.540625

======== ROUND 4 ========  [Ablation: M0]
==== M0 Baseline: CE Only ====
epoch            total_loss       cls_loss        
0                0.2302639484     0.2302639484    
1                0.0206257980     0.0206257980    
2                0.1419697404     0.1419697404    
3                0.1824057102     0.1824057102    
  Source acc: 0.963281  |  Target acc: 0.469792
  Best target acc: 0.540625

======== ROUND 5 ========  [Ablation: M0]
==== M0 Baseline: CE Only ====
epoch            total_loss       cls_loss        
0                0.0115391351     0.0115391351    
1                0.0249300189     0.0249300189    
2                0.0726084486     0.0726084486    
3                0.1293899119     0.1293899119    
  Source acc: 0.992448  |  Target acc: 0.567708
  Best target acc: 0.567708

======== ROUND 6 ========  [Ablation: M0]
==== M0 Baseline: CE Only ====
epoch            total_loss       cls_loss        
0                0.1355709583     0.1355709583    
1                0.2755929828     0.2755929828    
2                0.2819308639     0.2819308639    
3                0.1339787990     0.1339787990    
  Source acc: 0.994271  |  Target acc: 0.534375
  Best target acc: 0.567708

======== ROUND 7 ========  [Ablation: M0]
==== M0 Baseline: CE Only ====
epoch            total_loss       cls_loss        
0                0.0392447636     0.0392447636    
1                0.2162392735     0.2162392735    
2                0.1043704897     0.1043704897    
3                0.1175891459     0.1175891459    
  Source acc: 0.990885  |  Target acc: 0.492708
  Best target acc: 0.567708

======== ROUND 8 ========  [Ablation: M0]
==== M0 Baseline: CE Only ====
epoch            total_loss       cls_loss        
0                0.0261731148     0.0261731148    
1                0.1128142998     0.1128142998    
2                0.1257396340     0.1257396340    
3                0.0099903699     0.0099903699    
  Source acc: 0.996354  |  Target acc: 0.551042
  Best target acc: 0.567708

======== ROUND 9 ========  [Ablation: M0]
==== M0 Baseline: CE Only ====
epoch            total_loss       cls_loss        
0                0.0074617411     0.0074617411    
1                0.0979105160     0.0979105160    
2                0.0825204253     0.0825204253    
3                0.1778386831     0.1778386831    
  Source acc: 0.958594  |  Target acc: 0.430208
  Best target acc: 0.567708

======== ROUND 10 ========  [Ablation: M0]
==== M0 Baseline: CE Only ====
epoch            total_loss       cls_loss        
0                0.0156943258     0.0156943258    
1                0.0164456777     0.0164456777    
2                0.0135329468     0.0135329468    
3                0.0805891827     0.0805891827    
  Source acc: 1.000000  |  Target acc: 0.576042
  Best target acc: 0.576042

======== ROUND 11 ========  [Ablation: M0]
==== M0 Baseline: CE Only ====
epoch            total_loss       cls_loss        
0                0.0084741050     0.0084741050    
1                0.0115106096     0.0115106096    
2                0.0108631682     0.0108631682    
3                0.0178593528     0.0178593528    
  Source acc: 1.000000  |  Target acc: 0.586458
  Best target acc: 0.586458

======== ROUND 12 ========  [Ablation: M0]
==== M0 Baseline: CE Only ====
epoch            total_loss       cls_loss        
0                0.0246529114     0.0246529114    
1                0.0796427950     0.0796427950    
2                0.0289174393     0.0289174393    
3                0.0055250856     0.0055250856    
  Source acc: 1.000000  |  Target acc: 0.593750
  Best target acc: 0.593750

======== ROUND 13 ========  [Ablation: M0]
==== M0 Baseline: CE Only ====
epoch            total_loss       cls_loss        
0                0.0049024429     0.0049024429    
1                0.0338468254     0.0338468254    
2                0.0136464285     0.0136464285    
3                0.0021153267     0.0021153267    
  Source acc: 1.000000  |  Target acc: 0.571875
  Best target acc: 0.593750

======== ROUND 14 ========  [Ablation: M0]
==== M0 Baseline: CE Only ====
epoch            total_loss       cls_loss        
0                0.0049911323     0.0049911323    
1                0.0070798444     0.0070798444    
2                0.0090726959     0.0090726959    
3                0.0475796126     0.0475796126    
  Source acc: 1.000000  |  Target acc: 0.586458
  Best target acc: 0.593750

======== ROUND 15 ========  [Ablation: M0]
==== M0 Baseline: CE Only ====
epoch            total_loss       cls_loss        
0                0.0018884905     0.0018884905    
1                0.0022593969     0.0022593969    
2                0.0035746228     0.0035746228    
3                0.0028422901     0.0028422901    
  Source acc: 1.000000  |  Target acc: 0.579167
  Best target acc: 0.593750

======== ROUND 16 ========  [Ablation: M0]
==== M0 Baseline: CE Only ====
epoch            total_loss       cls_loss        
0                0.0125109768     0.0125109768    
1                0.0024730635     0.0024730635    
2                0.0010799486     0.0010799486    
3                0.0012172346     0.0012172346    
  Source acc: 1.000000  |  Target acc: 0.582292
  Best target acc: 0.593750

======== ROUND 17 ========  [Ablation: M0]
==== M0 Baseline: CE Only ====
epoch            total_loss       cls_loss        
0                0.0159066319     0.0159066319    
1                0.0013359748     0.0013359748    
2                0.0120359920     0.0120359920    
3                0.0018201561     0.0018201561    
  Source acc: 1.000000  |  Target acc: 0.573958
  Best target acc: 0.593750

======== ROUND 18 ========  [Ablation: M0]
==== M0 Baseline: CE Only ====
epoch            total_loss       cls_loss        
0                0.0062916903     0.0062916903    
1                0.0034085044     0.0034085044    
2                0.0012290829     0.0012290829    
3                0.0008139017     0.0008139017    
  Source acc: 1.000000  |  Target acc: 0.594792
  Best target acc: 0.594792

======== ROUND 19 ========  [Ablation: M0]
==== M0 Baseline: CE Only ====
epoch            total_loss       cls_loss        
0                0.0017699363     0.0017699363    
1                0.0038414439     0.0038414439    
2                0.0019450949     0.0019450949    
3                0.0279327035     0.0279327035    
  Source acc: 1.000000  |  Target acc: 0.590625
  Best target acc: 0.594792

======== ROUND 20 ========  [Ablation: M0]
==== M0 Baseline: CE Only ====
epoch            total_loss       cls_loss        
0                0.0148618836     0.0148618836    
1                0.0019709703     0.0019709703    
2                0.0009424539     0.0009424539    
3                0.0015912085     0.0015912085    
  Source acc: 1.000000  |  Target acc: 0.595833
  Best target acc: 0.595833

======== ROUND 21 ========  [Ablation: M0]
==== M0 Baseline: CE Only ====
epoch            total_loss       cls_loss        
0                0.0010600963     0.0010600963    
1                0.0060178535     0.0060178535    
2                0.0009596337     0.0009596337    
3                0.0137962364     0.0137962364    
  Source acc: 1.000000  |  Target acc: 0.596875
  Best target acc: 0.596875

======== ROUND 22 ========  [Ablation: M0]
==== M0 Baseline: CE Only ====
epoch            total_loss       cls_loss        
0                0.0007352509     0.0007352509    
1                0.0019177714     0.0019177714    
2                0.0033581776     0.0033581776    
3                0.0012644199     0.0012644199    
  Source acc: 1.000000  |  Target acc: 0.603125
  Best target acc: 0.603125

======== ROUND 23 ========  [Ablation: M0]
==== M0 Baseline: CE Only ====
epoch            total_loss       cls_loss        
0                0.0009208497     0.0009208497    
1                0.0007368206     0.0007368206    
2                0.0006817814     0.0006817814    
3                0.0128314132     0.0128314132    
  Source acc: 1.000000  |  Target acc: 0.593750
  Best target acc: 0.603125

======== ROUND 24 ========  [Ablation: M0]
==== M0 Baseline: CE Only ====
epoch            total_loss       cls_loss        
0                0.0010159636     0.0010159636    
1                0.0007728507     0.0007728507    
2                0.0005786468     0.0005786468    
3                0.0034183301     0.0034183301    
  Source acc: 1.000000  |  Target acc: 0.597917
  Best target acc: 0.603125

======== ROUND 25 ========  [Ablation: M0]
==== M0 Baseline: CE Only ====
epoch            total_loss       cls_loss        
0                0.0010094789     0.0010094789    
1                0.0018712750     0.0018712750    
2                0.0086621372     0.0086621372    
3                0.0079483502     0.0079483502    
  Source acc: 1.000000  |  Target acc: 0.600000
  Best target acc: 0.603125

======== ROUND 26 ========  [Ablation: M0]
==== M0 Baseline: CE Only ====
epoch            total_loss       cls_loss        
0                0.0015987719     0.0015987719    
1                0.0043829908     0.0043829908    
2                0.0185314957     0.0185314957    
3                0.0007133693     0.0007133693    
  Source acc: 1.000000  |  Target acc: 0.601042
  Best target acc: 0.603125

======== ROUND 27 ========  [Ablation: M0]
==== M0 Baseline: CE Only ====
epoch            total_loss       cls_loss        
0                0.0017784038     0.0017784038    
1                0.0468358248     0.0468358248    
2                0.0076907156     0.0076907156    
3                0.0014509528     0.0014509528    
  Source acc: 1.000000  |  Target acc: 0.602083
  Best target acc: 0.603125

======== ROUND 28 ========  [Ablation: M0]
==== M0 Baseline: CE Only ====
epoch            total_loss       cls_loss        
0                0.0004158193     0.0004158193    
1                0.0005856492     0.0005856492    
2                0.0010375388     0.0010375388    
3                0.0041815536     0.0041815536    
  Source acc: 1.000000  |  Target acc: 0.602083
  Best target acc: 0.603125

======== ROUND 29 ========  [Ablation: M0]
==== M0 Baseline: CE Only ====
epoch            total_loss       cls_loss        
0                0.1588119268     0.1588119268    
1                0.0018946738     0.0018946738    
2                0.0026315586     0.0026315586    
3                0.0080071595     0.0080071595    
  Source acc: 1.000000  |  Target acc: 0.597917
  Best target acc: 0.603125

======== ROUND 30 ========  [Ablation: M0]
==== M0 Baseline: CE Only ====
epoch            total_loss       cls_loss        
0                0.0012621813     0.0012621813    
1                0.0034628292     0.0034628292    
2                0.0028821612     0.0028821612    
3                0.0009434803     0.0009434803    
  Source acc: 1.000000  |  Target acc: 0.604167
  Best target acc: 0.604167

======== ROUND 31 ========  [Ablation: M0]
==== M0 Baseline: CE Only ====
epoch            total_loss       cls_loss        
0                0.0003102506     0.0003102506    
1                0.0466027930     0.0466027930    
2                0.0035378046     0.0035378046    
3                0.0002087363     0.0002087363    
  Source acc: 1.000000  |  Target acc: 0.598958
  Best target acc: 0.604167

======== ROUND 32 ========  [Ablation: M0]
==== M0 Baseline: CE Only ====
epoch            total_loss       cls_loss        
0                0.0075103291     0.0075103291    
1                0.0006713212     0.0006713212    
2                0.0036395441     0.0036395441    
3                0.0015831887     0.0015831887    
  Source acc: 1.000000  |  Target acc: 0.611458
  Best target acc: 0.611458

======== ROUND 33 ========  [Ablation: M0]
==== M0 Baseline: CE Only ====
epoch            total_loss       cls_loss        
0                0.0007114360     0.0007114360    
1                0.0075640539     0.0075640539    
2                0.0003535454     0.0003535454    
3                0.0506347455     0.0506347455    
  Source acc: 1.000000  |  Target acc: 0.610417
  Best target acc: 0.611458

======== ROUND 34 ========  [Ablation: M0]
==== M0 Baseline: CE Only ====
epoch            total_loss       cls_loss        
0                0.0014675036     0.0014675036    
1                0.0020806429     0.0020806429    
2                0.0017743451     0.0017743451    
3                0.0020409627     0.0020409627    
  Source acc: 1.000000  |  Target acc: 0.602083
  Best target acc: 0.611458

======== ROUND 35 ========  [Ablation: M0]
==== M0 Baseline: CE Only ====
epoch            total_loss       cls_loss        
0                0.0005450752     0.0005450752    
1                0.0010871686     0.0010871686    
2                0.0013510613     0.0013510613    
3                0.0015428171     0.0015428171    
  Source acc: 1.000000  |  Target acc: 0.605208
  Best target acc: 0.611458

======== ROUND 36 ========  [Ablation: M0]
==== M0 Baseline: CE Only ====
epoch            total_loss       cls_loss        
0                0.0044883601     0.0044883601    
1                0.0012774144     0.0012774144    
2                0.0007508372     0.0007508372    
3                0.0031019598     0.0031019598    
  Source acc: 1.000000  |  Target acc: 0.603125
  Best target acc: 0.611458

======== ROUND 37 ========  [Ablation: M0]
==== M0 Baseline: CE Only ====
epoch            total_loss       cls_loss        
0                0.0014614820     0.0014614820    
1                0.0007755541     0.0007755541    
2                0.0057653114     0.0057653114    
3                0.0010354717     0.0010354717    
  Source acc: 1.000000  |  Target acc: 0.600000
  Best target acc: 0.611458

======== ROUND 38 ========  [Ablation: M0]
==== M0 Baseline: CE Only ====
epoch            total_loss       cls_loss        
0                0.0016746488     0.0016746488    
1                0.0013414671     0.0013414671    
2                0.0110610798     0.0110610798    
3                0.0007783406     0.0007783406    
  Source acc: 1.000000  |  Target acc: 0.604167
  Best target acc: 0.611458

======== ROUND 39 ========  [Ablation: M0]
==== M0 Baseline: CE Only ====
epoch            total_loss       cls_loss        
0                0.0012857117     0.0012857117    
1                0.0012776749     0.0012776749    
2                0.0222578775     0.0222578775    
3                0.0005612447     0.0005612447    
  Source acc: 1.000000  |  Target acc: 0.610417
  Best target acc: 0.611458

======== ROUND 40 ========  [Ablation: M0]
==== M0 Baseline: CE Only ====
epoch            total_loss       cls_loss        
0                0.0078755273     0.0078755273    
1                0.0037705288     0.0037705288    
2                0.0008379233     0.0008379233    
3                0.0032000486     0.0032000486    
  Source acc: 1.000000  |  Target acc: 0.600000
  Best target acc: 0.611458

======== ROUND 41 ========  [Ablation: M0]
==== M0 Baseline: CE Only ====
epoch            total_loss       cls_loss        
0                0.0067625311     0.0067625311    
1                0.0004263783     0.0004263783    
2                0.0028328234     0.0028328234    
3                0.0022659376     0.0022659376    
  Source acc: 1.000000  |  Target acc: 0.595833
  Best target acc: 0.611458

======== ROUND 42 ========  [Ablation: M0]
==== M0 Baseline: CE Only ====
epoch            total_loss       cls_loss        
0                0.0050842515     0.0050842515    
1                0.0155784562     0.0155784562    
2                0.0012726458     0.0012726458    
3                0.0013644464     0.0013644464    
  Source acc: 1.000000  |  Target acc: 0.597917
  Best target acc: 0.611458

======== ROUND 43 ========  [Ablation: M0]
==== M0 Baseline: CE Only ====
epoch            total_loss       cls_loss        
0                0.0105694868     0.0105694868    
1                0.0057831784     0.0057831784    
2                0.0036929569     0.0036929569    
3                0.0007608894     0.0007608894    
  Source acc: 1.000000  |  Target acc: 0.600000
  Best target acc: 0.611458

======== ROUND 44 ========  [Ablation: M0]
==== M0 Baseline: CE Only ====
epoch            total_loss       cls_loss        
0                0.0016682999     0.0016682999    
1                0.0011194518     0.0011194518    
2                0.0007739587     0.0007739587    
3                0.0006956054     0.0006956054    
  Source acc: 1.000000  |  Target acc: 0.597917
  Best target acc: 0.611458

======== ROUND 45 ========  [Ablation: M0]
==== M0 Baseline: CE Only ====
epoch            total_loss       cls_loss        
0                0.0007426155     0.0007426155    
1                0.0043208301     0.0043208301    
2                0.0057750079     0.0057750079    
3                0.0014585988     0.0014585988    
  Source acc: 1.000000  |  Target acc: 0.591667
  Best target acc: 0.611458

======== ROUND 46 ========  [Ablation: M0]
==== M0 Baseline: CE Only ====
epoch            total_loss       cls_loss        
0                0.0027282485     0.0027282485    
1                0.0036739381     0.0036739381    
2                0.0024644262     0.0024644262    
3                0.0150694316     0.0150694316    
  Source acc: 1.000000  |  Target acc: 0.587500
  Best target acc: 0.611458

======== ROUND 47 ========  [Ablation: M0]
==== M0 Baseline: CE Only ====
epoch            total_loss       cls_loss        
0                0.0024702116     0.0024702116    
1                0.0019533238     0.0019533238    
2                0.0062575070     0.0062575070    
3                0.0004271284     0.0004271284    
  Source acc: 1.000000  |  Target acc: 0.604167
  Best target acc: 0.611458

======== ROUND 48 ========  [Ablation: M0]
==== M0 Baseline: CE Only ====
epoch            total_loss       cls_loss        
0                0.0026618645     0.0026618645    
1                0.0007129322     0.0007129322    
2                0.0037766083     0.0037766083    
3                0.0003920377     0.0003920377    
  Source acc: 1.000000  |  Target acc: 0.605208
  Best target acc: 0.611458

======== ROUND 49 ========  [Ablation: M0]
==== M0 Baseline: CE Only ====
epoch            total_loss       cls_loss        
0                0.0673090667     0.0673090667    
1                0.0008486260     0.0008486260    
2                0.0007302173     0.0007302173    
3                0.0015904341     0.0015904341    
  Source acc: 1.000000  |  Target acc: 0.601042
  Best target acc: 0.611458
[ConfMatrix] saved to log/abl_xrf_cross_user_M0_s1 (cm shape=(8, 8))

Results saved to log/abl_xrf_cross_user_M0_s1
acc.txt: log/abl_xrf_cross_user_M0_s1/acc.txt
bestacc.txt: log/abl_xrf_cross_user_M0_s1/bestacc.txt
