[Seed] global random seed set to 1

[Ablation Mode] M0
[WidarDataset] loaded 5250 samples, gesture_map={'G01': 0, 'G02': 1, 'G03': 2, 'G04': 3, 'G05': 4, 'G06': 5}
[WidarDataset] loaded 1500 samples, gesture_map={'G01': 0, 'G02': 1, 'G03': 2, 'G04': 3, 'G05': 4, 'G06': 5}
[WidarDataset] loaded 5250 samples, gesture_map={'G01': 0, 'G02': 1, 'G03': 2, 'G04': 3, 'G05': 4, 'G06': 5}
Train set size: 5250 samples, 165 batches
Test set size:  1500 samples, 47 batches
Source eval size: 5250 samples

[Direction Sensitivity] Manual weights (dir_w=0.5): {0: 0.0, 1: 0.0, 2: 0.0, 3: 0.0, 4: 0.0, 5: 0.0}

======== ROUND 0 ========  [Ablation: M0]
==== M0 Baseline: CE Only ====
epoch            total_loss       cls_loss        
0                1.0546511412     1.0546511412    
1                0.3371423483     0.3371423483    
2                2.5132613182     2.5132613182    
3                1.3312112093     1.3312112093    
  Source acc: 0.884381  |  Target acc: 0.800000
  Best target acc: 0.800000

======== ROUND 1 ========  [Ablation: M0]
==== M0 Baseline: CE Only ====
epoch            total_loss       cls_loss        
0                0.4761565924     0.4761565924    
1                0.3903407454     0.3903407454    
2                0.0451795757     0.0451795757    
3                0.5518337488     0.5518337488    
  Source acc: 0.992190  |  Target acc: 0.852667
  Best target acc: 0.852667

======== ROUND 2 ========  [Ablation: M0]
==== M0 Baseline: CE Only ====
epoch            total_loss       cls_loss        
0                1.2610812187     1.2610812187    
1                0.0141486367     0.0141486367    
2                4.8552980423     4.8552980423    
3                0.0620876290     0.0620876290    
  Source acc: 0.977333  |  Target acc: 0.826667
  Best target acc: 0.852667

======== ROUND 3 ========  [Ablation: M0]
==== M0 Baseline: CE Only ====
epoch            total_loss       cls_loss        
0                0.0510532483     0.0510532483    
1                0.0436483398     0.0436483398    
2                0.7434331775     0.7434331775    
3                0.0606075376     0.0606075376    
  Source acc: 0.995048  |  Target acc: 0.862000
  Best target acc: 0.862000

======== ROUND 4 ========  [Ablation: M0]
==== M0 Baseline: CE Only ====
epoch            total_loss       cls_loss        
0                0.0236411020     0.0236411020    
1                1.0218411684     1.0218411684    
2                0.2338370383     0.2338370383    
3                0.0315810703     0.0315810703    
  Source acc: 0.995619  |  Target acc: 0.868000
  Best target acc: 0.868000

======== ROUND 5 ========  [Ablation: M0]
==== M0 Baseline: CE Only ====
epoch            total_loss       cls_loss        
0                0.0202382281     0.0202382281    
1                0.1142806709     0.1142806709    
2                6.0882744789     6.0882744789    
3                0.0604890175     0.0604890175    
  Source acc: 0.997714  |  Target acc: 0.876667
  Best target acc: 0.876667

======== ROUND 6 ========  [Ablation: M0]
==== M0 Baseline: CE Only ====
epoch            total_loss       cls_loss        
0                0.2459871769     0.2459871769    
1                0.3219306469     0.3219306469    
2                0.0424208306     0.0424208306    
3                0.1626269370     0.1626269370    
  Source acc: 0.998476  |  Target acc: 0.839333
  Best target acc: 0.876667

======== ROUND 7 ========  [Ablation: M0]
==== M0 Baseline: CE Only ====
epoch            total_loss       cls_loss        
0                0.0121611208     0.0121611208    
1                0.6197401881     0.6197401881    
2                0.0928782523     0.0928782523    
3                0.7455641627     0.7455641627    
  Source acc: 0.994095  |  Target acc: 0.864000
  Best target acc: 0.876667

======== ROUND 8 ========  [Ablation: M0]
==== M0 Baseline: CE Only ====
epoch            total_loss       cls_loss        
0                0.2919665873     0.2919665873    
1                0.1478666216     0.1478666216    
2                6.3451633453     6.3451633453    
3                0.0355276130     0.0355276130    
  Source acc: 0.971238  |  Target acc: 0.815333
  Best target acc: 0.876667

======== ROUND 9 ========  [Ablation: M0]
==== M0 Baseline: CE Only ====
epoch            total_loss       cls_loss        
0                0.0117708184     0.0117708184    
1                0.0991514921     0.0991514921    
2                0.3702372611     0.3702372611    
3                0.2752984166     0.2752984166    
  Source acc: 0.995238  |  Target acc: 0.881333
  Best target acc: 0.881333

======== ROUND 10 ========  [Ablation: M0]
==== M0 Baseline: CE Only ====
epoch            total_loss       cls_loss        
0                0.0774993598     0.0774993598    
1                0.0655258521     0.0655258521    
2                0.0060149608     0.0060149608    
3                0.0319526158     0.0319526158    
  Source acc: 1.000000  |  Target acc: 0.890667
  Best target acc: 0.890667

======== ROUND 11 ========  [Ablation: M0]
==== M0 Baseline: CE Only ====
epoch            total_loss       cls_loss        
0                0.0905288830     0.0905288830    
1                0.0716459379     0.0716459379    
2                0.1361571550     0.1361571550    
3                0.6634899974     0.6634899974    
  Source acc: 1.000000  |  Target acc: 0.897333
  Best target acc: 0.897333

======== ROUND 12 ========  [Ablation: M0]
==== M0 Baseline: CE Only ====
epoch            total_loss       cls_loss        
0                0.0109977759     0.0109977759    
1                0.0569351390     0.0569351390    
2                0.4410333037     0.4410333037    
3                0.0576690920     0.0576690920    
  Source acc: 1.000000  |  Target acc: 0.896000
  Best target acc: 0.897333

======== ROUND 13 ========  [Ablation: M0]
==== M0 Baseline: CE Only ====
epoch            total_loss       cls_loss        
0                0.0545895360     0.0545895360    
1                0.0246518180     0.0246518180    
2                0.0535784923     0.0535784923    
3                0.0333455652     0.0333455652    
  Source acc: 1.000000  |  Target acc: 0.898000
  Best target acc: 0.898000

======== ROUND 14 ========  [Ablation: M0]
==== M0 Baseline: CE Only ====
epoch            total_loss       cls_loss        
0                0.0821303427     0.0821303427    
1                0.0174083021     0.0174083021    
2                0.0261608791     0.0261608791    
3                4.9906678200     4.9906678200    
  Source acc: 1.000000  |  Target acc: 0.901333
  Best target acc: 0.901333

======== ROUND 15 ========  [Ablation: M0]
==== M0 Baseline: CE Only ====
epoch            total_loss       cls_loss        
0                0.0026585395     0.0026585395    
1                0.1280711293     0.1280711293    
2                0.1707306504     0.1707306504    
3                0.4002668560     0.4002668560    
  Source acc: 1.000000  |  Target acc: 0.898000
  Best target acc: 0.901333

======== ROUND 16 ========  [Ablation: M0]
==== M0 Baseline: CE Only ====
epoch            total_loss       cls_loss        
0                0.0870468915     0.0870468915    
1                0.1481513977     0.1481513977    
2                0.0193208363     0.0193208363    
3                0.0281756166     0.0281756166    
  Source acc: 1.000000  |  Target acc: 0.896000
  Best target acc: 0.901333

======== ROUND 17 ========  [Ablation: M0]
==== M0 Baseline: CE Only ====
epoch            total_loss       cls_loss        
0                0.1036507711     0.1036507711    
1                0.2084820718     0.2084820718    
2                0.2723245919     0.2723245919    
3                0.1310966760     0.1310966760    
  Source acc: 1.000000  |  Target acc: 0.917333
  Best target acc: 0.917333

======== ROUND 18 ========  [Ablation: M0]
==== M0 Baseline: CE Only ====
epoch            total_loss       cls_loss        
0                0.3906530738     0.3906530738    
1                0.7261524796     0.7261524796    
2                0.0584890544     0.0584890544    
3                0.0941880718     0.0941880718    
  Source acc: 1.000000  |  Target acc: 0.917333
  Best target acc: 0.917333

======== ROUND 19 ========  [Ablation: M0]
==== M0 Baseline: CE Only ====
epoch            total_loss       cls_loss        
0                0.3393064439     0.3393064439    
1                0.0689091682     0.0689091682    
2                5.2291040421     5.2291040421    
3                0.3506774902     0.3506774902    
  Source acc: 1.000000  |  Target acc: 0.887333
  Best target acc: 0.917333

======== ROUND 20 ========  [Ablation: M0]
==== M0 Baseline: CE Only ====
epoch            total_loss       cls_loss        
0                0.0118118394     0.0118118394    
1                0.0497352332     0.0497352332    
2                0.0257547423     0.0257547423    
3                0.0162001774     0.0162001774    
  Source acc: 1.000000  |  Target acc: 0.904667
  Best target acc: 0.917333

======== ROUND 21 ========  [Ablation: M0]
==== M0 Baseline: CE Only ====
epoch            total_loss       cls_loss        
0                0.4218336642     0.4218336642    
1                0.3091037273     0.3091037273    
2                0.0059012440     0.0059012440    
3                0.0071041086     0.0071041086    
  Source acc: 1.000000  |  Target acc: 0.900667
  Best target acc: 0.917333

======== ROUND 22 ========  [Ablation: M0]
==== M0 Baseline: CE Only ====
epoch            total_loss       cls_loss        
0                0.0091890795     0.0091890795    
1                0.1058974788     0.1058974788    
2                0.1378546506     0.1378546506    
3                4.3118662834     4.3118662834    
  Source acc: 1.000000  |  Target acc: 0.892000
  Best target acc: 0.917333

======== ROUND 23 ========  [Ablation: M0]
==== M0 Baseline: CE Only ====
epoch            total_loss       cls_loss        
0                0.0281817354     0.0281817354    
1                0.1201198623     0.1201198623    
2                5.2529106140     5.2529106140    
3                0.0327005312     0.0327005312    
  Source acc: 1.000000  |  Target acc: 0.906000
  Best target acc: 0.917333

======== ROUND 24 ========  [Ablation: M0]
==== M0 Baseline: CE Only ====
epoch            total_loss       cls_loss        
0                0.1785881072     0.1785881072    
1                0.2303968370     0.2303968370    
2                6.4384050369     6.4384050369    
3                0.1665952802     0.1665952802    
  Source acc: 1.000000  |  Target acc: 0.905333
  Best target acc: 0.917333

======== ROUND 25 ========  [Ablation: M0]
==== M0 Baseline: CE Only ====
epoch            total_loss       cls_loss        
0                0.0176515467     0.0176515467    
1                0.5132916570     0.5132916570    
2                0.1279383451     0.1279383451    
3                6.0939559937     6.0939559937    
  Source acc: 1.000000  |  Target acc: 0.902667
  Best target acc: 0.917333

======== ROUND 26 ========  [Ablation: M0]
==== M0 Baseline: CE Only ====
epoch            total_loss       cls_loss        
0                0.0260028616     0.0260028616    
1                0.3421269357     0.3421269357    
2                0.0279166028     0.0279166028    
3                0.0326936655     0.0326936655    
  Source acc: 1.000000  |  Target acc: 0.907333
  Best target acc: 0.917333

======== ROUND 27 ========  [Ablation: M0]
==== M0 Baseline: CE Only ====
epoch            total_loss       cls_loss        
0                0.0925731286     0.0925731286    
1                0.1356608868     0.1356608868    
2                0.0680204183     0.0680204183    
3                0.1927905232     0.1927905232    
  Source acc: 1.000000  |  Target acc: 0.914667
  Best target acc: 0.917333

======== ROUND 28 ========  [Ablation: M0]
==== M0 Baseline: CE Only ====
epoch            total_loss       cls_loss        
0                0.0704730004     0.0704730004    
1                0.5412522554     0.5412522554    
2                0.4959080517     0.4959080517    
3                0.0525781475     0.0525781475    
  Source acc: 1.000000  |  Target acc: 0.907333
  Best target acc: 0.917333

======== ROUND 29 ========  [Ablation: M0]
==== M0 Baseline: CE Only ====
epoch            total_loss       cls_loss        
0                0.0604904890     0.0604904890    
1                5.4014859200     5.4014859200    
2                6.2011299133     6.2011299133    
3                0.2777898312     0.2777898312    
  Source acc: 1.000000  |  Target acc: 0.909333
  Best target acc: 0.917333

======== ROUND 30 ========  [Ablation: M0]
==== M0 Baseline: CE Only ====
epoch            total_loss       cls_loss        
0                0.0361598320     0.0361598320    
1                0.0187546946     0.0187546946    
2                0.0375946462     0.0375946462    
3                0.0057200370     0.0057200370    
  Source acc: 1.000000  |  Target acc: 0.900667
  Best target acc: 0.917333

======== ROUND 31 ========  [Ablation: M0]
==== M0 Baseline: CE Only ====
epoch            total_loss       cls_loss        
0                0.0103474464     0.0103474464    
1                0.0190195050     0.0190195050    
2                0.4749113321     0.4749113321    
3                0.0696509704     0.0696509704    
  Source acc: 1.000000  |  Target acc: 0.906000
  Best target acc: 0.917333

======== ROUND 32 ========  [Ablation: M0]
==== M0 Baseline: CE Only ====
epoch            total_loss       cls_loss        
0                6.1621780396     6.1621780396    
1                0.2292061597     0.2292061597    
2                4.9990544319     4.9990544319    
3                6.0006151199     6.0006151199    
  Source acc: 1.000000  |  Target acc: 0.906000
  Best target acc: 0.917333

======== ROUND 33 ========  [Ablation: M0]
==== M0 Baseline: CE Only ====
epoch            total_loss       cls_loss        
0                0.0745601282     0.0745601282    
1                0.1696277112     0.1696277112    
2                3.5858438015     3.5858438015    
3                0.0044779703     0.0044779703    
  Source acc: 1.000000  |  Target acc: 0.912000
  Best target acc: 0.917333

======== ROUND 34 ========  [Ablation: M0]
==== M0 Baseline: CE Only ====
epoch            total_loss       cls_loss        
0                0.0104755033     0.0104755033    
1                0.2499954551     0.2499954551    
2                0.0125626819     0.0125626819    
3                0.0686789975     0.0686789975    
  Source acc: 1.000000  |  Target acc: 0.913333
  Best target acc: 0.917333

======== ROUND 35 ========  [Ablation: M0]
==== M0 Baseline: CE Only ====
epoch            total_loss       cls_loss        
0                6.3807983398     6.3807983398    
1                3.8175337315     3.8175337315    
2                0.3631829917     0.3631829917    
3                6.4400515556     6.4400515556    
  Source acc: 1.000000  |  Target acc: 0.916000
  Best target acc: 0.917333

======== ROUND 36 ========  [Ablation: M0]
==== M0 Baseline: CE Only ====
epoch            total_loss       cls_loss        
0                0.3003073037     0.3003073037    
1                0.3340371251     0.3340371251    
2                0.0628416091     0.0628416091    
3                0.1012495533     0.1012495533    
  Source acc: 1.000000  |  Target acc: 0.916667
  Best target acc: 0.917333

======== ROUND 37 ========  [Ablation: M0]
==== M0 Baseline: CE Only ====
epoch            total_loss       cls_loss        
0                0.1176356897     0.1176356897    
1                5.4592604637     5.4592604637    
2                5.5101871490     5.5101871490    
3                0.0212012734     0.0212012734    
  Source acc: 1.000000  |  Target acc: 0.908667
  Best target acc: 0.917333

======== ROUND 38 ========  [Ablation: M0]
==== M0 Baseline: CE Only ====
epoch            total_loss       cls_loss        
0                0.1232026443     0.1232026443    
1                0.0075883679     0.0075883679    
2                0.2212486416     0.2212486416    
3                0.0522162169     0.0522162169    
  Source acc: 1.000000  |  Target acc: 0.914667
  Best target acc: 0.917333

======== ROUND 39 ========  [Ablation: M0]
==== M0 Baseline: CE Only ====
epoch            total_loss       cls_loss        
0                0.0209821649     0.0209821649    
1                0.0791029036     0.0791029036    
2                0.0091714459     0.0091714459    
3                0.0268353410     0.0268353410    
  Source acc: 1.000000  |  Target acc: 0.911333
  Best target acc: 0.917333

======== ROUND 40 ========  [Ablation: M0]
==== M0 Baseline: CE Only ====
epoch            total_loss       cls_loss        
0                0.1802895367     0.1802895367    
1                5.3452806473     5.3452806473    
2                0.1730529517     0.1730529517    
3                6.0926065445     6.0926065445    
  Source acc: 1.000000  |  Target acc: 0.912667
  Best target acc: 0.917333

======== ROUND 41 ========  [Ablation: M0]
==== M0 Baseline: CE Only ====
epoch            total_loss       cls_loss        
0                0.1118834615     0.1118834615    
1                0.8020177484     0.8020177484    
2                0.5582951307     0.5582951307    
3                0.1771319956     0.1771319956    
  Source acc: 1.000000  |  Target acc: 0.909333
  Best target acc: 0.917333

======== ROUND 42 ========  [Ablation: M0]
==== M0 Baseline: CE Only ====
epoch            total_loss       cls_loss        
0                0.2049270272     0.2049270272    
1                0.1783771217     0.1783771217    
2                0.3463335037     0.3463335037    
3                0.5364828110     0.5364828110    
  Source acc: 1.000000  |  Target acc: 0.904667
  Best target acc: 0.917333

======== ROUND 43 ========  [Ablation: M0]
==== M0 Baseline: CE Only ====
epoch            total_loss       cls_loss        
0                0.2781646252     0.2781646252    
1                4.4849042892     4.4849042892    
2                0.2862250209     0.2862250209    
3                0.0098956209     0.0098956209    
  Source acc: 1.000000  |  Target acc: 0.904667
  Best target acc: 0.917333

======== ROUND 44 ========  [Ablation: M0]
==== M0 Baseline: CE Only ====
epoch            total_loss       cls_loss        
0                0.0356464796     0.0356464796    
1                0.3242673576     0.3242673576    
2                0.0067573963     0.0067573963    
3                0.0119745973     0.0119745973    
  Source acc: 1.000000  |  Target acc: 0.912667
  Best target acc: 0.917333

======== ROUND 45 ========  [Ablation: M0]
==== M0 Baseline: CE Only ====
epoch            total_loss       cls_loss        
0                5.6548752785     5.6548752785    
1                0.1980214715     0.1980214715    
2                0.0116369762     0.0116369762    
3                0.4069715142     0.4069715142    
  Source acc: 1.000000  |  Target acc: 0.908000
  Best target acc: 0.917333

======== ROUND 46 ========  [Ablation: M0]
==== M0 Baseline: CE Only ====
epoch            total_loss       cls_loss        
0                0.0654885769     0.0654885769    
1                0.0201748274     0.0201748274    
2                5.5039134026     5.5039134026    
3                0.2465085089     0.2465085089    
  Source acc: 1.000000  |  Target acc: 0.916667
  Best target acc: 0.917333

======== ROUND 47 ========  [Ablation: M0]
==== M0 Baseline: CE Only ====
epoch            total_loss       cls_loss        
0                0.2152715623     0.2152715623    
1                0.1196603328     0.1196603328    
2                0.0201485064     0.0201485064    
3                0.0150541421     0.0150541421    
  Source acc: 1.000000  |  Target acc: 0.914000
  Best target acc: 0.917333

======== ROUND 48 ========  [Ablation: M0]
==== M0 Baseline: CE Only ====
epoch            total_loss       cls_loss        
0                0.0459879600     0.0459879600    
1                0.0238151290     0.0238151290    
2                0.0106898481     0.0106898481    
3                6.1254348755     6.1254348755    
  Source acc: 1.000000  |  Target acc: 0.909333
  Best target acc: 0.917333

======== ROUND 49 ========  [Ablation: M0]
==== M0 Baseline: CE Only ====
epoch            total_loss       cls_loss        
0                0.1513015777     0.1513015777    
1                0.0203624479     0.0203624479    
2                0.0310421195     0.0310421195    
3                0.0187010635     0.0187010635    
  Source acc: 1.000000  |  Target acc: 0.906667
  Best target acc: 0.917333
[ConfMatrix] saved to log/abl_widar1ap_cross_user_M0_s1 (cm shape=(6, 6))

Results saved to log/abl_widar1ap_cross_user_M0_s1
acc.txt: log/abl_widar1ap_cross_user_M0_s1/acc.txt
bestacc.txt: log/abl_widar1ap_cross_user_M0_s1/bestacc.txt
