[Seed] global random seed set to 4

[Ablation Mode] M4
[XRF55Dataset] loaded 3840 samples from 1 dirs
[XRF55Dataset] loaded 960 samples from 1 dirs
[XRF55Dataset] loaded 3840 samples from 1 dirs
Train set size: 3840 samples, 120 batches
Test set size:  960 samples, 30 batches
Source eval size: 3840 samples

[Direction Sensitivity] Manual weights (dir_w=0.5): {0: 0.0, 1: 0.5, 2: 0.5, 3: 0.5, 4: 0.5, 5: 0.5, 6: 0.5, 7: 0.5}

======== ROUND 0 ========  [Ablation: M4]
==== Stage 1: SupCon Pre-training ====
epoch            total_loss       cls_loss         supcon_loss     
0                4.8949384689     1.5491102934     6.6916565895    
1                3.5826311111     0.8504981995     5.4642658234    
==== Stage 2: Latent Domain PCL ====
epoch            total_loss       dis_loss         proto_loss       ent_pen_loss    
0                2.5757782459     2.2757782936     0.0000000000     0.3000000119    
Counter({np.int64(1): 1537, np.int64(0): 1235, np.int64(2): 1068})
==== Stage 3: Domain-invariant + HardNCE ====
  (HardNCE disabled for M4 ablation)
epoch            total_loss       cls_loss         dis_loss         hard_loss       
0                1.6514105797     0.8854595423     0.7659510970     0               
  Source acc: 0.673177  |  Target acc: 0.417708
  Best target acc: 0.417708

======== ROUND 1 ========  [Ablation: M4]
==== Stage 1: SupCon Pre-training ====
epoch            total_loss       cls_loss         supcon_loss     
0                3.5153343678     0.5977632999     5.8351421356    
1                3.3468933105     0.5647435188     5.5642995834    
==== Stage 2: Latent Domain PCL ====
epoch            total_loss       dis_loss         proto_loss       ent_pen_loss    
0                1.9631474018     1.6758534908     0.5678078532     0.0033900046    
Counter({np.int64(1): 1678, np.int64(0): 1197, np.int64(2): 965})
==== Stage 3: Domain-invariant + HardNCE ====
  (HardNCE disabled for M4 ablation)
epoch            total_loss       cls_loss         dis_loss         hard_loss       
0                1.4664807320     0.6160428524     0.8504378200     0               
  Source acc: 0.878646  |  Target acc: 0.555208
  Best target acc: 0.555208

======== ROUND 2 ========  [Ablation: M4]
==== Stage 1: SupCon Pre-training ====
epoch            total_loss       cls_loss         supcon_loss     
0                3.5953493118     0.7667737007     5.6571512222    
1                3.3891606331     0.4639014602     5.8505182266    
==== Stage 2: Latent Domain PCL ====
epoch            total_loss       dis_loss         proto_loss       ent_pen_loss    
0                2.3694186211     2.0287141800     0.6472709179     0.0170687437    
Counter({np.int64(1): 1497, np.int64(0): 1191, np.int64(2): 1152})
==== Stage 3: Domain-invariant + HardNCE ====
  (HardNCE disabled for M4 ablation)
epoch            total_loss       cls_loss         dis_loss         hard_loss       
0                0.9201343060     0.3344374299     0.5856968760     0               
  Source acc: 0.900781  |  Target acc: 0.551042
  Best target acc: 0.555208

======== ROUND 3 ========  [Ablation: M4]
==== Stage 1: SupCon Pre-training ====
epoch            total_loss       cls_loss        
0                0.3591517806     0.3591517806    
1                0.3181889057     0.3181889057    
==== Stage 2: Latent Domain PCL ====
epoch            total_loss       dis_loss         proto_loss       ent_pen_loss    
0                2.3241584301     1.9960657358     0.6523830891     0.0019012074    
Counter({np.int64(1): 1456, np.int64(0): 1436, np.int64(2): 948})
==== Stage 3: Domain-invariant + HardNCE ====
  (HardNCE disabled for M4 ablation)
epoch            total_loss       cls_loss         dis_loss         hard_loss       
0                1.2681555748     0.2552191019     1.0129364729     0               
  Source acc: 0.950260  |  Target acc: 0.573958
  Best target acc: 0.573958

======== ROUND 4 ========  [Ablation: M4]
==== Stage 1: SupCon Pre-training ====
epoch            total_loss       cls_loss        
0                0.3043174744     0.3043174744    
1                0.3536856771     0.3536856771    
==== Stage 2: Latent Domain PCL ====
epoch            total_loss       dis_loss         proto_loss       ent_pen_loss    
0                1.9669811726     1.7811241150     0.3711748719     0.0002696014    
Counter({np.int64(0): 1470, np.int64(1): 1310, np.int64(2): 1060})
==== Stage 3: Domain-invariant + HardNCE ====
  (HardNCE disabled for M4 ablation)
epoch            total_loss       cls_loss         dis_loss         hard_loss       
0                1.2221941948     0.2885546684     0.9336395860     0               
  Source acc: 0.983594  |  Target acc: 0.595833
  Best target acc: 0.595833

======== ROUND 5 ========  [Ablation: M4]
==== Stage 1: SupCon Pre-training ====
epoch            total_loss       cls_loss        
0                0.6288487315     0.6288487315    
1                0.2132396102     0.2132396102    
==== Stage 2: Latent Domain PCL ====
epoch            total_loss       dis_loss         proto_loss       ent_pen_loss    
0                2.5581309795     2.0756144524     0.8654428124     0.0497950725    
Counter({np.int64(0): 1696, np.int64(1): 1133, np.int64(2): 1011})
==== Stage 3: Domain-invariant + HardNCE ====
  (HardNCE disabled for M4 ablation)
epoch            total_loss       cls_loss         dis_loss         hard_loss       
0                1.3794258833     0.2124325037     1.1669933796     0               
  Source acc: 0.954948  |  Target acc: 0.562500
  Best target acc: 0.595833

======== ROUND 6 ========  [Ablation: M4]
==== Stage 1: SupCon Pre-training ====
epoch            total_loss       cls_loss        
0                0.4201327264     0.4201327264    
1                0.3314564526     0.3314564526    
==== Stage 2: Latent Domain PCL ====
epoch            total_loss       dis_loss         proto_loss       ent_pen_loss    
0                2.1455039978     1.8940156698     0.4350920320     0.0339421555    
Counter({np.int64(0): 1760, np.int64(2): 1208, np.int64(1): 872})
==== Stage 3: Domain-invariant + HardNCE ====
  (HardNCE disabled for M4 ablation)
epoch            total_loss       cls_loss         dis_loss         hard_loss       
0                1.1706262827     0.1025919914     1.0680342913     0               
  Source acc: 0.973177  |  Target acc: 0.568750
  Best target acc: 0.595833

======== ROUND 7 ========  [Ablation: M4]
==== Stage 1: SupCon Pre-training ====
epoch            total_loss       cls_loss        
0                0.2576244771     0.2576244771    
1                0.2373518944     0.2373518944    
==== Stage 2: Latent Domain PCL ====
epoch            total_loss       dis_loss         proto_loss       ent_pen_loss    
0                2.4048290253     2.0201625824     0.7251231074     0.0221049711    
Counter({np.int64(1): 1470, np.int64(0): 1295, np.int64(2): 1075})
==== Stage 3: Domain-invariant + HardNCE ====
  (HardNCE disabled for M4 ablation)
epoch            total_loss       cls_loss         dis_loss         hard_loss       
0                1.1196683645     0.2185805142     0.9010878205     0               
  Source acc: 0.994271  |  Target acc: 0.577083
  Best target acc: 0.595833

======== ROUND 8 ========  [Ablation: M4]
==== Stage 1: SupCon Pre-training ====
epoch            total_loss       cls_loss        
0                0.0707168877     0.0707168877    
1                0.0484830178     0.0484830178    
==== Stage 2: Latent Domain PCL ====
epoch            total_loss       dis_loss         proto_loss       ent_pen_loss    
0                2.1510667801     1.8028714657     0.6662113070     0.0150896376    
Counter({np.int64(0): 1657, np.int64(2): 1167, np.int64(1): 1016})
==== Stage 3: Domain-invariant + HardNCE ====
  (HardNCE disabled for M4 ablation)
epoch            total_loss       cls_loss         dis_loss         hard_loss       
0                1.2661018372     0.3015308976     0.9645709991     0               
  Source acc: 0.976042  |  Target acc: 0.508333
  Best target acc: 0.595833

======== ROUND 9 ========  [Ablation: M4]
==== Stage 1: SupCon Pre-training ====
epoch            total_loss       cls_loss        
0                0.3604048491     0.3604048491    
1                0.0748525634     0.0748525634    
==== Stage 2: Latent Domain PCL ====
epoch            total_loss       dis_loss         proto_loss       ent_pen_loss    
0                2.1769614220     1.8252375126     0.6775056720     0.0129710762    
Counter({np.int64(0): 1612, np.int64(1): 1121, np.int64(2): 1107})
==== Stage 3: Domain-invariant + HardNCE ====
  (HardNCE disabled for M4 ablation)
epoch            total_loss       cls_loss         dis_loss         hard_loss       
0                1.0213700533     0.1526821554     0.8686878681     0               
  Source acc: 0.950260  |  Target acc: 0.510417
  Best target acc: 0.595833

======== ROUND 10 ========  [Ablation: M4]
==== Stage 1: SupCon Pre-training ====
epoch            total_loss       cls_loss        
0                0.1565259993     0.1565259993    
1                0.1119157076     0.1119157076    
==== Stage 2: Latent Domain PCL ====
epoch            total_loss       dis_loss         proto_loss       ent_pen_loss    
0                0.9605574608     0.6686789989     0.5494546294     0.0171511024    
Counter({np.int64(0): 1558, np.int64(2): 1250, np.int64(1): 1032})
==== Stage 3: Domain-invariant + HardNCE ====
  (HardNCE disabled for M4 ablation)
epoch            total_loss       cls_loss         dis_loss         hard_loss       
0                0.7685025334     0.0817369819     0.6867655516     0               
  Source acc: 0.999740  |  Target acc: 0.583333
  Best target acc: 0.595833

======== ROUND 11 ========  [Ablation: M4]
==== Stage 1: SupCon Pre-training ====
epoch            total_loss       cls_loss        
0                0.0162231419     0.0162231419    
1                0.0637191385     0.0637191385    
==== Stage 2: Latent Domain PCL ====
epoch            total_loss       dis_loss         proto_loss       ent_pen_loss    
0                0.4953463376     0.3904292583     0.2008682489     0.0044829613    
Counter({np.int64(0): 1473, np.int64(2): 1240, np.int64(1): 1127})
==== Stage 3: Domain-invariant + HardNCE ====
  (HardNCE disabled for M4 ablation)
epoch            total_loss       cls_loss         dis_loss         hard_loss       
0                0.4242917597     0.0163577683     0.4079339802     0               
  Source acc: 1.000000  |  Target acc: 0.594792
  Best target acc: 0.595833

======== ROUND 12 ========  [Ablation: M4]
==== Stage 1: SupCon Pre-training ====
epoch            total_loss       cls_loss        
0                0.1195913106     0.1195913106    
1                0.0312236939     0.0312236939    
==== Stage 2: Latent Domain PCL ====
epoch            total_loss       dis_loss         proto_loss       ent_pen_loss    
0                0.4724567235     0.3966992497     0.1047707200     0.0233721174    
Counter({np.int64(1): 1388, np.int64(2): 1335, np.int64(0): 1117})
==== Stage 3: Domain-invariant + HardNCE ====
  (HardNCE disabled for M4 ablation)
epoch            total_loss       cls_loss         dis_loss         hard_loss       
0                0.8536946774     0.0156396367     0.8380550146     0               
  Source acc: 1.000000  |  Target acc: 0.605208
  Best target acc: 0.605208

======== ROUND 13 ========  [Ablation: M4]
==== Stage 1: SupCon Pre-training ====
epoch            total_loss       cls_loss        
0                0.0244599916     0.0244599916    
1                0.0059468858     0.0059468858    
==== Stage 2: Latent Domain PCL ====
epoch            total_loss       dis_loss         proto_loss       ent_pen_loss    
0                0.6186590791     0.4014874399     0.4305408597     0.0019012074    
Counter({np.int64(1): 1482, np.int64(2): 1434, np.int64(0): 924})
==== Stage 3: Domain-invariant + HardNCE ====
  (HardNCE disabled for M4 ablation)
epoch            total_loss       cls_loss         dis_loss         hard_loss       
0                0.7271547318     0.0748986900     0.6522560716     0               
  Source acc: 1.000000  |  Target acc: 0.596875
  Best target acc: 0.605208

======== ROUND 14 ========  [Ablation: M4]
==== Stage 1: SupCon Pre-training ====
epoch            total_loss       cls_loss        
0                0.0109054344     0.0109054344    
1                0.0210406147     0.0210406147    
==== Stage 2: Latent Domain PCL ====
epoch            total_loss       dis_loss         proto_loss       ent_pen_loss    
0                0.2826066613     0.1424151361     0.2798438668     0.0002696014    
Counter({np.int64(1): 1555, np.int64(2): 1408, np.int64(0): 877})
==== Stage 3: Domain-invariant + HardNCE ====
  (HardNCE disabled for M4 ablation)
epoch            total_loss       cls_loss         dis_loss         hard_loss       
0                0.4394986629     0.0441709608     0.3953276873     0               
  Source acc: 1.000000  |  Target acc: 0.597917
  Best target acc: 0.605208

======== ROUND 15 ========  [Ablation: M4]
==== Stage 1: SupCon Pre-training ====
epoch            total_loss       cls_loss        
0                0.0510126129     0.0510126129    
1                0.0817499608     0.0817499608    
==== Stage 2: Latent Domain PCL ====
epoch            total_loss       dis_loss         proto_loss       ent_pen_loss    
0                0.3234082460     0.2115178406     0.1978386641     0.0129710762    
Counter({np.int64(1): 1569, np.int64(2): 1369, np.int64(0): 902})
==== Stage 3: Domain-invariant + HardNCE ====
  (HardNCE disabled for M4 ablation)
epoch            total_loss       cls_loss         dis_loss         hard_loss       
0                0.5995874405     0.0544029400     0.5451844931     0               
  Source acc: 1.000000  |  Target acc: 0.597917
  Best target acc: 0.605208

======== ROUND 16 ========  [Ablation: M4]
==== Stage 1: SupCon Pre-training ====
epoch            total_loss       cls_loss        
0                0.0058046542     0.0058046542    
1                0.0100655593     0.0100655593    
==== Stage 2: Latent Domain PCL ====
epoch            total_loss       dis_loss         proto_loss       ent_pen_loss    
0                0.2546241283     0.2065465897     0.0857652128     0.0051949215    
Counter({np.int64(1): 1664, np.int64(2): 1275, np.int64(0): 901})
==== Stage 3: Domain-invariant + HardNCE ====
  (HardNCE disabled for M4 ablation)
epoch            total_loss       cls_loss         dis_loss         hard_loss       
0                0.8259807229     0.0145929493     0.8113877773     0               
  Source acc: 1.000000  |  Target acc: 0.602083
  Best target acc: 0.605208

======== ROUND 17 ========  [Ablation: M4]
==== Stage 1: SupCon Pre-training ====
epoch            total_loss       cls_loss        
0                0.0014929485     0.0014929485    
1                0.0059924433     0.0059924433    
==== Stage 2: Latent Domain PCL ====
epoch            total_loss       dis_loss         proto_loss       ent_pen_loss    
0                0.1899505109     0.1239838153     0.1017540544     0.0150896702    
Counter({np.int64(1): 1689, np.int64(2): 1263, np.int64(0): 888})
==== Stage 3: Domain-invariant + HardNCE ====
  (HardNCE disabled for M4 ablation)
epoch            total_loss       cls_loss         dis_loss         hard_loss       
0                0.5511723161     0.0413468517     0.5098254681     0               
  Source acc: 1.000000  |  Target acc: 0.600000
  Best target acc: 0.605208

======== ROUND 18 ========  [Ablation: M4]
==== Stage 1: SupCon Pre-training ====
epoch            total_loss       cls_loss        
0                0.0063685933     0.0063685933    
1                0.0048020207     0.0048020207    
==== Stage 2: Latent Domain PCL ====
epoch            total_loss       dis_loss         proto_loss       ent_pen_loss    
0                0.3470313251     0.2107987106     0.2634993196     0.0044829613    
Counter({np.int64(1): 1670, np.int64(2): 1321, np.int64(0): 849})
==== Stage 3: Domain-invariant + HardNCE ====
  (HardNCE disabled for M4 ablation)
epoch            total_loss       cls_loss         dis_loss         hard_loss       
0                0.5597738028     0.0189068001     0.5408670306     0               
  Source acc: 1.000000  |  Target acc: 0.604167
  Best target acc: 0.605208

======== ROUND 19 ========  [Ablation: M4]
==== Stage 1: SupCon Pre-training ====
epoch            total_loss       cls_loss        
0                0.0813229680     0.0813229680    
1                0.0028761697     0.0028761697    
==== Stage 2: Latent Domain PCL ====
epoch            total_loss       dis_loss         proto_loss       ent_pen_loss    
0                0.1429033279     0.1212088615     0.0395865068     0.0019012074    
Counter({np.int64(1): 1686, np.int64(2): 1347, np.int64(0): 807})
==== Stage 3: Domain-invariant + HardNCE ====
  (HardNCE disabled for M4 ablation)
epoch            total_loss       cls_loss         dis_loss         hard_loss       
0                0.3749048114     0.0101218559     0.3647829592     0               
  Source acc: 1.000000  |  Target acc: 0.591667
  Best target acc: 0.605208

======== ROUND 20 ========  [Ablation: M4]
==== Stage 1: SupCon Pre-training ====
epoch            total_loss       cls_loss        
0                0.0061366018     0.0061366018    
1                0.0040189829     0.0040189829    
==== Stage 2: Latent Domain PCL ====
epoch            total_loss       dis_loss         proto_loss       ent_pen_loss    
0                0.1254315823     0.0434306562     0.1601994336     0.0019012074    
Counter({np.int64(1): 1672, np.int64(2): 1379, np.int64(0): 789})
==== Stage 3: Domain-invariant + HardNCE ====
  (HardNCE disabled for M4 ablation)
epoch            total_loss       cls_loss         dis_loss         hard_loss       
0                0.5901875496     0.0108323013     0.5793552399     0               
  Source acc: 1.000000  |  Target acc: 0.596875
  Best target acc: 0.605208

======== ROUND 21 ========  [Ablation: M4]
==== Stage 1: SupCon Pre-training ====
epoch            total_loss       cls_loss        
0                0.0747075453     0.0747075453    
1                0.0118670631     0.0118670631    
==== Stage 2: Latent Domain PCL ====
epoch            total_loss       dis_loss         proto_loss       ent_pen_loss    
0                0.1560273021     0.0706732720     0.1250781864     0.0228149444    
Counter({np.int64(1): 1673, np.int64(2): 1359, np.int64(0): 808})
==== Stage 3: Domain-invariant + HardNCE ====
  (HardNCE disabled for M4 ablation)
epoch            total_loss       cls_loss         dis_loss         hard_loss       
0                0.4262775481     0.0067195436     0.4195580184     0               
  Source acc: 1.000000  |  Target acc: 0.600000
  Best target acc: 0.605208

======== ROUND 22 ========  [Ablation: M4]
==== Stage 1: SupCon Pre-training ====
epoch            total_loss       cls_loss        
0                0.1661795676     0.1661795676    
1                0.0056340909     0.0056340909    
==== Stage 2: Latent Domain PCL ====
epoch            total_loss       dis_loss         proto_loss       ent_pen_loss    
0                0.2852174044     0.2639290094     0.0248844847     0.0088461619    
Counter({np.int64(1): 1673, np.int64(2): 1343, np.int64(0): 824})
==== Stage 3: Domain-invariant + HardNCE ====
  (HardNCE disabled for M4 ablation)
epoch            total_loss       cls_loss         dis_loss         hard_loss       
0                0.5607203245     0.0058919131     0.5548284054     0               
  Source acc: 1.000000  |  Target acc: 0.584375
  Best target acc: 0.605208

======== ROUND 23 ========  [Ablation: M4]
==== Stage 1: SupCon Pre-training ====
epoch            total_loss       cls_loss        
0                0.0053862771     0.0053862771    
1                0.0022168579     0.0022168579    
==== Stage 2: Latent Domain PCL ====
epoch            total_loss       dis_loss         proto_loss       ent_pen_loss    
0                0.3356416225     0.2966868579     0.0711295158     0.0033900046    
Counter({np.int64(1): 1683, np.int64(2): 1329, np.int64(0): 828})
==== Stage 3: Domain-invariant + HardNCE ====
  (HardNCE disabled for M4 ablation)
epoch            total_loss       cls_loss         dis_loss         hard_loss       
0                0.4758362174     0.0260003284     0.4498358965     0               
  Source acc: 1.000000  |  Target acc: 0.589583
  Best target acc: 0.605208

======== ROUND 24 ========  [Ablation: M4]
==== Stage 1: SupCon Pre-training ====
epoch            total_loss       cls_loss        
0                0.0072513823     0.0072513823    
1                0.2495777756     0.2495777756    
==== Stage 2: Latent Domain PCL ====
epoch            total_loss       dis_loss         proto_loss       ent_pen_loss    
0                0.1028531715     0.0712158158     0.0224867817     0.0203939695    
Counter({np.int64(1): 1673, np.int64(2): 1334, np.int64(0): 833})
==== Stage 3: Domain-invariant + HardNCE ====
  (HardNCE disabled for M4 ablation)
epoch            total_loss       cls_loss         dis_loss         hard_loss       
0                0.4123875499     0.0049173809     0.4074701667     0               
  Source acc: 1.000000  |  Target acc: 0.600000
  Best target acc: 0.605208

======== ROUND 25 ========  [Ablation: M4]
==== Stage 1: SupCon Pre-training ====
epoch            total_loss       cls_loss        
0                0.0244078785     0.0244078785    
1                0.0054103527     0.0054103527    
==== Stage 2: Latent Domain PCL ====
epoch            total_loss       dis_loss         proto_loss       ent_pen_loss    
0                0.2378011197     0.0891494229     0.2347558737     0.0312737636    
Counter({np.int64(1): 1665, np.int64(2): 1355, np.int64(0): 820})
==== Stage 3: Domain-invariant + HardNCE ====
  (HardNCE disabled for M4 ablation)
epoch            total_loss       cls_loss         dis_loss         hard_loss       
0                0.5146553516     0.0102680484     0.5043873191     0               
  Source acc: 1.000000  |  Target acc: 0.595833
  Best target acc: 0.605208

======== ROUND 26 ========  [Ablation: M4]
==== Stage 1: SupCon Pre-training ====
epoch            total_loss       cls_loss        
0                0.0402253680     0.0402253680    
1                0.0041016559     0.0041016559    
==== Stage 2: Latent Domain PCL ====
epoch            total_loss       dis_loss         proto_loss       ent_pen_loss    
0                0.1650869399     0.1118646041     0.0762654096     0.0150896376    
Counter({np.int64(1): 1679, np.int64(2): 1321, np.int64(0): 840})
==== Stage 3: Domain-invariant + HardNCE ====
  (HardNCE disabled for M4 ablation)
epoch            total_loss       cls_loss         dis_loss         hard_loss       
0                0.6154188514     0.0179958884     0.5974229574     0               
  Source acc: 1.000000  |  Target acc: 0.588542
  Best target acc: 0.605208

======== ROUND 27 ========  [Ablation: M4]
==== Stage 1: SupCon Pre-training ====
epoch            total_loss       cls_loss        
0                0.0109231127     0.0109231127    
1                0.0047175726     0.0047175726    
==== Stage 2: Latent Domain PCL ====
epoch            total_loss       dis_loss         proto_loss       ent_pen_loss    
0                0.3279498816     0.0963401645     0.3891708851     0.0370242447    
Counter({np.int64(1): 1673, np.int64(2): 1334, np.int64(0): 833})
==== Stage 3: Domain-invariant + HardNCE ====
  (HardNCE disabled for M4 ablation)
epoch            total_loss       cls_loss         dis_loss         hard_loss       
0                0.5161602497     0.0127508398     0.5034093857     0               
  Source acc: 1.000000  |  Target acc: 0.592708
  Best target acc: 0.605208

======== ROUND 28 ========  [Ablation: M4]
==== Stage 1: SupCon Pre-training ====
epoch            total_loss       cls_loss        
0                0.0043898853     0.0043898853    
1                0.0029031935     0.0029031935    
==== Stage 2: Latent Domain PCL ====
epoch            total_loss       dis_loss         proto_loss       ent_pen_loss    
0                0.1234798729     0.0545199066     0.0749286190     0.0314956568    
Counter({np.int64(1): 1667, np.int64(2): 1331, np.int64(0): 842})
==== Stage 3: Domain-invariant + HardNCE ====
  (HardNCE disabled for M4 ablation)
epoch            total_loss       cls_loss         dis_loss         hard_loss       
0                0.2838544846     0.0252095740     0.2586449087     0               
  Source acc: 1.000000  |  Target acc: 0.593750
  Best target acc: 0.605208

======== ROUND 29 ========  [Ablation: M4]
==== Stage 1: SupCon Pre-training ====
epoch            total_loss       cls_loss        
0                0.0019042897     0.0019042897    
1                0.0033977907     0.0033977907    
==== Stage 2: Latent Domain PCL ====
epoch            total_loss       dis_loss         proto_loss       ent_pen_loss    
0                0.1521734893     0.1374847144     0.0189877152     0.0051949215    
Counter({np.int64(1): 1678, np.int64(2): 1320, np.int64(0): 842})
==== Stage 3: Domain-invariant + HardNCE ====
  (HardNCE disabled for M4 ablation)
epoch            total_loss       cls_loss         dis_loss         hard_loss       
0                0.3185430765     0.0058239941     0.3127190769     0               
  Source acc: 1.000000  |  Target acc: 0.607292
  Best target acc: 0.607292

======== ROUND 30 ========  [Ablation: M4]
==== Stage 1: SupCon Pre-training ====
epoch            total_loss       cls_loss        
0                0.0080413604     0.0080413604    
1                0.0138465175     0.0138465175    
==== Stage 2: Latent Domain PCL ====
epoch            total_loss       dis_loss         proto_loss       ent_pen_loss    
0                0.1889900118     0.1006396860     0.1562703252     0.0102151651    
Counter({np.int64(1): 1677, np.int64(2): 1324, np.int64(0): 839})
==== Stage 3: Domain-invariant + HardNCE ====
  (HardNCE disabled for M4 ablation)
epoch            total_loss       cls_loss         dis_loss         hard_loss       
0                0.3997134566     0.0043142736     0.3953991830     0               
  Source acc: 1.000000  |  Target acc: 0.603125
  Best target acc: 0.607292

======== ROUND 31 ========  [Ablation: M4]
==== Stage 1: SupCon Pre-training ====
epoch            total_loss       cls_loss        
0                0.0039970847     0.0039970847    
1                0.0132039934     0.0132039934    
==== Stage 2: Latent Domain PCL ====
epoch            total_loss       dis_loss         proto_loss       ent_pen_loss    
0                0.2708862126     0.2259373069     0.0795079768     0.0051949215    
Counter({np.int64(1): 1670, np.int64(2): 1318, np.int64(0): 852})
==== Stage 3: Domain-invariant + HardNCE ====
  (HardNCE disabled for M4 ablation)
epoch            total_loss       cls_loss         dis_loss         hard_loss       
0                0.4559618235     0.0131020071     0.4428598285     0               
  Source acc: 1.000000  |  Target acc: 0.597917
  Best target acc: 0.607292

======== ROUND 32 ========  [Ablation: M4]
==== Stage 1: SupCon Pre-training ====
epoch            total_loss       cls_loss        
0                0.0069961618     0.0069961618    
1                0.0067238156     0.0067238156    
==== Stage 2: Latent Domain PCL ====
epoch            total_loss       dis_loss         proto_loss       ent_pen_loss    
0                0.2076055855     0.1134447902     0.1142731011     0.0370242447    
Counter({np.int64(1): 1668, np.int64(2): 1306, np.int64(0): 866})
==== Stage 3: Domain-invariant + HardNCE ====
  (HardNCE disabled for M4 ablation)
epoch            total_loss       cls_loss         dis_loss         hard_loss       
0                0.4133855104     0.0052647758     0.4081207216     0               
  Source acc: 1.000000  |  Target acc: 0.604167
  Best target acc: 0.607292

======== ROUND 33 ========  [Ablation: M4]
==== Stage 1: SupCon Pre-training ====
epoch            total_loss       cls_loss        
0                0.0044300640     0.0044300640    
1                0.1311269701     0.1311269701    
==== Stage 2: Latent Domain PCL ====
epoch            total_loss       dis_loss         proto_loss       ent_pen_loss    
0                0.1987925768     0.1255750954     0.1121327579     0.0171511024    
Counter({np.int64(1): 1655, np.int64(2): 1330, np.int64(0): 855})
==== Stage 3: Domain-invariant + HardNCE ====
  (HardNCE disabled for M4 ablation)
epoch            total_loss       cls_loss         dis_loss         hard_loss       
0                0.4443254769     0.0095917229     0.4347337484     0               
  Source acc: 1.000000  |  Target acc: 0.598958
  Best target acc: 0.607292

======== ROUND 34 ========  [Ablation: M4]
==== Stage 1: SupCon Pre-training ====
epoch            total_loss       cls_loss        
0                0.0515280850     0.0515280850    
1                0.0067932205     0.0067932205    
==== Stage 2: Latent Domain PCL ====
epoch            total_loss       dis_loss         proto_loss       ent_pen_loss    
0                0.0976828262     0.0768142194     0.0157950707     0.0129710762    
Counter({np.int64(1): 1662, np.int64(2): 1314, np.int64(0): 864})
==== Stage 3: Domain-invariant + HardNCE ====
  (HardNCE disabled for M4 ablation)
epoch            total_loss       cls_loss         dis_loss         hard_loss       
0                0.3644809723     0.0025895457     0.3618914187     0               
  Source acc: 1.000000  |  Target acc: 0.602083
  Best target acc: 0.607292

======== ROUND 35 ========  [Ablation: M4]
==== Stage 1: SupCon Pre-training ====
epoch            total_loss       cls_loss        
0                0.0484099314     0.0484099314    
1                0.0051842262     0.0051842262    
==== Stage 2: Latent Domain PCL ====
epoch            total_loss       dis_loss         proto_loss       ent_pen_loss    
0                0.3443448246     0.2243313342     0.2195966542     0.0102151651    
Counter({np.int64(1): 1656, np.int64(2): 1336, np.int64(0): 848})
==== Stage 3: Domain-invariant + HardNCE ====
  (HardNCE disabled for M4 ablation)
epoch            total_loss       cls_loss         dis_loss         hard_loss       
0                0.4981305003     0.0065142149     0.4916162789     0               
  Source acc: 1.000000  |  Target acc: 0.602083
  Best target acc: 0.607292

======== ROUND 36 ========  [Ablation: M4]
==== Stage 1: SupCon Pre-training ====
epoch            total_loss       cls_loss        
0                0.0031261933     0.0031261933    
1                0.0085688187     0.0085688187    
==== Stage 2: Latent Domain PCL ====
epoch            total_loss       dis_loss         proto_loss       ent_pen_loss    
0                0.3349201381     0.1448087692     0.3102319539     0.0349954143    
Counter({np.int64(1): 1669, np.int64(2): 1326, np.int64(0): 845})
==== Stage 3: Domain-invariant + HardNCE ====
  (HardNCE disabled for M4 ablation)
epoch            total_loss       cls_loss         dis_loss         hard_loss       
0                0.3312919736     0.0312090963     0.3000828624     0               
  Source acc: 1.000000  |  Target acc: 0.601042
  Best target acc: 0.607292

======== ROUND 37 ========  [Ablation: M4]
==== Stage 1: SupCon Pre-training ====
epoch            total_loss       cls_loss        
0                0.0044751004     0.0044751004    
1                0.0054649236     0.0054649236    
==== Stage 2: Latent Domain PCL ====
epoch            total_loss       dis_loss         proto_loss       ent_pen_loss    
0                0.1905401349     0.1221744418     0.1263415515     0.0051949215    
Counter({np.int64(1): 1670, np.int64(2): 1329, np.int64(0): 841})
==== Stage 3: Domain-invariant + HardNCE ====
  (HardNCE disabled for M4 ablation)
epoch            total_loss       cls_loss         dis_loss         hard_loss       
0                0.4822807908     0.0052082106     0.4770725667     0               
  Source acc: 1.000000  |  Target acc: 0.602083
  Best target acc: 0.607292

======== ROUND 38 ========  [Ablation: M4]
==== Stage 1: SupCon Pre-training ====
epoch            total_loss       cls_loss        
0                0.0194204394     0.0194204394    
1                0.0025290991     0.0025290991    
==== Stage 2: Latent Domain PCL ====
epoch            total_loss       dis_loss         proto_loss       ent_pen_loss    
0                0.1547629684     0.0943005979     0.1032324135     0.0088461619    
Counter({np.int64(1): 1671, np.int64(2): 1330, np.int64(0): 839})
==== Stage 3: Domain-invariant + HardNCE ====
  (HardNCE disabled for M4 ablation)
epoch            total_loss       cls_loss         dis_loss         hard_loss       
0                0.6239532232     0.0918868110     0.5320664048     0               
  Source acc: 1.000000  |  Target acc: 0.611458
  Best target acc: 0.611458

======== ROUND 39 ========  [Ablation: M4]
==== Stage 1: SupCon Pre-training ====
epoch            total_loss       cls_loss        
0                0.0017727860     0.0017727860    
1                0.0025247289     0.0025247289    
==== Stage 2: Latent Domain PCL ====
epoch            total_loss       dis_loss         proto_loss       ent_pen_loss    
0                0.1966486722     0.1357119679     0.1071918830     0.0073407623    
Counter({np.int64(1): 1658, np.int64(2): 1351, np.int64(0): 831})
==== Stage 3: Domain-invariant + HardNCE ====
  (HardNCE disabled for M4 ablation)
epoch            total_loss       cls_loss         dis_loss         hard_loss       
0                0.3709549606     0.0147637958     0.3561911583     0               
  Source acc: 1.000000  |  Target acc: 0.604167
  Best target acc: 0.611458

======== ROUND 40 ========  [Ablation: M4]
==== Stage 1: SupCon Pre-training ====
epoch            total_loss       cls_loss        
0                0.0106323194     0.0106323194    
1                0.0031025098     0.0031025098    
==== Stage 2: Latent Domain PCL ====
epoch            total_loss       dis_loss         proto_loss       ent_pen_loss    
0                0.1019748673     0.0558686927     0.0620330051     0.0150896702    
Counter({np.int64(1): 1665, np.int64(2): 1336, np.int64(0): 839})
==== Stage 3: Domain-invariant + HardNCE ====
  (HardNCE disabled for M4 ablation)
epoch            total_loss       cls_loss         dis_loss         hard_loss       
0                0.4712966979     0.0063921753     0.4649045169     0               
  Source acc: 1.000000  |  Target acc: 0.605208
  Best target acc: 0.611458

======== ROUND 41 ========  [Ablation: M4]
==== Stage 1: SupCon Pre-training ====
epoch            total_loss       cls_loss        
0                0.0088494448     0.0088494448    
1                0.0091658523     0.0091658523    
==== Stage 2: Latent Domain PCL ====
epoch            total_loss       dis_loss         proto_loss       ent_pen_loss    
0                0.0708066821     0.0470347106     0.0216017962     0.0129710762    
Counter({np.int64(1): 1664, np.int64(2): 1337, np.int64(0): 839})
==== Stage 3: Domain-invariant + HardNCE ====
  (HardNCE disabled for M4 ablation)
epoch            total_loss       cls_loss         dis_loss         hard_loss       
0                0.3994499743     0.0297699068     0.3696800768     0               
  Source acc: 1.000000  |  Target acc: 0.611458
  Best target acc: 0.611458

======== ROUND 42 ========  [Ablation: M4]
==== Stage 1: SupCon Pre-training ====
epoch            total_loss       cls_loss        
0                0.0018613474     0.0018613474    
1                0.0048124101     0.0048124101    
==== Stage 2: Latent Domain PCL ====
epoch            total_loss       dis_loss         proto_loss       ent_pen_loss    
0                0.1063439995     0.0623230562     0.0537396818     0.0171511024    
Counter({np.int64(1): 1658, np.int64(2): 1324, np.int64(0): 858})
==== Stage 3: Domain-invariant + HardNCE ====
  (HardNCE disabled for M4 ablation)
epoch            total_loss       cls_loss         dis_loss         hard_loss       
0                0.6692410707     0.0059806923     0.6632604003     0               
  Source acc: 1.000000  |  Target acc: 0.601042
  Best target acc: 0.611458

======== ROUND 43 ========  [Ablation: M4]
==== Stage 1: SupCon Pre-training ====
epoch            total_loss       cls_loss        
0                0.0014010358     0.0014010358    
1                0.0043865941     0.0043865941    
==== Stage 2: Latent Domain PCL ====
epoch            total_loss       dis_loss         proto_loss       ent_pen_loss    
0                0.1629133224     0.0710584074     0.1394998133     0.0221050046    
Counter({np.int64(1): 1667, np.int64(2): 1320, np.int64(0): 853})
==== Stage 3: Domain-invariant + HardNCE ====
  (HardNCE disabled for M4 ablation)
epoch            total_loss       cls_loss         dis_loss         hard_loss       
0                0.6201856732     0.0140754133     0.6061102748     0               
  Source acc: 1.000000  |  Target acc: 0.602083
  Best target acc: 0.611458

======== ROUND 44 ========  [Ablation: M4]
==== Stage 1: SupCon Pre-training ====
epoch            total_loss       cls_loss        
0                0.0047910200     0.0047910200    
1                0.0040939287     0.0040939287    
==== Stage 2: Latent Domain PCL ====
epoch            total_loss       dis_loss         proto_loss       ent_pen_loss    
0                0.3974845111     0.2191453427     0.3462885022     0.0051949215    
Counter({np.int64(1): 1674, np.int64(2): 1321, np.int64(0): 845})
==== Stage 3: Domain-invariant + HardNCE ====
  (HardNCE disabled for M4 ablation)
epoch            total_loss       cls_loss         dis_loss         hard_loss       
0                0.5321078300     0.0296643972     0.5024434328     0               
  Source acc: 1.000000  |  Target acc: 0.608333
  Best target acc: 0.611458

======== ROUND 45 ========  [Ablation: M4]
==== Stage 1: SupCon Pre-training ====
epoch            total_loss       cls_loss        
0                0.0026046990     0.0026046990    
1                0.0028277100     0.0028277100    
==== Stage 2: Latent Domain PCL ====
epoch            total_loss       dis_loss         proto_loss       ent_pen_loss    
0                0.3567869961     0.1941579133     0.2017350346     0.0617615692    
Counter({np.int64(1): 1664, np.int64(2): 1341, np.int64(0): 835})
==== Stage 3: Domain-invariant + HardNCE ====
  (HardNCE disabled for M4 ablation)
epoch            total_loss       cls_loss         dis_loss         hard_loss       
0                0.4437963367     0.0190975517     0.4246987700     0               
  Source acc: 1.000000  |  Target acc: 0.605208
  Best target acc: 0.611458

======== ROUND 46 ========  [Ablation: M4]
==== Stage 1: SupCon Pre-training ====
epoch            total_loss       cls_loss        
0                0.0071436977     0.0071436977    
1                0.0108876172     0.0108876172    
==== Stage 2: Latent Domain PCL ====
epoch            total_loss       dis_loss         proto_loss       ent_pen_loss    
0                0.1394076049     0.0944424123     0.0443005115     0.0228149444    
Counter({np.int64(1): 1657, np.int64(2): 1349, np.int64(0): 834})
==== Stage 3: Domain-invariant + HardNCE ====
  (HardNCE disabled for M4 ablation)
epoch            total_loss       cls_loss         dis_loss         hard_loss       
0                0.2687743902     0.0040924312     0.2646819651     0               
  Source acc: 1.000000  |  Target acc: 0.607292
  Best target acc: 0.611458

======== ROUND 47 ========  [Ablation: M4]
==== Stage 1: SupCon Pre-training ====
epoch            total_loss       cls_loss        
0                0.0096549876     0.0096549876    
1                0.0084077613     0.0084077613    
==== Stage 2: Latent Domain PCL ====
epoch            total_loss       dis_loss         proto_loss       ent_pen_loss    
0                0.1085286736     0.0344432704     0.0856232643     0.0312737636    
Counter({np.int64(1): 1670, np.int64(2): 1319, np.int64(0): 851})
==== Stage 3: Domain-invariant + HardNCE ====
  (HardNCE disabled for M4 ablation)
epoch            total_loss       cls_loss         dis_loss         hard_loss       
0                0.4686604142     0.0034523567     0.4652080536     0               
  Source acc: 1.000000  |  Target acc: 0.605208
  Best target acc: 0.611458

======== ROUND 48 ========  [Ablation: M4]
==== Stage 1: SupCon Pre-training ====
epoch            total_loss       cls_loss        
0                0.0030765980     0.0030765980    
1                0.0368182957     0.0368182957    
==== Stage 2: Latent Domain PCL ====
epoch            total_loss       dis_loss         proto_loss       ent_pen_loss    
0                0.3470764458     0.1033758223     0.4174104631     0.0349954143    
Counter({np.int64(1): 1662, np.int64(2): 1325, np.int64(0): 853})
==== Stage 3: Domain-invariant + HardNCE ====
  (HardNCE disabled for M4 ablation)
epoch            total_loss       cls_loss         dis_loss         hard_loss       
0                0.3656843305     0.0548589751     0.3108253479     0               
  Source acc: 1.000000  |  Target acc: 0.607292
  Best target acc: 0.611458

======== ROUND 49 ========  [Ablation: M4]
==== Stage 1: SupCon Pre-training ====
epoch            total_loss       cls_loss        
0                0.0028627268     0.0028627268    
1                0.0024397261     0.0024397261    
==== Stage 2: Latent Domain PCL ====
epoch            total_loss       dis_loss         proto_loss       ent_pen_loss    
0                0.0752410293     0.0380108692     0.0706579089     0.0019012074    
Counter({np.int64(1): 1669, np.int64(2): 1312, np.int64(0): 859})
==== Stage 3: Domain-invariant + HardNCE ====
  (HardNCE disabled for M4 ablation)
epoch            total_loss       cls_loss         dis_loss         hard_loss       
0                0.4809643626     0.0083228266     0.4726415277     0               
  Source acc: 1.000000  |  Target acc: 0.603125
  Best target acc: 0.611458
[ConfMatrix] saved to log/abl_xrf_cross_user_M4_s4 (cm shape=(8, 8))

Results saved to log/abl_xrf_cross_user_M4_s4
acc.txt: log/abl_xrf_cross_user_M4_s4/acc.txt
bestacc.txt: log/abl_xrf_cross_user_M4_s4/bestacc.txt
