[Seed] global random seed set to 3

[Ablation Mode] M0
[WidarDataset] loaded 5250 samples, gesture_map={'G01': 0, 'G02': 1, 'G03': 2, 'G04': 3, 'G05': 4, 'G06': 5}
[WidarDataset] loaded 1500 samples, gesture_map={'G01': 0, 'G02': 1, 'G03': 2, 'G04': 3, 'G05': 4, 'G06': 5}
[WidarDataset] loaded 5250 samples, gesture_map={'G01': 0, 'G02': 1, 'G03': 2, 'G04': 3, 'G05': 4, 'G06': 5}
Train set size: 5250 samples, 165 batches
Test set size:  1500 samples, 47 batches
Source eval size: 5250 samples

[Direction Sensitivity] Manual weights (dir_w=0.5): {0: 0.0, 1: 0.0, 2: 0.0, 3: 0.0, 4: 0.0, 5: 0.0}

======== ROUND 0 ========  [Ablation: M0]
==== M0 Baseline: CE Only ====
epoch            total_loss       cls_loss        
0                0.6237865090     0.6237865090    
1                1.1636474133     1.1636474133    
2                0.4888982475     0.4888982475    
3                4.1477971077     4.1477971077    
  Source acc: 0.910667  |  Target acc: 0.749333
  Best target acc: 0.749333

======== ROUND 1 ========  [Ablation: M0]
==== M0 Baseline: CE Only ====
epoch            total_loss       cls_loss        
0                0.6201390028     0.6201390028    
1                0.3107826710     0.3107826710    
2                0.0842004120     0.0842004120    
3                1.5861629248     1.5861629248    
  Source acc: 0.896952  |  Target acc: 0.746667
  Best target acc: 0.749333

======== ROUND 2 ========  [Ablation: M0]
==== M0 Baseline: CE Only ====
epoch            total_loss       cls_loss        
0                0.6846097112     0.6846097112    
1                0.2583317757     0.2583317757    
2                0.0863030031     0.0863030031    
3                0.0830298141     0.0830298141    
  Source acc: 0.916381  |  Target acc: 0.817333
  Best target acc: 0.817333

======== ROUND 3 ========  [Ablation: M0]
==== M0 Baseline: CE Only ====
epoch            total_loss       cls_loss        
0                1.4215216637     1.4215216637    
1                0.1974050999     0.1974050999    
2                0.3787862659     0.3787862659    
3                0.1498034745     0.1498034745    
  Source acc: 0.994667  |  Target acc: 0.861333
  Best target acc: 0.861333

======== ROUND 4 ========  [Ablation: M0]
==== M0 Baseline: CE Only ====
epoch            total_loss       cls_loss        
0                6.1642808914     6.1642808914    
1                0.0489828438     0.0489828438    
2                0.0348627307     0.0348627307    
3                0.5659095049     0.5659095049    
  Source acc: 0.992952  |  Target acc: 0.852667
  Best target acc: 0.861333

======== ROUND 5 ========  [Ablation: M0]
==== M0 Baseline: CE Only ====
epoch            total_loss       cls_loss        
0                4.9217634201     4.9217634201    
1                4.5812883377     4.5812883377    
2                0.3734471500     0.3734471500    
3                0.0724062845     0.0724062845    
  Source acc: 0.992952  |  Target acc: 0.874667
  Best target acc: 0.874667

======== ROUND 6 ========  [Ablation: M0]
==== M0 Baseline: CE Only ====
epoch            total_loss       cls_loss        
0                0.0813498572     0.0813498572    
1                0.9015850425     0.9015850425    
2                0.0277508926     0.0277508926    
3                1.6431185007     1.6431185007    
  Source acc: 0.978095  |  Target acc: 0.860000
  Best target acc: 0.874667

======== ROUND 7 ========  [Ablation: M0]
==== M0 Baseline: CE Only ====
epoch            total_loss       cls_loss        
0                0.2072036266     0.2072036266    
1                0.0119178453     0.0119178453    
2                0.2414148003     0.2414148003    
3                5.0374140739     5.0374140739    
  Source acc: 0.986095  |  Target acc: 0.871333
  Best target acc: 0.874667

======== ROUND 8 ========  [Ablation: M0]
==== M0 Baseline: CE Only ====
epoch            total_loss       cls_loss        
0                4.5356416702     4.5356416702    
1                0.2579574287     0.2579574287    
2                0.4051188231     0.4051188231    
3                0.2846438885     0.2846438885    
  Source acc: 0.987619  |  Target acc: 0.830667
  Best target acc: 0.874667

======== ROUND 9 ========  [Ablation: M0]
==== M0 Baseline: CE Only ====
epoch            total_loss       cls_loss        
0                0.5673082471     0.5673082471    
1                0.2271295190     0.2271295190    
2                0.1363848746     0.1363848746    
3                0.2963537872     0.2963537872    
  Source acc: 0.998667  |  Target acc: 0.896667
  Best target acc: 0.896667

======== ROUND 10 ========  [Ablation: M0]
==== M0 Baseline: CE Only ====
epoch            total_loss       cls_loss        
0                0.0669720396     0.0669720396    
1                0.0714244321     0.0714244321    
2                0.1985082179     0.1985082179    
3                4.4919762611     4.4919762611    
  Source acc: 1.000000  |  Target acc: 0.912667
  Best target acc: 0.912667

======== ROUND 11 ========  [Ablation: M0]
==== M0 Baseline: CE Only ====
epoch            total_loss       cls_loss        
0                0.0196218845     0.0196218845    
1                0.0187833458     0.0187833458    
2                5.3122067451     5.3122067451    
3                0.0143600823     0.0143600823    
  Source acc: 1.000000  |  Target acc: 0.914667
  Best target acc: 0.914667

======== ROUND 12 ========  [Ablation: M0]
==== M0 Baseline: CE Only ====
epoch            total_loss       cls_loss        
0                0.5566976070     0.5566976070    
1                0.0125869410     0.0125869410    
2                0.0068612890     0.0068612890    
3                0.0183466282     0.0183466282    
  Source acc: 1.000000  |  Target acc: 0.905333
  Best target acc: 0.914667

======== ROUND 13 ========  [Ablation: M0]
==== M0 Baseline: CE Only ====
epoch            total_loss       cls_loss        
0                0.0099348500     0.0099348500    
1                0.0227446258     0.0227446258    
2                5.0761346817     5.0761346817    
3                6.4204034805     6.4204034805    
  Source acc: 1.000000  |  Target acc: 0.890000
  Best target acc: 0.914667

======== ROUND 14 ========  [Ablation: M0]
==== M0 Baseline: CE Only ====
epoch            total_loss       cls_loss        
0                5.7466068268     5.7466068268    
1                0.0185653698     0.0185653698    
2                0.0179744586     0.0179744586    
3                0.0640758723     0.0640758723    
  Source acc: 1.000000  |  Target acc: 0.900000
  Best target acc: 0.914667

======== ROUND 15 ========  [Ablation: M0]
==== M0 Baseline: CE Only ====
epoch            total_loss       cls_loss        
0                0.2121979892     0.2121979892    
1                0.1833164543     0.1833164543    
2                3.4387044907     3.4387044907    
3                0.3984114230     0.3984114230    
  Source acc: 1.000000  |  Target acc: 0.903333
  Best target acc: 0.914667

======== ROUND 16 ========  [Ablation: M0]
==== M0 Baseline: CE Only ====
epoch            total_loss       cls_loss        
0                0.1116712391     0.1116712391    
1                8.3011045456     8.3011045456    
2                0.0097569656     0.0097569656    
3                5.7801771164     5.7801771164    
  Source acc: 1.000000  |  Target acc: 0.914667
  Best target acc: 0.914667

======== ROUND 17 ========  [Ablation: M0]
==== M0 Baseline: CE Only ====
epoch            total_loss       cls_loss        
0                0.0884882957     0.0884882957    
1                0.0426867343     0.0426867343    
2                0.0292840172     0.0292840172    
3                0.0115254559     0.0115254559    
  Source acc: 1.000000  |  Target acc: 0.905333
  Best target acc: 0.914667

======== ROUND 18 ========  [Ablation: M0]
==== M0 Baseline: CE Only ====
epoch            total_loss       cls_loss        
0                5.7890248299     5.7890248299    
1                6.6853752136     6.6853752136    
2                0.1069675535     0.1069675535    
3                0.2148530483     0.2148530483    
  Source acc: 1.000000  |  Target acc: 0.887333
  Best target acc: 0.914667

======== ROUND 19 ========  [Ablation: M0]
==== M0 Baseline: CE Only ====
epoch            total_loss       cls_loss        
0                0.0323282890     0.0323282890    
1                0.1063899174     0.1063899174    
2                0.0075851278     0.0075851278    
3                0.0184665564     0.0184665564    
  Source acc: 1.000000  |  Target acc: 0.911333
  Best target acc: 0.914667

======== ROUND 20 ========  [Ablation: M0]
==== M0 Baseline: CE Only ====
epoch            total_loss       cls_loss        
0                5.6863288879     5.6863288879    
1                0.4552359879     0.4552359879    
2                0.2263010144     0.2263010144    
3                5.5494256020     5.5494256020    
  Source acc: 1.000000  |  Target acc: 0.916000
  Best target acc: 0.916000

======== ROUND 21 ========  [Ablation: M0]
==== M0 Baseline: CE Only ====
epoch            total_loss       cls_loss        
0                0.0360638872     0.0360638872    
1                0.0060491380     0.0060491380    
2                0.1629862338     0.1629862338    
3                0.0318416394     0.0318416394    
  Source acc: 1.000000  |  Target acc: 0.916000
  Best target acc: 0.916000

======== ROUND 22 ========  [Ablation: M0]
==== M0 Baseline: CE Only ====
epoch            total_loss       cls_loss        
0                0.0052475869     0.0052475869    
1                0.2056908756     0.2056908756    
2                0.0055671828     0.0055671828    
3                0.0796062946     0.0796062946    
  Source acc: 1.000000  |  Target acc: 0.910667
  Best target acc: 0.916000

======== ROUND 23 ========  [Ablation: M0]
==== M0 Baseline: CE Only ====
epoch            total_loss       cls_loss        
0                0.0273652207     0.0273652207    
1                0.0261716656     0.0261716656    
2                0.0319733843     0.0319733843    
3                0.0062107691     0.0062107691    
  Source acc: 1.000000  |  Target acc: 0.913333
  Best target acc: 0.916000

======== ROUND 24 ========  [Ablation: M0]
==== M0 Baseline: CE Only ====
epoch            total_loss       cls_loss        
0                0.0949015319     0.0949015319    
1                5.7490396500     5.7490396500    
2                0.6510879397     0.6510879397    
3                0.0370386504     0.0370386504    
  Source acc: 1.000000  |  Target acc: 0.914667
  Best target acc: 0.916000

======== ROUND 25 ========  [Ablation: M0]
==== M0 Baseline: CE Only ====
epoch            total_loss       cls_loss        
0                0.0245159771     0.0245159771    
1                5.0473370552     5.0473370552    
2                0.2123850137     0.2123850137    
3                6.8871002197     6.8871002197    
  Source acc: 1.000000  |  Target acc: 0.912667
  Best target acc: 0.916000

======== ROUND 26 ========  [Ablation: M0]
==== M0 Baseline: CE Only ====
epoch            total_loss       cls_loss        
0                0.2521117330     0.2521117330    
1                5.4831709862     5.4831709862    
2                0.1122969612     0.1122969612    
3                0.1070438325     0.1070438325    
  Source acc: 1.000000  |  Target acc: 0.910667
  Best target acc: 0.916000

======== ROUND 27 ========  [Ablation: M0]
==== M0 Baseline: CE Only ====
epoch            total_loss       cls_loss        
0                5.4581499100     5.4581499100    
1                0.3063799143     0.3063799143    
2                0.0468751341     0.0468751341    
3                4.7645540237     4.7645540237    
  Source acc: 1.000000  |  Target acc: 0.906667
  Best target acc: 0.916000

======== ROUND 28 ========  [Ablation: M0]
==== M0 Baseline: CE Only ====
epoch            total_loss       cls_loss        
0                0.0640678555     0.0640678555    
1                0.1274724752     0.1274724752    
2                0.0084677711     0.0084677711    
3                0.0131233707     0.0131233707    
  Source acc: 1.000000  |  Target acc: 0.912000
  Best target acc: 0.916000

======== ROUND 29 ========  [Ablation: M0]
==== M0 Baseline: CE Only ====
epoch            total_loss       cls_loss        
0                6.7441434860     6.7441434860    
1                0.0142442537     0.0142442537    
2                0.0548105277     0.0548105277    
3                0.1389548928     0.1389548928    
  Source acc: 1.000000  |  Target acc: 0.912000
  Best target acc: 0.916000

======== ROUND 30 ========  [Ablation: M0]
==== M0 Baseline: CE Only ====
epoch            total_loss       cls_loss        
0                0.0392458402     0.0392458402    
1                0.0521461852     0.0521461852    
2                0.1639354080     0.1639354080    
3                0.0053964672     0.0053964672    
  Source acc: 1.000000  |  Target acc: 0.918000
  Best target acc: 0.918000

======== ROUND 31 ========  [Ablation: M0]
==== M0 Baseline: CE Only ====
epoch            total_loss       cls_loss        
0                0.0531236157     0.0531236157    
1                0.0084439078     0.0084439078    
2                0.0137490239     0.0137490239    
3                0.1554200649     0.1554200649    
  Source acc: 1.000000  |  Target acc: 0.911333
  Best target acc: 0.918000

======== ROUND 32 ========  [Ablation: M0]
==== M0 Baseline: CE Only ====
epoch            total_loss       cls_loss        
0                6.5253186226     6.5253186226    
1                0.0153465057     0.0153465057    
2                0.0741723329     0.0741723329    
3                0.0178949740     0.0178949740    
  Source acc: 1.000000  |  Target acc: 0.910000
  Best target acc: 0.918000

======== ROUND 33 ========  [Ablation: M0]
==== M0 Baseline: CE Only ====
epoch            total_loss       cls_loss        
0                0.0267072730     0.0267072730    
1                0.4312661886     0.4312661886    
2                0.0069344300     0.0069344300    
3                0.1621256471     0.1621256471    
  Source acc: 1.000000  |  Target acc: 0.904667
  Best target acc: 0.918000

======== ROUND 34 ========  [Ablation: M0]
==== M0 Baseline: CE Only ====
epoch            total_loss       cls_loss        
0                5.1343464851     5.1343464851    
1                0.0236549564     0.0236549564    
2                0.0923415199     0.0923415199    
3                0.0427373275     0.0427373275    
  Source acc: 1.000000  |  Target acc: 0.906000
  Best target acc: 0.918000

======== ROUND 35 ========  [Ablation: M0]
==== M0 Baseline: CE Only ====
epoch            total_loss       cls_loss        
0                0.0143272402     0.0143272402    
1                6.5425376892     6.5425376892    
2                0.2561765313     0.2561765313    
3                0.2764775157     0.2764775157    
  Source acc: 1.000000  |  Target acc: 0.910667
  Best target acc: 0.918000

======== ROUND 36 ========  [Ablation: M0]
==== M0 Baseline: CE Only ====
epoch            total_loss       cls_loss        
0                0.8354121447     0.8354121447    
1                0.1582347155     0.1582347155    
2                0.0037254994     0.0037254994    
3                0.1263060868     0.1263060868    
  Source acc: 1.000000  |  Target acc: 0.908000
  Best target acc: 0.918000

======== ROUND 37 ========  [Ablation: M0]
==== M0 Baseline: CE Only ====
epoch            total_loss       cls_loss        
0                0.0196177252     0.0196177252    
1                0.0323865488     0.0323865488    
2                5.4690151215     5.4690151215    
3                0.1123163030     0.1123163030    
  Source acc: 1.000000  |  Target acc: 0.917333
  Best target acc: 0.918000

======== ROUND 38 ========  [Ablation: M0]
==== M0 Baseline: CE Only ====
epoch            total_loss       cls_loss        
0                0.2289274484     0.2289274484    
1                0.0041858801     0.0041858801    
2                0.0212839674     0.0212839674    
3                0.0991558358     0.0991558358    
  Source acc: 1.000000  |  Target acc: 0.916000
  Best target acc: 0.918000

======== ROUND 39 ========  [Ablation: M0]
==== M0 Baseline: CE Only ====
epoch            total_loss       cls_loss        
0                0.6168000698     0.6168000698    
1                4.6785163879     4.6785163879    
2                0.0142608378     0.0142608378    
3                0.1364601403     0.1364601403    
  Source acc: 1.000000  |  Target acc: 0.918000
  Best target acc: 0.918000

======== ROUND 40 ========  [Ablation: M0]
==== M0 Baseline: CE Only ====
epoch            total_loss       cls_loss        
0                6.8021068573     6.8021068573    
1                0.0089185648     0.0089185648    
2                5.6015396118     5.6015396118    
3                5.7459473610     5.7459473610    
  Source acc: 1.000000  |  Target acc: 0.915333
  Best target acc: 0.918000

======== ROUND 41 ========  [Ablation: M0]
==== M0 Baseline: CE Only ====
epoch            total_loss       cls_loss        
0                0.0568230115     0.0568230115    
1                0.1059952304     0.1059952304    
2                0.2489079088     0.2489079088    
3                0.0167265255     0.0167265255    
  Source acc: 1.000000  |  Target acc: 0.906000
  Best target acc: 0.918000

======== ROUND 42 ========  [Ablation: M0]
==== M0 Baseline: CE Only ====
epoch            total_loss       cls_loss        
0                0.2317014933     0.2317014933    
1                0.0136795416     0.0136795416    
2                0.0426964909     0.0426964909    
3                0.2737276256     0.2737276256    
  Source acc: 1.000000  |  Target acc: 0.907333
  Best target acc: 0.918000

======== ROUND 43 ========  [Ablation: M0]
==== M0 Baseline: CE Only ====
epoch            total_loss       cls_loss        
0                0.0893007368     0.0893007368    
1                0.1166469231     0.1166469231    
2                0.0063367444     0.0063367444    
3                4.6427564621     4.6427564621    
  Source acc: 1.000000  |  Target acc: 0.902000
  Best target acc: 0.918000

======== ROUND 44 ========  [Ablation: M0]
==== M0 Baseline: CE Only ====
epoch            total_loss       cls_loss        
0                0.8565388918     0.8565388918    
1                5.0593357086     5.0593357086    
2                0.0333836004     0.0333836004    
3                0.0487626791     0.0487626791    
  Source acc: 1.000000  |  Target acc: 0.910667
  Best target acc: 0.918000

======== ROUND 45 ========  [Ablation: M0]
==== M0 Baseline: CE Only ====
epoch            total_loss       cls_loss        
0                0.1672428846     0.1672428846    
1                0.0276291296     0.0276291296    
2                0.1764531583     0.1764531583    
3                0.2398047149     0.2398047149    
  Source acc: 1.000000  |  Target acc: 0.909333
  Best target acc: 0.918000

======== ROUND 46 ========  [Ablation: M0]
==== M0 Baseline: CE Only ====
epoch            total_loss       cls_loss        
0                0.1786128432     0.1786128432    
1                0.0313509852     0.0313509852    
2                0.0839280710     0.0839280710    
3                0.0105936360     0.0105936360    
  Source acc: 1.000000  |  Target acc: 0.919333
  Best target acc: 0.919333

======== ROUND 47 ========  [Ablation: M0]
==== M0 Baseline: CE Only ====
epoch            total_loss       cls_loss        
0                0.0788746774     0.0788746774    
1                0.0664557517     0.0664557517    
2                0.3249335587     0.3249335587    
3                5.4147477150     5.4147477150    
  Source acc: 1.000000  |  Target acc: 0.911333
  Best target acc: 0.919333

======== ROUND 48 ========  [Ablation: M0]
==== M0 Baseline: CE Only ====
epoch            total_loss       cls_loss        
0                0.1137025654     0.1137025654    
1                0.0341315456     0.0341315456    
2                0.0129401982     0.0129401982    
3                0.1241698936     0.1241698936    
  Source acc: 1.000000  |  Target acc: 0.915333
  Best target acc: 0.919333

======== ROUND 49 ========  [Ablation: M0]
==== M0 Baseline: CE Only ====
epoch            total_loss       cls_loss        
0                0.0388200618     0.0388200618    
1                0.0984766558     0.0984766558    
2                4.7190275192     4.7190275192    
3                5.5408649445     5.5408649445    
  Source acc: 1.000000  |  Target acc: 0.912000
  Best target acc: 0.919333
[ConfMatrix] saved to log/abl_widar1ap_cross_user_M0_s3 (cm shape=(6, 6))

Results saved to log/abl_widar1ap_cross_user_M0_s3
acc.txt: log/abl_widar1ap_cross_user_M0_s3/acc.txt
bestacc.txt: log/abl_widar1ap_cross_user_M0_s3/bestacc.txt
