[Seed] global random seed set to 2

[Ablation Mode] M0
[XRF55Dataset] loaded 3840 samples from 1 dirs
[XRF55Dataset] loaded 960 samples from 1 dirs
[XRF55Dataset] loaded 3840 samples from 1 dirs
Train set size: 3840 samples, 120 batches
Test set size:  960 samples, 30 batches
Source eval size: 3840 samples

[Direction Sensitivity] Manual weights (dir_w=0.5): {0: 0.0, 1: 0.5, 2: 0.5, 3: 0.5, 4: 0.5, 5: 0.5, 6: 0.5, 7: 0.5}

======== ROUND 0 ========  [Ablation: M0]
==== M0 Baseline: CE Only ====
epoch            total_loss       cls_loss        
0                1.2673237324     1.2673237324    
1                1.0982713699     1.0982713699    
2                0.7379986048     0.7379986048    
3                0.4318268895     0.4318268895    
  Source acc: 0.801302  |  Target acc: 0.477083
  Best target acc: 0.477083

======== ROUND 1 ========  [Ablation: M0]
==== M0 Baseline: CE Only ====
epoch            total_loss       cls_loss        
0                0.2463206798     0.2463206798    
1                0.4986520410     0.4986520410    
2                0.2864218056     0.2864218056    
3                0.2203541100     0.2203541100    
  Source acc: 0.947135  |  Target acc: 0.555208
  Best target acc: 0.555208

======== ROUND 2 ========  [Ablation: M0]
==== M0 Baseline: CE Only ====
epoch            total_loss       cls_loss        
0                0.4596647620     0.4596647620    
1                0.1922052652     0.1922052652    
2                0.2604371905     0.2604371905    
3                0.1073886678     0.1073886678    
  Source acc: 0.983333  |  Target acc: 0.544792
  Best target acc: 0.555208

======== ROUND 3 ========  [Ablation: M0]
==== M0 Baseline: CE Only ====
epoch            total_loss       cls_loss        
0                0.4889390469     0.4889390469    
1                0.2684315443     0.2684315443    
2                0.1097880378     0.1097880378    
3                0.2945719659     0.2945719659    
  Source acc: 0.986458  |  Target acc: 0.523958
  Best target acc: 0.555208

======== ROUND 4 ========  [Ablation: M0]
==== M0 Baseline: CE Only ====
epoch            total_loss       cls_loss        
0                0.0442472175     0.0442472175    
1                0.0756479055     0.0756479055    
2                0.0898627862     0.0898627862    
3                0.1665745527     0.1665745527    
  Source acc: 0.987760  |  Target acc: 0.494792
  Best target acc: 0.555208

======== ROUND 5 ========  [Ablation: M0]
==== M0 Baseline: CE Only ====
epoch            total_loss       cls_loss        
0                0.0751090944     0.0751090944    
1                0.0582227632     0.0582227632    
2                0.0384682715     0.0384682715    
3                0.0750094578     0.0750094578    
  Source acc: 0.994531  |  Target acc: 0.577083
  Best target acc: 0.577083

======== ROUND 6 ========  [Ablation: M0]
==== M0 Baseline: CE Only ====
epoch            total_loss       cls_loss        
0                0.0530253835     0.0530253835    
1                0.0905731991     0.0905731991    
2                0.0990549922     0.0990549922    
3                0.2772295475     0.2772295475    
  Source acc: 0.991667  |  Target acc: 0.535417
  Best target acc: 0.577083

======== ROUND 7 ========  [Ablation: M0]
==== M0 Baseline: CE Only ====
epoch            total_loss       cls_loss        
0                0.0643535554     0.0643535554    
1                0.1532062590     0.1532062590    
2                0.0221838746     0.0221838746    
3                0.1067553610     0.1067553610    
  Source acc: 0.990365  |  Target acc: 0.547917
  Best target acc: 0.577083

======== ROUND 8 ========  [Ablation: M0]
==== M0 Baseline: CE Only ====
epoch            total_loss       cls_loss        
0                0.0523223504     0.0523223504    
1                0.0371782109     0.0371782109    
2                0.0999376774     0.0999376774    
3                0.0579452813     0.0579452813    
  Source acc: 0.991146  |  Target acc: 0.535417
  Best target acc: 0.577083

======== ROUND 9 ========  [Ablation: M0]
==== M0 Baseline: CE Only ====
epoch            total_loss       cls_loss        
0                0.0374194197     0.0374194197    
1                0.1010630429     0.1010630429    
2                0.0528146289     0.0528146289    
3                0.0197523683     0.0197523683    
  Source acc: 0.992708  |  Target acc: 0.514583
  Best target acc: 0.577083

======== ROUND 10 ========  [Ablation: M0]
==== M0 Baseline: CE Only ====
epoch            total_loss       cls_loss        
0                0.2049830556     0.2049830556    
1                0.0671698973     0.0671698973    
2                0.1396200657     0.1396200657    
3                0.0106845060     0.0106845060    
  Source acc: 1.000000  |  Target acc: 0.577083
  Best target acc: 0.577083

======== ROUND 11 ========  [Ablation: M0]
==== M0 Baseline: CE Only ====
epoch            total_loss       cls_loss        
0                0.0064769611     0.0064769611    
1                0.0379593000     0.0379593000    
2                0.0071620587     0.0071620587    
3                0.0083504049     0.0083504049    
  Source acc: 1.000000  |  Target acc: 0.585417
  Best target acc: 0.585417

======== ROUND 12 ========  [Ablation: M0]
==== M0 Baseline: CE Only ====
epoch            total_loss       cls_loss        
0                0.0054935878     0.0054935878    
1                0.0034405268     0.0034405268    
2                0.0148056298     0.0148056298    
3                0.0027489066     0.0027489066    
  Source acc: 1.000000  |  Target acc: 0.590625
  Best target acc: 0.590625

======== ROUND 13 ========  [Ablation: M0]
==== M0 Baseline: CE Only ====
epoch            total_loss       cls_loss        
0                0.0374976173     0.0374976173    
1                0.0115456674     0.0115456674    
2                0.0166462753     0.0166462753    
3                0.0082229795     0.0082229795    
  Source acc: 1.000000  |  Target acc: 0.607292
  Best target acc: 0.607292

======== ROUND 14 ========  [Ablation: M0]
==== M0 Baseline: CE Only ====
epoch            total_loss       cls_loss        
0                0.0078452118     0.0078452118    
1                0.0036473717     0.0036473717    
2                0.0014299542     0.0014299542    
3                0.0127991382     0.0127991382    
  Source acc: 1.000000  |  Target acc: 0.596875
  Best target acc: 0.607292

======== ROUND 15 ========  [Ablation: M0]
==== M0 Baseline: CE Only ====
epoch            total_loss       cls_loss        
0                0.0038671850     0.0038671850    
1                0.0328143090     0.0328143090    
2                0.0145203695     0.0145203695    
3                0.2272092253     0.2272092253    
  Source acc: 1.000000  |  Target acc: 0.600000
  Best target acc: 0.607292

======== ROUND 16 ========  [Ablation: M0]
==== M0 Baseline: CE Only ====
epoch            total_loss       cls_loss        
0                0.0075999545     0.0075999545    
1                0.0034828323     0.0034828323    
2                0.0019711959     0.0019711959    
3                0.0022028766     0.0022028766    
  Source acc: 1.000000  |  Target acc: 0.587500
  Best target acc: 0.607292

======== ROUND 17 ========  [Ablation: M0]
==== M0 Baseline: CE Only ====
epoch            total_loss       cls_loss        
0                0.0045466488     0.0045466488    
1                0.0016252941     0.0016252941    
2                0.0049854871     0.0049854871    
3                0.0134239802     0.0134239802    
  Source acc: 1.000000  |  Target acc: 0.600000
  Best target acc: 0.607292

======== ROUND 18 ========  [Ablation: M0]
==== M0 Baseline: CE Only ====
epoch            total_loss       cls_loss        
0                0.0206847861     0.0206847861    
1                0.0323133729     0.0323133729    
2                0.0012381362     0.0012381362    
3                0.0029284887     0.0029284887    
  Source acc: 1.000000  |  Target acc: 0.590625
  Best target acc: 0.607292

======== ROUND 19 ========  [Ablation: M0]
==== M0 Baseline: CE Only ====
epoch            total_loss       cls_loss        
0                0.0019638792     0.0019638792    
1                0.0024593654     0.0024593654    
2                0.0029832008     0.0029832008    
3                0.0026154534     0.0026154534    
  Source acc: 1.000000  |  Target acc: 0.606250
  Best target acc: 0.607292

======== ROUND 20 ========  [Ablation: M0]
==== M0 Baseline: CE Only ====
epoch            total_loss       cls_loss        
0                0.0051353490     0.0051353490    
1                0.0179102439     0.0179102439    
2                0.0014232176     0.0014232176    
3                0.0081882998     0.0081882998    
  Source acc: 1.000000  |  Target acc: 0.611458
  Best target acc: 0.611458

======== ROUND 21 ========  [Ablation: M0]
==== M0 Baseline: CE Only ====
epoch            total_loss       cls_loss        
0                0.0017799232     0.0017799232    
1                0.0016701444     0.0016701444    
2                0.0008750250     0.0008750250    
3                0.0019546759     0.0019546759    
  Source acc: 1.000000  |  Target acc: 0.612500
  Best target acc: 0.612500

======== ROUND 22 ========  [Ablation: M0]
==== M0 Baseline: CE Only ====
epoch            total_loss       cls_loss        
0                0.0007543121     0.0007543121    
1                0.0116863912     0.0116863912    
2                0.0598682910     0.0598682910    
3                0.0018609733     0.0018609733    
  Source acc: 1.000000  |  Target acc: 0.612500
  Best target acc: 0.612500

======== ROUND 23 ========  [Ablation: M0]
==== M0 Baseline: CE Only ====
epoch            total_loss       cls_loss        
0                0.0007029035     0.0007029035    
1                0.0150803719     0.0150803719    
2                0.0004510988     0.0004510988    
3                0.0017480615     0.0017480615    
  Source acc: 1.000000  |  Target acc: 0.618750
  Best target acc: 0.618750

======== ROUND 24 ========  [Ablation: M0]
==== M0 Baseline: CE Only ====
epoch            total_loss       cls_loss        
0                0.0007424731     0.0007424731    
1                0.0003217832     0.0003217832    
2                0.0109185502     0.0109185502    
3                0.0059592347     0.0059592347    
  Source acc: 1.000000  |  Target acc: 0.616667
  Best target acc: 0.618750

======== ROUND 25 ========  [Ablation: M0]
==== M0 Baseline: CE Only ====
epoch            total_loss       cls_loss        
0                0.0131310821     0.0131310821    
1                0.0023001889     0.0023001889    
2                0.0081496127     0.0081496127    
3                0.0021501225     0.0021501225    
  Source acc: 1.000000  |  Target acc: 0.611458
  Best target acc: 0.618750

======== ROUND 26 ========  [Ablation: M0]
==== M0 Baseline: CE Only ====
epoch            total_loss       cls_loss        
0                0.0004811117     0.0004811117    
1                0.0006450719     0.0006450719    
2                0.0006239006     0.0006239006    
3                0.0028116321     0.0028116321    
  Source acc: 1.000000  |  Target acc: 0.609375
  Best target acc: 0.618750

======== ROUND 27 ========  [Ablation: M0]
==== M0 Baseline: CE Only ====
epoch            total_loss       cls_loss        
0                0.0103575252     0.0103575252    
1                0.0008121695     0.0008121695    
2                0.0011751270     0.0011751270    
3                0.0017211285     0.0017211285    
  Source acc: 1.000000  |  Target acc: 0.610417
  Best target acc: 0.618750

======== ROUND 28 ========  [Ablation: M0]
==== M0 Baseline: CE Only ====
epoch            total_loss       cls_loss        
0                0.0027114477     0.0027114477    
1                0.0008854644     0.0008854644    
2                0.0020252434     0.0020252434    
3                0.0003694170     0.0003694170    
  Source acc: 1.000000  |  Target acc: 0.615625
  Best target acc: 0.618750

======== ROUND 29 ========  [Ablation: M0]
==== M0 Baseline: CE Only ====
epoch            total_loss       cls_loss        
0                0.0048301909     0.0048301909    
1                0.0017759203     0.0017759203    
2                0.0017382470     0.0017382470    
3                0.0039088149     0.0039088149    
  Source acc: 1.000000  |  Target acc: 0.609375
  Best target acc: 0.618750

======== ROUND 30 ========  [Ablation: M0]
==== M0 Baseline: CE Only ====
epoch            total_loss       cls_loss        
0                0.0008163143     0.0008163143    
1                0.0092809889     0.0092809889    
2                0.0016079380     0.0016079380    
3                0.0416221023     0.0416221023    
  Source acc: 1.000000  |  Target acc: 0.604167
  Best target acc: 0.618750

======== ROUND 31 ========  [Ablation: M0]
==== M0 Baseline: CE Only ====
epoch            total_loss       cls_loss        
0                0.0019352176     0.0019352176    
1                0.0005462009     0.0005462009    
2                0.0004432845     0.0004432845    
3                0.0006561576     0.0006561576    
  Source acc: 1.000000  |  Target acc: 0.608333
  Best target acc: 0.618750

======== ROUND 32 ========  [Ablation: M0]
==== M0 Baseline: CE Only ====
epoch            total_loss       cls_loss        
0                0.0006224808     0.0006224808    
1                0.0004223043     0.0004223043    
2                0.0016987051     0.0016987051    
3                0.0022852430     0.0022852430    
  Source acc: 1.000000  |  Target acc: 0.603125
  Best target acc: 0.618750

======== ROUND 33 ========  [Ablation: M0]
==== M0 Baseline: CE Only ====
epoch            total_loss       cls_loss        
0                0.0005113497     0.0005113497    
1                0.0065054810     0.0065054810    
2                0.0014625234     0.0014625234    
3                0.0015202253     0.0015202253    
  Source acc: 1.000000  |  Target acc: 0.617708
  Best target acc: 0.618750

======== ROUND 34 ========  [Ablation: M0]
==== M0 Baseline: CE Only ====
epoch            total_loss       cls_loss        
0                0.0040539345     0.0040539345    
1                0.0003157931     0.0003157931    
2                0.0104829632     0.0104829632    
3                0.0131693082     0.0131693082    
  Source acc: 1.000000  |  Target acc: 0.614583
  Best target acc: 0.618750

======== ROUND 35 ========  [Ablation: M0]
==== M0 Baseline: CE Only ====
epoch            total_loss       cls_loss        
0                0.0002276003     0.0002276003    
1                0.0030785529     0.0030785529    
2                0.0102322511     0.0102322511    
3                0.0038002650     0.0038002650    
  Source acc: 1.000000  |  Target acc: 0.616667
  Best target acc: 0.618750

======== ROUND 36 ========  [Ablation: M0]
==== M0 Baseline: CE Only ====
epoch            total_loss       cls_loss        
0                0.0036258006     0.0036258006    
1                0.0018737733     0.0018737733    
2                0.0013598329     0.0013598329    
3                0.0005392689     0.0005392689    
  Source acc: 1.000000  |  Target acc: 0.605208
  Best target acc: 0.618750

======== ROUND 37 ========  [Ablation: M0]
==== M0 Baseline: CE Only ====
epoch            total_loss       cls_loss        
0                0.0030272391     0.0030272391    
1                0.0008936553     0.0008936553    
2                0.0231637936     0.0231637936    
3                0.0098321997     0.0098321997    
  Source acc: 1.000000  |  Target acc: 0.598958
  Best target acc: 0.618750

======== ROUND 38 ========  [Ablation: M0]
==== M0 Baseline: CE Only ====
epoch            total_loss       cls_loss        
0                0.0009006075     0.0009006075    
1                0.0002889014     0.0002889014    
2                0.0065045469     0.0065045469    
3                0.0009398573     0.0009398573    
  Source acc: 1.000000  |  Target acc: 0.601042
  Best target acc: 0.618750

======== ROUND 39 ========  [Ablation: M0]
==== M0 Baseline: CE Only ====
epoch            total_loss       cls_loss        
0                0.0011719662     0.0011719662    
1                0.0018320261     0.0018320261    
2                0.0005620330     0.0005620330    
3                0.0013329607     0.0013329607    
  Source acc: 1.000000  |  Target acc: 0.612500
  Best target acc: 0.618750

======== ROUND 40 ========  [Ablation: M0]
==== M0 Baseline: CE Only ====
epoch            total_loss       cls_loss        
0                0.0016222983     0.0016222983    
1                0.0004220040     0.0004220040    
2                0.0022777144     0.0022777144    
3                0.0009063187     0.0009063187    
  Source acc: 1.000000  |  Target acc: 0.615625
  Best target acc: 0.618750

======== ROUND 41 ========  [Ablation: M0]
==== M0 Baseline: CE Only ====
epoch            total_loss       cls_loss        
0                0.0004786465     0.0004786465    
1                0.0022823578     0.0022823578    
2                0.0005522090     0.0005522090    
3                0.0027399776     0.0027399776    
  Source acc: 1.000000  |  Target acc: 0.611458
  Best target acc: 0.618750

======== ROUND 42 ========  [Ablation: M0]
==== M0 Baseline: CE Only ====
epoch            total_loss       cls_loss        
0                0.0029873850     0.0029873850    
1                0.0227603130     0.0227603130    
2                0.0015812125     0.0015812125    
3                0.0009013904     0.0009013904    
  Source acc: 1.000000  |  Target acc: 0.608333
  Best target acc: 0.618750

======== ROUND 43 ========  [Ablation: M0]
==== M0 Baseline: CE Only ====
epoch            total_loss       cls_loss        
0                0.0334681794     0.0334681794    
1                0.0006445340     0.0006445340    
2                0.0012324888     0.0012324888    
3                0.0021738682     0.0021738682    
  Source acc: 1.000000  |  Target acc: 0.618750
  Best target acc: 0.618750

======== ROUND 44 ========  [Ablation: M0]
==== M0 Baseline: CE Only ====
epoch            total_loss       cls_loss        
0                0.0007556864     0.0007556864    
1                0.0035330739     0.0035330739    
2                0.0356075205     0.0356075205    
3                0.0004154032     0.0004154032    
  Source acc: 1.000000  |  Target acc: 0.617708
  Best target acc: 0.618750

======== ROUND 45 ========  [Ablation: M0]
==== M0 Baseline: CE Only ====
epoch            total_loss       cls_loss        
0                0.0332900845     0.0332900845    
1                0.0005166519     0.0005166519    
2                0.0041009593     0.0041009593    
3                0.0005572392     0.0005572392    
  Source acc: 1.000000  |  Target acc: 0.619792
  Best target acc: 0.619792

======== ROUND 46 ========  [Ablation: M0]
==== M0 Baseline: CE Only ====
epoch            total_loss       cls_loss        
0                0.0005860666     0.0005860666    
1                0.0026141505     0.0026141505    
2                0.0015086962     0.0015086962    
3                0.0018347702     0.0018347702    
  Source acc: 1.000000  |  Target acc: 0.616667
  Best target acc: 0.619792

======== ROUND 47 ========  [Ablation: M0]
==== M0 Baseline: CE Only ====
epoch            total_loss       cls_loss        
0                0.0098505979     0.0098505979    
1                0.0010367285     0.0010367285    
2                0.0039413497     0.0039413497    
3                0.0004501708     0.0004501708    
  Source acc: 1.000000  |  Target acc: 0.619792
  Best target acc: 0.619792

======== ROUND 48 ========  [Ablation: M0]
==== M0 Baseline: CE Only ====
epoch            total_loss       cls_loss        
0                0.0002288151     0.0002288151    
1                0.0013246839     0.0013246839    
2                0.0002950681     0.0002950681    
3                0.0017061356     0.0017061356    
  Source acc: 1.000000  |  Target acc: 0.623958
  Best target acc: 0.623958

======== ROUND 49 ========  [Ablation: M0]
==== M0 Baseline: CE Only ====
epoch            total_loss       cls_loss        
0                0.0030109473     0.0030109473    
1                0.0008479765     0.0008479765    
2                0.0063718427     0.0063718427    
3                0.0007114235     0.0007114235    
  Source acc: 1.000000  |  Target acc: 0.619792
  Best target acc: 0.623958
[ConfMatrix] saved to log/abl_xrf_cross_user_M0_s2 (cm shape=(8, 8))

Results saved to log/abl_xrf_cross_user_M0_s2
acc.txt: log/abl_xrf_cross_user_M0_s2/acc.txt
bestacc.txt: log/abl_xrf_cross_user_M0_s2/bestacc.txt
