[Seed] global random seed set to 3

[Ablation Mode] M2
[XRF55Dataset] loaded 3840 samples from 1 dirs
[XRF55Dataset] loaded 960 samples from 1 dirs
[XRF55Dataset] loaded 3840 samples from 1 dirs
Train set size: 3840 samples, 120 batches
Test set size:  960 samples, 30 batches
Source eval size: 3840 samples

[Direction Sensitivity] Manual weights (dir_w=0.5): {0: 0.0, 1: 0.5, 2: 0.5, 3: 0.5, 4: 0.5, 5: 0.5, 6: 0.5, 7: 0.5}

======== ROUND 0 ========  [Ablation: M2]
==== Stage 1: SupCon Pre-training ====
epoch            total_loss       cls_loss         supcon_loss     
0                5.0624599457     1.8589051962     6.4071092606    
1                4.1800312996     1.1524318457     6.0551986694    
==== Stage 2: SKIPPED (M2 ablation) ====
  Random domain assignment: Counter({0: 1299, 2: 1286, 1: 1255})
==== Stage 3: Domain-invariant + HardNCE ====
epoch            total_loss       cls_loss         dis_loss         hard_loss       
0                2.3303639889     0.9664349556     1.1235076189     0.8014053702    
  Source acc: 0.790104  |  Target acc: 0.540625
  Best target acc: 0.540625

======== ROUND 1 ========  [Ablation: M2]
==== Stage 1: SupCon Pre-training ====
epoch            total_loss       cls_loss         supcon_loss     
0                3.3000664711     0.5500770807     5.4999790192    
1                3.5581648350     0.5581486225     6.0000324249    
==== Stage 2: SKIPPED (M2 ablation) ====
  Random domain assignment: Counter({0: 1291, 1: 1281, 2: 1268})
==== Stage 3: Domain-invariant + HardNCE ====
epoch            total_loss       cls_loss         dis_loss         hard_loss       
0                1.7963585854     0.4566920698     1.1015396118     0.7937562466    
  Source acc: 0.907292  |  Target acc: 0.501042
  Best target acc: 0.540625

======== ROUND 2 ========  [Ablation: M2]
==== Stage 1: SupCon Pre-training ====
epoch            total_loss       cls_loss         supcon_loss     
0                3.0776412487     0.3505907059     5.4541010857    
1                3.0773503780     0.3424626291     5.4697756767    
==== Stage 2: SKIPPED (M2 ablation) ====
  Random domain assignment: Counter({2: 1291, 0: 1280, 1: 1269})
==== Stage 3: Domain-invariant + HardNCE ====
epoch            total_loss       cls_loss         dis_loss         hard_loss       
0                1.5476630926     0.2897874415     1.0378081799     0.7335584760    
  Source acc: 0.967708  |  Target acc: 0.571875
  Best target acc: 0.571875

======== ROUND 3 ========  [Ablation: M2]
==== Stage 1: SupCon Pre-training ====
epoch            total_loss       cls_loss        
0                0.3527388275     0.3527388275    
1                0.1619494855     0.1619494855    
==== Stage 2: SKIPPED (M2 ablation) ====
  Random domain assignment: Counter({0: 1292, 1: 1291, 2: 1257})
==== Stage 3: Domain-invariant + HardNCE ====
epoch            total_loss       cls_loss         dis_loss         hard_loss       
0                1.6126689911     0.2953716815     1.0899364948     0.7578693628    
  Source acc: 0.966667  |  Target acc: 0.506250
  Best target acc: 0.571875

======== ROUND 4 ========  [Ablation: M2]
==== Stage 1: SupCon Pre-training ====
epoch            total_loss       cls_loss        
0                0.1757359356     0.1757359356    
1                0.0691283867     0.0691283867    
==== Stage 2: SKIPPED (M2 ablation) ====
  Random domain assignment: Counter({1: 1291, 0: 1280, 2: 1269})
==== Stage 3: Domain-invariant + HardNCE ====
epoch            total_loss       cls_loss         dis_loss         hard_loss       
0                1.6217006445     0.3410578966     1.0629550219     0.7256258726    
  Source acc: 0.983333  |  Target acc: 0.558333
  Best target acc: 0.571875

======== ROUND 5 ========  [Ablation: M2]
==== Stage 1: SupCon Pre-training ====
epoch            total_loss       cls_loss        
0                0.4007474184     0.4007474184    
1                0.0768111572     0.0768111572    
==== Stage 2: SKIPPED (M2 ablation) ====
  Random domain assignment: Counter({1: 1309, 2: 1309, 0: 1222})
==== Stage 3: Domain-invariant + HardNCE ====
epoch            total_loss       cls_loss         dis_loss         hard_loss       
0                1.4513180256     0.1360018849     1.1039792299     0.7044559717    
  Source acc: 0.957031  |  Target acc: 0.500000
  Best target acc: 0.571875

======== ROUND 6 ========  [Ablation: M2]
==== Stage 1: SupCon Pre-training ====
epoch            total_loss       cls_loss        
0                0.0768411756     0.0768411756    
1                0.3266903162     0.3266903162    
==== Stage 2: SKIPPED (M2 ablation) ====
  Random domain assignment: Counter({2: 1287, 1: 1279, 0: 1274})
==== Stage 3: Domain-invariant + HardNCE ====
epoch            total_loss       cls_loss         dis_loss         hard_loss       
0                1.3405845165     0.0933271199     1.0567128658     0.6351481676    
  Source acc: 0.995573  |  Target acc: 0.613542
  Best target acc: 0.613542

======== ROUND 7 ========  [Ablation: M2]
==== Stage 1: SupCon Pre-training ====
epoch            total_loss       cls_loss        
0                0.2532508373     0.2532508373    
1                0.1451127529     0.1451127529    
==== Stage 2: SKIPPED (M2 ablation) ====
  Random domain assignment: Counter({1: 1293, 2: 1274, 0: 1273})
==== Stage 3: Domain-invariant + HardNCE ====
epoch            total_loss       cls_loss         dis_loss         hard_loss       
0                1.4660243988     0.1794808209     1.0784306526     0.6937096715    
  Source acc: 0.997656  |  Target acc: 0.553125
  Best target acc: 0.613542

======== ROUND 8 ========  [Ablation: M2]
==== Stage 1: SupCon Pre-training ====
epoch            total_loss       cls_loss        
0                0.0749442130     0.0749442130    
1                0.0655913353     0.0655913353    
==== Stage 2: SKIPPED (M2 ablation) ====
  Random domain assignment: Counter({0: 1336, 1: 1301, 2: 1203})
==== Stage 3: Domain-invariant + HardNCE ====
epoch            total_loss       cls_loss         dis_loss         hard_loss       
0                1.4804780483     0.1836159825     1.1026639938     0.6473270059    
  Source acc: 0.992969  |  Target acc: 0.586458
  Best target acc: 0.613542

======== ROUND 9 ========  [Ablation: M2]
==== Stage 1: SupCon Pre-training ====
epoch            total_loss       cls_loss        
0                0.1181677356     0.1181677356    
1                0.2063570321     0.2063570321    
==== Stage 2: SKIPPED (M2 ablation) ====
  Random domain assignment: Counter({0: 1301, 1: 1271, 2: 1268})
==== Stage 3: Domain-invariant + HardNCE ====
epoch            total_loss       cls_loss         dis_loss         hard_loss       
0                1.4441330433     0.1270807832     1.1273455620     0.6323555708    
  Source acc: 0.996615  |  Target acc: 0.598958
  Best target acc: 0.613542

======== ROUND 10 ========  [Ablation: M2]
==== Stage 1: SupCon Pre-training ====
epoch            total_loss       cls_loss        
0                0.0699643120     0.0699643120    
1                0.0667205006     0.0667205006    
==== Stage 2: SKIPPED (M2 ablation) ====
  Random domain assignment: Counter({0: 1304, 1: 1288, 2: 1248})
==== Stage 3: Domain-invariant + HardNCE ====
epoch            total_loss       cls_loss         dis_loss         hard_loss       
0                1.3286204338     0.0172521565     1.1130119562     0.6611876488    
  Source acc: 1.000000  |  Target acc: 0.598958
  Best target acc: 0.613542

======== ROUND 11 ========  [Ablation: M2]
==== Stage 1: SupCon Pre-training ====
epoch            total_loss       cls_loss        
0                0.0043680947     0.0043680947    
1                0.0189992804     0.0189992804    
==== Stage 2: SKIPPED (M2 ablation) ====
  Random domain assignment: Counter({1: 1330, 2: 1263, 0: 1247})
==== Stage 3: Domain-invariant + HardNCE ====
epoch            total_loss       cls_loss         dis_loss         hard_loss       
0                1.3412704468     0.0362207219     1.1212610006     0.6126292348    
  Source acc: 1.000000  |  Target acc: 0.608333
  Best target acc: 0.613542

======== ROUND 12 ========  [Ablation: M2]
==== Stage 1: SupCon Pre-training ====
epoch            total_loss       cls_loss        
0                0.0042542303     0.0042542303    
1                0.0089570582     0.0089570582    
==== Stage 2: SKIPPED (M2 ablation) ====
  Random domain assignment: Counter({0: 1320, 2: 1287, 1: 1233})
==== Stage 3: Domain-invariant + HardNCE ====
epoch            total_loss       cls_loss         dis_loss         hard_loss       
0                1.3644524813     0.0334454291     1.1219654083     0.6968052387    
  Source acc: 1.000000  |  Target acc: 0.614583
  Best target acc: 0.614583

======== ROUND 13 ========  [Ablation: M2]
==== Stage 1: SupCon Pre-training ====
epoch            total_loss       cls_loss        
0                0.0188980997     0.0188980997    
1                0.0783780962     0.0783780962    
==== Stage 2: SKIPPED (M2 ablation) ====
  Random domain assignment: Counter({0: 1345, 2: 1263, 1: 1232})
==== Stage 3: Domain-invariant + HardNCE ====
epoch            total_loss       cls_loss         dis_loss         hard_loss       
0                1.2974470854     0.0088850698     1.1017435789     0.6227282882    
  Source acc: 1.000000  |  Target acc: 0.614583
  Best target acc: 0.614583

======== ROUND 14 ========  [Ablation: M2]
==== Stage 1: SupCon Pre-training ====
epoch            total_loss       cls_loss        
0                0.0418869667     0.0418869667    
1                0.0012648562     0.0012648562    
==== Stage 2: SKIPPED (M2 ablation) ====
  Random domain assignment: Counter({1: 1305, 2: 1280, 0: 1255})
==== Stage 3: Domain-invariant + HardNCE ====
epoch            total_loss       cls_loss         dis_loss         hard_loss       
0                1.3012995720     0.0449354090     1.0788669586     0.5916570425    
  Source acc: 1.000000  |  Target acc: 0.606250
  Best target acc: 0.614583

======== ROUND 15 ========  [Ablation: M2]
==== Stage 1: SupCon Pre-training ====
epoch            total_loss       cls_loss        
0                0.0050990907     0.0050990907    
1                0.0060897097     0.0060897097    
==== Stage 2: SKIPPED (M2 ablation) ====
  Random domain assignment: Counter({1: 1317, 0: 1276, 2: 1247})
==== Stage 3: Domain-invariant + HardNCE ====
epoch            total_loss       cls_loss         dis_loss         hard_loss       
0                1.2995260954     0.0345886461     1.0995719433     0.5512182713    
  Source acc: 1.000000  |  Target acc: 0.607292
  Best target acc: 0.614583

======== ROUND 16 ========  [Ablation: M2]
==== Stage 1: SupCon Pre-training ====
epoch            total_loss       cls_loss        
0                0.0030737815     0.0030737815    
1                0.0018685745     0.0018685745    
==== Stage 2: SKIPPED (M2 ablation) ====
  Random domain assignment: Counter({0: 1312, 2: 1292, 1: 1236})
==== Stage 3: Domain-invariant + HardNCE ====
epoch            total_loss       cls_loss         dis_loss         hard_loss       
0                1.2925121784     0.0172926392     1.1054435968     0.5659200549    
  Source acc: 1.000000  |  Target acc: 0.611458
  Best target acc: 0.614583

======== ROUND 17 ========  [Ablation: M2]
==== Stage 1: SupCon Pre-training ====
epoch            total_loss       cls_loss        
0                0.0020473131     0.0020473131    
1                0.0169105586     0.0169105586    
==== Stage 2: SKIPPED (M2 ablation) ====
  Random domain assignment: Counter({1: 1297, 0: 1289, 2: 1254})
==== Stage 3: Domain-invariant + HardNCE ====
epoch            total_loss       cls_loss         dis_loss         hard_loss       
0                1.3433077335     0.0228846148     1.1427019835     0.5924040079    
  Source acc: 1.000000  |  Target acc: 0.600000
  Best target acc: 0.614583

======== ROUND 18 ========  [Ablation: M2]
==== Stage 1: SupCon Pre-training ====
epoch            total_loss       cls_loss        
0                0.0109789874     0.0109789874    
1                0.0085391952     0.0085391952    
==== Stage 2: SKIPPED (M2 ablation) ====
  Random domain assignment: Counter({1: 1289, 0: 1283, 2: 1268})
==== Stage 3: Domain-invariant + HardNCE ====
epoch            total_loss       cls_loss         dis_loss         hard_loss       
0                1.3233211040     0.0273384582     1.1060923338     0.6329674721    
  Source acc: 1.000000  |  Target acc: 0.609375
  Best target acc: 0.614583

======== ROUND 19 ========  [Ablation: M2]
==== Stage 1: SupCon Pre-training ====
epoch            total_loss       cls_loss        
0                0.0103234313     0.0103234313    
1                0.0248054303     0.0248054303    
==== Stage 2: SKIPPED (M2 ablation) ====
  Random domain assignment: Counter({1: 1303, 2: 1295, 0: 1242})
==== Stage 3: Domain-invariant + HardNCE ====
epoch            total_loss       cls_loss         dis_loss         hard_loss       
0                1.3549931049     0.0181712918     1.1572308540     0.5986366272    
  Source acc: 1.000000  |  Target acc: 0.612500
  Best target acc: 0.614583

======== ROUND 20 ========  [Ablation: M2]
==== Stage 1: SupCon Pre-training ====
epoch            total_loss       cls_loss        
0                0.0145316105     0.0145316105    
1                0.0038494803     0.0038494803    
==== Stage 2: SKIPPED (M2 ablation) ====
  Random domain assignment: Counter({1: 1329, 0: 1266, 2: 1245})
==== Stage 3: Domain-invariant + HardNCE ====
epoch            total_loss       cls_loss         dis_loss         hard_loss       
0                1.3145623207     0.0108045405     1.1259423494     0.5927183032    
  Source acc: 1.000000  |  Target acc: 0.627083
  Best target acc: 0.627083

======== ROUND 21 ========  [Ablation: M2]
==== Stage 1: SupCon Pre-training ====
epoch            total_loss       cls_loss        
0                0.0095144808     0.0095144808    
1                0.0044159652     0.0044159652    
==== Stage 2: SKIPPED (M2 ablation) ====
  Random domain assignment: Counter({1: 1301, 2: 1274, 0: 1265})
==== Stage 3: Domain-invariant + HardNCE ====
epoch            total_loss       cls_loss         dis_loss         hard_loss       
0                1.2713124752     0.0060805585     1.0861375332     0.5969816446    
  Source acc: 1.000000  |  Target acc: 0.616667
  Best target acc: 0.627083

======== ROUND 22 ========  [Ablation: M2]
==== Stage 1: SupCon Pre-training ====
epoch            total_loss       cls_loss        
0                0.0757917613     0.0757917613    
1                0.0083065471     0.0083065471    
==== Stage 2: SKIPPED (M2 ablation) ====
  Random domain assignment: Counter({2: 1295, 0: 1287, 1: 1258})
==== Stage 3: Domain-invariant + HardNCE ====
epoch            total_loss       cls_loss         dis_loss         hard_loss       
0                1.3409668207     0.0177351329     1.1234431267     0.6659620404    
  Source acc: 1.000000  |  Target acc: 0.626042
  Best target acc: 0.627083

======== ROUND 23 ========  [Ablation: M2]
==== Stage 1: SupCon Pre-training ====
epoch            total_loss       cls_loss        
0                0.0050661415     0.0050661415    
1                0.0065865628     0.0065865628    
==== Stage 2: SKIPPED (M2 ablation) ====
  Random domain assignment: Counter({0: 1296, 2: 1291, 1: 1253})
==== Stage 3: Domain-invariant + HardNCE ====
epoch            total_loss       cls_loss         dis_loss         hard_loss       
0                1.3002855778     0.0162137877     1.0977905989     0.6209374666    
  Source acc: 1.000000  |  Target acc: 0.621875
  Best target acc: 0.627083

======== ROUND 24 ========  [Ablation: M2]
==== Stage 1: SupCon Pre-training ====
epoch            total_loss       cls_loss        
0                0.0046592667     0.0046592667    
1                0.0044446154     0.0044446154    
==== Stage 2: SKIPPED (M2 ablation) ====
  Random domain assignment: Counter({0: 1342, 2: 1258, 1: 1240})
==== Stage 3: Domain-invariant + HardNCE ====
epoch            total_loss       cls_loss         dis_loss         hard_loss       
0                1.3060818911     0.0223492421     1.1127511263     0.5699384212    
  Source acc: 1.000000  |  Target acc: 0.622917
  Best target acc: 0.627083

======== ROUND 25 ========  [Ablation: M2]
==== Stage 1: SupCon Pre-training ====
epoch            total_loss       cls_loss        
0                0.0084018558     0.0084018558    
1                0.0018296354     0.0018296354    
==== Stage 2: SKIPPED (M2 ablation) ====
  Random domain assignment: Counter({2: 1293, 0: 1288, 1: 1259})
==== Stage 3: Domain-invariant + HardNCE ====
epoch            total_loss       cls_loss         dis_loss         hard_loss       
0                1.2760784626     0.0097566154     1.0773847103     0.6297904253    
  Source acc: 1.000000  |  Target acc: 0.618750
  Best target acc: 0.627083

======== ROUND 26 ========  [Ablation: M2]
==== Stage 1: SupCon Pre-training ====
epoch            total_loss       cls_loss        
0                0.0017107859     0.0017107859    
1                0.0036427495     0.0036427495    
==== Stage 2: SKIPPED (M2 ablation) ====
  Random domain assignment: Counter({1: 1326, 0: 1271, 2: 1243})
==== Stage 3: Domain-invariant + HardNCE ====
epoch            total_loss       cls_loss         dis_loss         hard_loss       
0                1.2925233841     0.0196916871     1.1055654287     0.5575539470    
  Source acc: 1.000000  |  Target acc: 0.619792
  Best target acc: 0.627083

======== ROUND 27 ========  [Ablation: M2]
==== Stage 1: SupCon Pre-training ====
epoch            total_loss       cls_loss        
0                0.0036379767     0.0036379767    
1                0.0011446804     0.0011446804    
==== Stage 2: SKIPPED (M2 ablation) ====
  Random domain assignment: Counter({0: 1324, 2: 1260, 1: 1256})
==== Stage 3: Domain-invariant + HardNCE ====
epoch            total_loss       cls_loss         dis_loss         hard_loss       
0                1.2741625309     0.0071171089     1.0984494686     0.5619865656    
  Source acc: 1.000000  |  Target acc: 0.609375
  Best target acc: 0.627083

======== ROUND 28 ========  [Ablation: M2]
==== Stage 1: SupCon Pre-training ====
epoch            total_loss       cls_loss        
0                0.0441496670     0.0441496670    
1                0.0028247661     0.0028247661    
==== Stage 2: SKIPPED (M2 ablation) ====
  Random domain assignment: Counter({2: 1288, 0: 1281, 1: 1271})
==== Stage 3: Domain-invariant + HardNCE ====
epoch            total_loss       cls_loss         dis_loss         hard_loss       
0                1.2938989401     0.0206414647     1.1161024570     0.5238502026    
  Source acc: 1.000000  |  Target acc: 0.618750
  Best target acc: 0.627083

======== ROUND 29 ========  [Ablation: M2]
==== Stage 1: SupCon Pre-training ====
epoch            total_loss       cls_loss        
0                0.0171205476     0.0171205476    
1                0.0048679700     0.0048679700    
==== Stage 2: SKIPPED (M2 ablation) ====
  Random domain assignment: Counter({2: 1297, 1: 1289, 0: 1254})
==== Stage 3: Domain-invariant + HardNCE ====
epoch            total_loss       cls_loss         dis_loss         hard_loss       
0                1.3178761005     0.0527454056     1.0937052965     0.5714176893    
  Source acc: 1.000000  |  Target acc: 0.621875
  Best target acc: 0.627083

======== ROUND 30 ========  [Ablation: M2]
==== Stage 1: SupCon Pre-training ====
epoch            total_loss       cls_loss        
0                0.0043543922     0.0043543922    
1                0.0026916021     0.0026916021    
==== Stage 2: SKIPPED (M2 ablation) ====
  Random domain assignment: Counter({0: 1328, 1: 1293, 2: 1219})
==== Stage 3: Domain-invariant + HardNCE ====
epoch            total_loss       cls_loss         dis_loss         hard_loss       
0                1.2969022989     0.0076570106     1.1271718740     0.5402444601    
  Source acc: 1.000000  |  Target acc: 0.620833
  Best target acc: 0.627083

======== ROUND 31 ========  [Ablation: M2]
==== Stage 1: SupCon Pre-training ====
epoch            total_loss       cls_loss        
0                0.0095184166     0.0095184166    
1                0.0036059946     0.0036059946    
==== Stage 2: SKIPPED (M2 ablation) ====
  Random domain assignment: Counter({0: 1306, 1: 1273, 2: 1261})
==== Stage 3: Domain-invariant + HardNCE ====
epoch            total_loss       cls_loss         dis_loss         hard_loss       
0                1.2823755741     0.0073494939     1.0838812590     0.6371492147    
  Source acc: 1.000000  |  Target acc: 0.616667
  Best target acc: 0.627083

======== ROUND 32 ========  [Ablation: M2]
==== Stage 1: SupCon Pre-training ====
epoch            total_loss       cls_loss        
0                0.0011049947     0.0011049947    
1                0.0064725783     0.0064725783    
==== Stage 2: SKIPPED (M2 ablation) ====
  Random domain assignment: Counter({0: 1292, 1: 1289, 2: 1259})
==== Stage 3: Domain-invariant + HardNCE ====
epoch            total_loss       cls_loss         dis_loss         hard_loss       
0                1.3477326632     0.0369980335     1.1363321543     0.5813415647    
  Source acc: 1.000000  |  Target acc: 0.627083
  Best target acc: 0.627083

======== ROUND 33 ========  [Ablation: M2]
==== Stage 1: SupCon Pre-training ====
epoch            total_loss       cls_loss        
0                0.0342412181     0.0342412181    
1                0.0451388136     0.0451388136    
==== Stage 2: SKIPPED (M2 ablation) ====
  Random domain assignment: Counter({0: 1293, 1: 1291, 2: 1256})
==== Stage 3: Domain-invariant + HardNCE ====
epoch            total_loss       cls_loss         dis_loss         hard_loss       
0                1.2968835831     0.0222003795     1.1083797216     0.5543448925    
  Source acc: 1.000000  |  Target acc: 0.625000
  Best target acc: 0.627083

======== ROUND 34 ========  [Ablation: M2]
==== Stage 1: SupCon Pre-training ====
epoch            total_loss       cls_loss        
0                0.0019578456     0.0019578456    
1                0.0034514072     0.0034514072    
==== Stage 2: SKIPPED (M2 ablation) ====
  Random domain assignment: Counter({1: 1284, 0: 1280, 2: 1276})
==== Stage 3: Domain-invariant + HardNCE ====
epoch            total_loss       cls_loss         dis_loss         hard_loss       
0                1.2863273621     0.0104398280     1.0937138796     0.6072455645    
  Source acc: 1.000000  |  Target acc: 0.618750
  Best target acc: 0.627083

======== ROUND 35 ========  [Ablation: M2]
==== Stage 1: SupCon Pre-training ====
epoch            total_loss       cls_loss        
0                0.0010946234     0.0010946234    
1                0.0021371727     0.0021371727    
==== Stage 2: SKIPPED (M2 ablation) ====
  Random domain assignment: Counter({1: 1291, 0: 1280, 2: 1269})
==== Stage 3: Domain-invariant + HardNCE ====
epoch            total_loss       cls_loss         dis_loss         hard_loss       
0                1.2404565811     0.0106428135     1.0782099962     0.5053458810    
  Source acc: 1.000000  |  Target acc: 0.610417
  Best target acc: 0.627083

======== ROUND 36 ========  [Ablation: M2]
==== Stage 1: SupCon Pre-training ====
epoch            total_loss       cls_loss        
0                0.0050760731     0.0050760731    
1                0.0025315988     0.0025315988    
==== Stage 2: SKIPPED (M2 ablation) ====
  Random domain assignment: Counter({0: 1334, 2: 1302, 1: 1204})
==== Stage 3: Domain-invariant + HardNCE ====
epoch            total_loss       cls_loss         dis_loss         hard_loss       
0                1.2729914188     0.0092762802     1.0856157541     0.5936645865    
  Source acc: 1.000000  |  Target acc: 0.623958
  Best target acc: 0.627083

======== ROUND 37 ========  [Ablation: M2]
==== Stage 1: SupCon Pre-training ====
epoch            total_loss       cls_loss        
0                0.0009787114     0.0009787114    
1                0.0015435178     0.0015435178    
==== Stage 2: SKIPPED (M2 ablation) ====
  Random domain assignment: Counter({0: 1323, 1: 1261, 2: 1256})
==== Stage 3: Domain-invariant + HardNCE ====
epoch            total_loss       cls_loss         dis_loss         hard_loss       
0                1.3002741337     0.0170764718     1.1055557728     0.5921394825    
  Source acc: 1.000000  |  Target acc: 0.617708
  Best target acc: 0.627083

======== ROUND 38 ========  [Ablation: M2]
==== Stage 1: SupCon Pre-training ====
epoch            total_loss       cls_loss        
0                0.0055485712     0.0055485712    
1                0.0031896080     0.0031896080    
==== Stage 2: SKIPPED (M2 ablation) ====
  Random domain assignment: Counter({0: 1293, 2: 1293, 1: 1254})
==== Stage 3: Domain-invariant + HardNCE ====
epoch            total_loss       cls_loss         dis_loss         hard_loss       
0                1.2840377092     0.0084090680     1.1079193354     0.5590311289    
  Source acc: 1.000000  |  Target acc: 0.623958
  Best target acc: 0.627083

======== ROUND 39 ========  [Ablation: M2]
==== Stage 1: SupCon Pre-training ====
epoch            total_loss       cls_loss        
0                0.0134890275     0.0134890275    
1                0.0058734776     0.0058734776    
==== Stage 2: SKIPPED (M2 ablation) ====
  Random domain assignment: Counter({1: 1286, 2: 1280, 0: 1274})
==== Stage 3: Domain-invariant + HardNCE ====
epoch            total_loss       cls_loss         dis_loss         hard_loss       
0                1.3206528425     0.0113456547     1.1344246864     0.5829417706    
  Source acc: 1.000000  |  Target acc: 0.619792
  Best target acc: 0.627083

======== ROUND 40 ========  [Ablation: M2]
==== Stage 1: SupCon Pre-training ====
epoch            total_loss       cls_loss        
0                0.0036453465     0.0036453465    
1                0.0037734609     0.0037734609    
==== Stage 2: SKIPPED (M2 ablation) ====
  Random domain assignment: Counter({1: 1283, 2: 1281, 0: 1276})
==== Stage 3: Domain-invariant + HardNCE ====
epoch            total_loss       cls_loss         dis_loss         hard_loss       
0                1.3044686317     0.0119965421     1.1199526787     0.5750648975    
  Source acc: 1.000000  |  Target acc: 0.622917
  Best target acc: 0.627083

======== ROUND 41 ========  [Ablation: M2]
==== Stage 1: SupCon Pre-training ====
epoch            total_loss       cls_loss        
0                0.0008918436     0.0008918436    
1                0.0019846889     0.0019846889    
==== Stage 2: SKIPPED (M2 ablation) ====
  Random domain assignment: Counter({1: 1307, 0: 1299, 2: 1234})
==== Stage 3: Domain-invariant + HardNCE ====
epoch            total_loss       cls_loss         dis_loss         hard_loss       
0                1.2601019144     0.0125761451     1.0812603235     0.5542181730    
  Source acc: 1.000000  |  Target acc: 0.617708
  Best target acc: 0.627083

======== ROUND 42 ========  [Ablation: M2]
==== Stage 1: SupCon Pre-training ====
epoch            total_loss       cls_loss        
0                0.0012641747     0.0012641747    
1                0.0009546198     0.0009546198    
==== Stage 2: SKIPPED (M2 ablation) ====
  Random domain assignment: Counter({0: 1308, 2: 1276, 1: 1256})
==== Stage 3: Domain-invariant + HardNCE ====
epoch            total_loss       cls_loss         dis_loss         hard_loss       
0                1.3274151087     0.0256425571     1.1209332943     0.6027977467    
  Source acc: 1.000000  |  Target acc: 0.631250
  Best target acc: 0.631250

======== ROUND 43 ========  [Ablation: M2]
==== Stage 1: SupCon Pre-training ====
epoch            total_loss       cls_loss        
0                0.0460071974     0.0460071974    
1                0.0055865096     0.0055865096    
==== Stage 2: SKIPPED (M2 ablation) ====
  Random domain assignment: Counter({2: 1284, 1: 1283, 0: 1273})
==== Stage 3: Domain-invariant + HardNCE ====
epoch            total_loss       cls_loss         dis_loss         hard_loss       
0                1.2637274265     0.0130493157     1.0711697340     0.5983610153    
  Source acc: 1.000000  |  Target acc: 0.627083
  Best target acc: 0.631250

======== ROUND 44 ========  [Ablation: M2]
==== Stage 1: SupCon Pre-training ====
epoch            total_loss       cls_loss        
0                0.0492985211     0.0492985211    
1                0.0042213686     0.0042213686    
==== Stage 2: SKIPPED (M2 ablation) ====
  Random domain assignment: Counter({0: 1293, 1: 1279, 2: 1268})
==== Stage 3: Domain-invariant + HardNCE ====
epoch            total_loss       cls_loss         dis_loss         hard_loss       
0                1.3092806339     0.0124590416     1.1036319733     0.6439653039    
  Source acc: 1.000000  |  Target acc: 0.614583
  Best target acc: 0.631250

======== ROUND 45 ========  [Ablation: M2]
==== Stage 1: SupCon Pre-training ====
epoch            total_loss       cls_loss        
0                0.0048435843     0.0048435843    
1                0.0007240656     0.0007240656    
==== Stage 2: SKIPPED (M2 ablation) ====
  Random domain assignment: Counter({0: 1299, 1: 1276, 2: 1265})
==== Stage 3: Domain-invariant + HardNCE ====
epoch            total_loss       cls_loss         dis_loss         hard_loss       
0                1.3229104280     0.0270408373     1.1209750175     0.5829820037    
  Source acc: 1.000000  |  Target acc: 0.620833
  Best target acc: 0.631250

======== ROUND 46 ========  [Ablation: M2]
==== Stage 1: SupCon Pre-training ====
epoch            total_loss       cls_loss        
0                0.0028088260     0.0028088260    
1                0.0037820288     0.0037820288    
==== Stage 2: SKIPPED (M2 ablation) ====
  Random domain assignment: Counter({2: 1298, 0: 1292, 1: 1250})
==== Stage 3: Domain-invariant + HardNCE ====
epoch            total_loss       cls_loss         dis_loss         hard_loss       
0                1.2895975113     0.0125697460     1.1081827879     0.5628163218    
  Source acc: 1.000000  |  Target acc: 0.621875
  Best target acc: 0.631250

======== ROUND 47 ========  [Ablation: M2]
==== Stage 1: SupCon Pre-training ====
epoch            total_loss       cls_loss        
0                0.0022362417     0.0022362417    
1                0.0040379604     0.0040379604    
==== Stage 2: SKIPPED (M2 ablation) ====
  Random domain assignment: Counter({0: 1298, 1: 1283, 2: 1259})
==== Stage 3: Domain-invariant + HardNCE ====
epoch            total_loss       cls_loss         dis_loss         hard_loss       
0                1.3133906126     0.0053534517     1.1223274469     0.6190324426    
  Source acc: 1.000000  |  Target acc: 0.619792
  Best target acc: 0.631250

======== ROUND 48 ========  [Ablation: M2]
==== Stage 1: SupCon Pre-training ====
epoch            total_loss       cls_loss        
0                0.0060251229     0.0060251229    
1                0.0009306076     0.0009306076    
==== Stage 2: SKIPPED (M2 ablation) ====
  Random domain assignment: Counter({1: 1314, 2: 1273, 0: 1253})
==== Stage 3: Domain-invariant + HardNCE ====
epoch            total_loss       cls_loss         dis_loss         hard_loss       
0                1.2870961428     0.0144197345     1.1068249941     0.5528383255    
  Source acc: 1.000000  |  Target acc: 0.615625
  Best target acc: 0.631250

======== ROUND 49 ========  [Ablation: M2]
==== Stage 1: SupCon Pre-training ====
epoch            total_loss       cls_loss        
0                0.0059182844     0.0059182844    
1                0.0863764137     0.0863764137    
==== Stage 2: SKIPPED (M2 ablation) ====
  Random domain assignment: Counter({1: 1327, 2: 1267, 0: 1246})
==== Stage 3: Domain-invariant + HardNCE ====
epoch            total_loss       cls_loss         dis_loss         hard_loss       
0                1.3019001484     0.0047542006     1.1276415586     0.5650146604    
  Source acc: 1.000000  |  Target acc: 0.609375
  Best target acc: 0.631250
[ConfMatrix] saved to log/abl_xrf_cross_user_M2_s3 (cm shape=(8, 8))

Results saved to log/abl_xrf_cross_user_M2_s3
acc.txt: log/abl_xrf_cross_user_M2_s3/acc.txt
bestacc.txt: log/abl_xrf_cross_user_M2_s3/bestacc.txt
