[Seed] global random seed set to 2

[Ablation Mode] M4
[WidarDataset] loaded 5250 samples, gesture_map={'G01': 0, 'G02': 1, 'G03': 2, 'G04': 3, 'G05': 4, 'G06': 5}
[WidarDataset] loaded 1500 samples, gesture_map={'G01': 0, 'G02': 1, 'G03': 2, 'G04': 3, 'G05': 4, 'G06': 5}
[WidarDataset] loaded 5250 samples, gesture_map={'G01': 0, 'G02': 1, 'G03': 2, 'G04': 3, 'G05': 4, 'G06': 5}
Train set size: 5250 samples, 165 batches
Test set size:  1500 samples, 47 batches
Source eval size: 5250 samples

[Direction Sensitivity] Manual weights (dir_w=0.5): {0: 0.0, 1: 0.0, 2: 0.0, 3: 0.0, 4: 0.0, 5: 0.0}

======== ROUND 0 ========  [Ablation: M4]
==== Stage 1: SupCon Pre-training ====
epoch            total_loss       cls_loss         supcon_loss     
0                6.2542753220     2.1484196186     8.2117118835    
1                4.6194372177     0.5749768019     8.0889205933    
==== Stage 2: Latent Domain PCL ====
epoch            total_loss       dis_loss         proto_loss       ent_pen_loss    
0                1.9596216679     1.6596217155     0.0000000000     0.3000000119    
Counter({np.int64(0): 2381, np.int64(1): 1932, np.int64(2): 937})
==== Stage 3: Domain-invariant + HardNCE ====
  (HardNCE disabled for M4 ablation)
epoch            total_loss       cls_loss         dis_loss         hard_loss       
0                1.4602069855     0.8381003737     0.6221066713     0               
  Source acc: 0.853905  |  Target acc: 0.718667
  Best target acc: 0.718667

======== ROUND 1 ========  [Ablation: M4]
==== Stage 1: SupCon Pre-training ====
epoch            total_loss       cls_loss         supcon_loss     
0                8.8049764633     5.0798988342     7.4501547813    
1                6.8784623146     0.3192696869     13.1183853149   
==== Stage 2: Latent Domain PCL ====
epoch            total_loss       dis_loss         proto_loss       ent_pen_loss    
0                3.0506408215     2.0999631882     1.3013551235     0.3000000119    
Counter({np.int64(1): 1958, np.int64(2): 1881, np.int64(0): 1411})
==== Stage 3: Domain-invariant + HardNCE ====
  (HardNCE disabled for M4 ablation)
epoch            total_loss       cls_loss         dis_loss         hard_loss       
0                0.5507321358     0.1355285496     0.4152035713     0               
  Source acc: 0.822667  |  Target acc: 0.678667
  Best target acc: 0.718667

======== ROUND 2 ========  [Ablation: M4]
==== Stage 1: SupCon Pre-training ====
epoch            total_loss       cls_loss         supcon_loss     
0                10.2689743042    5.9009466171     8.7360553741    
1                4.0574865341     0.2996800542     7.5156130791    
==== Stage 2: Latent Domain PCL ====
epoch            total_loss       dis_loss         proto_loss       ent_pen_loss    
0                3.6323099136     2.3093290329     2.0459618568     0.3000000119    
Counter({np.int64(2): 3099, np.int64(1): 1502, np.int64(0): 649})
==== Stage 3: Domain-invariant + HardNCE ====
  (HardNCE disabled for M4 ablation)
epoch            total_loss       cls_loss         dis_loss         hard_loss       
0                0.9138139486     0.4811973274     0.4326166213     0               
  Source acc: 0.876000  |  Target acc: 0.820667
  Best target acc: 0.820667

======== ROUND 3 ========  [Ablation: M4]
==== Stage 1: SupCon Pre-training ====
epoch            total_loss       cls_loss        
0                5.2375822067     5.2375822067    
1                0.0428264961     0.0428264961    
==== Stage 2: Latent Domain PCL ====
epoch            total_loss       dis_loss         proto_loss       ent_pen_loss    
0                2.8224644661     1.8749771118     1.2949748039     0.3000000119    
Counter({np.int64(0): 3136, np.int64(2): 1365, np.int64(1): 749})
==== Stage 3: Domain-invariant + HardNCE ====
  (HardNCE disabled for M4 ablation)
epoch            total_loss       cls_loss         dis_loss         hard_loss       
0                5.0666284561     4.5048375130     0.5617907643     0               
  Source acc: 0.958095  |  Target acc: 0.792667
  Best target acc: 0.820667

======== ROUND 4 ========  [Ablation: M4]
==== Stage 1: SupCon Pre-training ====
epoch            total_loss       cls_loss        
0                2.1190559864     2.1190559864    
1                0.0593325496     0.0593325496    
==== Stage 2: Latent Domain PCL ====
epoch            total_loss       dis_loss         proto_loss       ent_pen_loss    
0                1.2459183931     1.0879330635     0.0945284814     0.1107210815    
Counter({np.int64(1): 2851, np.int64(2): 1209, np.int64(0): 1190})
==== Stage 3: Domain-invariant + HardNCE ====
  (HardNCE disabled for M4 ablation)
epoch            total_loss       cls_loss         dis_loss         hard_loss       
0                1.6427719593     0.6409492493     1.0018227100     0               
  Source acc: 0.961524  |  Target acc: 0.808667
  Best target acc: 0.820667

======== ROUND 5 ========  [Ablation: M4]
==== Stage 1: SupCon Pre-training ====
epoch            total_loss       cls_loss        
0                5.5078697205     5.5078697205    
1                0.1882251203     0.1882251203    
==== Stage 2: Latent Domain PCL ====
epoch            total_loss       dis_loss         proto_loss       ent_pen_loss    
0                3.6370036602     2.4747362137     1.7245347500     0.3000000119    
Counter({np.int64(1): 2134, np.int64(2): 1563, np.int64(0): 1553})
==== Stage 3: Domain-invariant + HardNCE ====
  (HardNCE disabled for M4 ablation)
epoch            total_loss       cls_loss         dis_loss         hard_loss       
0                2.0793733597     0.3598120809     1.7195613384     0               
  Source acc: 0.969524  |  Target acc: 0.846000
  Best target acc: 0.846000

======== ROUND 6 ========  [Ablation: M4]
==== Stage 1: SupCon Pre-training ====
epoch            total_loss       cls_loss        
0                0.0940361395     0.0940361395    
1                0.3818442822     0.3818442822    
==== Stage 2: Latent Domain PCL ====
epoch            total_loss       dis_loss         proto_loss       ent_pen_loss    
0                2.0434010029     1.5205098391     0.8243401051     0.1107210815    
Counter({np.int64(2): 2544, np.int64(0): 2163, np.int64(1): 543})
==== Stage 3: Domain-invariant + HardNCE ====
  (HardNCE disabled for M4 ablation)
epoch            total_loss       cls_loss         dis_loss         hard_loss       
0                6.2431697845     5.2049736977     1.0381962061     0               
  Source acc: 0.862667  |  Target acc: 0.726000
  Best target acc: 0.846000

======== ROUND 7 ========  [Ablation: M4]
==== Stage 1: SupCon Pre-training ====
epoch            total_loss       cls_loss        
0                0.0287536997     0.0287536997    
1                5.6992454529     5.6992454529    
==== Stage 2: Latent Domain PCL ====
epoch            total_loss       dis_loss         proto_loss       ent_pen_loss    
0                1.7320132256     1.5427634716     0.1570571661     0.1107210815    
Counter({np.int64(1): 1993, np.int64(2): 1829, np.int64(0): 1428})
==== Stage 3: Domain-invariant + HardNCE ====
  (HardNCE disabled for M4 ablation)
epoch            total_loss       cls_loss         dis_loss         hard_loss       
0                2.9053330421     0.8750015497     2.0303316116     0               
  Source acc: 0.987810  |  Target acc: 0.834667
  Best target acc: 0.846000

======== ROUND 8 ========  [Ablation: M4]
==== Stage 1: SupCon Pre-training ====
epoch            total_loss       cls_loss        
0                5.3484659195     5.3484659195    
1                5.8709669113     5.8709669113    
==== Stage 2: Latent Domain PCL ====
epoch            total_loss       dis_loss         proto_loss       ent_pen_loss    
0                3.5157072544     1.6709252596     3.0895643234     0.3000000119    
Counter({np.int64(0): 3071, np.int64(1): 1627, np.int64(2): 552})
==== Stage 3: Domain-invariant + HardNCE ====
  (HardNCE disabled for M4 ablation)
epoch            total_loss       cls_loss         dis_loss         hard_loss       
0                0.7772099376     0.0666528568     0.7105571032     0               
  Source acc: 0.972952  |  Target acc: 0.785333
  Best target acc: 0.846000

======== ROUND 9 ========  [Ablation: M4]
==== Stage 1: SupCon Pre-training ====
epoch            total_loss       cls_loss        
0                5.9405369759     5.9405369759    
1                1.7928284407     1.7928284407    
==== Stage 2: Latent Domain PCL ====
epoch            total_loss       dis_loss         proto_loss       ent_pen_loss    
0                2.2664377689     1.0062779188     1.9203195572     0.3000000119    
Counter({np.int64(1): 2282, np.int64(2): 1514, np.int64(0): 1454})
==== Stage 3: Domain-invariant + HardNCE ====
  (HardNCE disabled for M4 ablation)
epoch            total_loss       cls_loss         dis_loss         hard_loss       
0                2.7360358238     1.4130198956     1.3230159283     0               
  Source acc: 0.984571  |  Target acc: 0.856667
  Best target acc: 0.856667

======== ROUND 10 ========  [Ablation: M4]
==== Stage 1: SupCon Pre-training ====
epoch            total_loss       cls_loss        
0                0.0375602096     0.0375602096    
1                0.0625664145     0.0625664145    
==== Stage 2: Latent Domain PCL ====
epoch            total_loss       dis_loss         proto_loss       ent_pen_loss    
0                1.3742736578     1.0008780956     0.5253488421     0.1107210815    
Counter({np.int64(2): 1840, np.int64(1): 1742, np.int64(0): 1668})
==== Stage 3: Domain-invariant + HardNCE ====
  (HardNCE disabled for M4 ablation)
epoch            total_loss       cls_loss         dis_loss         hard_loss       
0                0.6662328839     0.1044583172     0.5617745519     0               
  Source acc: 0.999429  |  Target acc: 0.881333
  Best target acc: 0.881333

======== ROUND 11 ========  [Ablation: M4]
==== Stage 1: SupCon Pre-training ====
epoch            total_loss       cls_loss        
0                0.0838157013     0.0838157013    
1                0.0458563380     0.0458563380    
==== Stage 2: Latent Domain PCL ====
epoch            total_loss       dis_loss         proto_loss       ent_pen_loss    
0                1.2999213934     1.1834324598     0.0115356706     0.1107210815    
Counter({np.int64(0): 1953, np.int64(2): 1776, np.int64(1): 1521})
==== Stage 3: Domain-invariant + HardNCE ====
  (HardNCE disabled for M4 ablation)
epoch            total_loss       cls_loss         dis_loss         hard_loss       
0                4.4582214355     4.0915431976     0.3666783273     0               
  Source acc: 0.999810  |  Target acc: 0.890000
  Best target acc: 0.890000

======== ROUND 12 ========  [Ablation: M4]
==== Stage 1: SupCon Pre-training ====
epoch            total_loss       cls_loss        
0                0.0527939349     0.0527939349    
1                0.1623421609     0.1623421609    
==== Stage 2: Latent Domain PCL ====
epoch            total_loss       dis_loss         proto_loss       ent_pen_loss    
0                2.4588992596     1.3496377468     1.6185232401     0.3000000119    
Counter({np.int64(0): 1923, np.int64(2): 1770, np.int64(1): 1557})
==== Stage 3: Domain-invariant + HardNCE ====
  (HardNCE disabled for M4 ablation)
epoch            total_loss       cls_loss         dis_loss         hard_loss       
0                0.2593342960     0.0314515866     0.2278827131     0               
  Source acc: 1.000000  |  Target acc: 0.894667
  Best target acc: 0.894667

======== ROUND 13 ========  [Ablation: M4]
==== Stage 1: SupCon Pre-training ====
epoch            total_loss       cls_loss        
0                0.0472681001     0.0472681001    
1                0.0325230099     0.0325230099    
==== Stage 2: Latent Domain PCL ====
epoch            total_loss       dis_loss         proto_loss       ent_pen_loss    
0                0.9883149862     0.8347325325     0.0857228339     0.1107210815    
Counter({np.int64(0): 1824, np.int64(2): 1784, np.int64(1): 1642})
==== Stage 3: Domain-invariant + HardNCE ====
  (HardNCE disabled for M4 ablation)
epoch            total_loss       cls_loss         dis_loss         hard_loss       
0                0.3213162422     0.1503156126     0.1710006297     0               
  Source acc: 1.000000  |  Target acc: 0.896000
  Best target acc: 0.896000

======== ROUND 14 ========  [Ablation: M4]
==== Stage 1: SupCon Pre-training ====
epoch            total_loss       cls_loss        
0                0.0103135500     0.0103135500    
1                0.0975582376     0.0975582376    
==== Stage 2: Latent Domain PCL ====
epoch            total_loss       dis_loss         proto_loss       ent_pen_loss    
0                3.5653150082     1.8626668453     2.8052961826     0.3000000119    
Counter({np.int64(2): 2253, np.int64(0): 1740, np.int64(1): 1257})
==== Stage 3: Domain-invariant + HardNCE ====
  (HardNCE disabled for M4 ablation)
epoch            total_loss       cls_loss         dis_loss         hard_loss       
0                5.7110748291     4.6915493011     1.0195257664     0               
  Source acc: 1.000000  |  Target acc: 0.889333
  Best target acc: 0.896000

======== ROUND 15 ========  [Ablation: M4]
==== Stage 1: SupCon Pre-training ====
epoch            total_loss       cls_loss        
0                5.5382595062     5.5382595062    
1                6.5725297928     6.5725297928    
==== Stage 2: Latent Domain PCL ====
epoch            total_loss       dis_loss         proto_loss       ent_pen_loss    
0                2.4727549553     0.6150799394     3.1153500080     0.3000000119    
Counter({np.int64(2): 2601, np.int64(0): 1611, np.int64(1): 1038})
==== Stage 3: Domain-invariant + HardNCE ====
  (HardNCE disabled for M4 ablation)
epoch            total_loss       cls_loss         dis_loss         hard_loss       
0                0.8823541403     0.0202818997     0.8620722294     0               
  Source acc: 1.000000  |  Target acc: 0.878000
  Best target acc: 0.896000

======== ROUND 16 ========  [Ablation: M4]
==== Stage 1: SupCon Pre-training ====
epoch            total_loss       cls_loss        
0                0.4405192733     0.4405192733    
1                0.0365120098     0.0365120098    
==== Stage 2: Latent Domain PCL ====
epoch            total_loss       dis_loss         proto_loss       ent_pen_loss    
0                0.6507995129     0.5253447294     0.0294673890     0.1107210815    
Counter({np.int64(2): 2635, np.int64(1): 1723, np.int64(0): 892})
==== Stage 3: Domain-invariant + HardNCE ====
  (HardNCE disabled for M4 ablation)
epoch            total_loss       cls_loss         dis_loss         hard_loss       
0                0.5293821096     0.1435746551     0.3858074248     0               
  Source acc: 1.000000  |  Target acc: 0.882000
  Best target acc: 0.896000

======== ROUND 17 ========  [Ablation: M4]
==== Stage 1: SupCon Pre-training ====
epoch            total_loss       cls_loss        
0                0.1592257023     0.1592257023    
1                0.1387780607     0.1387780607    
==== Stage 2: Latent Domain PCL ====
epoch            total_loss       dis_loss         proto_loss       ent_pen_loss    
0                0.5808492899     0.4444289804     0.0513983965     0.1107210815    
Counter({np.int64(2): 2633, np.int64(1): 1744, np.int64(0): 873})
==== Stage 3: Domain-invariant + HardNCE ====
  (HardNCE disabled for M4 ablation)
epoch            total_loss       cls_loss         dis_loss         hard_loss       
0                0.3726285696     0.0427245051     0.3299040496     0               
  Source acc: 1.000000  |  Target acc: 0.901333
  Best target acc: 0.901333

======== ROUND 18 ========  [Ablation: M4]
==== Stage 1: SupCon Pre-training ====
epoch            total_loss       cls_loss        
0                0.0774924085     0.0774924085    
1                0.0078899916     0.0078899916    
==== Stage 2: Latent Domain PCL ====
epoch            total_loss       dis_loss         proto_loss       ent_pen_loss    
0                1.0548553467     0.9376896024     0.0128893284     0.1107210815    
Counter({np.int64(2): 2632, np.int64(1): 1746, np.int64(0): 872})
==== Stage 3: Domain-invariant + HardNCE ====
  (HardNCE disabled for M4 ablation)
epoch            total_loss       cls_loss         dis_loss         hard_loss       
0                0.3057689071     0.1561938524     0.1495750546     0               
  Source acc: 1.000000  |  Target acc: 0.904000
  Best target acc: 0.904000

======== ROUND 19 ========  [Ablation: M4]
==== Stage 1: SupCon Pre-training ====
epoch            total_loss       cls_loss        
0                0.0533705615     0.0533705615    
1                0.1415623873     0.1415623873    
==== Stage 2: Latent Domain PCL ====
epoch            total_loss       dis_loss         proto_loss       ent_pen_loss    
0                1.0586279631     0.9438779950     0.0080576828     0.1107210815    
Counter({np.int64(0): 1761, np.int64(2): 1750, np.int64(1): 1739})
==== Stage 3: Domain-invariant + HardNCE ====
  (HardNCE disabled for M4 ablation)
epoch            total_loss       cls_loss         dis_loss         hard_loss       
0                1.1395499706     0.0172474980     1.1223025322     0               
  Source acc: 1.000000  |  Target acc: 0.890667
  Best target acc: 0.904000

======== ROUND 20 ========  [Ablation: M4]
==== Stage 1: SupCon Pre-training ====
epoch            total_loss       cls_loss        
0                0.4731194675     0.4731194675    
1                0.0180432238     0.0180432238    
==== Stage 2: Latent Domain PCL ====
epoch            total_loss       dis_loss         proto_loss       ent_pen_loss    
0                0.6986374855     0.5709179640     0.0339968130     0.1107210815    
Counter({np.int64(2): 2606, np.int64(1): 1749, np.int64(0): 895})
==== Stage 3: Domain-invariant + HardNCE ====
  (HardNCE disabled for M4 ablation)
epoch            total_loss       cls_loss         dis_loss         hard_loss       
0                0.3092029393     0.0818611607     0.2273417860     0               
  Source acc: 1.000000  |  Target acc: 0.900000
  Best target acc: 0.904000

======== ROUND 21 ========  [Ablation: M4]
==== Stage 1: SupCon Pre-training ====
epoch            total_loss       cls_loss        
0                0.1232362241     0.1232362241    
1                0.0269265827     0.0269265827    
==== Stage 2: Latent Domain PCL ====
epoch            total_loss       dis_loss         proto_loss       ent_pen_loss    
0                2.3787090778     1.0054847002     2.1464486122     0.3000000119    
Counter({np.int64(2): 2618, np.int64(1): 1751, np.int64(0): 881})
==== Stage 3: Domain-invariant + HardNCE ====
  (HardNCE disabled for M4 ablation)
epoch            total_loss       cls_loss         dis_loss         hard_loss       
0                0.2869594097     0.0852694362     0.2016899586     0               
  Source acc: 1.000000  |  Target acc: 0.896000
  Best target acc: 0.904000

======== ROUND 22 ========  [Ablation: M4]
==== Stage 1: SupCon Pre-training ====
epoch            total_loss       cls_loss        
0                0.0068768808     0.0068768808    
1                5.4867496490     5.4867496490    
==== Stage 2: Latent Domain PCL ====
epoch            total_loss       dis_loss         proto_loss       ent_pen_loss    
0                0.8189573288     0.7039135098     0.0086454879     0.1107210815    
Counter({np.int64(2): 2620, np.int64(1): 1751, np.int64(0): 879})
==== Stage 3: Domain-invariant + HardNCE ====
  (HardNCE disabled for M4 ablation)
epoch            total_loss       cls_loss         dis_loss         hard_loss       
0                1.2053415775     0.0318263732     1.1735152006     0               
  Source acc: 1.000000  |  Target acc: 0.901333
  Best target acc: 0.904000

======== ROUND 23 ========  [Ablation: M4]
==== Stage 1: SupCon Pre-training ====
epoch            total_loss       cls_loss        
0                0.0114708897     0.0114708897    
1                0.1662599295     0.1662599295    
==== Stage 2: Latent Domain PCL ====
epoch            total_loss       dis_loss         proto_loss       ent_pen_loss    
0                5.6100840569     3.1940422058     4.2320833206     0.3000000119    
Counter({np.int64(2): 2630, np.int64(1): 1748, np.int64(0): 872})
==== Stage 3: Domain-invariant + HardNCE ====
  (HardNCE disabled for M4 ablation)
epoch            total_loss       cls_loss         dis_loss         hard_loss       
0                1.3378481865     0.1072489321     1.2305992842     0               
  Source acc: 1.000000  |  Target acc: 0.897333
  Best target acc: 0.904000

======== ROUND 24 ========  [Ablation: M4]
==== Stage 1: SupCon Pre-training ====
epoch            total_loss       cls_loss        
0                0.1035885960     0.1035885960    
1                0.0045877174     0.0045877174    
==== Stage 2: Latent Domain PCL ====
epoch            total_loss       dis_loss         proto_loss       ent_pen_loss    
0                1.8383708000     1.0559799671     0.9647815824     0.3000000119    
Counter({np.int64(2): 2625, np.int64(1): 1751, np.int64(0): 874})
==== Stage 3: Domain-invariant + HardNCE ====
  (HardNCE disabled for M4 ablation)
epoch            total_loss       cls_loss         dis_loss         hard_loss       
0                2.2533531189     0.3664903343     1.8868627548     0               
  Source acc: 1.000000  |  Target acc: 0.884000
  Best target acc: 0.904000

======== ROUND 25 ========  [Ablation: M4]
==== Stage 1: SupCon Pre-training ====
epoch            total_loss       cls_loss        
0                0.0478029661     0.0478029661    
1                0.0827527642     0.0827527642    
==== Stage 2: Latent Domain PCL ====
epoch            total_loss       dis_loss         proto_loss       ent_pen_loss    
0                0.7374032736     0.5340008736     0.1853625178     0.1107210815    
Counter({np.int64(2): 2623, np.int64(1): 1748, np.int64(0): 879})
==== Stage 3: Domain-invariant + HardNCE ====
  (HardNCE disabled for M4 ablation)
epoch            total_loss       cls_loss         dis_loss         hard_loss       
0                1.0284764767     0.0732893273     0.9551872015     0               
  Source acc: 1.000000  |  Target acc: 0.888667
  Best target acc: 0.904000

======== ROUND 26 ========  [Ablation: M4]
==== Stage 1: SupCon Pre-training ====
epoch            total_loss       cls_loss        
0                0.1175218001     0.1175218001    
1                0.0529112481     0.0529112481    
==== Stage 2: Latent Domain PCL ====
epoch            total_loss       dis_loss         proto_loss       ent_pen_loss    
0                0.5722503066     0.4471493363     0.0287597645     0.1107210815    
Counter({np.int64(2): 2624, np.int64(1): 1752, np.int64(0): 874})
==== Stage 3: Domain-invariant + HardNCE ====
  (HardNCE disabled for M4 ablation)
epoch            total_loss       cls_loss         dis_loss         hard_loss       
0                0.3219312131     0.2227650583     0.0991661549     0               
  Source acc: 1.000000  |  Target acc: 0.886000
  Best target acc: 0.904000

======== ROUND 27 ========  [Ablation: M4]
==== Stage 1: SupCon Pre-training ====
epoch            total_loss       cls_loss        
0                5.1700987816     5.1700987816    
1                0.1840776652     0.1840776652    
==== Stage 2: Latent Domain PCL ====
epoch            total_loss       dis_loss         proto_loss       ent_pen_loss    
0                6.3437747955     3.1769657135     5.7336182594     0.3000000119    
Counter({np.int64(2): 2625, np.int64(1): 1750, np.int64(0): 875})
==== Stage 3: Domain-invariant + HardNCE ====
  (HardNCE disabled for M4 ablation)
epoch            total_loss       cls_loss         dis_loss         hard_loss       
0                0.8161233664     0.0756294355     0.7404939532     0               
  Source acc: 1.000000  |  Target acc: 0.896667
  Best target acc: 0.904000

======== ROUND 28 ========  [Ablation: M4]
==== Stage 1: SupCon Pre-training ====
epoch            total_loss       cls_loss        
0                0.0923773497     0.0923773497    
1                4.6737308502     4.6737308502    
==== Stage 2: Latent Domain PCL ====
epoch            total_loss       dis_loss         proto_loss       ent_pen_loss    
0                0.5708152056     0.3983139992     0.1235601902     0.1107210815    
Counter({np.int64(2): 2624, np.int64(1): 1750, np.int64(0): 876})
==== Stage 3: Domain-invariant + HardNCE ====
  (HardNCE disabled for M4 ablation)
epoch            total_loss       cls_loss         dis_loss         hard_loss       
0                1.6240824461     0.8328069448     0.7912755013     0               
  Source acc: 1.000000  |  Target acc: 0.885333
  Best target acc: 0.904000

======== ROUND 29 ========  [Ablation: M4]
==== Stage 1: SupCon Pre-training ====
epoch            total_loss       cls_loss        
0                0.0059049474     0.0059049474    
1                0.0247981511     0.0247981511    
==== Stage 2: Latent Domain PCL ====
epoch            total_loss       dis_loss         proto_loss       ent_pen_loss    
0                0.5370382071     0.4138987362     0.0248367377     0.1107210815    
Counter({np.int64(2): 2626, np.int64(1): 1752, np.int64(0): 872})
==== Stage 3: Domain-invariant + HardNCE ====
  (HardNCE disabled for M4 ablation)
epoch            total_loss       cls_loss         dis_loss         hard_loss       
0                0.9374328852     0.8817764521     0.0556564406     0               
  Source acc: 1.000000  |  Target acc: 0.889333
  Best target acc: 0.904000

======== ROUND 30 ========  [Ablation: M4]
==== Stage 1: SupCon Pre-training ====
epoch            total_loss       cls_loss        
0                0.3508087099     0.3508087099    
1                0.0381742530     0.0381742530    
==== Stage 2: Latent Domain PCL ====
epoch            total_loss       dis_loss         proto_loss       ent_pen_loss    
0                2.1454575062     1.0420618057     1.6067913771     0.3000000119    
Counter({np.int64(2): 2625, np.int64(1): 1750, np.int64(0): 875})
==== Stage 3: Domain-invariant + HardNCE ====
  (HardNCE disabled for M4 ablation)
epoch            total_loss       cls_loss         dis_loss         hard_loss       
0                0.7895800471     0.7594683170     0.0301117077     0               
  Source acc: 1.000000  |  Target acc: 0.888667
  Best target acc: 0.904000

======== ROUND 31 ========  [Ablation: M4]
==== Stage 1: SupCon Pre-training ====
epoch            total_loss       cls_loss        
0                0.1419802159     0.1419802159    
1                0.5570439100     0.5570439100    
==== Stage 2: Latent Domain PCL ====
epoch            total_loss       dis_loss         proto_loss       ent_pen_loss    
0                4.7663140297     2.8745617867     3.1835041046     0.3000000119    
Counter({np.int64(2): 2624, np.int64(1): 1751, np.int64(0): 875})
==== Stage 3: Domain-invariant + HardNCE ====
  (HardNCE disabled for M4 ablation)
epoch            total_loss       cls_loss         dis_loss         hard_loss       
0                1.1204066277     0.6790032983     0.4414033890     0               
  Source acc: 1.000000  |  Target acc: 0.882000
  Best target acc: 0.904000

======== ROUND 32 ========  [Ablation: M4]
==== Stage 1: SupCon Pre-training ====
epoch            total_loss       cls_loss        
0                0.0657411963     0.0657411963    
1                5.2635254860     5.2635254860    
==== Stage 2: Latent Domain PCL ====
epoch            total_loss       dis_loss         proto_loss       ent_pen_loss    
0                2.7298023701     1.6534676552     1.5526696444     0.3000000119    
Counter({np.int64(2): 2625, np.int64(1): 1751, np.int64(0): 874})
==== Stage 3: Domain-invariant + HardNCE ====
  (HardNCE disabled for M4 ablation)
epoch            total_loss       cls_loss         dis_loss         hard_loss       
0                1.5999298096     0.3697696328     1.2301602364     0               
  Source acc: 1.000000  |  Target acc: 0.882000
  Best target acc: 0.904000

======== ROUND 33 ========  [Ablation: M4]
==== Stage 1: SupCon Pre-training ====
epoch            total_loss       cls_loss        
0                0.1360189915     0.1360189915    
1                0.0643169656     0.0643169656    
==== Stage 2: Latent Domain PCL ====
epoch            total_loss       dis_loss         proto_loss       ent_pen_loss    
0                0.5780869722     0.4553302526     0.0240713526     0.1107210815    
Counter({np.int64(2): 2625, np.int64(1): 1753, np.int64(0): 872})
==== Stage 3: Domain-invariant + HardNCE ====
  (HardNCE disabled for M4 ablation)
epoch            total_loss       cls_loss         dis_loss         hard_loss       
0                1.3680132627     0.0984662399     1.2695469856     0               
  Source acc: 1.000000  |  Target acc: 0.893333
  Best target acc: 0.904000

======== ROUND 34 ========  [Ablation: M4]
==== Stage 1: SupCon Pre-training ====
epoch            total_loss       cls_loss        
0                0.0648851246     0.0648851246    
1                6.1405944824     6.1405944824    
==== Stage 2: Latent Domain PCL ====
epoch            total_loss       dis_loss         proto_loss       ent_pen_loss    
0                4.0974450111     2.9499471188     1.6949951649     0.3000000119    
Counter({np.int64(2): 2622, np.int64(1): 1753, np.int64(0): 875})
==== Stage 3: Domain-invariant + HardNCE ====
  (HardNCE disabled for M4 ablation)
epoch            total_loss       cls_loss         dis_loss         hard_loss       
0                0.0701474547     0.0365849212     0.0335625336     0               
  Source acc: 1.000000  |  Target acc: 0.895333
  Best target acc: 0.904000

======== ROUND 35 ========  [Ablation: M4]
==== Stage 1: SupCon Pre-training ====
epoch            total_loss       cls_loss        
0                0.0495270826     0.0495270826    
1                0.0645478740     0.0645478740    
==== Stage 2: Latent Domain PCL ====
epoch            total_loss       dis_loss         proto_loss       ent_pen_loss    
0                0.6112153530     0.4962154329     0.0085576829     0.1107210815    
Counter({np.int64(2): 2631, np.int64(1): 1752, np.int64(0): 867})
==== Stage 3: Domain-invariant + HardNCE ====
  (HardNCE disabled for M4 ablation)
epoch            total_loss       cls_loss         dis_loss         hard_loss       
0                1.4969044924     0.0478289984     1.4490754604     0               
  Source acc: 1.000000  |  Target acc: 0.888667
  Best target acc: 0.904000

======== ROUND 36 ========  [Ablation: M4]
==== Stage 1: SupCon Pre-training ====
epoch            total_loss       cls_loss        
0                0.0270088594     0.0270088594    
1                0.0207942910     0.0207942910    
==== Stage 2: Latent Domain PCL ====
epoch            total_loss       dis_loss         proto_loss       ent_pen_loss    
0                1.5178780556     1.4005922079     0.0131294718     0.1107210815    
Counter({np.int64(2): 1768, np.int64(1): 1754, np.int64(0): 1728})
==== Stage 3: Domain-invariant + HardNCE ====
  (HardNCE disabled for M4 ablation)
epoch            total_loss       cls_loss         dis_loss         hard_loss       
0                0.0915124267     0.0372338034     0.0542786270     0               
  Source acc: 1.000000  |  Target acc: 0.892667
  Best target acc: 0.904000

======== ROUND 37 ========  [Ablation: M4]
==== Stage 1: SupCon Pre-training ====
epoch            total_loss       cls_loss        
0                0.0893758759     0.0893758759    
1                0.4771268070     0.4771268070    
==== Stage 2: Latent Domain PCL ====
epoch            total_loss       dis_loss         proto_loss       ent_pen_loss    
0                0.5177791119     0.4036665559     0.0067829918     0.1107210815    
Counter({np.int64(1): 1751, np.int64(0): 1750, np.int64(2): 1749})
==== Stage 3: Domain-invariant + HardNCE ====
  (HardNCE disabled for M4 ablation)
epoch            total_loss       cls_loss         dis_loss         hard_loss       
0                0.4874401391     0.0404884741     0.4469516575     0               
  Source acc: 1.000000  |  Target acc: 0.901333
  Best target acc: 0.904000

======== ROUND 38 ========  [Ablation: M4]
==== Stage 1: SupCon Pre-training ====
epoch            total_loss       cls_loss        
0                0.0280579329     0.0280579329    
1                0.1588881463     0.1588881463    
==== Stage 2: Latent Domain PCL ====
epoch            total_loss       dis_loss         proto_loss       ent_pen_loss    
0                0.8863067627     0.7698445320     0.0114823105     0.1107210815    
Counter({np.int64(0): 1755, np.int64(1): 1749, np.int64(2): 1746})
==== Stage 3: Domain-invariant + HardNCE ====
  (HardNCE disabled for M4 ablation)
epoch            total_loss       cls_loss         dis_loss         hard_loss       
0                0.1276561618     0.0755546987     0.0521014556     0               
  Source acc: 1.000000  |  Target acc: 0.890667
  Best target acc: 0.904000

======== ROUND 39 ========  [Ablation: M4]
==== Stage 1: SupCon Pre-training ====
epoch            total_loss       cls_loss        
0                0.0409345478     0.0409345478    
1                6.4418492317     6.4418492317    
==== Stage 2: Latent Domain PCL ====
epoch            total_loss       dis_loss         proto_loss       ent_pen_loss    
0                0.6194097996     0.4749706984     0.0674361289     0.1107210815    
Counter({np.int64(0): 1755, np.int64(1): 1749, np.int64(2): 1746})
==== Stage 3: Domain-invariant + HardNCE ====
  (HardNCE disabled for M4 ablation)
epoch            total_loss       cls_loss         dis_loss         hard_loss       
0                0.0704726949     0.0192072242     0.0512654707     0               
  Source acc: 1.000000  |  Target acc: 0.889333
  Best target acc: 0.904000

======== ROUND 40 ========  [Ablation: M4]
==== Stage 1: SupCon Pre-training ====
epoch            total_loss       cls_loss        
0                0.0060202423     0.0060202423    
1                0.0303594004     0.0303594004    
==== Stage 2: Latent Domain PCL ====
epoch            total_loss       dis_loss         proto_loss       ent_pen_loss    
0                1.7328503132     1.6183853149     0.0074876989     0.1107210815    
Counter({np.int64(0): 2191, np.int64(2): 1758, np.int64(1): 1301})
==== Stage 3: Domain-invariant + HardNCE ====
  (HardNCE disabled for M4 ablation)
epoch            total_loss       cls_loss         dis_loss         hard_loss       
0                9.0085582733     6.5290908813     2.4794673920     0               
  Source acc: 1.000000  |  Target acc: 0.898000
  Best target acc: 0.904000

======== ROUND 41 ========  [Ablation: M4]
==== Stage 1: SupCon Pre-training ====
epoch            total_loss       cls_loss        
0                0.0458558314     0.0458558314    
1                0.0226542782     0.0226542782    
==== Stage 2: Latent Domain PCL ====
epoch            total_loss       dis_loss         proto_loss       ent_pen_loss    
0                0.6051546335     0.4340530038     0.1207610071     0.1107210815    
Counter({np.int64(0): 2597, np.int64(2): 1748, np.int64(1): 905})
==== Stage 3: Domain-invariant + HardNCE ====
  (HardNCE disabled for M4 ablation)
epoch            total_loss       cls_loss         dis_loss         hard_loss       
0                1.5767445564     0.0301311053     1.5466134548     0               
  Source acc: 1.000000  |  Target acc: 0.899333
  Best target acc: 0.904000

======== ROUND 42 ========  [Ablation: M4]
==== Stage 1: SupCon Pre-training ====
epoch            total_loss       cls_loss        
0                0.1320867687     0.1320867687    
1                5.4938559532     5.4938559532    
==== Stage 2: Latent Domain PCL ====
epoch            total_loss       dis_loss         proto_loss       ent_pen_loss    
0                0.9434423447     0.8038693666     0.0577038452     0.1107210815    
Counter({np.int64(0): 2628, np.int64(2): 1741, np.int64(1): 881})
==== Stage 3: Domain-invariant + HardNCE ====
  (HardNCE disabled for M4 ablation)
epoch            total_loss       cls_loss         dis_loss         hard_loss       
0                0.1005602628     0.0166029036     0.0839573592     0               
  Source acc: 1.000000  |  Target acc: 0.902000
  Best target acc: 0.904000

======== ROUND 43 ========  [Ablation: M4]
==== Stage 1: SupCon Pre-training ====
epoch            total_loss       cls_loss        
0                0.0174682960     0.0174682960    
1                0.1723560989     0.1723560989    
==== Stage 2: Latent Domain PCL ====
epoch            total_loss       dis_loss         proto_loss       ent_pen_loss    
0                4.4951477051     2.7225832939     2.9451284409     0.3000000119    
Counter({np.int64(0): 2627, np.int64(2): 1593, np.int64(1): 1030})
==== Stage 3: Domain-invariant + HardNCE ====
  (HardNCE disabled for M4 ablation)
epoch            total_loss       cls_loss         dis_loss         hard_loss       
0                0.6196569204     0.0088911206     0.6107658148     0               
  Source acc: 1.000000  |  Target acc: 0.903333
  Best target acc: 0.904000

======== ROUND 44 ========  [Ablation: M4]
==== Stage 1: SupCon Pre-training ====
epoch            total_loss       cls_loss        
0                0.4207369387     0.4207369387    
1                0.0497838557     0.0497838557    
==== Stage 2: Latent Domain PCL ====
epoch            total_loss       dis_loss         proto_loss       ent_pen_loss    
0                4.3311557770     2.9994297028     2.0634517670     0.3000000119    
Counter({np.int64(0): 2637, np.int64(1): 1617, np.int64(2): 996})
==== Stage 3: Domain-invariant + HardNCE ====
  (HardNCE disabled for M4 ablation)
epoch            total_loss       cls_loss         dis_loss         hard_loss       
0                1.2391526699     0.0392169133     1.1999357939     0               
  Source acc: 1.000000  |  Target acc: 0.900000
  Best target acc: 0.904000

======== ROUND 45 ========  [Ablation: M4]
==== Stage 1: SupCon Pre-training ====
epoch            total_loss       cls_loss        
0                0.0534119271     0.0534119271    
1                0.0242196694     0.0242196694    
==== Stage 2: Latent Domain PCL ====
epoch            total_loss       dis_loss         proto_loss       ent_pen_loss    
0                1.0711748600     0.9559750557     0.0089574344     0.1107210815    
Counter({np.int64(0): 2636, np.int64(1): 1689, np.int64(2): 925})
==== Stage 3: Domain-invariant + HardNCE ====
  (HardNCE disabled for M4 ablation)
epoch            total_loss       cls_loss         dis_loss         hard_loss       
0                7.6999034882     4.6350355148     3.0648679733     0               
  Source acc: 1.000000  |  Target acc: 0.898000
  Best target acc: 0.904000

======== ROUND 46 ========  [Ablation: M4]
==== Stage 1: SupCon Pre-training ====
epoch            total_loss       cls_loss        
0                0.0169138666     0.0169138666    
1                0.0525792949     0.0525792949    
==== Stage 2: Latent Domain PCL ====
epoch            total_loss       dis_loss         proto_loss       ent_pen_loss    
0                2.0526814461     1.2213969231     1.0625689030     0.3000000119    
Counter({np.int64(0): 2625, np.int64(1): 1729, np.int64(2): 896})
==== Stage 3: Domain-invariant + HardNCE ====
  (HardNCE disabled for M4 ablation)
epoch            total_loss       cls_loss         dis_loss         hard_loss       
0                0.5449279547     0.0477079265     0.4972200096     0               
  Source acc: 1.000000  |  Target acc: 0.890667
  Best target acc: 0.904000

======== ROUND 47 ========  [Ablation: M4]
==== Stage 1: SupCon Pre-training ====
epoch            total_loss       cls_loss        
0                0.0119623402     0.0119623402    
1                0.0461023264     0.0461023264    
==== Stage 2: Latent Domain PCL ====
epoch            total_loss       dis_loss         proto_loss       ent_pen_loss    
0                3.8262164593     2.7897086143     1.4730157852     0.3000000119    
Counter({np.int64(0): 2479, np.int64(1): 1749, np.int64(2): 1022})
==== Stage 3: Domain-invariant + HardNCE ====
  (HardNCE disabled for M4 ablation)
epoch            total_loss       cls_loss         dis_loss         hard_loss       
0                0.2073398679     0.0416259430     0.1657139212     0               
  Source acc: 1.000000  |  Target acc: 0.905333
  Best target acc: 0.905333

======== ROUND 48 ========  [Ablation: M4]
==== Stage 1: SupCon Pre-training ====
epoch            total_loss       cls_loss        
0                0.0176365264     0.0176365264    
1                6.3031196594     6.3031196594    
==== Stage 2: Latent Domain PCL ====
epoch            total_loss       dis_loss         proto_loss       ent_pen_loss    
0                3.7501270771     2.3857626915     2.1287288666     0.3000000119    
Counter({np.int64(0): 1801, np.int64(1): 1752, np.int64(2): 1697})
==== Stage 3: Domain-invariant + HardNCE ====
  (HardNCE disabled for M4 ablation)
epoch            total_loss       cls_loss         dis_loss         hard_loss       
0                0.2939148545     0.0176546965     0.2762601674     0               
  Source acc: 1.000000  |  Target acc: 0.894667
  Best target acc: 0.905333

======== ROUND 49 ========  [Ablation: M4]
==== Stage 1: SupCon Pre-training ====
epoch            total_loss       cls_loss        
0                0.0110612344     0.0110612344    
1                0.0157522932     0.0157522932    
==== Stage 2: Latent Domain PCL ====
epoch            total_loss       dis_loss         proto_loss       ent_pen_loss    
0                1.5001993179     1.3812193871     0.0165175311     0.1107210815    
Counter({np.int64(0): 1803, np.int64(1): 1743, np.int64(2): 1704})
==== Stage 3: Domain-invariant + HardNCE ====
  (HardNCE disabled for M4 ablation)
epoch            total_loss       cls_loss         dis_loss         hard_loss       
0                7.9932789803     5.0300903320     2.9631886482     0               
  Source acc: 1.000000  |  Target acc: 0.893333
  Best target acc: 0.905333
[ConfMatrix] saved to log/abl_widar1ap_cross_user_M4_s2 (cm shape=(6, 6))

Results saved to log/abl_widar1ap_cross_user_M4_s2
acc.txt: log/abl_widar1ap_cross_user_M4_s2/acc.txt
bestacc.txt: log/abl_widar1ap_cross_user_M4_s2/bestacc.txt
