[Seed] global random seed set to 0

[Ablation Mode] M0
[XRF55Dataset] loaded 3840 samples from 1 dirs
[XRF55Dataset] loaded 960 samples from 1 dirs
[XRF55Dataset] loaded 3840 samples from 1 dirs
Train set size: 3840 samples, 120 batches
Test set size:  960 samples, 30 batches
Source eval size: 3840 samples

[Direction Sensitivity] Manual weights (dir_w=0.5): {0: 0.0, 1: 0.5, 2: 0.5, 3: 0.5, 4: 0.5, 5: 0.5, 6: 0.5, 7: 0.5}

======== ROUND 0 ========  [Ablation: M0]
==== M0 Baseline: CE Only ====
epoch            total_loss       cls_loss        
0                1.4423096180     1.4423096180    
1                0.6710799932     0.6710799932    
2                1.0242639780     1.0242639780    
3                0.4043398798     0.4043398798    
  Source acc: 0.886458  |  Target acc: 0.501042
  Best target acc: 0.501042

======== ROUND 1 ========  [Ablation: M0]
==== M0 Baseline: CE Only ====
epoch            total_loss       cls_loss        
0                0.2865159512     0.2865159512    
1                0.6754477024     0.6754477024    
2                0.3455461860     0.3455461860    
3                0.3050284982     0.3050284982    
  Source acc: 0.974219  |  Target acc: 0.545833
  Best target acc: 0.545833

======== ROUND 2 ========  [Ablation: M0]
==== M0 Baseline: CE Only ====
epoch            total_loss       cls_loss        
0                0.4034885466     0.4034885466    
1                0.1243998930     0.1243998930    
2                0.2543845773     0.2543845773    
3                0.1408412904     0.1408412904    
  Source acc: 0.978646  |  Target acc: 0.514583
  Best target acc: 0.545833

======== ROUND 3 ========  [Ablation: M0]
==== M0 Baseline: CE Only ====
epoch            total_loss       cls_loss        
0                0.1102965400     0.1102965400    
1                0.2013391256     0.2013391256    
2                0.1156029105     0.1156029105    
3                0.0599567778     0.0599567778    
  Source acc: 0.982812  |  Target acc: 0.492708
  Best target acc: 0.545833

======== ROUND 4 ========  [Ablation: M0]
==== M0 Baseline: CE Only ====
epoch            total_loss       cls_loss        
0                0.1862345934     0.1862345934    
1                0.3161514699     0.3161514699    
2                0.1098257303     0.1098257303    
3                0.0799424127     0.0799424127    
  Source acc: 0.997135  |  Target acc: 0.561458
  Best target acc: 0.561458

======== ROUND 5 ========  [Ablation: M0]
==== M0 Baseline: CE Only ====
epoch            total_loss       cls_loss        
0                0.1155382097     0.1155382097    
1                0.1092607155     0.1092607155    
2                0.0620819181     0.0620819181    
3                0.0500509851     0.0500509851    
  Source acc: 0.989844  |  Target acc: 0.557292
  Best target acc: 0.561458

======== ROUND 6 ========  [Ablation: M0]
==== M0 Baseline: CE Only ====
epoch            total_loss       cls_loss        
0                0.0478552058     0.0478552058    
1                0.1178699583     0.1178699583    
2                0.2609474957     0.2609474957    
3                0.0172854997     0.0172854997    
  Source acc: 0.978646  |  Target acc: 0.502083
  Best target acc: 0.561458

======== ROUND 7 ========  [Ablation: M0]
==== M0 Baseline: CE Only ====
epoch            total_loss       cls_loss        
0                0.1903248429     0.1903248429    
1                0.0593580753     0.0593580753    
2                0.2566519082     0.2566519082    
3                0.1136598885     0.1136598885    
  Source acc: 0.993490  |  Target acc: 0.584375
  Best target acc: 0.584375

======== ROUND 8 ========  [Ablation: M0]
==== M0 Baseline: CE Only ====
epoch            total_loss       cls_loss        
0                0.1133587435     0.1133587435    
1                0.1435091197     0.1435091197    
2                0.0604708046     0.0604708046    
3                0.1657856107     0.1657856107    
  Source acc: 0.990365  |  Target acc: 0.511458
  Best target acc: 0.584375

======== ROUND 9 ========  [Ablation: M0]
==== M0 Baseline: CE Only ====
epoch            total_loss       cls_loss        
0                0.0695767328     0.0695767328    
1                0.2013930380     0.2013930380    
2                0.0393017605     0.0393017605    
3                0.1353034079     0.1353034079    
  Source acc: 0.990625  |  Target acc: 0.539583
  Best target acc: 0.584375

======== ROUND 10 ========  [Ablation: M0]
==== M0 Baseline: CE Only ====
epoch            total_loss       cls_loss        
0                0.0079965591     0.0079965591    
1                0.0422964171     0.0422964171    
2                0.1498883069     0.1498883069    
3                0.0052727121     0.0052727121    
  Source acc: 1.000000  |  Target acc: 0.596875
  Best target acc: 0.596875

======== ROUND 11 ========  [Ablation: M0]
==== M0 Baseline: CE Only ====
epoch            total_loss       cls_loss        
0                0.0320178047     0.0320178047    
1                0.0399360880     0.0399360880    
2                0.0059095067     0.0059095067    
3                0.0027726172     0.0027726172    
  Source acc: 1.000000  |  Target acc: 0.598958
  Best target acc: 0.598958

======== ROUND 12 ========  [Ablation: M0]
==== M0 Baseline: CE Only ====
epoch            total_loss       cls_loss        
0                0.0215270892     0.0215270892    
1                0.0206515193     0.0206515193    
2                0.0061716009     0.0061716009    
3                0.0023989549     0.0023989549    
  Source acc: 1.000000  |  Target acc: 0.598958
  Best target acc: 0.598958

======== ROUND 13 ========  [Ablation: M0]
==== M0 Baseline: CE Only ====
epoch            total_loss       cls_loss        
0                0.0491303131     0.0491303131    
1                0.0021691900     0.0021691900    
2                0.0056440616     0.0056440616    
3                0.0109010302     0.0109010302    
  Source acc: 1.000000  |  Target acc: 0.590625
  Best target acc: 0.598958

======== ROUND 14 ========  [Ablation: M0]
==== M0 Baseline: CE Only ====
epoch            total_loss       cls_loss        
0                0.0240872148     0.0240872148    
1                0.0041703852     0.0041703852    
2                0.0084821889     0.0084821889    
3                0.0070476956     0.0070476956    
  Source acc: 1.000000  |  Target acc: 0.592708
  Best target acc: 0.598958

======== ROUND 15 ========  [Ablation: M0]
==== M0 Baseline: CE Only ====
epoch            total_loss       cls_loss        
0                0.0168585125     0.0168585125    
1                0.0130110001     0.0130110001    
2                0.0050713434     0.0050713434    
3                0.0009207146     0.0009207146    
  Source acc: 1.000000  |  Target acc: 0.593750
  Best target acc: 0.598958

======== ROUND 16 ========  [Ablation: M0]
==== M0 Baseline: CE Only ====
epoch            total_loss       cls_loss        
0                0.0008607684     0.0008607684    
1                0.0826370642     0.0826370642    
2                0.0305874180     0.0305874180    
3                0.0034138095     0.0034138095    
  Source acc: 1.000000  |  Target acc: 0.593750
  Best target acc: 0.598958

======== ROUND 17 ========  [Ablation: M0]
==== M0 Baseline: CE Only ====
epoch            total_loss       cls_loss        
0                0.0021468531     0.0021468531    
1                0.0015203733     0.0015203733    
2                0.0074881595     0.0074881595    
3                0.0022547226     0.0022547226    
  Source acc: 1.000000  |  Target acc: 0.584375
  Best target acc: 0.598958

======== ROUND 18 ========  [Ablation: M0]
==== M0 Baseline: CE Only ====
epoch            total_loss       cls_loss        
0                0.0091750761     0.0091750761    
1                0.0017896821     0.0017896821    
2                0.0030990462     0.0030990462    
3                0.0385365412     0.0385365412    
  Source acc: 1.000000  |  Target acc: 0.585417
  Best target acc: 0.598958

======== ROUND 19 ========  [Ablation: M0]
==== M0 Baseline: CE Only ====
epoch            total_loss       cls_loss        
0                0.0011295865     0.0011295865    
1                0.0024539398     0.0024539398    
2                0.0016765199     0.0016765199    
3                0.0047548856     0.0047548856    
  Source acc: 1.000000  |  Target acc: 0.594792
  Best target acc: 0.598958

======== ROUND 20 ========  [Ablation: M0]
==== M0 Baseline: CE Only ====
epoch            total_loss       cls_loss        
0                0.0011176427     0.0011176427    
1                0.0071204370     0.0071204370    
2                0.0021826159     0.0021826159    
3                0.0006551695     0.0006551695    
  Source acc: 1.000000  |  Target acc: 0.601042
  Best target acc: 0.601042

======== ROUND 21 ========  [Ablation: M0]
==== M0 Baseline: CE Only ====
epoch            total_loss       cls_loss        
0                0.0018093658     0.0018093658    
1                0.0021077641     0.0021077641    
2                0.0013712888     0.0013712888    
3                0.0032906281     0.0032906281    
  Source acc: 1.000000  |  Target acc: 0.601042
  Best target acc: 0.601042

======== ROUND 22 ========  [Ablation: M0]
==== M0 Baseline: CE Only ====
epoch            total_loss       cls_loss        
0                0.0031738442     0.0031738442    
1                0.0021933313     0.0021933313    
2                0.0011681604     0.0011681604    
3                0.0015922241     0.0015922241    
  Source acc: 1.000000  |  Target acc: 0.604167
  Best target acc: 0.604167

======== ROUND 23 ========  [Ablation: M0]
==== M0 Baseline: CE Only ====
epoch            total_loss       cls_loss        
0                0.0015166982     0.0015166982    
1                0.0007826427     0.0007826427    
2                0.0010472911     0.0010472911    
3                0.0040835598     0.0040835598    
  Source acc: 1.000000  |  Target acc: 0.603125
  Best target acc: 0.604167

======== ROUND 24 ========  [Ablation: M0]
==== M0 Baseline: CE Only ====
epoch            total_loss       cls_loss        
0                0.0033086278     0.0033086278    
1                0.0008452126     0.0008452126    
2                0.0005291722     0.0005291722    
3                0.0003717865     0.0003717865    
  Source acc: 1.000000  |  Target acc: 0.603125
  Best target acc: 0.604167

======== ROUND 25 ========  [Ablation: M0]
==== M0 Baseline: CE Only ====
epoch            total_loss       cls_loss        
0                0.0003334532     0.0003334532    
1                0.0016020474     0.0016020474    
2                0.0006125168     0.0006125168    
3                0.0023094304     0.0023094304    
  Source acc: 1.000000  |  Target acc: 0.602083
  Best target acc: 0.604167

======== ROUND 26 ========  [Ablation: M0]
==== M0 Baseline: CE Only ====
epoch            total_loss       cls_loss        
0                0.0311387535     0.0311387535    
1                0.0026549224     0.0026549224    
2                0.0026728306     0.0026728306    
3                0.0018784653     0.0018784653    
  Source acc: 1.000000  |  Target acc: 0.608333
  Best target acc: 0.608333

======== ROUND 27 ========  [Ablation: M0]
==== M0 Baseline: CE Only ====
epoch            total_loss       cls_loss        
0                0.0010770496     0.0010770496    
1                0.0023607735     0.0023607735    
2                0.0009949072     0.0009949072    
3                0.0052740672     0.0052740672    
  Source acc: 1.000000  |  Target acc: 0.605208
  Best target acc: 0.608333

======== ROUND 28 ========  [Ablation: M0]
==== M0 Baseline: CE Only ====
epoch            total_loss       cls_loss        
0                0.0004322285     0.0004322285    
1                0.0026515680     0.0026515680    
2                0.0005916388     0.0005916388    
3                0.0064634755     0.0064634755    
  Source acc: 1.000000  |  Target acc: 0.610417
  Best target acc: 0.610417

======== ROUND 29 ========  [Ablation: M0]
==== M0 Baseline: CE Only ====
epoch            total_loss       cls_loss        
0                0.0006423545     0.0006423545    
1                0.0002834004     0.0002834004    
2                0.0004049044     0.0004049044    
3                0.0030563651     0.0030563651    
  Source acc: 1.000000  |  Target acc: 0.604167
  Best target acc: 0.610417

======== ROUND 30 ========  [Ablation: M0]
==== M0 Baseline: CE Only ====
epoch            total_loss       cls_loss        
0                0.0052974075     0.0052974075    
1                0.0020118309     0.0020118309    
2                0.0003593511     0.0003593511    
3                0.0016849401     0.0016849401    
  Source acc: 1.000000  |  Target acc: 0.608333
  Best target acc: 0.610417

======== ROUND 31 ========  [Ablation: M0]
==== M0 Baseline: CE Only ====
epoch            total_loss       cls_loss        
0                0.0012289977     0.0012289977    
1                0.0101274401     0.0101274401    
2                0.0004419540     0.0004419540    
3                0.0007636057     0.0007636057    
  Source acc: 1.000000  |  Target acc: 0.598958
  Best target acc: 0.610417

======== ROUND 32 ========  [Ablation: M0]
==== M0 Baseline: CE Only ====
epoch            total_loss       cls_loss        
0                0.0031777117     0.0031777117    
1                0.0003549057     0.0003549057    
2                0.0056333318     0.0056333318    
3                0.0176319089     0.0176319089    
  Source acc: 1.000000  |  Target acc: 0.602083
  Best target acc: 0.610417

======== ROUND 33 ========  [Ablation: M0]
==== M0 Baseline: CE Only ====
epoch            total_loss       cls_loss        
0                0.0012584224     0.0012584224    
1                0.0019035338     0.0019035338    
2                0.0004924987     0.0004924987    
3                0.0076229083     0.0076229083    
  Source acc: 1.000000  |  Target acc: 0.601042
  Best target acc: 0.610417

======== ROUND 34 ========  [Ablation: M0]
==== M0 Baseline: CE Only ====
epoch            total_loss       cls_loss        
0                0.0009142788     0.0009142788    
1                0.0011178411     0.0011178411    
2                0.0531979911     0.0531979911    
3                0.0016926660     0.0016926660    
  Source acc: 1.000000  |  Target acc: 0.597917
  Best target acc: 0.610417

======== ROUND 35 ========  [Ablation: M0]
==== M0 Baseline: CE Only ====
epoch            total_loss       cls_loss        
0                0.0066639306     0.0066639306    
1                0.0030406849     0.0030406849    
2                0.0017216719     0.0017216719    
3                0.0009971464     0.0009971464    
  Source acc: 1.000000  |  Target acc: 0.603125
  Best target acc: 0.610417

======== ROUND 36 ========  [Ablation: M0]
==== M0 Baseline: CE Only ====
epoch            total_loss       cls_loss        
0                0.0005995076     0.0005995076    
1                0.0226497892     0.0226497892    
2                0.0019878973     0.0019878973    
3                0.0008462698     0.0008462698    
  Source acc: 1.000000  |  Target acc: 0.608333
  Best target acc: 0.610417

======== ROUND 37 ========  [Ablation: M0]
==== M0 Baseline: CE Only ====
epoch            total_loss       cls_loss        
0                0.0007138377     0.0007138377    
1                0.0025998973     0.0025998973    
2                0.0024075506     0.0024075506    
3                0.0008595531     0.0008595531    
  Source acc: 1.000000  |  Target acc: 0.608333
  Best target acc: 0.610417

======== ROUND 38 ========  [Ablation: M0]
==== M0 Baseline: CE Only ====
epoch            total_loss       cls_loss        
0                0.0004312397     0.0004312397    
1                0.0007842785     0.0007842785    
2                0.0696470439     0.0696470439    
3                0.0006771343     0.0006771343    
  Source acc: 1.000000  |  Target acc: 0.608333
  Best target acc: 0.610417

======== ROUND 39 ========  [Ablation: M0]
==== M0 Baseline: CE Only ====
epoch            total_loss       cls_loss        
0                0.0063137915     0.0063137915    
1                0.0018352387     0.0018352387    
2                0.0065177148     0.0065177148    
3                0.0019600405     0.0019600405    
  Source acc: 1.000000  |  Target acc: 0.603125
  Best target acc: 0.610417

======== ROUND 40 ========  [Ablation: M0]
==== M0 Baseline: CE Only ====
epoch            total_loss       cls_loss        
0                0.0490221232     0.0490221232    
1                0.0019425472     0.0019425472    
2                0.0006519994     0.0006519994    
3                0.0001931677     0.0001931677    
  Source acc: 1.000000  |  Target acc: 0.611458
  Best target acc: 0.611458

======== ROUND 41 ========  [Ablation: M0]
==== M0 Baseline: CE Only ====
epoch            total_loss       cls_loss        
0                0.0037808211     0.0037808211    
1                0.0039353049     0.0039353049    
2                0.0004306023     0.0004306023    
3                0.0007462847     0.0007462847    
  Source acc: 1.000000  |  Target acc: 0.610417
  Best target acc: 0.611458

======== ROUND 42 ========  [Ablation: M0]
==== M0 Baseline: CE Only ====
epoch            total_loss       cls_loss        
0                0.0007705386     0.0007705386    
1                0.0002253020     0.0002253020    
2                0.0011824447     0.0011824447    
3                0.0007486684     0.0007486684    
  Source acc: 1.000000  |  Target acc: 0.610417
  Best target acc: 0.611458

======== ROUND 43 ========  [Ablation: M0]
==== M0 Baseline: CE Only ====
epoch            total_loss       cls_loss        
0                0.0013363722     0.0013363722    
1                0.0003932212     0.0003932212    
2                0.0007220255     0.0007220255    
3                0.0013600193     0.0013600193    
  Source acc: 1.000000  |  Target acc: 0.600000
  Best target acc: 0.611458

======== ROUND 44 ========  [Ablation: M0]
==== M0 Baseline: CE Only ====
epoch            total_loss       cls_loss        
0                0.0022316258     0.0022316258    
1                0.0028255971     0.0028255971    
2                0.0017852554     0.0017852554    
3                0.0007162213     0.0007162213    
  Source acc: 1.000000  |  Target acc: 0.607292
  Best target acc: 0.611458

======== ROUND 45 ========  [Ablation: M0]
==== M0 Baseline: CE Only ====
epoch            total_loss       cls_loss        
0                0.0901035368     0.0901035368    
1                0.0113557456     0.0113557456    
2                0.0064511672     0.0064511672    
3                0.0018078450     0.0018078450    
  Source acc: 1.000000  |  Target acc: 0.603125
  Best target acc: 0.611458

======== ROUND 46 ========  [Ablation: M0]
==== M0 Baseline: CE Only ====
epoch            total_loss       cls_loss        
0                0.0053323298     0.0053323298    
1                0.0010962277     0.0010962277    
2                0.0089624440     0.0089624440    
3                0.0004700394     0.0004700394    
  Source acc: 1.000000  |  Target acc: 0.605208
  Best target acc: 0.611458

======== ROUND 47 ========  [Ablation: M0]
==== M0 Baseline: CE Only ====
epoch            total_loss       cls_loss        
0                0.0297838263     0.0297838263    
1                0.0006436017     0.0006436017    
2                0.0134493001     0.0134493001    
3                0.0004404149     0.0004404149    
  Source acc: 1.000000  |  Target acc: 0.605208
  Best target acc: 0.611458

======== ROUND 48 ========  [Ablation: M0]
==== M0 Baseline: CE Only ====
epoch            total_loss       cls_loss        
0                0.0021364954     0.0021364954    
1                0.0010940450     0.0010940450    
2                0.0022154304     0.0022154304    
3                0.0020347741     0.0020347741    
  Source acc: 1.000000  |  Target acc: 0.596875
  Best target acc: 0.611458

======== ROUND 49 ========  [Ablation: M0]
==== M0 Baseline: CE Only ====
epoch            total_loss       cls_loss        
0                0.0011160428     0.0011160428    
1                0.0012900026     0.0012900026    
2                0.0006721115     0.0006721115    
3                0.0043941569     0.0043941569    
  Source acc: 1.000000  |  Target acc: 0.602083
  Best target acc: 0.611458
[ConfMatrix] saved to log/abl_xrf_cross_user_M0_s0 (cm shape=(8, 8))

Results saved to log/abl_xrf_cross_user_M0_s0
acc.txt: log/abl_xrf_cross_user_M0_s0/acc.txt
bestacc.txt: log/abl_xrf_cross_user_M0_s0/bestacc.txt
