[Queue] jobset=widar2  total=50  pending=50  (skip 0 done)
[start] GPU0 slot0  abl_widar1ap_cross_loc_M0_s0
[start] GPU0 slot1  abl_widar1ap_cross_loc_M0_s1
[start] GPU0 slot2  abl_widar1ap_cross_loc_M0_s2
[start] GPU1 slot0  abl_widar1ap_cross_loc_M0_s3
[start] GPU1 slot1  abl_widar1ap_cross_loc_M0_s4
[start] GPU1 slot2  abl_widar1ap_cross_loc_M1_s0
[start] GPU2 slot0  abl_widar1ap_cross_loc_M1_s1
[start] GPU2 slot1  abl_widar1ap_cross_loc_M1_s2
[start] GPU2 slot2  abl_widar1ap_cross_loc_M1_s3
[start] GPU3 slot0  abl_widar1ap_cross_loc_M1_s4
[start] GPU3 slot1  abl_widar1ap_cross_loc_M2_s0
[start] GPU3 slot2  abl_widar1ap_cross_loc_M2_s1
[done 1/50] abl_widar1ap_cross_loc_M2_s1  OK bestacc=0.974074
[start] GPU3 slot2  abl_widar1ap_cross_loc_M2_s2
[done 2/50] abl_widar1ap_cross_loc_M2_s0  OK bestacc=0.979259
[start] GPU3 slot1  abl_widar1ap_cross_loc_M2_s3
[done 3/50] abl_widar1ap_cross_loc_M0_s0  OK bestacc=0.976296
[done 4/50] abl_widar1ap_cross_loc_M0_s1  OK bestacc=0.976296
[done 5/50] abl_widar1ap_cross_loc_M0_s2  OK bestacc=0.978519
[done 6/50] abl_widar1ap_cross_loc_M0_s3  OK bestacc=0.982963
[start] GPU0 slot0  abl_widar1ap_cross_loc_M2_s4
[start] GPU0 slot1  abl_widar1ap_cross_loc_M4_s0
[start] GPU0 slot2  abl_widar1ap_cross_loc_M4_s1
[start] GPU1 slot0  abl_widar1ap_cross_loc_M4_s2
[done 7/50] abl_widar1ap_cross_loc_M0_s4  OK bestacc=0.978519
[start] GPU1 slot1  abl_widar1ap_cross_loc_M4_s3
[done 8/50] abl_widar1ap_cross_loc_M1_s1  OK bestacc=0.978519
[start] GPU2 slot0  abl_widar1ap_cross_loc_M4_s4
[done 9/50] abl_widar1ap_cross_loc_M1_s0  OK bestacc=0.982222
[done 10/50] abl_widar1ap_cross_loc_M1_s2  OK bestacc=0.979259
[done 11/50] abl_widar1ap_cross_loc_M1_s3  OK bestacc=0.980741
[done 12/50] abl_widar1ap_cross_loc_M1_s4  OK bestacc=0.978519
[start] GPU1 slot2  abl_widar1ap_cross_loc_full_s0
[start] GPU2 slot1  abl_widar1ap_cross_loc_full_s1
[start] GPU2 slot2  abl_widar1ap_cross_loc_full_s2
[start] GPU3 slot0  abl_widar1ap_cross_loc_full_s3
[done 13/50] abl_widar1ap_cross_loc_M2_s2  OK bestacc=0.978519
[start] GPU3 slot2  abl_widar1ap_cross_loc_full_s4
[done 14/50] abl_widar1ap_cross_loc_M2_s3  OK bestacc=0.980741
[start] GPU3 slot1  abl_widar1ap_cross_user_M0_s0
[done 15/50] abl_widar1ap_cross_loc_M2_s4  OK bestacc=0.980741
[start] GPU0 slot0  abl_widar1ap_cross_user_M0_s1
[done 16/50] abl_widar1ap_cross_loc_M4_s1  OK bestacc=0.972593
[done 17/50] abl_widar1ap_cross_loc_M4_s3  OK bestacc=0.983704
[start] GPU0 slot2  abl_widar1ap_cross_user_M0_s2
[start] GPU1 slot1  abl_widar1ap_cross_user_M0_s3
[done 18/50] abl_widar1ap_cross_loc_M4_s0  OK bestacc=0.977778
[done 19/50] abl_widar1ap_cross_loc_M4_s2  OK bestacc=0.980000
[start] GPU0 slot1  abl_widar1ap_cross_user_M0_s4
[start] GPU1 slot0  abl_widar1ap_cross_user_M1_s0
[done 20/50] abl_widar1ap_cross_loc_M4_s4  OK bestacc=0.979259
[start] GPU2 slot0  abl_widar1ap_cross_user_M1_s1
[done 21/50] abl_widar1ap_cross_loc_full_s3  OK bestacc=0.976296
[start] GPU3 slot0  abl_widar1ap_cross_user_M1_s2
[done 22/50] abl_widar1ap_cross_loc_full_s0  OK bestacc=0.980000
[done 23/50] abl_widar1ap_cross_loc_full_s1  OK bestacc=0.978519
[done 24/50] abl_widar1ap_cross_loc_full_s2  OK bestacc=0.975556
[start] GPU1 slot2  abl_widar1ap_cross_user_M1_s3
[start] GPU2 slot1  abl_widar1ap_cross_user_M1_s4
[start] GPU2 slot2  abl_widar1ap_cross_user_M2_s0
[done 25/50] abl_widar1ap_cross_user_M0_s0  OK bestacc=0.931333
[start] GPU3 slot1  abl_widar1ap_cross_user_M2_s1
[done 26/50] abl_widar1ap_cross_user_M0_s1  OK bestacc=0.917333
[start] GPU0 slot0  abl_widar1ap_cross_user_M2_s2
[done 27/50] abl_widar1ap_cross_loc_full_s4  OK bestacc=0.974074
[start] GPU3 slot2  abl_widar1ap_cross_user_M2_s3
[done 28/50] abl_widar1ap_cross_user_M0_s2  OK bestacc=0.922667
[start] GPU0 slot2  abl_widar1ap_cross_user_M2_s4
[done 29/50] abl_widar1ap_cross_user_M0_s3  OK bestacc=0.919333
[done 30/50] abl_widar1ap_cross_user_M0_s4  OK bestacc=0.925333
[start] GPU0 slot1  abl_widar1ap_cross_user_M4_s0
[start] GPU1 slot1  abl_widar1ap_cross_user_M4_s1
[done 31/50] abl_widar1ap_cross_user_M2_s0  OK bestacc=0.918000
[start] GPU2 slot2  abl_widar1ap_cross_user_M4_s2
[done 32/50] abl_widar1ap_cross_user_M1_s0  OK bestacc=0.924000
[start] GPU1 slot0  abl_widar1ap_cross_user_M4_s3
[done 33/50] abl_widar1ap_cross_user_M2_s1  OK bestacc=0.922667
[start] GPU3 slot1  abl_widar1ap_cross_user_M4_s4
[done 34/50] abl_widar1ap_cross_user_M1_s1  OK bestacc=0.924000
[start] GPU2 slot0  abl_widar1ap_cross_user_full_s0
[done 35/50] abl_widar1ap_cross_user_M1_s2  OK bestacc=0.922667
[start] GPU3 slot0  abl_widar1ap_cross_user_full_s1
[done 36/50] abl_widar1ap_cross_user_M1_s3  OK bestacc=0.916667
[done 37/50] abl_widar1ap_cross_user_M1_s4  OK bestacc=0.912000
[start] GPU1 slot2  abl_widar1ap_cross_user_full_s2
[start] GPU2 slot1  abl_widar1ap_cross_user_full_s3
[done 38/50] abl_widar1ap_cross_user_M2_s2  OK bestacc=0.919333
[start] GPU0 slot0  abl_widar1ap_cross_user_full_s4
[done 39/50] abl_widar1ap_cross_user_M2_s3  OK bestacc=0.913333
[done 40/50] abl_widar1ap_cross_user_M2_s4  OK bestacc=0.934000
[done 41/50] abl_widar1ap_cross_user_M4_s1  OK bestacc=0.923333
[done 42/50] abl_widar1ap_cross_user_M4_s0  OK bestacc=0.918667
[done 43/50] abl_widar1ap_cross_user_M4_s2  OK bestacc=0.905333
[done 44/50] abl_widar1ap_cross_user_M4_s3  OK bestacc=0.907333
[done 45/50] abl_widar1ap_cross_user_M4_s4  OK bestacc=0.917333
[done 46/50] abl_widar1ap_cross_user_full_s2  OK bestacc=0.913333
[done 47/50] abl_widar1ap_cross_user_full_s0  OK bestacc=0.921333
[done 48/50] abl_widar1ap_cross_user_full_s1  OK bestacc=0.923333
[done 49/50] abl_widar1ap_cross_user_full_s3  OK bestacc=0.916667
[done 50/50] abl_widar1ap_cross_user_full_s4  OK bestacc=0.914667
[Queue] ALL DONE jobset=widar2
