[Queue] jobset=xrf  total=50  pending=50  (skip 0 done)
[start] GPU0 slot0  abl_xrf_cross_user_M0_s0
[start] GPU0 slot1  abl_xrf_cross_user_M0_s1
[start] GPU0 slot2  abl_xrf_cross_user_M0_s2
[start] GPU1 slot0  abl_xrf_cross_user_M0_s3
[start] GPU1 slot1  abl_xrf_cross_user_M0_s4
[start] GPU1 slot2  abl_xrf_cross_user_M1_s0
[start] GPU2 slot0  abl_xrf_cross_user_M1_s1
[start] GPU2 slot1  abl_xrf_cross_user_M1_s2
[start] GPU2 slot2  abl_xrf_cross_user_M1_s3
[start] GPU3 slot0  abl_xrf_cross_user_M1_s4
[start] GPU3 slot1  abl_xrf_cross_user_M2_s0
[start] GPU3 slot2  abl_xrf_cross_user_M2_s1
[done 1/50] abl_xrf_cross_user_M2_s1  OK bestacc=0.629167
[start] GPU3 slot2  abl_xrf_cross_user_M2_s2
[done 2/50] abl_xrf_cross_user_M2_s0  OK bestacc=0.640625
[start] GPU3 slot1  abl_xrf_cross_user_M2_s3
[done 3/50] abl_xrf_cross_user_M0_s0  OK bestacc=0.611458
[done 4/50] abl_xrf_cross_user_M0_s1  OK bestacc=0.611458
[done 5/50] abl_xrf_cross_user_M0_s2  OK bestacc=0.623958
[done 6/50] abl_xrf_cross_user_M0_s3  OK bestacc=0.605208
[done 7/50] abl_xrf_cross_user_M0_s4  OK bestacc=0.606250
[start] GPU0 slot0  abl_xrf_cross_user_M2_s4
[start] GPU0 slot1  abl_xrf_cross_user_M4_s0
[start] GPU0 slot2  abl_xrf_cross_user_M4_s1
[start] GPU1 slot0  abl_xrf_cross_user_M4_s2
[start] GPU1 slot1  abl_xrf_cross_user_M4_s3
[done 8/50] abl_xrf_cross_user_M1_s0  OK bestacc=0.635417
[done 9/50] abl_xrf_cross_user_M1_s1  OK bestacc=0.618750
[done 10/50] abl_xrf_cross_user_M1_s2  OK bestacc=0.648958
[done 11/50] abl_xrf_cross_user_M1_s3  OK bestacc=0.617708
[done 12/50] abl_xrf_cross_user_M1_s4  OK bestacc=0.630208
[start] GPU1 slot2  abl_xrf_cross_user_M4_s4
[start] GPU2 slot0  abl_xrf_cross_user_full_s0
[start] GPU2 slot1  abl_xrf_cross_user_full_s1
[start] GPU2 slot2  abl_xrf_cross_user_full_s2
[start] GPU3 slot0  abl_xrf_cross_user_full_s3
[done 13/50] abl_xrf_cross_user_M2_s2  OK bestacc=0.637500
[start] GPU3 slot2  abl_xrf_cross_user_full_s4
[done 14/50] abl_xrf_cross_user_M2_s3  OK bestacc=0.631250
[start] GPU3 slot1  abl_xrf_cross_env_M0_s0
[done 15/50] abl_xrf_cross_user_M2_s4  OK bestacc=0.633333
[start] GPU0 slot0  abl_xrf_cross_env_M0_s1
[done 16/50] abl_xrf_cross_user_M4_s2  OK bestacc=0.612500
[start] GPU1 slot0  abl_xrf_cross_env_M0_s2
[done 17/50] abl_xrf_cross_user_M4_s1  OK bestacc=0.628125
[start] GPU0 slot2  abl_xrf_cross_env_M0_s3
[done 18/50] abl_xrf_cross_user_M4_s3  OK bestacc=0.623958
[start] GPU1 slot1  abl_xrf_cross_env_M0_s4
[done 19/50] abl_xrf_cross_user_M4_s0  OK bestacc=0.620833
[start] GPU0 slot1  abl_xrf_cross_env_M1_s0
[done 20/50] abl_xrf_cross_user_M4_s4  OK bestacc=0.611458
[start] GPU1 slot2  abl_xrf_cross_env_M1_s1
[done 21/50] abl_xrf_cross_user_full_s1  OK bestacc=0.646875
[start] GPU2 slot1  abl_xrf_cross_env_M1_s2
[done 22/50] abl_xrf_cross_user_full_s2  OK bestacc=0.637500
[done 23/50] abl_xrf_cross_user_full_s3  OK bestacc=0.641667
[start] GPU2 slot2  abl_xrf_cross_env_M1_s3
[start] GPU3 slot0  abl_xrf_cross_env_M1_s4
[done 24/50] abl_xrf_cross_user_full_s0  OK bestacc=0.645833
[start] GPU2 slot0  abl_xrf_cross_env_M2_s0
[done 25/50] abl_xrf_cross_user_full_s4  OK bestacc=0.630208
[start] GPU3 slot2  abl_xrf_cross_env_M2_s1
[done 26/50] abl_xrf_cross_env_M0_s0  OK bestacc=0.783333
[start] GPU3 slot1  abl_xrf_cross_env_M2_s2
[done 27/50] abl_xrf_cross_env_M0_s1  OK bestacc=0.745833
[start] GPU0 slot0  abl_xrf_cross_env_M2_s3
[done 28/50] abl_xrf_cross_env_M0_s2  OK bestacc=0.756250
[start] GPU1 slot0  abl_xrf_cross_env_M2_s4
[done 29/50] abl_xrf_cross_env_M2_s0  OK bestacc=0.743750
[start] GPU2 slot0  abl_xrf_cross_env_M4_s0
[done 30/50] abl_xrf_cross_env_M0_s3  OK bestacc=0.783333
[done 31/50] abl_xrf_cross_env_M0_s4  OK bestacc=0.745833
[start] GPU0 slot2  abl_xrf_cross_env_M4_s1
[start] GPU1 slot1  abl_xrf_cross_env_M4_s2
[done 32/50] abl_xrf_cross_env_M1_s0  OK bestacc=0.785417
[start] GPU0 slot1  abl_xrf_cross_env_M4_s3
[done 33/50] abl_xrf_cross_env_M2_s1  OK bestacc=0.770833
[start] GPU3 slot2  abl_xrf_cross_env_M4_s4
[done 34/50] abl_xrf_cross_env_M1_s1  OK bestacc=0.766667
[start] GPU1 slot2  abl_xrf_cross_env_full_s0
[done 35/50] abl_xrf_cross_env_M1_s2  OK bestacc=0.781250
[start] GPU2 slot1  abl_xrf_cross_env_full_s1
[done 36/50] abl_xrf_cross_env_M1_s4  OK bestacc=0.747917
[start] GPU3 slot0  abl_xrf_cross_env_full_s2
[done 37/50] abl_xrf_cross_env_M1_s3  OK bestacc=0.750000
[start] GPU2 slot2  abl_xrf_cross_env_full_s3
[done 38/50] abl_xrf_cross_env_M2_s2  OK bestacc=0.760417
[start] GPU3 slot1  abl_xrf_cross_env_full_s4
[done 39/50] abl_xrf_cross_env_M2_s3  OK bestacc=0.758333
[done 40/50] abl_xrf_cross_env_M2_s4  OK bestacc=0.775000
[done 41/50] abl_xrf_cross_env_M4_s1  OK bestacc=0.750000
[done 42/50] abl_xrf_cross_env_M4_s2  OK bestacc=0.756250
[done 43/50] abl_xrf_cross_env_M4_s0  OK bestacc=0.752083
[done 44/50] abl_xrf_cross_env_M4_s3  OK bestacc=0.781250
[done 45/50] abl_xrf_cross_env_M4_s4  OK bestacc=0.762500
[done 46/50] abl_xrf_cross_env_full_s0  OK bestacc=0.781250
[done 47/50] abl_xrf_cross_env_full_s1  OK bestacc=0.779167
[done 48/50] abl_xrf_cross_env_full_s2  OK bestacc=0.772917
[done 49/50] abl_xrf_cross_env_full_s3  OK bestacc=0.758333
[done 50/50] abl_xrf_cross_env_full_s4  OK bestacc=0.791667
[Queue] ALL DONE jobset=xrf
