[Seed] global random seed set to 0

[Ablation Mode] M4
[XRF55Dataset] loaded 3840 samples from 1 dirs
[XRF55Dataset] loaded 960 samples from 1 dirs
[XRF55Dataset] loaded 3840 samples from 1 dirs
Train set size: 3840 samples, 120 batches
Test set size:  960 samples, 30 batches
Source eval size: 3840 samples

[Direction Sensitivity] Manual weights (dir_w=0.5): {0: 0.0, 1: 0.5, 2: 0.5, 3: 0.5, 4: 0.5, 5: 0.5, 6: 0.5, 7: 0.5}

======== ROUND 0 ========  [Ablation: M4]
==== Stage 1: SupCon Pre-training ====
epoch            total_loss       cls_loss         supcon_loss     
0                4.8313169479     1.6095640659     6.4435052872    
1                3.8019304276     0.8040314913     5.9957981110    
==== Stage 2: Latent Domain PCL ====
epoch            total_loss       dis_loss         proto_loss       ent_pen_loss    
0                2.6176455021     2.3176455498     0.0000000000     0.3000000119    
Counter({np.int64(0): 1789, np.int64(1): 1164, np.int64(2): 887})
==== Stage 3: Domain-invariant + HardNCE ====
  (HardNCE disabled for M4 ablation)
epoch            total_loss       cls_loss         dis_loss         hard_loss       
0                1.7389919758     0.9894811511     0.7495108843     0               
  Source acc: 0.610677  |  Target acc: 0.438542
  Best target acc: 0.438542

======== ROUND 1 ========  [Ablation: M4]
==== Stage 1: SupCon Pre-training ====
epoch            total_loss       cls_loss         supcon_loss     
0                3.7333660126     0.9001597166     5.6664123535    
1                3.4494104385     0.7089322805     5.4809560776    
==== Stage 2: Latent Domain PCL ====
epoch            total_loss       dis_loss         proto_loss       ent_pen_loss    
0                2.1029756069     1.6734035015     0.8372410536     0.0109514743    
Counter({np.int64(0): 1568, np.int64(1): 1199, np.int64(2): 1073})
==== Stage 3: Domain-invariant + HardNCE ====
  (HardNCE disabled for M4 ablation)
epoch            total_loss       cls_loss         dis_loss         hard_loss       
0                1.8187237978     0.9600633979     0.8586603999     0               
  Source acc: 0.914062  |  Target acc: 0.575000
  Best target acc: 0.575000

======== ROUND 2 ========  [Ablation: M4]
==== Stage 1: SupCon Pre-training ====
epoch            total_loss       cls_loss         supcon_loss     
0                3.1796107292     0.5055637360     5.3480939865    
1                3.2270209789     0.4259603620     5.6021213531    
==== Stage 2: Latent Domain PCL ====
epoch            total_loss       dis_loss         proto_loss       ent_pen_loss    
0                1.9408371449     1.7345082760     0.3783553839     0.0171511024    
Counter({np.int64(1): 1372, np.int64(2): 1310, np.int64(0): 1158})
==== Stage 3: Domain-invariant + HardNCE ====
  (HardNCE disabled for M4 ablation)
epoch            total_loss       cls_loss         dis_loss         hard_loss       
0                1.2237411737     0.1819109172     1.0418303013     0               
  Source acc: 0.953906  |  Target acc: 0.567708
  Best target acc: 0.575000

======== ROUND 3 ========  [Ablation: M4]
==== Stage 1: SupCon Pre-training ====
epoch            total_loss       cls_loss        
0                0.4930444658     0.4930444658    
1                0.3276665211     0.3276665211    
==== Stage 2: Latent Domain PCL ====
epoch            total_loss       dis_loss         proto_loss       ent_pen_loss    
0                2.2996141911     1.9233599901     0.7487062216     0.0019012074    
Counter({np.int64(1): 1520, np.int64(2): 1246, np.int64(0): 1074})
==== Stage 3: Domain-invariant + HardNCE ====
  (HardNCE disabled for M4 ablation)
epoch            total_loss       cls_loss         dis_loss         hard_loss       
0                0.8568021655     0.3492555618     0.5075466037     0               
  Source acc: 0.956250  |  Target acc: 0.534375
  Best target acc: 0.575000

======== ROUND 4 ========  [Ablation: M4]
==== Stage 1: SupCon Pre-training ====
epoch            total_loss       cls_loss        
0                0.3136611581     0.3136611581    
1                0.1549044251     0.1549044251    
==== Stage 2: Latent Domain PCL ====
epoch            total_loss       dis_loss         proto_loss       ent_pen_loss    
0                1.9293917418     1.7941342592     0.2577335238     0.0063906796    
Counter({np.int64(1): 1524, np.int64(0): 1194, np.int64(2): 1122})
==== Stage 3: Domain-invariant + HardNCE ====
  (HardNCE disabled for M4 ablation)
epoch            total_loss       cls_loss         dis_loss         hard_loss       
0                1.1902098656     0.3748741746     0.8153356910     0               
  Source acc: 0.957812  |  Target acc: 0.547917
  Best target acc: 0.575000

======== ROUND 5 ========  [Ablation: M4]
==== Stage 1: SupCon Pre-training ====
epoch            total_loss       cls_loss        
0                0.0635363981     0.0635363981    
1                0.0716633052     0.0716633052    
==== Stage 2: Latent Domain PCL ====
epoch            total_loss       dis_loss         proto_loss       ent_pen_loss    
0                2.0668261051     1.7941734791     0.5447661877     0.0002696014    
Counter({np.int64(0): 1476, np.int64(1): 1271, np.int64(2): 1093})
==== Stage 3: Domain-invariant + HardNCE ====
  (HardNCE disabled for M4 ablation)
epoch            total_loss       cls_loss         dis_loss         hard_loss       
0                1.0537312031     0.2262829840     0.8274481893     0               
  Source acc: 0.965625  |  Target acc: 0.602083
  Best target acc: 0.602083

======== ROUND 6 ========  [Ablation: M4]
==== Stage 1: SupCon Pre-training ====
epoch            total_loss       cls_loss        
0                0.1236286610     0.1236286610    
1                0.2465199232     0.2465199232    
==== Stage 2: Latent Domain PCL ====
epoch            total_loss       dis_loss         proto_loss       ent_pen_loss    
0                1.9538305998     1.8251671791     0.2231894433     0.0170687120    
Counter({np.int64(2): 1315, np.int64(0): 1269, np.int64(1): 1256})
==== Stage 3: Domain-invariant + HardNCE ====
  (HardNCE disabled for M4 ablation)
epoch            total_loss       cls_loss         dis_loss         hard_loss       
0                1.1783843040     0.3705849946     0.8077992797     0               
  Source acc: 0.980729  |  Target acc: 0.609375
  Best target acc: 0.609375

======== ROUND 7 ========  [Ablation: M4]
==== Stage 1: SupCon Pre-training ====
epoch            total_loss       cls_loss        
0                0.0997898355     0.0997898355    
1                0.0965827107     0.0965827107    
==== Stage 2: Latent Domain PCL ====
epoch            total_loss       dis_loss         proto_loss       ent_pen_loss    
0                1.9384238720     1.7119066715     0.4353421032     0.0088461619    
Counter({np.int64(2): 1735, np.int64(1): 1112, np.int64(0): 993})
==== Stage 3: Domain-invariant + HardNCE ====
  (HardNCE disabled for M4 ablation)
epoch            total_loss       cls_loss         dis_loss         hard_loss       
0                1.0005073547     0.1083996817     0.8921076655     0               
  Source acc: 0.979688  |  Target acc: 0.538542
  Best target acc: 0.609375

======== ROUND 8 ========  [Ablation: M4]
==== Stage 1: SupCon Pre-training ====
epoch            total_loss       cls_loss        
0                0.2479370385     0.2479370385    
1                0.0452288873     0.0452288873    
==== Stage 2: Latent Domain PCL ====
epoch            total_loss       dis_loss         proto_loss       ent_pen_loss    
0                2.1225857735     1.8013854027     0.6204979420     0.0109514743    
Counter({np.int64(2): 1638, np.int64(1): 1433, np.int64(0): 769})
==== Stage 3: Domain-invariant + HardNCE ====
  (HardNCE disabled for M4 ablation)
epoch            total_loss       cls_loss         dis_loss         hard_loss       
0                0.8817825317     0.1378715634     0.7439109683     0               
  Source acc: 0.990365  |  Target acc: 0.568750
  Best target acc: 0.609375

======== ROUND 9 ========  [Ablation: M4]
==== Stage 1: SupCon Pre-training ====
epoch            total_loss       cls_loss        
0                0.3320925832     0.3320925832    
1                0.0709464103     0.0709464103    
==== Stage 2: Latent Domain PCL ====
epoch            total_loss       dis_loss         proto_loss       ent_pen_loss    
0                1.9467324018     1.7018162012     0.4556948543     0.0170687437    
Counter({np.int64(1): 1676, np.int64(0): 1158, np.int64(2): 1006})
==== Stage 3: Domain-invariant + HardNCE ====
  (HardNCE disabled for M4 ablation)
epoch            total_loss       cls_loss         dis_loss         hard_loss       
0                1.1929814816     0.1683574915     1.0246239901     0               
  Source acc: 0.992188  |  Target acc: 0.601042
  Best target acc: 0.609375

======== ROUND 10 ========  [Ablation: M4]
==== Stage 1: SupCon Pre-training ====
epoch            total_loss       cls_loss        
0                0.1259735078     0.1259735078    
1                0.1284898967     0.1284898967    
==== Stage 2: Latent Domain PCL ====
epoch            total_loss       dis_loss         proto_loss       ent_pen_loss    
0                0.8729448318     0.6118068695     0.4621749520     0.0300505292    
Counter({np.int64(1): 1481, np.int64(0): 1223, np.int64(2): 1136})
==== Stage 3: Domain-invariant + HardNCE ====
  (HardNCE disabled for M4 ablation)
epoch            total_loss       cls_loss         dis_loss         hard_loss       
0                0.8568227291     0.1656796634     0.6911430955     0               
  Source acc: 0.999479  |  Target acc: 0.604167
  Best target acc: 0.609375

======== ROUND 11 ========  [Ablation: M4]
==== Stage 1: SupCon Pre-training ====
epoch            total_loss       cls_loss        
0                0.0324651226     0.0324651226    
1                0.0550186411     0.0550186411    
==== Stage 2: Latent Domain PCL ====
epoch            total_loss       dis_loss         proto_loss       ent_pen_loss    
0                0.6215999722     0.3642986715     0.4926996231     0.0109514743    
Counter({np.int64(2): 1400, np.int64(1): 1351, np.int64(0): 1089})
==== Stage 3: Domain-invariant + HardNCE ====
  (HardNCE disabled for M4 ablation)
epoch            total_loss       cls_loss         dis_loss         hard_loss       
0                0.4998774827     0.0457241274     0.4541533589     0               
  Source acc: 0.999740  |  Target acc: 0.615625
  Best target acc: 0.615625

======== ROUND 12 ========  [Ablation: M4]
==== Stage 1: SupCon Pre-training ====
epoch            total_loss       cls_loss        
0                0.1641994119     0.1641994119    
1                0.0469387621     0.0469387621    
==== Stage 2: Latent Domain PCL ====
epoch            total_loss       dis_loss         proto_loss       ent_pen_loss    
0                0.4043790400     0.3097076416     0.1604777128     0.0144325616    
Counter({np.int64(2): 1556, np.int64(1): 1343, np.int64(0): 941})
==== Stage 3: Domain-invariant + HardNCE ====
  (HardNCE disabled for M4 ablation)
epoch            total_loss       cls_loss         dis_loss         hard_loss       
0                0.3580089211     0.0519363061     0.3060726225     0               
  Source acc: 1.000000  |  Target acc: 0.594792
  Best target acc: 0.615625

======== ROUND 13 ========  [Ablation: M4]
==== Stage 1: SupCon Pre-training ====
epoch            total_loss       cls_loss        
0                0.1674734354     0.1674734354    
1                0.0450297259     0.0450297259    
==== Stage 2: Latent Domain PCL ====
epoch            total_loss       dis_loss         proto_loss       ent_pen_loss    
0                0.4437858760     0.2985437214     0.2837042212     0.0033900375    
Counter({np.int64(2): 1447, np.int64(1): 1212, np.int64(0): 1181})
==== Stage 3: Domain-invariant + HardNCE ====
  (HardNCE disabled for M4 ablation)
epoch            total_loss       cls_loss         dis_loss         hard_loss       
0                0.4347287416     0.0130207986     0.4217079282     0               
  Source acc: 1.000000  |  Target acc: 0.610417
  Best target acc: 0.615625

======== ROUND 14 ========  [Ablation: M4]
==== Stage 1: SupCon Pre-training ====
epoch            total_loss       cls_loss        
0                0.0429689437     0.0429689437    
1                0.0952158496     0.0952158496    
==== Stage 2: Latent Domain PCL ====
epoch            total_loss       dis_loss         proto_loss       ent_pen_loss    
0                0.2444506586     0.1128078252     0.2627464533     0.0002696014    
Counter({np.int64(2): 1535, np.int64(1): 1195, np.int64(0): 1110})
==== Stage 3: Domain-invariant + HardNCE ====
  (HardNCE disabled for M4 ablation)
epoch            total_loss       cls_loss         dis_loss         hard_loss       
0                0.4781572223     0.0844095796     0.3937476277     0               
  Source acc: 1.000000  |  Target acc: 0.595833
  Best target acc: 0.615625

======== ROUND 15 ========  [Ablation: M4]
==== Stage 1: SupCon Pre-training ====
epoch            total_loss       cls_loss        
0                0.0685985237     0.0685985237    
1                0.0384890102     0.0384890102    
==== Stage 2: Latent Domain PCL ====
epoch            total_loss       dis_loss         proto_loss       ent_pen_loss    
0                0.4097669125     0.2160089314     0.3837135434     0.0019012074    
Counter({np.int64(2): 1501, np.int64(0): 1233, np.int64(1): 1106})
==== Stage 3: Domain-invariant + HardNCE ====
  (HardNCE disabled for M4 ablation)
epoch            total_loss       cls_loss         dis_loss         hard_loss       
0                0.3029927015     0.0408070236     0.2621856928     0               
  Source acc: 1.000000  |  Target acc: 0.609375
  Best target acc: 0.615625

======== ROUND 16 ========  [Ablation: M4]
==== Stage 1: SupCon Pre-training ====
epoch            total_loss       cls_loss        
0                0.0737318993     0.0737318993    
1                0.0241449960     0.0241449960    
==== Stage 2: Latent Domain PCL ====
epoch            total_loss       dis_loss         proto_loss       ent_pen_loss    
0                0.2627807856     0.1192531437     0.2529178858     0.0170687120    
Counter({np.int64(2): 1463, np.int64(0): 1306, np.int64(1): 1071})
==== Stage 3: Domain-invariant + HardNCE ====
  (HardNCE disabled for M4 ablation)
epoch            total_loss       cls_loss         dis_loss         hard_loss       
0                0.3734988272     0.1268227100     0.2466761172     0               
  Source acc: 1.000000  |  Target acc: 0.603125
  Best target acc: 0.615625

======== ROUND 17 ========  [Ablation: M4]
==== Stage 1: SupCon Pre-training ====
epoch            total_loss       cls_loss        
0                0.0033820916     0.0033820916    
1                0.0020855293     0.0020855293    
==== Stage 2: Latent Domain PCL ====
epoch            total_loss       dis_loss         proto_loss       ent_pen_loss    
0                0.2645903230     0.2081928551     0.1089925393     0.0019012074    
Counter({np.int64(2): 1498, np.int64(0): 1304, np.int64(1): 1038})
==== Stage 3: Domain-invariant + HardNCE ====
  (HardNCE disabled for M4 ablation)
epoch            total_loss       cls_loss         dis_loss         hard_loss       
0                0.8158457279     0.0228508841     0.7929948568     0               
  Source acc: 1.000000  |  Target acc: 0.605208
  Best target acc: 0.615625

======== ROUND 18 ========  [Ablation: M4]
==== Stage 1: SupCon Pre-training ====
epoch            total_loss       cls_loss        
0                0.0765472800     0.0765472800    
1                0.0099297995     0.0099297995    
==== Stage 2: Latent Domain PCL ====
epoch            total_loss       dis_loss         proto_loss       ent_pen_loss    
0                0.2625373006     0.1126589328     0.2656193078     0.0170687120    
Counter({np.int64(2): 1367, np.int64(0): 1324, np.int64(1): 1149})
==== Stage 3: Domain-invariant + HardNCE ====
  (HardNCE disabled for M4 ablation)
epoch            total_loss       cls_loss         dis_loss         hard_loss       
0                0.5312881470     0.0106278434     0.5206602812     0               
  Source acc: 1.000000  |  Target acc: 0.604167
  Best target acc: 0.615625

======== ROUND 19 ========  [Ablation: M4]
==== Stage 1: SupCon Pre-training ====
epoch            total_loss       cls_loss        
0                0.0074308384     0.0074308384    
1                0.0281906873     0.0281906873    
==== Stage 2: Latent Domain PCL ====
epoch            total_loss       dis_loss         proto_loss       ent_pen_loss    
0                0.2939381003     0.1207702085     0.3286434710     0.0088461619    
Counter({np.int64(0): 1356, np.int64(1): 1323, np.int64(2): 1161})
==== Stage 3: Domain-invariant + HardNCE ====
  (HardNCE disabled for M4 ablation)
epoch            total_loss       cls_loss         dis_loss         hard_loss       
0                0.4724168479     0.0208508093     0.4515660405     0               
  Source acc: 1.000000  |  Target acc: 0.608333
  Best target acc: 0.615625

======== ROUND 20 ========  [Ablation: M4]
==== Stage 1: SupCon Pre-training ====
epoch            total_loss       cls_loss        
0                0.0213854574     0.0213854574    
1                0.0024842639     0.0024842639    
==== Stage 2: Latent Domain PCL ====
epoch            total_loss       dis_loss         proto_loss       ent_pen_loss    
0                0.0778136104     0.0382073633     0.0771196112     0.0010464388    
Counter({np.int64(0): 1377, np.int64(1): 1275, np.int64(2): 1188})
==== Stage 3: Domain-invariant + HardNCE ====
  (HardNCE disabled for M4 ablation)
epoch            total_loss       cls_loss         dis_loss         hard_loss       
0                0.5333135128     0.0141083663     0.5192051530     0               
  Source acc: 1.000000  |  Target acc: 0.627083
  Best target acc: 0.627083

======== ROUND 21 ========  [Ablation: M4]
==== Stage 1: SupCon Pre-training ====
epoch            total_loss       cls_loss        
0                0.0108600240     0.0108600240    
1                0.0091113374     0.0091113374    
==== Stage 2: Latent Domain PCL ====
epoch            total_loss       dis_loss         proto_loss       ent_pen_loss    
0                0.1687236279     0.0746543705     0.1860456467     0.0010464388    
Counter({np.int64(0): 1360, np.int64(1): 1358, np.int64(2): 1122})
==== Stage 3: Domain-invariant + HardNCE ====
  (HardNCE disabled for M4 ablation)
epoch            total_loss       cls_loss         dis_loss         hard_loss       
0                0.4526989162     0.0128525328     0.4398463964     0               
  Source acc: 1.000000  |  Target acc: 0.623958
  Best target acc: 0.627083

======== ROUND 22 ========  [Ablation: M4]
==== Stage 1: SupCon Pre-training ====
epoch            total_loss       cls_loss        
0                0.0868102163     0.0868102163    
1                0.0766807199     0.0766807199    
==== Stage 2: Latent Domain PCL ====
epoch            total_loss       dis_loss         proto_loss       ent_pen_loss    
0                0.1611611843     0.1075153649     0.1005116329     0.0033900046    
Counter({np.int64(0): 1375, np.int64(1): 1283, np.int64(2): 1182})
==== Stage 3: Domain-invariant + HardNCE ====
  (HardNCE disabled for M4 ablation)
epoch            total_loss       cls_loss         dis_loss         hard_loss       
0                0.5105415583     0.0940558240     0.4164857566     0               
  Source acc: 1.000000  |  Target acc: 0.623958
  Best target acc: 0.627083

======== ROUND 23 ========  [Ablation: M4]
==== Stage 1: SupCon Pre-training ====
epoch            total_loss       cls_loss        
0                0.0052539236     0.0052539236    
1                0.0225173309     0.0225173309    
==== Stage 2: Latent Domain PCL ====
epoch            total_loss       dis_loss         proto_loss       ent_pen_loss    
0                0.2232913077     0.1022143215     0.1721631587     0.0349954143    
Counter({np.int64(0): 1393, np.int64(2): 1289, np.int64(1): 1158})
==== Stage 3: Domain-invariant + HardNCE ====
  (HardNCE disabled for M4 ablation)
epoch            total_loss       cls_loss         dis_loss         hard_loss       
0                0.5050177574     0.0095033059     0.4955144227     0               
  Source acc: 1.000000  |  Target acc: 0.625000
  Best target acc: 0.627083

======== ROUND 24 ========  [Ablation: M4]
==== Stage 1: SupCon Pre-training ====
epoch            total_loss       cls_loss        
0                0.0018271095     0.0018271095    
1                0.0030892934     0.0030892934    
==== Stage 2: Latent Domain PCL ====
epoch            total_loss       dis_loss         proto_loss       ent_pen_loss    
0                0.4200897217     0.1507785618     0.4558514357     0.0413854271    
Counter({np.int64(0): 1390, np.int64(2): 1230, np.int64(1): 1220})
==== Stage 3: Domain-invariant + HardNCE ====
  (HardNCE disabled for M4 ablation)
epoch            total_loss       cls_loss         dis_loss         hard_loss       
0                0.5282397270     0.0118527953     0.5163869262     0               
  Source acc: 1.000000  |  Target acc: 0.616667
  Best target acc: 0.627083

======== ROUND 25 ========  [Ablation: M4]
==== Stage 1: SupCon Pre-training ====
epoch            total_loss       cls_loss        
0                0.0281005632     0.0281005632    
1                0.0036330689     0.0036330689    
==== Stage 2: Latent Domain PCL ====
epoch            total_loss       dis_loss         proto_loss       ent_pen_loss    
0                0.1059050411     0.0501283705     0.1011634916     0.0051949215    
Counter({np.int64(0): 1392, np.int64(2): 1235, np.int64(1): 1213})
==== Stage 3: Domain-invariant + HardNCE ====
  (HardNCE disabled for M4 ablation)
epoch            total_loss       cls_loss         dis_loss         hard_loss       
0                0.3507610857     0.0068451590     0.3439159393     0               
  Source acc: 1.000000  |  Target acc: 0.616667
  Best target acc: 0.627083

======== ROUND 26 ========  [Ablation: M4]
==== Stage 1: SupCon Pre-training ====
epoch            total_loss       cls_loss        
0                0.1239262074     0.1239262074    
1                0.0042258999     0.0042258999    
==== Stage 2: Latent Domain PCL ====
epoch            total_loss       dis_loss         proto_loss       ent_pen_loss    
0                0.0870620906     0.0542894974     0.0617427602     0.0019012074    
Counter({np.int64(0): 1404, np.int64(2): 1297, np.int64(1): 1139})
==== Stage 3: Domain-invariant + HardNCE ====
  (HardNCE disabled for M4 ablation)
epoch            total_loss       cls_loss         dis_loss         hard_loss       
0                0.3281564116     0.0712571070     0.2568992972     0               
  Source acc: 1.000000  |  Target acc: 0.627083
  Best target acc: 0.627083

======== ROUND 27 ========  [Ablation: M4]
==== Stage 1: SupCon Pre-training ====
epoch            total_loss       cls_loss        
0                0.0045265052     0.0045265052    
1                0.0033196206     0.0033196206    
==== Stage 2: Latent Domain PCL ====
epoch            total_loss       dis_loss         proto_loss       ent_pen_loss    
0                0.2921553254     0.1114889830     0.3485513330     0.0063906796    
Counter({np.int64(0): 1393, np.int64(2): 1281, np.int64(1): 1166})
==== Stage 3: Domain-invariant + HardNCE ====
  (HardNCE disabled for M4 ablation)
epoch            total_loss       cls_loss         dis_loss         hard_loss       
0                0.3721581697     0.0104215397     0.3617366254     0               
  Source acc: 1.000000  |  Target acc: 0.616667
  Best target acc: 0.627083

======== ROUND 28 ========  [Ablation: M4]
==== Stage 1: SupCon Pre-training ====
epoch            total_loss       cls_loss        
0                0.0021708128     0.0021708128    
1                0.0600644052     0.0600644052    
==== Stage 2: Latent Domain PCL ====
epoch            total_loss       dis_loss         proto_loss       ent_pen_loss    
0                0.1324992180     0.0449443087     0.1532068700     0.0109514743    
Counter({np.int64(0): 1391, np.int64(2): 1260, np.int64(1): 1189})
==== Stage 3: Domain-invariant + HardNCE ====
  (HardNCE disabled for M4 ablation)
epoch            total_loss       cls_loss         dis_loss         hard_loss       
0                0.2959540188     0.0032548509     0.2926991582     0               
  Source acc: 1.000000  |  Target acc: 0.623958
  Best target acc: 0.627083

======== ROUND 29 ========  [Ablation: M4]
==== Stage 1: SupCon Pre-training ====
epoch            total_loss       cls_loss        
0                0.0049198978     0.0049198978    
1                0.0296649113     0.0296649113    
==== Stage 2: Latent Domain PCL ====
epoch            total_loss       dis_loss         proto_loss       ent_pen_loss    
0                0.2493686229     0.0998716354     0.2364464551     0.0312737636    
Counter({np.int64(0): 1410, np.int64(2): 1330, np.int64(1): 1100})
==== Stage 3: Domain-invariant + HardNCE ====
  (HardNCE disabled for M4 ablation)
epoch            total_loss       cls_loss         dis_loss         hard_loss       
0                0.2204019129     0.0098674474     0.2105344683     0               
  Source acc: 1.000000  |  Target acc: 0.626042
  Best target acc: 0.627083

======== ROUND 30 ========  [Ablation: M4]
==== Stage 1: SupCon Pre-training ====
epoch            total_loss       cls_loss        
0                0.0070812190     0.0070812190    
1                0.0938924626     0.0938924626    
==== Stage 2: Latent Domain PCL ====
epoch            total_loss       dis_loss         proto_loss       ent_pen_loss    
0                0.3936686516     0.2796985507     0.1938027591     0.0170687120    
Counter({np.int64(0): 1395, np.int64(2): 1282, np.int64(1): 1163})
==== Stage 3: Domain-invariant + HardNCE ====
  (HardNCE disabled for M4 ablation)
epoch            total_loss       cls_loss         dis_loss         hard_loss       
0                0.3751513362     0.0158721954     0.3592791557     0               
  Source acc: 1.000000  |  Target acc: 0.619792
  Best target acc: 0.627083

======== ROUND 31 ========  [Ablation: M4]
==== Stage 1: SupCon Pre-training ====
epoch            total_loss       cls_loss        
0                0.0026492379     0.0026492379    
1                0.0115636075     0.0115636075    
==== Stage 2: Latent Domain PCL ====
epoch            total_loss       dis_loss         proto_loss       ent_pen_loss    
0                0.1866809726     0.1262080669     0.0707304776     0.0251076631    
Counter({np.int64(0): 1399, np.int64(2): 1259, np.int64(1): 1182})
==== Stage 3: Domain-invariant + HardNCE ====
  (HardNCE disabled for M4 ablation)
epoch            total_loss       cls_loss         dis_loss         hard_loss       
0                0.4823283851     0.0205672588     0.4617611170     0               
  Source acc: 1.000000  |  Target acc: 0.622917
  Best target acc: 0.627083

======== ROUND 32 ========  [Ablation: M4]
==== Stage 1: SupCon Pre-training ====
epoch            total_loss       cls_loss        
0                0.0074163219     0.0074163219    
1                0.0047031678     0.0047031678    
==== Stage 2: Latent Domain PCL ====
epoch            total_loss       dis_loss         proto_loss       ent_pen_loss    
0                0.2339207828     0.1362437904     0.1915515512     0.0019012074    
Counter({np.int64(0): 1410, np.int64(2): 1254, np.int64(1): 1176})
==== Stage 3: Domain-invariant + HardNCE ====
  (HardNCE disabled for M4 ablation)
epoch            total_loss       cls_loss         dis_loss         hard_loss       
0                0.4094774723     0.0265963133     0.3828811646     0               
  Source acc: 1.000000  |  Target acc: 0.618750
  Best target acc: 0.627083

======== ROUND 33 ========  [Ablation: M4]
==== Stage 1: SupCon Pre-training ====
epoch            total_loss       cls_loss        
0                0.0026881937     0.0026881937    
1                0.1000486016     0.1000486016    
==== Stage 2: Latent Domain PCL ====
epoch            total_loss       dis_loss         proto_loss       ent_pen_loss    
0                0.1481513083     0.0451497585     0.1800609380     0.0129710762    
Counter({np.int64(0): 1412, np.int64(2): 1274, np.int64(1): 1154})
==== Stage 3: Domain-invariant + HardNCE ====
  (HardNCE disabled for M4 ablation)
epoch            total_loss       cls_loss         dis_loss         hard_loss       
0                0.2671632469     0.0107663954     0.2563968599     0               
  Source acc: 1.000000  |  Target acc: 0.616667
  Best target acc: 0.627083

======== ROUND 34 ========  [Ablation: M4]
==== Stage 1: SupCon Pre-training ====
epoch            total_loss       cls_loss        
0                0.0113506690     0.0113506690    
1                0.0170529261     0.0170529261    
==== Stage 2: Latent Domain PCL ====
epoch            total_loss       dis_loss         proto_loss       ent_pen_loss    
0                0.1099035144     0.0434133038     0.1262003481     0.0033900375    
Counter({np.int64(0): 1403, np.int64(2): 1273, np.int64(1): 1164})
==== Stage 3: Domain-invariant + HardNCE ====
  (HardNCE disabled for M4 ablation)
epoch            total_loss       cls_loss         dis_loss         hard_loss       
0                0.2366333157     0.0145027982     0.2221305221     0               
  Source acc: 1.000000  |  Target acc: 0.614583
  Best target acc: 0.627083

======== ROUND 35 ========  [Ablation: M4]
==== Stage 1: SupCon Pre-training ====
epoch            total_loss       cls_loss        
0                0.0096152760     0.0096152760    
1                0.0025228644     0.0025228644    
==== Stage 2: Latent Domain PCL ====
epoch            total_loss       dis_loss         proto_loss       ent_pen_loss    
0                0.1560397595     0.0512833968     0.1991228908     0.0051949215    
Counter({np.int64(0): 1415, np.int64(2): 1235, np.int64(1): 1190})
==== Stage 3: Domain-invariant + HardNCE ====
  (HardNCE disabled for M4 ablation)
epoch            total_loss       cls_loss         dis_loss         hard_loss       
0                0.3829498589     0.0342542157     0.3486956358     0               
  Source acc: 1.000000  |  Target acc: 0.617708
  Best target acc: 0.627083

======== ROUND 36 ========  [Ablation: M4]
==== Stage 1: SupCon Pre-training ====
epoch            total_loss       cls_loss        
0                0.0050845616     0.0050845616    
1                0.0028164973     0.0028164973    
==== Stage 2: Latent Domain PCL ====
epoch            total_loss       dis_loss         proto_loss       ent_pen_loss    
0                0.1261668652     0.0628878102     0.0924206823     0.0170687120    
Counter({np.int64(0): 1400, np.int64(1): 1235, np.int64(2): 1205})
==== Stage 3: Domain-invariant + HardNCE ====
  (HardNCE disabled for M4 ablation)
epoch            total_loss       cls_loss         dis_loss         hard_loss       
0                0.2700259089     0.0097054001     0.2603205144     0               
  Source acc: 1.000000  |  Target acc: 0.617708
  Best target acc: 0.627083

======== ROUND 37 ========  [Ablation: M4]
==== Stage 1: SupCon Pre-training ====
epoch            total_loss       cls_loss        
0                0.0457996093     0.0457996093    
1                0.0428138040     0.0428138040    
==== Stage 2: Latent Domain PCL ====
epoch            total_loss       dis_loss         proto_loss       ent_pen_loss    
0                0.1945386529     0.1301073432     0.1220825166     0.0033900375    
Counter({np.int64(0): 1398, np.int64(1): 1250, np.int64(2): 1192})
==== Stage 3: Domain-invariant + HardNCE ====
  (HardNCE disabled for M4 ablation)
epoch            total_loss       cls_loss         dis_loss         hard_loss       
0                0.3639185727     0.0098015070     0.3541170657     0               
  Source acc: 1.000000  |  Target acc: 0.625000
  Best target acc: 0.627083

======== ROUND 38 ========  [Ablation: M4]
==== Stage 1: SupCon Pre-training ====
epoch            total_loss       cls_loss        
0                0.0042678476     0.0042678476    
1                0.0099163568     0.0099163568    
==== Stage 2: Latent Domain PCL ====
epoch            total_loss       dis_loss         proto_loss       ent_pen_loss    
0                0.0732697248     0.0369124934     0.0599331036     0.0063906796    
Counter({np.int64(0): 1405, np.int64(1): 1241, np.int64(2): 1194})
==== Stage 3: Domain-invariant + HardNCE ====
  (HardNCE disabled for M4 ablation)
epoch            total_loss       cls_loss         dis_loss         hard_loss       
0                0.3454923630     0.0022739416     0.3432184160     0               
  Source acc: 1.000000  |  Target acc: 0.610417
  Best target acc: 0.627083

======== ROUND 39 ========  [Ablation: M4]
==== Stage 1: SupCon Pre-training ====
epoch            total_loss       cls_loss        
0                0.0016665040     0.0016665040    
1                0.0047411225     0.0047411225    
==== Stage 2: Latent Domain PCL ====
epoch            total_loss       dis_loss         proto_loss       ent_pen_loss    
0                0.1553863287     0.0314802676     0.2218699753     0.0129710762    
Counter({np.int64(0): 1406, np.int64(2): 1225, np.int64(1): 1209})
==== Stage 3: Domain-invariant + HardNCE ====
  (HardNCE disabled for M4 ablation)
epoch            total_loss       cls_loss         dis_loss         hard_loss       
0                0.3093575239     0.0061078230     0.3032496870     0               
  Source acc: 1.000000  |  Target acc: 0.612500
  Best target acc: 0.627083

======== ROUND 40 ========  [Ablation: M4]
==== Stage 1: SupCon Pre-training ====
epoch            total_loss       cls_loss        
0                0.0045568105     0.0045568105    
1                0.0014619896     0.0014619896    
==== Stage 2: Latent Domain PCL ====
epoch            total_loss       dis_loss         proto_loss       ent_pen_loss    
0                0.0988017470     0.0632566661     0.0621242337     0.0044829613    
Counter({np.int64(0): 1408, np.int64(1): 1256, np.int64(2): 1176})
==== Stage 3: Domain-invariant + HardNCE ====
  (HardNCE disabled for M4 ablation)
epoch            total_loss       cls_loss         dis_loss         hard_loss       
0                0.2725493014     0.0057849661     0.2667643428     0               
  Source acc: 1.000000  |  Target acc: 0.621875
  Best target acc: 0.627083

======== ROUND 41 ========  [Ablation: M4]
==== Stage 1: SupCon Pre-training ====
epoch            total_loss       cls_loss        
0                0.0048680091     0.0048680091    
1                0.0123272967     0.0123272967    
==== Stage 2: Latent Domain PCL ====
epoch            total_loss       dis_loss         proto_loss       ent_pen_loss    
0                0.0667942241     0.0260371864     0.0668325573     0.0073407623    
Counter({np.int64(0): 1402, np.int64(1): 1220, np.int64(2): 1218})
==== Stage 3: Domain-invariant + HardNCE ====
  (HardNCE disabled for M4 ablation)
epoch            total_loss       cls_loss         dis_loss         hard_loss       
0                0.3530733585     0.0065383888     0.3465349674     0               
  Source acc: 1.000000  |  Target acc: 0.615625
  Best target acc: 0.627083

======== ROUND 42 ========  [Ablation: M4]
==== Stage 1: SupCon Pre-training ====
epoch            total_loss       cls_loss        
0                0.0381275862     0.0381275862    
1                0.0052909930     0.0052909930    
==== Stage 2: Latent Domain PCL ====
epoch            total_loss       dis_loss         proto_loss       ent_pen_loss    
0                0.2707785368     0.1157348976     0.2881843746     0.0109514743    
Counter({np.int64(0): 1399, np.int64(1): 1240, np.int64(2): 1201})
==== Stage 3: Domain-invariant + HardNCE ====
  (HardNCE disabled for M4 ablation)
epoch            total_loss       cls_loss         dis_loss         hard_loss       
0                0.2047237009     0.0037698890     0.2009538114     0               
  Source acc: 1.000000  |  Target acc: 0.617708
  Best target acc: 0.627083

======== ROUND 43 ========  [Ablation: M4]
==== Stage 1: SupCon Pre-training ====
epoch            total_loss       cls_loss        
0                0.0073150233     0.0073150233    
1                0.0010862600     0.0010862600    
==== Stage 2: Latent Domain PCL ====
epoch            total_loss       dis_loss         proto_loss       ent_pen_loss    
0                0.1226045936     0.0983662382     0.0463838279     0.0010464388    
Counter({np.int64(0): 1409, np.int64(1): 1230, np.int64(2): 1201})
==== Stage 3: Domain-invariant + HardNCE ====
  (HardNCE disabled for M4 ablation)
epoch            total_loss       cls_loss         dis_loss         hard_loss       
0                0.2897126377     0.0061205393     0.2835921049     0               
  Source acc: 1.000000  |  Target acc: 0.617708
  Best target acc: 0.627083

======== ROUND 44 ========  [Ablation: M4]
==== Stage 1: SupCon Pre-training ====
epoch            total_loss       cls_loss        
0                0.0081353839     0.0081353839    
1                0.0078959540     0.0078959540    
==== Stage 2: Latent Domain PCL ====
epoch            total_loss       dis_loss         proto_loss       ent_pen_loss    
0                0.3951658309     0.2508144975     0.2013975680     0.0436525606    
Counter({np.int64(0): 1412, np.int64(2): 1226, np.int64(1): 1202})
==== Stage 3: Domain-invariant + HardNCE ====
  (HardNCE disabled for M4 ablation)
epoch            total_loss       cls_loss         dis_loss         hard_loss       
0                0.3616337180     0.0832741335     0.2783595920     0               
  Source acc: 1.000000  |  Target acc: 0.627083
  Best target acc: 0.627083

======== ROUND 45 ========  [Ablation: M4]
==== Stage 1: SupCon Pre-training ====
epoch            total_loss       cls_loss        
0                0.0134846335     0.0134846335    
1                0.0024903680     0.0024903680    
==== Stage 2: Latent Domain PCL ====
epoch            total_loss       dis_loss         proto_loss       ent_pen_loss    
0                0.1735035479     0.1237887889     0.0817372054     0.0088461619    
Counter({np.int64(0): 1410, np.int64(1): 1246, np.int64(2): 1184})
==== Stage 3: Domain-invariant + HardNCE ====
  (HardNCE disabled for M4 ablation)
epoch            total_loss       cls_loss         dis_loss         hard_loss       
0                0.1840802878     0.0053860731     0.1786942184     0               
  Source acc: 1.000000  |  Target acc: 0.613542
  Best target acc: 0.627083

======== ROUND 46 ========  [Ablation: M4]
==== Stage 1: SupCon Pre-training ====
epoch            total_loss       cls_loss        
0                0.0014482117     0.0014482117    
1                0.0040325369     0.0040325369    
==== Stage 2: Latent Domain PCL ====
epoch            total_loss       dis_loss         proto_loss       ent_pen_loss    
0                0.1424106508     0.0608105399     0.1485187113     0.0073407623    
Counter({np.int64(0): 1415, np.int64(1): 1230, np.int64(2): 1195})
==== Stage 3: Domain-invariant + HardNCE ====
  (HardNCE disabled for M4 ablation)
epoch            total_loss       cls_loss         dis_loss         hard_loss       
0                0.2508814335     0.0141615514     0.2367198914     0               
  Source acc: 1.000000  |  Target acc: 0.622917
  Best target acc: 0.627083

======== ROUND 47 ========  [Ablation: M4]
==== Stage 1: SupCon Pre-training ====
epoch            total_loss       cls_loss        
0                0.0094292071     0.0094292071    
1                0.0056225900     0.0056225900    
==== Stage 2: Latent Domain PCL ====
epoch            total_loss       dis_loss         proto_loss       ent_pen_loss    
0                0.0589837059     0.0328169018     0.0455535352     0.0033900375    
Counter({np.int64(0): 1416, np.int64(1): 1250, np.int64(2): 1174})
==== Stage 3: Domain-invariant + HardNCE ====
  (HardNCE disabled for M4 ablation)
epoch            total_loss       cls_loss         dis_loss         hard_loss       
0                0.2094106227     0.0057814233     0.2036291957     0               
  Source acc: 1.000000  |  Target acc: 0.617708
  Best target acc: 0.627083

======== ROUND 48 ========  [Ablation: M4]
==== Stage 1: SupCon Pre-training ====
epoch            total_loss       cls_loss        
0                0.0064429836     0.0064429836    
1                0.0013531595     0.0013531595    
==== Stage 2: Latent Domain PCL ====
epoch            total_loss       dis_loss         proto_loss       ent_pen_loss    
0                0.0917911232     0.0281526223     0.1204969287     0.0033900375    
Counter({np.int64(0): 1406, np.int64(1): 1267, np.int64(2): 1167})
==== Stage 3: Domain-invariant + HardNCE ====
  (HardNCE disabled for M4 ablation)
epoch            total_loss       cls_loss         dis_loss         hard_loss       
0                0.4527594447     0.1282317191     0.3245277405     0               
  Source acc: 1.000000  |  Target acc: 0.613542
  Best target acc: 0.627083

======== ROUND 49 ========  [Ablation: M4]
==== Stage 1: SupCon Pre-training ====
epoch            total_loss       cls_loss        
0                0.1666332930     0.1666332930    
1                0.0104639139     0.0104639139    
==== Stage 2: Latent Domain PCL ====
epoch            total_loss       dis_loss         proto_loss       ent_pen_loss    
0                0.1250682771     0.0681456551     0.0961529166     0.0088461619    
Counter({np.int64(0): 1412, np.int64(1): 1264, np.int64(2): 1164})
==== Stage 3: Domain-invariant + HardNCE ====
  (HardNCE disabled for M4 ablation)
epoch            total_loss       cls_loss         dis_loss         hard_loss       
0                0.2938466072     0.0029564905     0.2908901274     0               
  Source acc: 1.000000  |  Target acc: 0.615625
  Best target acc: 0.627083
[ConfMatrix] saved to log/deep_xrf_user_nodir_s0 (cm shape=(8, 8))

Results saved to log/deep_xrf_user_nodir_s0
acc.txt: log/deep_xrf_user_nodir_s0/acc.txt
bestacc.txt: log/deep_xrf_user_nodir_s0/bestacc.txt
