[Seed] global random seed set to 1

[Ablation Mode] M4
[XRF55Dataset] loaded 3840 samples from 1 dirs
[XRF55Dataset] loaded 960 samples from 1 dirs
[XRF55Dataset] loaded 3840 samples from 1 dirs
Train set size: 3840 samples, 120 batches
Test set size:  960 samples, 30 batches
Source eval size: 3840 samples

[Direction Sensitivity] Manual weights (dir_w=0.5): {0: 0.0, 1: 0.5, 2: 0.5, 3: 0.5, 4: 0.5, 5: 0.5, 6: 0.5, 7: 0.5}

======== ROUND 0 ========  [Ablation: M4]
==== Stage 1: SupCon Pre-training ====
epoch            total_loss       cls_loss         supcon_loss     
0                4.5315485001     1.3716576099     6.3197822571    
1                4.0800204277     1.1416600943     5.8767204285    
==== Stage 2: Latent Domain PCL ====
epoch            total_loss       dis_loss         proto_loss       ent_pen_loss    
0                2.5626428127     2.2626428604     0.0000000000     0.3000000119    
Counter({np.int64(0): 1474, np.int64(2): 1275, np.int64(1): 1091})
==== Stage 3: Domain-invariant + HardNCE ====
  (HardNCE disabled for M4 ablation)
epoch            total_loss       cls_loss         dis_loss         hard_loss       
0                1.2122170925     0.7176159620     0.4946011305     0               
  Source acc: 0.734115  |  Target acc: 0.489583
  Best target acc: 0.489583

======== ROUND 1 ========  [Ablation: M4]
==== Stage 1: SupCon Pre-training ====
epoch            total_loss       cls_loss         supcon_loss     
0                3.8580350876     0.9441315532     5.8278069496    
1                3.8683297634     0.9404799342     5.8556995392    
==== Stage 2: Latent Domain PCL ====
epoch            total_loss       dis_loss         proto_loss       ent_pen_loss    
0                2.1066980362     1.8428469896     0.4774870574     0.0251076631    
Counter({np.int64(0): 1657, np.int64(1): 1118, np.int64(2): 1065})
==== Stage 3: Domain-invariant + HardNCE ====
  (HardNCE disabled for M4 ablation)
epoch            total_loss       cls_loss         dis_loss         hard_loss       
0                1.3312432766     0.6984889507     0.6327542663     0               
  Source acc: 0.892448  |  Target acc: 0.533333
  Best target acc: 0.533333

======== ROUND 2 ========  [Ablation: M4]
==== Stage 1: SupCon Pre-training ====
epoch            total_loss       cls_loss         supcon_loss     
0                3.3374400139     0.5308032632     5.6132736206    
1                3.0393054485     0.3907621503     5.2970867157    
==== Stage 2: Latent Domain PCL ====
epoch            total_loss       dis_loss         proto_loss       ent_pen_loss    
0                2.0483517647     1.8273522854     0.4118194878     0.0150896376    
Counter({np.int64(0): 1802, np.int64(1): 1144, np.int64(2): 894})
==== Stage 3: Domain-invariant + HardNCE ====
  (HardNCE disabled for M4 ablation)
epoch            total_loss       cls_loss         dis_loss         hard_loss       
0                2.1117763519     1.0322287083     1.0795476437     0               
  Source acc: 0.926042  |  Target acc: 0.593750
  Best target acc: 0.593750

======== ROUND 3 ========  [Ablation: M4]
==== Stage 1: SupCon Pre-training ====
epoch            total_loss       cls_loss        
0                0.3943040967     0.3943040967    
1                0.3519454598     0.3519454598    
==== Stage 2: Latent Domain PCL ====
epoch            total_loss       dis_loss         proto_loss       ent_pen_loss    
0                1.8643372059     1.6391699314     0.4095466137     0.0203939695    
Counter({np.int64(1): 1653, np.int64(0): 1465, np.int64(2): 722})
==== Stage 3: Domain-invariant + HardNCE ====
  (HardNCE disabled for M4 ablation)
epoch            total_loss       cls_loss         dis_loss         hard_loss       
0                1.0909137726     0.3690972924     0.7218164802     0               
  Source acc: 0.931771  |  Target acc: 0.581250
  Best target acc: 0.593750

======== ROUND 4 ========  [Ablation: M4]
==== Stage 1: SupCon Pre-training ====
epoch            total_loss       cls_loss        
0                0.4500237107     0.4500237107    
1                0.3069809079     0.3069809079    
==== Stage 2: Latent Domain PCL ====
epoch            total_loss       dis_loss         proto_loss       ent_pen_loss    
0                2.2702383995     1.8558950424     0.8109945059     0.0088461619    
Counter({np.int64(0): 2034, np.int64(1): 1065, np.int64(2): 741})
==== Stage 3: Domain-invariant + HardNCE ====
  (HardNCE disabled for M4 ablation)
epoch            total_loss       cls_loss         dis_loss         hard_loss       
0                1.3990590572     0.5080729723     0.8909860253     0               
  Source acc: 0.944792  |  Target acc: 0.519792
  Best target acc: 0.593750

======== ROUND 5 ========  [Ablation: M4]
==== Stage 1: SupCon Pre-training ====
epoch            total_loss       cls_loss        
0                0.5261704922     0.5261704922    
1                0.2569960654     0.2569960654    
==== Stage 2: Latent Domain PCL ====
epoch            total_loss       dis_loss         proto_loss       ent_pen_loss    
0                2.2351157665     1.9694080353     0.4486446977     0.0413854420    
Counter({np.int64(1): 1518, np.int64(2): 1233, np.int64(0): 1089})
==== Stage 3: Domain-invariant + HardNCE ====
  (HardNCE disabled for M4 ablation)
epoch            total_loss       cls_loss         dis_loss         hard_loss       
0                1.1710059643     0.2941052914     0.8769007325     0               
  Source acc: 0.926042  |  Target acc: 0.521875
  Best target acc: 0.593750

======== ROUND 6 ========  [Ablation: M4]
==== Stage 1: SupCon Pre-training ====
epoch            total_loss       cls_loss        
0                0.5502631068     0.5502631068    
1                0.1356218159     0.1356218159    
==== Stage 2: Latent Domain PCL ====
epoch            total_loss       dis_loss         proto_loss       ent_pen_loss    
0                2.0540452003     1.7785642147     0.5168245435     0.0170687120    
Counter({np.int64(1): 1659, np.int64(2): 1341, np.int64(0): 840})
==== Stage 3: Domain-invariant + HardNCE ====
  (HardNCE disabled for M4 ablation)
epoch            total_loss       cls_loss         dis_loss         hard_loss       
0                0.9227688909     0.2215410024     0.7012279034     0               
  Source acc: 0.989062  |  Target acc: 0.576042
  Best target acc: 0.593750

======== ROUND 7 ========  [Ablation: M4]
==== Stage 1: SupCon Pre-training ====
epoch            total_loss       cls_loss        
0                0.2967715561     0.2967715561    
1                0.0756937936     0.0756937936    
==== Stage 2: Latent Domain PCL ====
epoch            total_loss       dis_loss         proto_loss       ent_pen_loss    
0                2.2188661098     1.8419302702     0.7217087746     0.0160816163    
Counter({np.int64(1): 1587, np.int64(2): 1528, np.int64(0): 725})
==== Stage 3: Domain-invariant + HardNCE ====
  (HardNCE disabled for M4 ablation)
epoch            total_loss       cls_loss         dis_loss         hard_loss       
0                1.0981040001     0.1723504961     0.9257535338     0               
  Source acc: 0.988021  |  Target acc: 0.587500
  Best target acc: 0.593750

======== ROUND 8 ========  [Ablation: M4]
==== Stage 1: SupCon Pre-training ====
epoch            total_loss       cls_loss        
0                0.1694838405     0.1694838405    
1                0.1608096212     0.1608096212    
==== Stage 2: Latent Domain PCL ====
epoch            total_loss       dis_loss         proto_loss       ent_pen_loss    
0                2.0756466389     1.8262264729     0.4841589332     0.0073407623    
Counter({np.int64(2): 1572, np.int64(0): 1503, np.int64(1): 765})
==== Stage 3: Domain-invariant + HardNCE ====
  (HardNCE disabled for M4 ablation)
epoch            total_loss       cls_loss         dis_loss         hard_loss       
0                1.0241705179     0.1361967772     0.8879737258     0               
  Source acc: 0.954688  |  Target acc: 0.551042
  Best target acc: 0.593750

======== ROUND 9 ========  [Ablation: M4]
==== Stage 1: SupCon Pre-training ====
epoch            total_loss       cls_loss        
0                0.1616336107     0.1616336107    
1                0.1794408411     0.1794408411    
==== Stage 2: Latent Domain PCL ====
epoch            total_loss       dis_loss         proto_loss       ent_pen_loss    
0                2.0857472420     1.8572127819     0.3870783746     0.0349954143    
Counter({np.int64(0): 1832, np.int64(2): 1308, np.int64(1): 700})
==== Stage 3: Domain-invariant + HardNCE ====
  (HardNCE disabled for M4 ablation)
epoch            total_loss       cls_loss         dis_loss         hard_loss       
0                1.4898536205     0.5395623446     0.9502912164     0               
  Source acc: 0.991667  |  Target acc: 0.534375
  Best target acc: 0.593750

======== ROUND 10 ========  [Ablation: M4]
==== Stage 1: SupCon Pre-training ====
epoch            total_loss       cls_loss        
0                0.0691519231     0.0691519231    
1                0.0509920530     0.0509920530    
==== Stage 2: Latent Domain PCL ====
epoch            total_loss       dis_loss         proto_loss       ent_pen_loss    
0                1.0704407692     0.8086577654     0.4933867455     0.0150896376    
Counter({np.int64(1): 1412, np.int64(0): 1318, np.int64(2): 1110})
==== Stage 3: Domain-invariant + HardNCE ====
  (HardNCE disabled for M4 ablation)
epoch            total_loss       cls_loss         dis_loss         hard_loss       
0                0.9782888889     0.0713837445     0.9069051147     0               
  Source acc: 0.999479  |  Target acc: 0.615625
  Best target acc: 0.615625

======== ROUND 11 ========  [Ablation: M4]
==== Stage 1: SupCon Pre-training ====
epoch            total_loss       cls_loss        
0                0.1551772356     0.1551772356    
1                0.0455274023     0.0455274023    
==== Stage 2: Latent Domain PCL ====
epoch            total_loss       dis_loss         proto_loss       ent_pen_loss    
0                0.4977872670     0.3754088283     0.2188147008     0.0129710762    
Counter({np.int64(0): 1561, np.int64(1): 1274, np.int64(2): 1005})
==== Stage 3: Domain-invariant + HardNCE ====
  (HardNCE disabled for M4 ablation)
epoch            total_loss       cls_loss         dis_loss         hard_loss       
0                0.8406444192     0.0787589476     0.7618854642     0               
  Source acc: 1.000000  |  Target acc: 0.590625
  Best target acc: 0.615625

======== ROUND 12 ========  [Ablation: M4]
==== Stage 1: SupCon Pre-training ====
epoch            total_loss       cls_loss        
0                0.0520647876     0.0520647876    
1                0.0341910571     0.0341910571    
==== Stage 2: Latent Domain PCL ====
epoch            total_loss       dis_loss         proto_loss       ent_pen_loss    
0                0.3464351892     0.2484311163     0.1552202255     0.0203939695    
Counter({np.int64(0): 1587, np.int64(1): 1241, np.int64(2): 1012})
==== Stage 3: Domain-invariant + HardNCE ====
  (HardNCE disabled for M4 ablation)
epoch            total_loss       cls_loss         dis_loss         hard_loss       
0                0.5992519855     0.1197130829     0.4795388877     0               
  Source acc: 1.000000  |  Target acc: 0.603125
  Best target acc: 0.615625

======== ROUND 13 ========  [Ablation: M4]
==== Stage 1: SupCon Pre-training ====
epoch            total_loss       cls_loss        
0                0.0153525919     0.0153525919    
1                0.0032486662     0.0032486662    
==== Stage 2: Latent Domain PCL ====
epoch            total_loss       dis_loss         proto_loss       ent_pen_loss    
0                0.4145720303     0.2774188519     0.2653404474     0.0044829613    
Counter({np.int64(1): 1563, np.int64(0): 1453, np.int64(2): 824})
==== Stage 3: Domain-invariant + HardNCE ====
  (HardNCE disabled for M4 ablation)
epoch            total_loss       cls_loss         dis_loss         hard_loss       
0                0.8636135459     0.0152936457     0.8483198881     0               
  Source acc: 1.000000  |  Target acc: 0.620833
  Best target acc: 0.620833

======== ROUND 14 ========  [Ablation: M4]
==== Stage 1: SupCon Pre-training ====
epoch            total_loss       cls_loss        
0                0.0094208987     0.0094208987    
1                0.0116400924     0.0116400924    
==== Stage 2: Latent Domain PCL ====
epoch            total_loss       dis_loss         proto_loss       ent_pen_loss    
0                0.8247768283     0.4899021983     0.6478463411     0.0109514743    
Counter({np.int64(0): 1760, np.int64(1): 1077, np.int64(2): 1003})
==== Stage 3: Domain-invariant + HardNCE ====
  (HardNCE disabled for M4 ablation)
epoch            total_loss       cls_loss         dis_loss         hard_loss       
0                0.3433089852     0.0111157624     0.3321932256     0               
  Source acc: 1.000000  |  Target acc: 0.616667
  Best target acc: 0.620833

======== ROUND 15 ========  [Ablation: M4]
==== Stage 1: SupCon Pre-training ====
epoch            total_loss       cls_loss        
0                0.0122808060     0.0122808060    
1                0.0135724591     0.0135724591    
==== Stage 2: Latent Domain PCL ====
epoch            total_loss       dis_loss         proto_loss       ent_pen_loss    
0                0.1955319792     0.1783233881     0.0167249199     0.0088461293    
Counter({np.int64(0): 1805, np.int64(1): 1042, np.int64(2): 993})
==== Stage 3: Domain-invariant + HardNCE ====
  (HardNCE disabled for M4 ablation)
epoch            total_loss       cls_loss         dis_loss         hard_loss       
0                0.3274725974     0.0153226499     0.3121499419     0               
  Source acc: 1.000000  |  Target acc: 0.621875
  Best target acc: 0.621875

======== ROUND 16 ========  [Ablation: M4]
==== Stage 1: SupCon Pre-training ====
epoch            total_loss       cls_loss        
0                0.0188931357     0.0188931357    
1                0.0096125472     0.0096125472    
==== Stage 2: Latent Domain PCL ====
epoch            total_loss       dis_loss         proto_loss       ent_pen_loss    
0                0.3792684972     0.2632890940     0.1619680226     0.0349954143    
Counter({np.int64(0): 1816, np.int64(1): 1041, np.int64(2): 983})
==== Stage 3: Domain-invariant + HardNCE ====
  (HardNCE disabled for M4 ablation)
epoch            total_loss       cls_loss         dis_loss         hard_loss       
0                0.1903921962     0.0148611926     0.1755309999     0               
  Source acc: 1.000000  |  Target acc: 0.611458
  Best target acc: 0.621875

======== ROUND 17 ========  [Ablation: M4]
==== Stage 1: SupCon Pre-training ====
epoch            total_loss       cls_loss        
0                0.1391664892     0.1391664892    
1                0.0070329104     0.0070329104    
==== Stage 2: Latent Domain PCL ====
epoch            total_loss       dis_loss         proto_loss       ent_pen_loss    
0                0.4920597672     0.4678868651     0.0140436431     0.0171511024    
Counter({np.int64(0): 1828, np.int64(1): 1046, np.int64(2): 966})
==== Stage 3: Domain-invariant + HardNCE ====
  (HardNCE disabled for M4 ablation)
epoch            total_loss       cls_loss         dis_loss         hard_loss       
0                0.1967414320     0.0112397745     0.1855016500     0               
  Source acc: 1.000000  |  Target acc: 0.628125
  Best target acc: 0.628125

======== ROUND 18 ========  [Ablation: M4]
==== Stage 1: SupCon Pre-training ====
epoch            total_loss       cls_loss        
0                0.0055789147     0.0055789147    
1                0.0038789848     0.0038789848    
==== Stage 2: Latent Domain PCL ====
epoch            total_loss       dis_loss         proto_loss       ent_pen_loss    
0                0.5390855670     0.4910006225     0.0182026029     0.0389836691    
Counter({np.int64(0): 1851, np.int64(1): 1050, np.int64(2): 939})
==== Stage 3: Domain-invariant + HardNCE ====
  (HardNCE disabled for M4 ablation)
epoch            total_loss       cls_loss         dis_loss         hard_loss       
0                0.1553567648     0.0095286053     0.1458281577     0               
  Source acc: 1.000000  |  Target acc: 0.597917
  Best target acc: 0.628125

======== ROUND 19 ========  [Ablation: M4]
==== Stage 1: SupCon Pre-training ====
epoch            total_loss       cls_loss        
0                0.0039890618     0.0039890618    
1                0.0112559320     0.0112559320    
==== Stage 2: Latent Domain PCL ====
epoch            total_loss       dis_loss         proto_loss       ent_pen_loss    
0                0.7646572590     0.4163925946     0.5187799335     0.0888746753    
Counter({np.int64(0): 1834, np.int64(1): 1383, np.int64(2): 623})
==== Stage 3: Domain-invariant + HardNCE ====
  (HardNCE disabled for M4 ablation)
epoch            total_loss       cls_loss         dis_loss         hard_loss       
0                2.3396973610     0.0154833309     2.3242139816     0               
  Source acc: 1.000000  |  Target acc: 0.592708
  Best target acc: 0.628125

======== ROUND 20 ========  [Ablation: M4]
==== Stage 1: SupCon Pre-training ====
epoch            total_loss       cls_loss        
0                0.0035717199     0.0035717199    
1                0.0112604164     0.0112604164    
==== Stage 2: Latent Domain PCL ====
epoch            total_loss       dis_loss         proto_loss       ent_pen_loss    
0                0.3833517432     0.3102801442     0.1019331962     0.0221050046    
Counter({np.int64(0): 1801, np.int64(1): 1453, np.int64(2): 586})
==== Stage 3: Domain-invariant + HardNCE ====
  (HardNCE disabled for M4 ablation)
epoch            total_loss       cls_loss         dis_loss         hard_loss       
0                1.9026699066     0.0268350951     1.8758348227     0               
  Source acc: 1.000000  |  Target acc: 0.616667
  Best target acc: 0.628125

======== ROUND 21 ========  [Ablation: M4]
==== Stage 1: SupCon Pre-training ====
epoch            total_loss       cls_loss        
0                0.0275798142     0.0275798142    
1                0.0040234160     0.0040234160    
==== Stage 2: Latent Domain PCL ====
epoch            total_loss       dis_loss         proto_loss       ent_pen_loss    
0                0.4515777826     0.2999386787     0.2159730941     0.0436525606    
Counter({np.int64(0): 1786, np.int64(1): 1220, np.int64(2): 834})
==== Stage 3: Domain-invariant + HardNCE ====
  (HardNCE disabled for M4 ablation)
epoch            total_loss       cls_loss         dis_loss         hard_loss       
0                1.2870855331     0.0244133659     1.2626721859     0               
  Source acc: 1.000000  |  Target acc: 0.612500
  Best target acc: 0.628125

======== ROUND 22 ========  [Ablation: M4]
==== Stage 1: SupCon Pre-training ====
epoch            total_loss       cls_loss        
0                0.0890071914     0.0890071914    
1                0.0049218871     0.0049218871    
==== Stage 2: Latent Domain PCL ====
epoch            total_loss       dis_loss         proto_loss       ent_pen_loss    
0                0.6088540554     0.3252150714     0.4893106818     0.0389836691    
Counter({np.int64(0): 1760, np.int64(1): 1051, np.int64(2): 1029})
==== Stage 3: Domain-invariant + HardNCE ====
  (HardNCE disabled for M4 ablation)
epoch            total_loss       cls_loss         dis_loss         hard_loss       
0                0.4478295743     0.0174701698     0.4303593934     0               
  Source acc: 1.000000  |  Target acc: 0.603125
  Best target acc: 0.628125

======== ROUND 23 ========  [Ablation: M4]
==== Stage 1: SupCon Pre-training ====
epoch            total_loss       cls_loss        
0                0.0275876224     0.0275876224    
1                0.0028579449     0.0028579449    
==== Stage 2: Latent Domain PCL ====
epoch            total_loss       dis_loss         proto_loss       ent_pen_loss    
0                0.3236765862     0.2743792534     0.0642924234     0.0171511024    
Counter({np.int64(0): 1539, np.int64(1): 1300, np.int64(2): 1001})
==== Stage 3: Domain-invariant + HardNCE ====
  (HardNCE disabled for M4 ablation)
epoch            total_loss       cls_loss         dis_loss         hard_loss       
0                0.4954953492     0.0057780407     0.4897173047     0               
  Source acc: 1.000000  |  Target acc: 0.615625
  Best target acc: 0.628125

======== ROUND 24 ========  [Ablation: M4]
==== Stage 1: SupCon Pre-training ====
epoch            total_loss       cls_loss        
0                0.1270968914     0.1270968914    
1                0.0084126890     0.0084126890    
==== Stage 2: Latent Domain PCL ====
epoch            total_loss       dis_loss         proto_loss       ent_pen_loss    
0                0.4141003788     0.3474942446     0.1264321506     0.0033900375    
Counter({np.int64(0): 1557, np.int64(1): 1467, np.int64(2): 816})
==== Stage 3: Domain-invariant + HardNCE ====
  (HardNCE disabled for M4 ablation)
epoch            total_loss       cls_loss         dis_loss         hard_loss       
0                1.6645362377     0.0073552281     1.6571810246     0               
  Source acc: 1.000000  |  Target acc: 0.608333
  Best target acc: 0.628125

======== ROUND 25 ========  [Ablation: M4]
==== Stage 1: SupCon Pre-training ====
epoch            total_loss       cls_loss        
0                0.0410069078     0.0410069078    
1                0.0205451008     0.0205451008    
==== Stage 2: Latent Domain PCL ====
epoch            total_loss       dis_loss         proto_loss       ent_pen_loss    
0                0.5012754798     0.3624460399     0.1591020226     0.0592784360    
Counter({np.int64(0): 1683, np.int64(1): 1287, np.int64(2): 870})
==== Stage 3: Domain-invariant + HardNCE ====
  (HardNCE disabled for M4 ablation)
epoch            total_loss       cls_loss         dis_loss         hard_loss       
0                0.8701239228     0.0237081442     0.8464157581     0               
  Source acc: 1.000000  |  Target acc: 0.614583
  Best target acc: 0.628125

======== ROUND 26 ========  [Ablation: M4]
==== Stage 1: SupCon Pre-training ====
epoch            total_loss       cls_loss        
0                0.0663239360     0.0663239360    
1                0.0027516587     0.0027516587    
==== Stage 2: Latent Domain PCL ====
epoch            total_loss       dis_loss         proto_loss       ent_pen_loss    
0                0.3479698598     0.2315618992     0.1732570529     0.0297794305    
Counter({np.int64(0): 1845, np.int64(1): 1006, np.int64(2): 989})
==== Stage 3: Domain-invariant + HardNCE ====
  (HardNCE disabled for M4 ablation)
epoch            total_loss       cls_loss         dis_loss         hard_loss       
0                0.9064760804     0.0558769219     0.8505991697     0               
  Source acc: 1.000000  |  Target acc: 0.613542
  Best target acc: 0.628125

======== ROUND 27 ========  [Ablation: M4]
==== Stage 1: SupCon Pre-training ====
epoch            total_loss       cls_loss        
0                0.0051908987     0.0051908987    
1                0.0030409349     0.0030409349    
==== Stage 2: Latent Domain PCL ====
epoch            total_loss       dis_loss         proto_loss       ent_pen_loss    
0                0.5593668222     0.3937476873     0.3274358809     0.0019012074    
Counter({np.int64(0): 1605, np.int64(1): 1449, np.int64(2): 786})
==== Stage 3: Domain-invariant + HardNCE ====
  (HardNCE disabled for M4 ablation)
epoch            total_loss       cls_loss         dis_loss         hard_loss       
0                1.0287997723     0.0164705161     1.0123292208     0               
  Source acc: 1.000000  |  Target acc: 0.601042
  Best target acc: 0.628125

======== ROUND 28 ========  [Ablation: M4]
==== Stage 1: SupCon Pre-training ====
epoch            total_loss       cls_loss        
0                0.0112460265     0.0112460265    
1                0.0095667783     0.0095667783    
==== Stage 2: Latent Domain PCL ====
epoch            total_loss       dis_loss         proto_loss       ent_pen_loss    
0                0.2636350095     0.2304065377     0.0560671017     0.0051949215    
Counter({np.int64(0): 1840, np.int64(1): 1128, np.int64(2): 872})
==== Stage 3: Domain-invariant + HardNCE ====
  (HardNCE disabled for M4 ablation)
epoch            total_loss       cls_loss         dis_loss         hard_loss       
0                0.7809039950     0.0121274078     0.7687765956     0               
  Source acc: 1.000000  |  Target acc: 0.595833
  Best target acc: 0.628125

======== ROUND 29 ========  [Ablation: M4]
==== Stage 1: SupCon Pre-training ====
epoch            total_loss       cls_loss        
0                0.0068055219     0.0068055219    
1                0.0039542955     0.0039542955    
==== Stage 2: Latent Domain PCL ====
epoch            total_loss       dis_loss         proto_loss       ent_pen_loss    
0                0.3362816274     0.2428381145     0.1089197099     0.0389836691    
Counter({np.int64(0): 1699, np.int64(1): 1160, np.int64(2): 981})
==== Stage 3: Domain-invariant + HardNCE ====
  (HardNCE disabled for M4 ablation)
epoch            total_loss       cls_loss         dis_loss         hard_loss       
0                0.8896814585     0.0121668829     0.8775146008     0               
  Source acc: 1.000000  |  Target acc: 0.610417
  Best target acc: 0.628125

======== ROUND 30 ========  [Ablation: M4]
==== Stage 1: SupCon Pre-training ====
epoch            total_loss       cls_loss        
0                0.0047973921     0.0047973921    
1                0.0053591835     0.0053591835    
==== Stage 2: Latent Domain PCL ====
epoch            total_loss       dis_loss         proto_loss       ent_pen_loss    
0                0.6020094752     0.3865417540     0.4241554141     0.0033900046    
Counter({np.int64(0): 1603, np.int64(1): 1485, np.int64(2): 752})
==== Stage 3: Domain-invariant + HardNCE ====
  (HardNCE disabled for M4 ablation)
epoch            total_loss       cls_loss         dis_loss         hard_loss       
0                0.5687456131     0.0132375937     0.5555080175     0               
  Source acc: 1.000000  |  Target acc: 0.604167
  Best target acc: 0.628125

======== ROUND 31 ========  [Ablation: M4]
==== Stage 1: SupCon Pre-training ====
epoch            total_loss       cls_loss        
0                0.0029305636     0.0029305636    
1                0.0069618411     0.0069618411    
==== Stage 2: Latent Domain PCL ====
epoch            total_loss       dis_loss         proto_loss       ent_pen_loss    
0                0.5020114779     0.3152628541     0.2861921191     0.0436525606    
Counter({np.int64(0): 1845, np.int64(2): 1048, np.int64(1): 947})
==== Stage 3: Domain-invariant + HardNCE ====
  (HardNCE disabled for M4 ablation)
epoch            total_loss       cls_loss         dis_loss         hard_loss       
0                0.2806752324     0.0202757381     0.2603994906     0               
  Source acc: 1.000000  |  Target acc: 0.603125
  Best target acc: 0.628125

======== ROUND 32 ========  [Ablation: M4]
==== Stage 1: SupCon Pre-training ====
epoch            total_loss       cls_loss        
0                0.0054260427     0.0054260427    
1                0.0111893630     0.0111893630    
==== Stage 2: Latent Domain PCL ====
epoch            total_loss       dis_loss         proto_loss       ent_pen_loss    
0                0.3814163804     0.3088644147     0.1108016819     0.0171511024    
Counter({np.int64(0): 1819, np.int64(1): 1241, np.int64(2): 780})
==== Stage 3: Domain-invariant + HardNCE ====
  (HardNCE disabled for M4 ablation)
epoch            total_loss       cls_loss         dis_loss         hard_loss       
0                0.6796947718     0.0055950037     0.6740997434     0               
  Source acc: 1.000000  |  Target acc: 0.615625
  Best target acc: 0.628125

======== ROUND 33 ========  [Ablation: M4]
==== Stage 1: SupCon Pre-training ====
epoch            total_loss       cls_loss        
0                0.0023597535     0.0023597535    
1                0.0159304868     0.0159304868    
==== Stage 2: Latent Domain PCL ====
epoch            total_loss       dis_loss         proto_loss       ent_pen_loss    
0                0.5466896892     0.4014652967     0.1712399274     0.0596044362    
Counter({np.int64(0): 1778, np.int64(1): 1132, np.int64(2): 930})
==== Stage 3: Domain-invariant + HardNCE ====
  (HardNCE disabled for M4 ablation)
epoch            total_loss       cls_loss         dis_loss         hard_loss       
0                0.6505144238     0.0091870483     0.6413273811     0               
  Source acc: 1.000000  |  Target acc: 0.603125
  Best target acc: 0.628125

======== ROUND 34 ========  [Ablation: M4]
==== Stage 1: SupCon Pre-training ====
epoch            total_loss       cls_loss        
0                0.0036841326     0.0036841326    
1                0.0189349949     0.0189349949    
==== Stage 2: Latent Domain PCL ====
epoch            total_loss       dis_loss         proto_loss       ent_pen_loss    
0                0.3200033009     0.2324676514     0.1155124307     0.0297794305    
Counter({np.int64(0): 1697, np.int64(1): 1228, np.int64(2): 915})
==== Stage 3: Domain-invariant + HardNCE ====
  (HardNCE disabled for M4 ablation)
epoch            total_loss       cls_loss         dis_loss         hard_loss       
0                0.5525541306     0.0260628164     0.5264913440     0               
  Source acc: 1.000000  |  Target acc: 0.597917
  Best target acc: 0.628125

======== ROUND 35 ========  [Ablation: M4]
==== Stage 1: SupCon Pre-training ====
epoch            total_loss       cls_loss        
0                0.0084190434     0.0084190434    
1                0.0214601103     0.0214601103    
==== Stage 2: Latent Domain PCL ====
epoch            total_loss       dis_loss         proto_loss       ent_pen_loss    
0                0.3547027707     0.2244625092     0.1904896945     0.0349954143    
Counter({np.int64(0): 1631, np.int64(1): 1230, np.int64(2): 979})
==== Stage 3: Domain-invariant + HardNCE ====
  (HardNCE disabled for M4 ablation)
epoch            total_loss       cls_loss         dis_loss         hard_loss       
0                0.5201125741     0.0216226764     0.4984899163     0               
  Source acc: 1.000000  |  Target acc: 0.595833
  Best target acc: 0.628125

======== ROUND 36 ========  [Ablation: M4]
==== Stage 1: SupCon Pre-training ====
epoch            total_loss       cls_loss        
0                0.0038015463     0.0038015463    
1                0.0076823933     0.0076823933    
==== Stage 2: Latent Domain PCL ====
epoch            total_loss       dis_loss         proto_loss       ent_pen_loss    
0                0.3075063527     0.2361577302     0.1323073804     0.0051949215    
Counter({np.int64(0): 1626, np.int64(1): 1281, np.int64(2): 933})
==== Stage 3: Domain-invariant + HardNCE ====
  (HardNCE disabled for M4 ablation)
epoch            total_loss       cls_loss         dis_loss         hard_loss       
0                0.4258779287     0.0222463179     0.4036315978     0               
  Source acc: 1.000000  |  Target acc: 0.604167
  Best target acc: 0.628125

======== ROUND 37 ========  [Ablation: M4]
==== Stage 1: SupCon Pre-training ====
epoch            total_loss       cls_loss        
0                0.0047556721     0.0047556721    
1                0.0029364461     0.0029364461    
==== Stage 2: Latent Domain PCL ====
epoch            total_loss       dis_loss         proto_loss       ent_pen_loss    
0                0.4117281437     0.2455132902     0.2916418016     0.0203939695    
Counter({np.int64(0): 1698, np.int64(1): 1254, np.int64(2): 888})
==== Stage 3: Domain-invariant + HardNCE ====
  (HardNCE disabled for M4 ablation)
epoch            total_loss       cls_loss         dis_loss         hard_loss       
0                0.6381725669     0.0157813840     0.6223911643     0               
  Source acc: 1.000000  |  Target acc: 0.611458
  Best target acc: 0.628125

======== ROUND 38 ========  [Ablation: M4]
==== Stage 1: SupCon Pre-training ====
epoch            total_loss       cls_loss        
0                0.0085552186     0.0085552186    
1                0.0060618352     0.0060618352    
==== Stage 2: Latent Domain PCL ====
epoch            total_loss       dis_loss         proto_loss       ent_pen_loss    
0                0.3391822875     0.2268480957     0.1987262070     0.0129710762    
Counter({np.int64(0): 1710, np.int64(1): 1289, np.int64(2): 841})
==== Stage 3: Domain-invariant + HardNCE ====
  (HardNCE disabled for M4 ablation)
epoch            total_loss       cls_loss         dis_loss         hard_loss       
0                0.8720380664     0.0147618614     0.8572762012     0               
  Source acc: 1.000000  |  Target acc: 0.600000
  Best target acc: 0.628125

======== ROUND 39 ========  [Ablation: M4]
==== Stage 1: SupCon Pre-training ====
epoch            total_loss       cls_loss        
0                0.0024527004     0.0024527004    
1                0.0091966446     0.0091966446    
==== Stage 2: Latent Domain PCL ====
epoch            total_loss       dis_loss         proto_loss       ent_pen_loss    
0                0.4858043194     0.2898950875     0.3880160153     0.0019012074    
Counter({np.int64(0): 1702, np.int64(1): 1307, np.int64(2): 831})
==== Stage 3: Domain-invariant + HardNCE ====
  (HardNCE disabled for M4 ablation)
epoch            total_loss       cls_loss         dis_loss         hard_loss       
0                1.0264476538     0.1917040795     0.8347435594     0               
  Source acc: 1.000000  |  Target acc: 0.604167
  Best target acc: 0.628125

======== ROUND 40 ========  [Ablation: M4]
==== Stage 1: SupCon Pre-training ====
epoch            total_loss       cls_loss        
0                0.0018450760     0.0018450760    
1                0.0081877112     0.0081877112    
==== Stage 2: Latent Domain PCL ====
epoch            total_loss       dis_loss         proto_loss       ent_pen_loss    
0                0.1907411814     0.1402916163     0.0665969253     0.0171511024    
Counter({np.int64(0): 1690, np.int64(1): 1348, np.int64(2): 802})
==== Stage 3: Domain-invariant + HardNCE ====
  (HardNCE disabled for M4 ablation)
epoch            total_loss       cls_loss         dis_loss         hard_loss       
0                0.3146277666     0.0024512638     0.3121764958     0               
  Source acc: 1.000000  |  Target acc: 0.597917
  Best target acc: 0.628125

======== ROUND 41 ========  [Ablation: M4]
==== Stage 1: SupCon Pre-training ====
epoch            total_loss       cls_loss        
0                0.0070389365     0.0070389365    
1                0.0014878768     0.0014878768    
==== Stage 2: Latent Domain PCL ====
epoch            total_loss       dis_loss         proto_loss       ent_pen_loss    
0                0.4039042592     0.3202724457     0.1170482188     0.0251076967    
Counter({np.int64(0): 1697, np.int64(1): 1340, np.int64(2): 803})
==== Stage 3: Domain-invariant + HardNCE ====
  (HardNCE disabled for M4 ablation)
epoch            total_loss       cls_loss         dis_loss         hard_loss       
0                0.5279135704     0.0151794087     0.5127341747     0               
  Source acc: 1.000000  |  Target acc: 0.609375
  Best target acc: 0.628125

======== ROUND 42 ========  [Ablation: M4]
==== Stage 1: SupCon Pre-training ====
epoch            total_loss       cls_loss        
0                0.0121103674     0.0121103674    
1                0.0030068615     0.0030068615    
==== Stage 2: Latent Domain PCL ====
epoch            total_loss       dis_loss         proto_loss       ent_pen_loss    
0                0.3030548096     0.2722643316     0.0294177812     0.0160816163    
Counter({np.int64(0): 1692, np.int64(1): 1374, np.int64(2): 774})
==== Stage 3: Domain-invariant + HardNCE ====
  (HardNCE disabled for M4 ablation)
epoch            total_loss       cls_loss         dis_loss         hard_loss       
0                0.3921567202     0.0095639825     0.3825927377     0               
  Source acc: 1.000000  |  Target acc: 0.613542
  Best target acc: 0.628125

======== ROUND 43 ========  [Ablation: M4]
==== Stage 1: SupCon Pre-training ====
epoch            total_loss       cls_loss        
0                0.0013747332     0.0013747332    
1                0.0137707125     0.0137707125    
==== Stage 2: Latent Domain PCL ====
epoch            total_loss       dis_loss         proto_loss       ent_pen_loss    
0                0.2780025899     0.2330905944     0.0693936422     0.0102151651    
Counter({np.int64(0): 1715, np.int64(1): 1361, np.int64(2): 764})
==== Stage 3: Domain-invariant + HardNCE ====
  (HardNCE disabled for M4 ablation)
epoch            total_loss       cls_loss         dis_loss         hard_loss       
0                0.2730791569     0.0140249897     0.2590541542     0               
  Source acc: 1.000000  |  Target acc: 0.612500
  Best target acc: 0.628125

======== ROUND 44 ========  [Ablation: M4]
==== Stage 1: SupCon Pre-training ====
epoch            total_loss       cls_loss        
0                0.0041259713     0.0041259713    
1                0.0012910799     0.0012910799    
==== Stage 2: Latent Domain PCL ====
epoch            total_loss       dis_loss         proto_loss       ent_pen_loss    
0                0.2853240371     0.1671583205     0.1762304157     0.0300505292    
Counter({np.int64(0): 1718, np.int64(1): 1388, np.int64(2): 734})
==== Stage 3: Domain-invariant + HardNCE ====
  (HardNCE disabled for M4 ablation)
epoch            total_loss       cls_loss         dis_loss         hard_loss       
0                0.3655406237     0.0337406918     0.3317999244     0               
  Source acc: 1.000000  |  Target acc: 0.612500
  Best target acc: 0.628125

======== ROUND 45 ========  [Ablation: M4]
==== Stage 1: SupCon Pre-training ====
epoch            total_loss       cls_loss        
0                0.0009922745     0.0009922745    
1                0.0013492323     0.0013492323    
==== Stage 2: Latent Domain PCL ====
epoch            total_loss       dis_loss         proto_loss       ent_pen_loss    
0                0.2409355044     0.1948344857     0.0479920730     0.0221049711    
Counter({np.int64(0): 1707, np.int64(1): 1387, np.int64(2): 746})
==== Stage 3: Domain-invariant + HardNCE ====
  (HardNCE disabled for M4 ablation)
epoch            total_loss       cls_loss         dis_loss         hard_loss       
0                0.2751856744     0.0108377775     0.2643479109     0               
  Source acc: 1.000000  |  Target acc: 0.615625
  Best target acc: 0.628125

======== ROUND 46 ========  [Ablation: M4]
==== Stage 1: SupCon Pre-training ====
epoch            total_loss       cls_loss        
0                0.0041717952     0.0041717952    
1                0.0033086552     0.0033086552    
==== Stage 2: Latent Domain PCL ====
epoch            total_loss       dis_loss         proto_loss       ent_pen_loss    
0                0.3360243738     0.3109629154     0.0397330411     0.0051949215    
Counter({np.int64(0): 1746, np.int64(1): 1379, np.int64(2): 715})
==== Stage 3: Domain-invariant + HardNCE ====
  (HardNCE disabled for M4 ablation)
epoch            total_loss       cls_loss         dis_loss         hard_loss       
0                0.3586888909     0.0039960351     0.3546928465     0               
  Source acc: 1.000000  |  Target acc: 0.611458
  Best target acc: 0.628125

======== ROUND 47 ========  [Ablation: M4]
==== Stage 1: SupCon Pre-training ====
epoch            total_loss       cls_loss        
0                0.0716660321     0.0716660321    
1                0.0024729290     0.0024729290    
==== Stage 2: Latent Domain PCL ====
epoch            total_loss       dis_loss         proto_loss       ent_pen_loss    
0                0.1524372995     0.1129907370     0.0321489014     0.0233721174    
Counter({np.int64(0): 1785, np.int64(1): 1392, np.int64(2): 663})
==== Stage 3: Domain-invariant + HardNCE ====
  (HardNCE disabled for M4 ablation)
epoch            total_loss       cls_loss         dis_loss         hard_loss       
0                0.2454302609     0.0129477475     0.2324825078     0               
  Source acc: 1.000000  |  Target acc: 0.611458
  Best target acc: 0.628125

======== ROUND 48 ========  [Ablation: M4]
==== Stage 1: SupCon Pre-training ====
epoch            total_loss       cls_loss        
0                0.0018043334     0.0018043334    
1                0.0052962899     0.0052962899    
==== Stage 2: Latent Domain PCL ====
epoch            total_loss       dis_loss         proto_loss       ent_pen_loss    
0                0.2977720499     0.2005760670     0.0724089518     0.0609915033    
Counter({np.int64(0): 1751, np.int64(1): 1374, np.int64(2): 715})
==== Stage 3: Domain-invariant + HardNCE ====
  (HardNCE disabled for M4 ablation)
epoch            total_loss       cls_loss         dis_loss         hard_loss       
0                0.5237950087     0.0121235438     0.5116714835     0               
  Source acc: 1.000000  |  Target acc: 0.619792
  Best target acc: 0.628125

======== ROUND 49 ========  [Ablation: M4]
==== Stage 1: SupCon Pre-training ====
epoch            total_loss       cls_loss        
0                0.0009066849     0.0009066849    
1                0.0143707115     0.0143707115    
==== Stage 2: Latent Domain PCL ====
epoch            total_loss       dis_loss         proto_loss       ent_pen_loss    
0                0.2759703696     0.2341249883     0.0394807793     0.0221049711    
Counter({np.int64(0): 1736, np.int64(1): 1383, np.int64(2): 721})
==== Stage 3: Domain-invariant + HardNCE ====
  (HardNCE disabled for M4 ablation)
epoch            total_loss       cls_loss         dis_loss         hard_loss       
0                0.2440730333     0.0107207010     0.2333523333     0               
  Source acc: 1.000000  |  Target acc: 0.611458
  Best target acc: 0.628125
[ConfMatrix] saved to log/deep_xrf_user_nodir_s1 (cm shape=(8, 8))

Results saved to log/deep_xrf_user_nodir_s1
acc.txt: log/deep_xrf_user_nodir_s1/acc.txt
bestacc.txt: log/deep_xrf_user_nodir_s1/bestacc.txt
