[Seed] global random seed set to 0

[Ablation Mode] M4
[XRF55Dataset] loaded 3840 samples from 1 dirs
[XRF55Dataset] loaded 960 samples from 1 dirs
[XRF55Dataset] loaded 3840 samples from 1 dirs
Train set size: 3840 samples, 120 batches
Test set size:  960 samples, 30 batches
Source eval size: 3840 samples

[Direction Sensitivity] Manual weights: {0: 0.0, 1: 0.5, 2: 0.5, 3: 0.5, 4: 0.5, 5: 0.5, 6: 0.5, 7: 0.5}

======== ROUND 0 ========  [Ablation: M4]
==== Stage 1: SupCon Pre-training ====
epoch            total_loss       cls_loss         supcon_loss     
0                4.1180295944     1.2802561522     5.6755466461    
1                3.7104978561     0.7582210302     5.9045534134    
==== Stage 2: Latent Domain PCL ====
epoch            total_loss       dis_loss         proto_loss       ent_pen_loss    
0                2.4835042953     2.1835043430     0.0000000000     0.3000000119    
Counter({np.int64(0): 1670, np.int64(2): 1575, np.int64(1): 595})
==== Stage 3: Domain-invariant + HardNCE ====
  (HardNCE disabled for M4 ablation)
epoch            total_loss       cls_loss         dis_loss         hard_loss       
0                1.0476734638     0.4554687738     0.5922046304     0               
  Source acc: 0.778646  |  Target acc: 0.531250
  Best target acc: 0.531250

======== ROUND 1 ========  [Ablation: M4]
==== Stage 1: SupCon Pre-training ====
epoch            total_loss       cls_loss         supcon_loss     
0                3.3833646774     0.5309267044     5.7048759460    
1                3.4723715782     0.6345858574     5.6755714417    
==== Stage 2: Latent Domain PCL ====
epoch            total_loss       dis_loss         proto_loss       ent_pen_loss    
0                1.7868953943     1.5787677765     0.3821176291     0.0170687120    
Counter({np.int64(0): 1516, np.int64(2): 1168, np.int64(1): 1156})
==== Stage 3: Domain-invariant + HardNCE ====
  (HardNCE disabled for M4 ablation)
epoch            total_loss       cls_loss         dis_loss         hard_loss       
0                1.2036271095     0.4500216246     0.7536054254     0               
  Source acc: 0.817969  |  Target acc: 0.484375
  Best target acc: 0.531250

======== ROUND 2 ========  [Ablation: M4]
==== Stage 1: SupCon Pre-training ====
epoch            total_loss       cls_loss         supcon_loss     
0                3.6550774574     0.8299060464     5.6503429413    
1                3.2618677616     0.3873713613     5.7489929199    
==== Stage 2: Latent Domain PCL ====
epoch            total_loss       dis_loss         proto_loss       ent_pen_loss    
0                2.0595479012     1.7180911303     0.6725235581     0.0051949215    
Counter({np.int64(0): 1413, np.int64(1): 1275, np.int64(2): 1152})
==== Stage 3: Domain-invariant + HardNCE ====
  (HardNCE disabled for M4 ablation)
epoch            total_loss       cls_loss         dis_loss         hard_loss       
0                1.1368355751     0.3662975132     0.7705380917     0               
  Source acc: 0.921354  |  Target acc: 0.542708
  Best target acc: 0.542708

======== ROUND 3 ========  [Ablation: M4]
==== Stage 1: SupCon Pre-training ====
epoch            total_loss       cls_loss        
0                0.3903757036     0.3903757036    
1                0.2611322403     0.2611322403    
==== Stage 2: Latent Domain PCL ====
epoch            total_loss       dis_loss         proto_loss       ent_pen_loss    
0                1.8060325384     1.6549993753     0.2952863872     0.0033900046    
Counter({np.int64(2): 1323, np.int64(1): 1318, np.int64(0): 1199})
==== Stage 3: Domain-invariant + HardNCE ====
  (HardNCE disabled for M4 ablation)
epoch            total_loss       cls_loss         dis_loss         hard_loss       
0                0.9847360253     0.3947213888     0.5900146365     0               
  Source acc: 0.929688  |  Target acc: 0.543750
  Best target acc: 0.543750

======== ROUND 4 ========  [Ablation: M4]
==== Stage 1: SupCon Pre-training ====
epoch            total_loss       cls_loss        
0                0.2126844376     0.2126844376    
1                0.1837950051     0.1837950051    
==== Stage 2: Latent Domain PCL ====
epoch            total_loss       dis_loss         proto_loss       ent_pen_loss    
0                1.7678216696     1.5482892990     0.4352625310     0.0019012074    
Counter({np.int64(1): 1634, np.int64(2): 1405, np.int64(0): 801})
==== Stage 3: Domain-invariant + HardNCE ====
  (HardNCE disabled for M4 ablation)
epoch            total_loss       cls_loss         dis_loss         hard_loss       
0                1.1313998699     0.4331641197     0.6982356906     0               
  Source acc: 0.980729  |  Target acc: 0.581250
  Best target acc: 0.581250

======== ROUND 5 ========  [Ablation: M4]
==== Stage 1: SupCon Pre-training ====
epoch            total_loss       cls_loss        
0                0.1033048034     0.1033048034    
1                0.3493701518     0.3493701518    
==== Stage 2: Latent Domain PCL ====
epoch            total_loss       dis_loss         proto_loss       ent_pen_loss    
0                1.8617349863     1.6328680515     0.4430522323     0.0073407623    
Counter({np.int64(0): 1625, np.int64(2): 1367, np.int64(1): 848})
==== Stage 3: Domain-invariant + HardNCE ====
  (HardNCE disabled for M4 ablation)
epoch            total_loss       cls_loss         dis_loss         hard_loss       
0                0.9036017656     0.2789725959     0.6246291995     0               
  Source acc: 0.976042  |  Target acc: 0.559375
  Best target acc: 0.581250

======== ROUND 6 ========  [Ablation: M4]
==== Stage 1: SupCon Pre-training ====
epoch            total_loss       cls_loss        
0                0.1935544312     0.1935544312    
1                0.5357405543     0.5357405543    
==== Stage 2: Latent Domain PCL ====
epoch            total_loss       dis_loss         proto_loss       ent_pen_loss    
0                2.1970784664     1.9211800098     0.5479944944     0.0019012074    
Counter({np.int64(2): 1691, np.int64(0): 1318, np.int64(1): 831})
==== Stage 3: Domain-invariant + HardNCE ====
  (HardNCE disabled for M4 ablation)
epoch            total_loss       cls_loss         dis_loss         hard_loss       
0                1.2081410885     0.4433988333     0.7647421956     0               
  Source acc: 0.968750  |  Target acc: 0.567708
  Best target acc: 0.581250

======== ROUND 7 ========  [Ablation: M4]
==== Stage 1: SupCon Pre-training ====
epoch            total_loss       cls_loss        
0                0.3427739441     0.3427739441    
1                0.2645103931     0.2645103931    
==== Stage 2: Latent Domain PCL ====
epoch            total_loss       dis_loss         proto_loss       ent_pen_loss    
0                2.0832161903     1.8655611277     0.4263440371     0.0044829613    
Counter({np.int64(2): 1334, np.int64(0): 1276, np.int64(1): 1230})
==== Stage 3: Domain-invariant + HardNCE ====
  (HardNCE disabled for M4 ablation)
epoch            total_loss       cls_loss         dis_loss         hard_loss       
0                1.2687656879     0.3466669917     0.9220987558     0               
  Source acc: 0.985938  |  Target acc: 0.551042
  Best target acc: 0.581250

======== ROUND 8 ========  [Ablation: M4]
==== Stage 1: SupCon Pre-training ====
epoch            total_loss       cls_loss        
0                0.2631837130     0.2631837130    
1                0.2061776817     0.2061776817    
==== Stage 2: Latent Domain PCL ====
epoch            total_loss       dis_loss         proto_loss       ent_pen_loss    
0                2.3417928219     1.9622185230     0.7444673777     0.0073407623    
Counter({np.int64(1): 1500, np.int64(0): 1412, np.int64(2): 928})
==== Stage 3: Domain-invariant + HardNCE ====
  (HardNCE disabled for M4 ablation)
epoch            total_loss       cls_loss         dis_loss         hard_loss       
0                1.4459621906     0.4096512198     1.0363109112     0               
  Source acc: 0.989844  |  Target acc: 0.573958
  Best target acc: 0.581250

======== ROUND 9 ========  [Ablation: M4]
==== Stage 1: SupCon Pre-training ====
epoch            total_loss       cls_loss        
0                0.1035606861     0.1035606861    
1                0.1077527404     0.1077527404    
==== Stage 2: Latent Domain PCL ====
epoch            total_loss       dis_loss         proto_loss       ent_pen_loss    
0                2.0367691517     1.6040666103     0.8477128148     0.0088461619    
Counter({np.int64(1): 1649, np.int64(2): 1411, np.int64(0): 780})
==== Stage 3: Domain-invariant + HardNCE ====
  (HardNCE disabled for M4 ablation)
epoch            total_loss       cls_loss         dis_loss         hard_loss       
0                0.8972620368     0.0389339402     0.8583281040     0               
  Source acc: 0.991927  |  Target acc: 0.546875
  Best target acc: 0.581250

======== ROUND 10 ========  [Ablation: M4]
==== Stage 1: SupCon Pre-training ====
epoch            total_loss       cls_loss        
0                0.0478838794     0.0478838794    
1                0.1937417090     0.1937417090    
==== Stage 2: Latent Domain PCL ====
epoch            total_loss       dis_loss         proto_loss       ent_pen_loss    
0                0.8439902067     0.6447089314     0.3726203442     0.0129710762    
Counter({np.int64(0): 1468, np.int64(2): 1435, np.int64(1): 937})
==== Stage 3: Domain-invariant + HardNCE ====
  (HardNCE disabled for M4 ablation)
epoch            total_loss       cls_loss         dis_loss         hard_loss       
0                0.7865852118     0.2862144411     0.5003708005     0               
  Source acc: 0.999479  |  Target acc: 0.579167
  Best target acc: 0.581250

======== ROUND 11 ========  [Ablation: M4]
==== Stage 1: SupCon Pre-training ====
epoch            total_loss       cls_loss        
0                0.0639372766     0.0639372766    
1                0.2041471899     0.2041471899    
==== Stage 2: Latent Domain PCL ====
epoch            total_loss       dis_loss         proto_loss       ent_pen_loss    
0                0.5048181415     0.3800162971     0.1993883252     0.0251076631    
Counter({np.int64(2): 1465, np.int64(0): 1286, np.int64(1): 1089})
==== Stage 3: Domain-invariant + HardNCE ====
  (HardNCE disabled for M4 ablation)
epoch            total_loss       cls_loss         dis_loss         hard_loss       
0                0.8383315802     0.1387339532     0.6995976567     0               
  Source acc: 1.000000  |  Target acc: 0.583333
  Best target acc: 0.583333

======== ROUND 12 ========  [Ablation: M4]
==== Stage 1: SupCon Pre-training ====
epoch            total_loss       cls_loss        
0                0.1947778165     0.1947778165    
1                0.0096038114     0.0096038114    
==== Stage 2: Latent Domain PCL ====
epoch            total_loss       dis_loss         proto_loss       ent_pen_loss    
0                0.3153511286     0.1588452458     0.2925814092     0.0102151651    
Counter({np.int64(1): 1355, np.int64(2): 1330, np.int64(0): 1155})
==== Stage 3: Domain-invariant + HardNCE ====
  (HardNCE disabled for M4 ablation)
epoch            total_loss       cls_loss         dis_loss         hard_loss       
0                0.8046681285     0.1100118607     0.6946562529     0               
  Source acc: 1.000000  |  Target acc: 0.568750
  Best target acc: 0.583333

======== ROUND 13 ========  [Ablation: M4]
==== Stage 1: SupCon Pre-training ====
epoch            total_loss       cls_loss        
0                0.0816427767     0.0816427767    
1                0.0167804956     0.0167804956    
==== Stage 2: Latent Domain PCL ====
epoch            total_loss       dis_loss         proto_loss       ent_pen_loss    
0                0.1890872419     0.1217220277     0.1200488955     0.0073407623    
Counter({np.int64(1): 1446, np.int64(2): 1294, np.int64(0): 1100})
==== Stage 3: Domain-invariant + HardNCE ====
  (HardNCE disabled for M4 ablation)
epoch            total_loss       cls_loss         dis_loss         hard_loss       
0                0.5480026603     0.0201760493     0.5278266072     0               
  Source acc: 1.000000  |  Target acc: 0.581250
  Best target acc: 0.583333

======== ROUND 14 ========  [Ablation: M4]
==== Stage 1: SupCon Pre-training ====
epoch            total_loss       cls_loss        
0                0.0149542056     0.0149542056    
1                0.0057331175     0.0057331175    
==== Stage 2: Latent Domain PCL ====
epoch            total_loss       dis_loss         proto_loss       ent_pen_loss    
0                0.1777266562     0.1332262456     0.0800349042     0.0044829613    
Counter({np.int64(2): 1378, np.int64(0): 1233, np.int64(1): 1229})
==== Stage 3: Domain-invariant + HardNCE ====
  (HardNCE disabled for M4 ablation)
epoch            total_loss       cls_loss         dis_loss         hard_loss       
0                0.5723620057     0.0630332306     0.5093287826     0               
  Source acc: 1.000000  |  Target acc: 0.587500
  Best target acc: 0.587500

======== ROUND 15 ========  [Ablation: M4]
==== Stage 1: SupCon Pre-training ====
epoch            total_loss       cls_loss        
0                0.0207714438     0.0207714438    
1                0.3417063951     0.3417063951    
==== Stage 2: Latent Domain PCL ====
epoch            total_loss       dis_loss         proto_loss       ent_pen_loss    
0                0.3538793623     0.2194802612     0.2511059046     0.0088461293    
Counter({np.int64(2): 1396, np.int64(1): 1238, np.int64(0): 1206})
==== Stage 3: Domain-invariant + HardNCE ====
  (HardNCE disabled for M4 ablation)
epoch            total_loss       cls_loss         dis_loss         hard_loss       
0                0.2870379984     0.0324355178     0.2546024919     0               
  Source acc: 1.000000  |  Target acc: 0.586458
  Best target acc: 0.587500

======== ROUND 16 ========  [Ablation: M4]
==== Stage 1: SupCon Pre-training ====
epoch            total_loss       cls_loss        
0                0.0414718129     0.0414718129    
1                0.0962165967     0.0962165967    
==== Stage 2: Latent Domain PCL ====
epoch            total_loss       dis_loss         proto_loss       ent_pen_loss    
0                0.4169752598     0.2290628552     0.3301948905     0.0228149444    
Counter({np.int64(2): 1614, np.int64(1): 1244, np.int64(0): 982})
==== Stage 3: Domain-invariant + HardNCE ====
  (HardNCE disabled for M4 ablation)
epoch            total_loss       cls_loss         dis_loss         hard_loss       
0                0.2716551125     0.0402756259     0.2313794941     0               
  Source acc: 1.000000  |  Target acc: 0.584375
  Best target acc: 0.587500

======== ROUND 17 ========  [Ablation: M4]
==== Stage 1: SupCon Pre-training ====
epoch            total_loss       cls_loss        
0                0.0043010642     0.0043010642    
1                0.0063700979     0.0063700979    
==== Stage 2: Latent Domain PCL ====
epoch            total_loss       dis_loss         proto_loss       ent_pen_loss    
0                0.1928876042     0.0643963069     0.2365522832     0.0102151651    
Counter({np.int64(2): 1707, np.int64(1): 1101, np.int64(0): 1032})
==== Stage 3: Domain-invariant + HardNCE ====
  (HardNCE disabled for M4 ablation)
epoch            total_loss       cls_loss         dis_loss         hard_loss       
0                0.1686395407     0.0036891047     0.1649504304     0               
  Source acc: 1.000000  |  Target acc: 0.585417
  Best target acc: 0.587500

======== ROUND 18 ========  [Ablation: M4]
==== Stage 1: SupCon Pre-training ====
epoch            total_loss       cls_loss        
0                0.0199697483     0.0199697483    
1                0.0073211691     0.0073211691    
==== Stage 2: Latent Domain PCL ====
epoch            total_loss       dis_loss         proto_loss       ent_pen_loss    
0                0.7401959300     0.5678231716     0.3409430385     0.0019012074    
Counter({np.int64(2): 1676, np.int64(1): 1084, np.int64(0): 1080})
==== Stage 3: Domain-invariant + HardNCE ====
  (HardNCE disabled for M4 ablation)
epoch            total_loss       cls_loss         dis_loss         hard_loss       
0                0.2187451422     0.0148279043     0.2039172351     0               
  Source acc: 1.000000  |  Target acc: 0.567708
  Best target acc: 0.587500

======== ROUND 19 ========  [Ablation: M4]
==== Stage 1: SupCon Pre-training ====
epoch            total_loss       cls_loss        
0                0.0119451666     0.0119451666    
1                0.0505302697     0.0505302697    
==== Stage 2: Latent Domain PCL ====
epoch            total_loss       dis_loss         proto_loss       ent_pen_loss    
0                1.3112390041     1.2710540295     0.0798307657     0.0002696014    
Counter({np.int64(2): 1734, np.int64(0): 1130, np.int64(1): 976})
==== Stage 3: Domain-invariant + HardNCE ====
  (HardNCE disabled for M4 ablation)
epoch            total_loss       cls_loss         dis_loss         hard_loss       
0                0.1890363246     0.0105230836     0.1785132438     0               
  Source acc: 1.000000  |  Target acc: 0.594792
  Best target acc: 0.594792

======== ROUND 20 ========  [Ablation: M4]
==== Stage 1: SupCon Pre-training ====
epoch            total_loss       cls_loss        
0                0.0118838334     0.0118838334    
1                0.0048485734     0.0048485734    
==== Stage 2: Latent Domain PCL ====
epoch            total_loss       dis_loss         proto_loss       ent_pen_loss    
0                0.4836425483     0.4178147912     0.1295626163     0.0010464388    
Counter({np.int64(2): 1754, np.int64(0): 1093, np.int64(1): 993})
==== Stage 3: Domain-invariant + HardNCE ====
  (HardNCE disabled for M4 ablation)
epoch            total_loss       cls_loss         dis_loss         hard_loss       
0                0.1865994632     0.0054133004     0.1811861694     0               
  Source acc: 1.000000  |  Target acc: 0.605208
  Best target acc: 0.605208

======== ROUND 21 ========  [Ablation: M4]
==== Stage 1: SupCon Pre-training ====
epoch            total_loss       cls_loss        
0                0.0038038502     0.0038038502    
1                0.0629037768     0.0629037768    
==== Stage 2: Latent Domain PCL ====
epoch            total_loss       dis_loss         proto_loss       ent_pen_loss    
0                0.8970538974     0.8166922927     0.1569208503     0.0019012074    
Counter({np.int64(2): 1766, np.int64(0): 1102, np.int64(1): 972})
==== Stage 3: Domain-invariant + HardNCE ====
  (HardNCE disabled for M4 ablation)
epoch            total_loss       cls_loss         dis_loss         hard_loss       
0                0.3958165050     0.0493006073     0.3465158939     0               
  Source acc: 1.000000  |  Target acc: 0.597917
  Best target acc: 0.605208

======== ROUND 22 ========  [Ablation: M4]
==== Stage 1: SupCon Pre-training ====
epoch            total_loss       cls_loss        
0                0.0884580687     0.0884580687    
1                0.0030522216     0.0030522216    
==== Stage 2: Latent Domain PCL ====
epoch            total_loss       dis_loss         proto_loss       ent_pen_loss    
0                1.0704089403     0.9045623541     0.2204491198     0.0556219406    
Counter({np.int64(2): 1755, np.int64(0): 1095, np.int64(1): 990})
==== Stage 3: Domain-invariant + HardNCE ====
  (HardNCE disabled for M4 ablation)
epoch            total_loss       cls_loss         dis_loss         hard_loss       
0                0.2676568329     0.0184510201     0.2492058128     0               
  Source acc: 1.000000  |  Target acc: 0.590625
  Best target acc: 0.605208

======== ROUND 23 ========  [Ablation: M4]
==== Stage 1: SupCon Pre-training ====
epoch            total_loss       cls_loss        
0                0.0065557314     0.0065557314    
1                0.0138546769     0.0138546769    
==== Stage 2: Latent Domain PCL ====
epoch            total_loss       dis_loss         proto_loss       ent_pen_loss    
0                1.1970130205     1.0863485336     0.1711134464     0.0251076967    
Counter({np.int64(2): 1727, np.int64(0): 1136, np.int64(1): 977})
==== Stage 3: Domain-invariant + HardNCE ====
  (HardNCE disabled for M4 ablation)
epoch            total_loss       cls_loss         dis_loss         hard_loss       
0                0.1856686175     0.0092003271     0.1764682978     0               
  Source acc: 1.000000  |  Target acc: 0.608333
  Best target acc: 0.608333

======== ROUND 24 ========  [Ablation: M4]
==== Stage 1: SupCon Pre-training ====
epoch            total_loss       cls_loss        
0                0.0476369038     0.0476369038    
1                0.0039691655     0.0039691655    
==== Stage 2: Latent Domain PCL ====
epoch            total_loss       dis_loss         proto_loss       ent_pen_loss    
0                1.1347130537     1.0874626637     0.0477564372     0.0233721174    
Counter({np.int64(2): 1549, np.int64(1): 1176, np.int64(0): 1115})
==== Stage 3: Domain-invariant + HardNCE ====
  (HardNCE disabled for M4 ablation)
epoch            total_loss       cls_loss         dis_loss         hard_loss       
0                0.3537456095     0.0212934017     0.3324522078     0               
  Source acc: 1.000000  |  Target acc: 0.596875
  Best target acc: 0.608333

======== ROUND 25 ========  [Ablation: M4]
==== Stage 1: SupCon Pre-training ====
epoch            total_loss       cls_loss        
0                0.0025395043     0.0025395043    
1                0.0055116247     0.0055116247    
==== Stage 2: Latent Domain PCL ====
epoch            total_loss       dis_loss         proto_loss       ent_pen_loss    
0                0.9866226315     0.8538721800     0.2551111281     0.0051949215    
Counter({np.int64(2): 1738, np.int64(0): 1078, np.int64(1): 1024})
==== Stage 3: Domain-invariant + HardNCE ====
  (HardNCE disabled for M4 ablation)
epoch            total_loss       cls_loss         dis_loss         hard_loss       
0                0.3990671635     0.0046226075     0.3944445550     0               
  Source acc: 1.000000  |  Target acc: 0.598958
  Best target acc: 0.608333

======== ROUND 26 ========  [Ablation: M4]
==== Stage 1: SupCon Pre-training ====
epoch            total_loss       cls_loss        
0                0.0059555867     0.0059555867    
1                0.0079393974     0.0079393974    
==== Stage 2: Latent Domain PCL ====
epoch            total_loss       dis_loss         proto_loss       ent_pen_loss    
0                0.8275222778     0.7470474243     0.1481682807     0.0063906796    
Counter({np.int64(2): 1657, np.int64(1): 1156, np.int64(0): 1027})
==== Stage 3: Domain-invariant + HardNCE ====
  (HardNCE disabled for M4 ablation)
epoch            total_loss       cls_loss         dis_loss         hard_loss       
0                0.3214263916     0.0164715052     0.3049548864     0               
  Source acc: 1.000000  |  Target acc: 0.593750
  Best target acc: 0.608333

======== ROUND 27 ========  [Ablation: M4]
==== Stage 1: SupCon Pre-training ====
epoch            total_loss       cls_loss        
0                0.0051425640     0.0051425640    
1                0.0119603584     0.0119603584    
==== Stage 2: Latent Domain PCL ====
epoch            total_loss       dis_loss         proto_loss       ent_pen_loss    
0                0.7557631731     0.6023404002     0.3030431569     0.0019012074    
Counter({np.int64(2): 1700, np.int64(1): 1101, np.int64(0): 1039})
==== Stage 3: Domain-invariant + HardNCE ====
  (HardNCE disabled for M4 ablation)
epoch            total_loss       cls_loss         dis_loss         hard_loss       
0                0.2340329885     0.0078246230     0.2262083590     0               
  Source acc: 1.000000  |  Target acc: 0.596875
  Best target acc: 0.608333

======== ROUND 28 ========  [Ablation: M4]
==== Stage 1: SupCon Pre-training ====
epoch            total_loss       cls_loss        
0                0.0986421630     0.0986421630    
1                0.0184971634     0.0184971634    
==== Stage 2: Latent Domain PCL ====
epoch            total_loss       dis_loss         proto_loss       ent_pen_loss    
0                0.5727481842     0.5469028950     0.0370089710     0.0073407623    
Counter({np.int64(2): 1658, np.int64(1): 1136, np.int64(0): 1046})
==== Stage 3: Domain-invariant + HardNCE ====
  (HardNCE disabled for M4 ablation)
epoch            total_loss       cls_loss         dis_loss         hard_loss       
0                0.3416227102     0.0109757446     0.3306469619     0               
  Source acc: 1.000000  |  Target acc: 0.594792
  Best target acc: 0.608333

======== ROUND 29 ========  [Ablation: M4]
==== Stage 1: SupCon Pre-training ====
epoch            total_loss       cls_loss        
0                0.0064800000     0.0064800000    
1                0.0172549020     0.0172549020    
==== Stage 2: Latent Domain PCL ====
epoch            total_loss       dis_loss         proto_loss       ent_pen_loss    
0                0.7729089260     0.7223522663     0.0973108932     0.0019012074    
Counter({np.int64(2): 1656, np.int64(1): 1147, np.int64(0): 1037})
==== Stage 3: Domain-invariant + HardNCE ====
  (HardNCE disabled for M4 ablation)
epoch            total_loss       cls_loss         dis_loss         hard_loss       
0                0.3281174898     0.0175691489     0.3105483353     0               
  Source acc: 1.000000  |  Target acc: 0.602083
  Best target acc: 0.608333

======== ROUND 30 ========  [Ablation: M4]
==== Stage 1: SupCon Pre-training ====
epoch            total_loss       cls_loss        
0                0.0847223550     0.0847223550    
1                0.0180215463     0.0180215463    
==== Stage 2: Latent Domain PCL ====
epoch            total_loss       dis_loss         proto_loss       ent_pen_loss    
0                0.3933778107     0.2720149755     0.2337597907     0.0044829613    
Counter({np.int64(2): 1633, np.int64(1): 1161, np.int64(0): 1046})
==== Stage 3: Domain-invariant + HardNCE ====
  (HardNCE disabled for M4 ablation)
epoch            total_loss       cls_loss         dis_loss         hard_loss       
0                0.4227734506     0.1439665556     0.2788068950     0               
  Source acc: 1.000000  |  Target acc: 0.596875
  Best target acc: 0.608333

======== ROUND 31 ========  [Ablation: M4]
==== Stage 1: SupCon Pre-training ====
epoch            total_loss       cls_loss        
0                0.0031142775     0.0031142775    
1                0.0032878502     0.0032878502    
==== Stage 2: Latent Domain PCL ====
epoch            total_loss       dis_loss         proto_loss       ent_pen_loss    
0                1.6060210466     1.4328812361     0.2783954740     0.0339421555    
Counter({np.int64(2): 1649, np.int64(1): 1165, np.int64(0): 1026})
==== Stage 3: Domain-invariant + HardNCE ====
  (HardNCE disabled for M4 ablation)
epoch            total_loss       cls_loss         dis_loss         hard_loss       
0                0.1821016967     0.0032638046     0.1788378954     0               
  Source acc: 1.000000  |  Target acc: 0.593750
  Best target acc: 0.608333

======== ROUND 32 ========  [Ablation: M4]
==== Stage 1: SupCon Pre-training ====
epoch            total_loss       cls_loss        
0                0.0026236698     0.0026236698    
1                0.0023547621     0.0023547621    
==== Stage 2: Latent Domain PCL ====
epoch            total_loss       dis_loss         proto_loss       ent_pen_loss    
0                0.5974168777     0.5452205539     0.0839622766     0.0102151651    
Counter({np.int64(2): 1676, np.int64(1): 1120, np.int64(0): 1044})
==== Stage 3: Domain-invariant + HardNCE ====
  (HardNCE disabled for M4 ablation)
epoch            total_loss       cls_loss         dis_loss         hard_loss       
0                0.3120909929     0.0243453141     0.2877456844     0               
  Source acc: 1.000000  |  Target acc: 0.592708
  Best target acc: 0.608333

======== ROUND 33 ========  [Ablation: M4]
==== Stage 1: SupCon Pre-training ====
epoch            total_loss       cls_loss        
0                0.0017699820     0.0017699820    
1                0.0281793661     0.0281793661    
==== Stage 2: Latent Domain PCL ====
epoch            total_loss       dis_loss         proto_loss       ent_pen_loss    
0                0.9578498602     0.9126349092     0.0582666025     0.0160816163    
Counter({np.int64(2): 1609, np.int64(1): 1190, np.int64(0): 1041})
==== Stage 3: Domain-invariant + HardNCE ====
  (HardNCE disabled for M4 ablation)
epoch            total_loss       cls_loss         dis_loss         hard_loss       
0                0.1212030798     0.0059286007     0.1152744815     0               
  Source acc: 1.000000  |  Target acc: 0.597917
  Best target acc: 0.608333

======== ROUND 34 ========  [Ablation: M4]
==== Stage 1: SupCon Pre-training ====
epoch            total_loss       cls_loss        
0                0.0380988345     0.0380988345    
1                0.0056213825     0.0056213825    
==== Stage 2: Latent Domain PCL ====
epoch            total_loss       dis_loss         proto_loss       ent_pen_loss    
0                0.7728646398     0.7198097706     0.0842067897     0.0109514743    
Counter({np.int64(2): 1690, np.int64(1): 1088, np.int64(0): 1062})
==== Stage 3: Domain-invariant + HardNCE ====
  (HardNCE disabled for M4 ablation)
epoch            total_loss       cls_loss         dis_loss         hard_loss       
0                0.4641423821     0.0096896272     0.4544527531     0               
  Source acc: 1.000000  |  Target acc: 0.600000
  Best target acc: 0.608333

======== ROUND 35 ========  [Ablation: M4]
==== Stage 1: SupCon Pre-training ====
epoch            total_loss       cls_loss        
0                0.0028290064     0.0028290064    
1                0.0200437997     0.0200437997    
==== Stage 2: Latent Domain PCL ====
epoch            total_loss       dis_loss         proto_loss       ent_pen_loss    
0                1.0051656961     0.8595265150     0.2133110464     0.0389836691    
Counter({np.int64(2): 1702, np.int64(1): 1102, np.int64(0): 1036})
==== Stage 3: Domain-invariant + HardNCE ====
  (HardNCE disabled for M4 ablation)
epoch            total_loss       cls_loss         dis_loss         hard_loss       
0                0.2399335504     0.0061752582     0.2337582856     0               
  Source acc: 1.000000  |  Target acc: 0.597917
  Best target acc: 0.608333

======== ROUND 36 ========  [Ablation: M4]
==== Stage 1: SupCon Pre-training ====
epoch            total_loss       cls_loss        
0                0.0031599775     0.0031599775    
1                0.0018069260     0.0018069260    
==== Stage 2: Latent Domain PCL ====
epoch            total_loss       dis_loss         proto_loss       ent_pen_loss    
0                0.8599883318     0.7057743073     0.2483270317     0.0300505292    
Counter({np.int64(2): 1654, np.int64(1): 1149, np.int64(0): 1037})
==== Stage 3: Domain-invariant + HardNCE ====
  (HardNCE disabled for M4 ablation)
epoch            total_loss       cls_loss         dis_loss         hard_loss       
0                0.2137685418     0.0140533214     0.1997152269     0               
  Source acc: 1.000000  |  Target acc: 0.593750
  Best target acc: 0.608333

======== ROUND 37 ========  [Ablation: M4]
==== Stage 1: SupCon Pre-training ====
epoch            total_loss       cls_loss        
0                0.0053005586     0.0053005586    
1                0.0044170949     0.0044170949    
==== Stage 2: Latent Domain PCL ====
epoch            total_loss       dis_loss         proto_loss       ent_pen_loss    
0                0.7629383802     0.6957875490     0.0717540830     0.0312737636    
Counter({np.int64(2): 1640, np.int64(1): 1161, np.int64(0): 1039})
==== Stage 3: Domain-invariant + HardNCE ====
  (HardNCE disabled for M4 ablation)
epoch            total_loss       cls_loss         dis_loss         hard_loss       
0                0.2359500676     0.0163801517     0.2195699215     0               
  Source acc: 1.000000  |  Target acc: 0.601042
  Best target acc: 0.608333

======== ROUND 38 ========  [Ablation: M4]
==== Stage 1: SupCon Pre-training ====
epoch            total_loss       cls_loss        
0                0.0028306989     0.0028306989    
1                0.1691402495     0.1691402495    
==== Stage 2: Latent Domain PCL ====
epoch            total_loss       dis_loss         proto_loss       ent_pen_loss    
0                0.8697088957     0.7322356105     0.2153877318     0.0297794305    
Counter({np.int64(2): 1601, np.int64(1): 1207, np.int64(0): 1032})
==== Stage 3: Domain-invariant + HardNCE ====
  (HardNCE disabled for M4 ablation)
epoch            total_loss       cls_loss         dis_loss         hard_loss       
0                0.1248758435     0.0033697803     0.1215060651     0               
  Source acc: 1.000000  |  Target acc: 0.593750
  Best target acc: 0.608333

======== ROUND 39 ========  [Ablation: M4]
==== Stage 1: SupCon Pre-training ====
epoch            total_loss       cls_loss        
0                0.0135209821     0.0135209821    
1                0.0212447308     0.0212447308    
==== Stage 2: Latent Domain PCL ====
epoch            total_loss       dis_loss         proto_loss       ent_pen_loss    
0                0.4485052824     0.4342013597     0.0218278058     0.0033900046    
Counter({np.int64(2): 1536, np.int64(1): 1276, np.int64(0): 1028})
==== Stage 3: Domain-invariant + HardNCE ====
  (HardNCE disabled for M4 ablation)
epoch            total_loss       cls_loss         dis_loss         hard_loss       
0                0.1606759429     0.0034964497     0.1571794897     0               
  Source acc: 1.000000  |  Target acc: 0.593750
  Best target acc: 0.608333

======== ROUND 40 ========  [Ablation: M4]
==== Stage 1: SupCon Pre-training ====
epoch            total_loss       cls_loss        
0                0.0026096748     0.0026096748    
1                0.0502798595     0.0502798595    
==== Stage 2: Latent Domain PCL ====
epoch            total_loss       dis_loss         proto_loss       ent_pen_loss    
0                0.7439330816     0.6970200539     0.0791445374     0.0073407623    
Counter({np.int64(2): 1592, np.int64(1): 1228, np.int64(0): 1020})
==== Stage 3: Domain-invariant + HardNCE ====
  (HardNCE disabled for M4 ablation)
epoch            total_loss       cls_loss         dis_loss         hard_loss       
0                0.1107471362     0.0181459188     0.0926012173     0               
  Source acc: 1.000000  |  Target acc: 0.592708
  Best target acc: 0.608333

======== ROUND 41 ========  [Ablation: M4]
==== Stage 1: SupCon Pre-training ====
epoch            total_loss       cls_loss        
0                0.0414189100     0.0414189100    
1                0.0312133171     0.0312133171    
==== Stage 2: Latent Domain PCL ====
epoch            total_loss       dis_loss         proto_loss       ent_pen_loss    
0                0.3483112156     0.2666608393     0.1543348730     0.0044829613    
Counter({np.int64(2): 1599, np.int64(1): 1222, np.int64(0): 1019})
==== Stage 3: Domain-invariant + HardNCE ====
  (HardNCE disabled for M4 ablation)
epoch            total_loss       cls_loss         dis_loss         hard_loss       
0                0.2381575555     0.0104576312     0.2276999205     0               
  Source acc: 1.000000  |  Target acc: 0.601042
  Best target acc: 0.608333

======== ROUND 42 ========  [Ablation: M4]
==== Stage 1: SupCon Pre-training ====
epoch            total_loss       cls_loss        
0                0.0042023412     0.0042023412    
1                0.0097382898     0.0097382898    
==== Stage 2: Latent Domain PCL ====
epoch            total_loss       dis_loss         proto_loss       ent_pen_loss    
0                0.3453094959     0.3079577684     0.0741642788     0.0002696014    
Counter({np.int64(2): 1579, np.int64(1): 1234, np.int64(0): 1027})
==== Stage 3: Domain-invariant + HardNCE ====
  (HardNCE disabled for M4 ablation)
epoch            total_loss       cls_loss         dis_loss         hard_loss       
0                0.1186702922     0.0251047239     0.0935655683     0               
  Source acc: 1.000000  |  Target acc: 0.600000
  Best target acc: 0.608333

======== ROUND 43 ========  [Ablation: M4]
==== Stage 1: SupCon Pre-training ====
epoch            total_loss       cls_loss        
0                0.0176418144     0.0176418144    
1                0.0041468204     0.0041468204    
==== Stage 2: Latent Domain PCL ====
epoch            total_loss       dis_loss         proto_loss       ent_pen_loss    
0                0.3404167295     0.3094703555     0.0297295302     0.0160816163    
Counter({np.int64(2): 1614, np.int64(1): 1207, np.int64(0): 1019})
==== Stage 3: Domain-invariant + HardNCE ====
  (HardNCE disabled for M4 ablation)
epoch            total_loss       cls_loss         dis_loss         hard_loss       
0                0.1691271067     0.0053842766     0.1637428254     0               
  Source acc: 1.000000  |  Target acc: 0.597917
  Best target acc: 0.608333

======== ROUND 44 ========  [Ablation: M4]
==== Stage 1: SupCon Pre-training ====
epoch            total_loss       cls_loss        
0                0.0026867182     0.0026867182    
1                0.0018468411     0.0018468411    
==== Stage 2: Latent Domain PCL ====
epoch            total_loss       dis_loss         proto_loss       ent_pen_loss    
0                0.7171877623     0.6480583549     0.0270150006     0.0556219406    
Counter({np.int64(2): 1599, np.int64(1): 1224, np.int64(0): 1017})
==== Stage 3: Domain-invariant + HardNCE ====
  (HardNCE disabled for M4 ablation)
epoch            total_loss       cls_loss         dis_loss         hard_loss       
0                0.2511008680     0.0157800596     0.2353208065     0               
  Source acc: 1.000000  |  Target acc: 0.602083
  Best target acc: 0.608333

======== ROUND 45 ========  [Ablation: M4]
==== Stage 1: SupCon Pre-training ====
epoch            total_loss       cls_loss        
0                0.0010863747     0.0010863747    
1                0.0441324599     0.0441324599    
==== Stage 2: Latent Domain PCL ====
epoch            total_loss       dis_loss         proto_loss       ent_pen_loss    
0                0.4089518487     0.2985813022     0.2060595453     0.0073407623    
Counter({np.int64(2): 1603, np.int64(1): 1228, np.int64(0): 1009})
==== Stage 3: Domain-invariant + HardNCE ====
  (HardNCE disabled for M4 ablation)
epoch            total_loss       cls_loss         dis_loss         hard_loss       
0                0.1365823448     0.0189670846     0.1176152676     0               
  Source acc: 1.000000  |  Target acc: 0.596875
  Best target acc: 0.608333

======== ROUND 46 ========  [Ablation: M4]
==== Stage 1: SupCon Pre-training ====
epoch            total_loss       cls_loss        
0                0.0034324774     0.0034324774    
1                0.0039443839     0.0039443839    
==== Stage 2: Latent Domain PCL ====
epoch            total_loss       dis_loss         proto_loss       ent_pen_loss    
0                0.2657857239     0.2127957791     0.0955899954     0.0051949215    
Counter({np.int64(2): 1646, np.int64(1): 1179, np.int64(0): 1015})
==== Stage 3: Domain-invariant + HardNCE ====
  (HardNCE disabled for M4 ablation)
epoch            total_loss       cls_loss         dis_loss         hard_loss       
0                0.2101966441     0.0422935262     0.1679031253     0               
  Source acc: 1.000000  |  Target acc: 0.594792
  Best target acc: 0.608333

======== ROUND 47 ========  [Ablation: M4]
==== Stage 1: SupCon Pre-training ====
epoch            total_loss       cls_loss        
0                0.0012468857     0.0012468857    
1                0.0111425649     0.0111425649    
==== Stage 2: Latent Domain PCL ====
epoch            total_loss       dis_loss         proto_loss       ent_pen_loss    
0                0.5527633429     0.5379186869     0.0192994699     0.0051949215    
Counter({np.int64(2): 1610, np.int64(1): 1224, np.int64(0): 1006})
==== Stage 3: Domain-invariant + HardNCE ====
  (HardNCE disabled for M4 ablation)
epoch            total_loss       cls_loss         dis_loss         hard_loss       
0                0.1158245504     0.0120839346     0.1037406176     0               
  Source acc: 1.000000  |  Target acc: 0.590625
  Best target acc: 0.608333

======== ROUND 48 ========  [Ablation: M4]
==== Stage 1: SupCon Pre-training ====
epoch            total_loss       cls_loss        
0                0.0052567730     0.0052567730    
1                0.0040594148     0.0040594148    
==== Stage 2: Latent Domain PCL ====
epoch            total_loss       dis_loss         proto_loss       ent_pen_loss    
0                0.3185922205     0.2860504091     0.0645444244     0.0002696014    
Counter({np.int64(2): 1627, np.int64(1): 1218, np.int64(0): 995})
==== Stage 3: Domain-invariant + HardNCE ====
  (HardNCE disabled for M4 ablation)
epoch            total_loss       cls_loss         dis_loss         hard_loss       
0                0.2926646173     0.0151202297     0.2775443792     0               
  Source acc: 1.000000  |  Target acc: 0.596875
  Best target acc: 0.608333

======== ROUND 49 ========  [Ablation: M4]
==== Stage 1: SupCon Pre-training ====
epoch            total_loss       cls_loss        
0                0.0435431488     0.0435431488    
1                0.0029129898     0.0029129898    
==== Stage 2: Latent Domain PCL ====
epoch            total_loss       dis_loss         proto_loss       ent_pen_loss    
0                0.4836227596     0.4356008470     0.0892637148     0.0033900375    
Counter({np.int64(2): 1650, np.int64(1): 1194, np.int64(0): 996})
==== Stage 3: Domain-invariant + HardNCE ====
  (HardNCE disabled for M4 ablation)
epoch            total_loss       cls_loss         dis_loss         hard_loss       
0                0.1711894870     0.0025681439     0.1686213464     0               
  Source acc: 1.000000  |  Target acc: 0.593750
  Best target acc: 0.608333

Results saved to log/verify_zlt_xrf_user_M4_s0
acc.txt: log/verify_zlt_xrf_user_M4_s0/acc.txt
bestacc.txt: log/verify_zlt_xrf_user_M4_s0/bestacc.txt
