[Seed] global random seed set to 0

[Ablation Mode] full
[XRF55 LOUO] test_user=21, train_users=[1, 2, 3]...(29人)
[XRF55Dataset] loaded 4640 samples from 1 dirs
[XRF55Dataset] loaded 160 samples from 1 dirs
[XRF55Dataset] loaded 4640 samples from 1 dirs
Train set size: 4640 samples, 145 batches
Test set size:  160 samples, 5 batches
Source eval size: 4640 samples

[Direction Sensitivity] Manual weights (dir_w=0.5): {0: 0.0, 1: 0.5, 2: 0.5, 3: 0.5, 4: 0.5, 5: 0.5, 6: 0.5, 7: 0.5}

======== ROUND 0 ========  [Ablation: full]
==== Stage 1: SupCon Pre-training ====
epoch            total_loss       cls_loss         supcon_loss     
0                4.6639089584     1.4681146145     6.3915882111    
1                3.8037178516     0.9570053220     5.6934251785    
==== Stage 2: Latent Domain PCL ====
epoch            total_loss       dis_loss         proto_loss       ent_pen_loss    
0                2.5444216728     2.2444217205     0.0000000000     0.3000000119    
Counter({np.int64(2): 1820, np.int64(0): 1813, np.int64(1): 1007})
==== Stage 3: Domain-invariant + HardNCE ====
epoch            total_loss       cls_loss         dis_loss         hard_loss       
0                2.4281945229     1.2206329107     0.8542259932     0.7066714168    
  Source acc: 0.757543  |  Target acc: 0.625000
  Best target acc: 0.625000

======== ROUND 1 ========  [Ablation: full]
==== Stage 1: SupCon Pre-training ====
epoch            total_loss       cls_loss         supcon_loss     
0                3.5087368488     0.6797120571     5.6580495834    
1                3.4524574280     0.6027227044     5.6994695663    
==== Stage 2: Latent Domain PCL ====
epoch            total_loss       dis_loss         proto_loss       ent_pen_loss    
0                2.6420400143     2.0896477699     1.0870925188     0.0088461619    
Counter({np.int64(2): 2004, np.int64(1): 1985, np.int64(0): 651})
==== Stage 3: Domain-invariant + HardNCE ====
epoch            total_loss       cls_loss         dis_loss         hard_loss       
0                1.6250958443     0.5467967391     0.6351022720     0.8863936663    
  Source acc: 0.837284  |  Target acc: 0.637500
  Best target acc: 0.637500

======== ROUND 2 ========  [Ablation: full]
==== Stage 1: SupCon Pre-training ====
epoch            total_loss       cls_loss         supcon_loss     
0                3.3453378677     0.5813458562     5.5279841423    
1                3.1224250793     0.4453984499     5.3540534973    
==== Stage 2: Latent Domain PCL ====
epoch            total_loss       dis_loss         proto_loss       ent_pen_loss    
0                2.2019436359     1.8927640915     0.5504744649     0.0339421555    
Counter({np.int64(0): 2157, np.int64(2): 1711, np.int64(1): 772})
==== Stage 3: Domain-invariant + HardNCE ====
epoch            total_loss       cls_loss         dis_loss         hard_loss       
0                1.8102060556     0.5314393640     0.8925796747     0.7723739147    
  Source acc: 0.887716  |  Target acc: 0.725000
  Best target acc: 0.725000

======== ROUND 3 ========  [Ablation: full]
==== Stage 1: SupCon Pre-training ====
epoch            total_loss       cls_loss        
0                0.6228739619     0.6228739619    
1                0.3153867424     0.3153867424    
==== Stage 2: Latent Domain PCL ====
epoch            total_loss       dis_loss         proto_loss       ent_pen_loss    
0                2.1512548923     1.9924649000     0.2971495986     0.0102151651    
Counter({np.int64(0): 1873, np.int64(1): 1656, np.int64(2): 1111})
==== Stage 3: Domain-invariant + HardNCE ====
epoch            total_loss       cls_loss         dis_loss         hard_loss       
0                1.5344898701     0.3957936764     0.7876482606     0.7020958662    
  Source acc: 0.917026  |  Target acc: 0.675000
  Best target acc: 0.725000

======== ROUND 4 ========  [Ablation: full]
==== Stage 1: SupCon Pre-training ====
epoch            total_loss       cls_loss        
0                0.4014974535     0.4014974535    
1                0.2794655561     0.2794655561    
==== Stage 2: Latent Domain PCL ====
epoch            total_loss       dis_loss         proto_loss       ent_pen_loss    
0                2.3863573074     2.0429627895     0.6460007429     0.0203939695    
Counter({np.int64(1): 1780, np.int64(0): 1701, np.int64(2): 1159})
==== Stage 3: Domain-invariant + HardNCE ====
epoch            total_loss       cls_loss         dis_loss         hard_loss       
0                1.7489442825     0.4667370915     0.9074043036     0.7496056557    
  Source acc: 0.942888  |  Target acc: 0.650000
  Best target acc: 0.725000

======== ROUND 5 ========  [Ablation: full]
==== Stage 1: SupCon Pre-training ====
epoch            total_loss       cls_loss        
0                0.5209103823     0.5209103823    
1                0.2467511892     0.2467511892    
==== Stage 2: Latent Domain PCL ====
epoch            total_loss       dis_loss         proto_loss       ent_pen_loss    
0                2.3483762741     2.1058497429     0.4812507629     0.0019012074    
Counter({np.int64(1): 1909, np.int64(2): 1404, np.int64(0): 1327})
==== Stage 3: Domain-invariant + HardNCE ====
epoch            total_loss       cls_loss         dis_loss         hard_loss       
0                1.6836540699     0.5793702602     0.7720705271     0.6644265652    
  Source acc: 0.955388  |  Target acc: 0.637500
  Best target acc: 0.725000

======== ROUND 6 ========  [Ablation: full]
==== Stage 1: SupCon Pre-training ====
epoch            total_loss       cls_loss        
0                0.3660074472     0.3660074472    
1                0.3994146883     0.3994146883    
==== Stage 2: Latent Domain PCL ====
epoch            total_loss       dis_loss         proto_loss       ent_pen_loss    
0                1.9639849663     1.7060246468     0.5055307150     0.0051949215    
Counter({np.int64(0): 1706, np.int64(2): 1541, np.int64(1): 1393})
==== Stage 3: Domain-invariant + HardNCE ====
epoch            total_loss       cls_loss         dis_loss         hard_loss       
0                1.3551182747     0.3576083481     0.6448097229     0.7054005265    
  Source acc: 0.963793  |  Target acc: 0.718750
  Best target acc: 0.725000

======== ROUND 7 ========  [Ablation: full]
==== Stage 1: SupCon Pre-training ====
epoch            total_loss       cls_loss        
0                0.3267251253     0.3267251253    
1                0.1704814434     0.1704814434    
==== Stage 2: Latent Domain PCL ====
epoch            total_loss       dis_loss         proto_loss       ent_pen_loss    
0                1.9147168398     1.8112730980     0.1725852787     0.0171511024    
Counter({np.int64(2): 1817, np.int64(0): 1756, np.int64(1): 1067})
==== Stage 3: Domain-invariant + HardNCE ====
epoch            total_loss       cls_loss         dis_loss         hard_loss       
0                1.5267294645     0.3291412592     0.8747094870     0.6457574964    
  Source acc: 0.977371  |  Target acc: 0.712500
  Best target acc: 0.725000

======== ROUND 8 ========  [Ablation: full]
==== Stage 1: SupCon Pre-training ====
epoch            total_loss       cls_loss        
0                0.1554310173     0.1554310173    
1                0.2115171850     0.2115171850    
==== Stage 2: Latent Domain PCL ====
epoch            total_loss       dis_loss         proto_loss       ent_pen_loss    
0                1.9554737806     1.6938251257     0.4944322109     0.0144325616    
Counter({np.int64(2): 1935, np.int64(1): 1529, np.int64(0): 1176})
==== Stage 3: Domain-invariant + HardNCE ====
epoch            total_loss       cls_loss         dis_loss         hard_loss       
0                1.2881200314     0.2124259770     0.7454355359     0.6605168581    
  Source acc: 0.989224  |  Target acc: 0.743750
  Best target acc: 0.743750

======== ROUND 9 ========  [Ablation: full]
==== Stage 1: SupCon Pre-training ====
epoch            total_loss       cls_loss        
0                0.0926045179     0.0926045179    
1                0.0991108194     0.0991108194    
==== Stage 2: Latent Domain PCL ====
epoch            total_loss       dis_loss         proto_loss       ent_pen_loss    
0                1.9476687908     1.8092181683     0.2622196376     0.0073407623    
Counter({np.int64(2): 1769, np.int64(0): 1689, np.int64(1): 1182})
==== Stage 3: Domain-invariant + HardNCE ====
epoch            total_loss       cls_loss         dis_loss         hard_loss       
0                1.2644475698     0.2080309987     0.6913323402     0.7301684618    
  Source acc: 0.973707  |  Target acc: 0.743750
  Best target acc: 0.743750

======== ROUND 10 ========  [Ablation: full]
==== Stage 1: SupCon Pre-training ====
epoch            total_loss       cls_loss        
0                0.0972129852     0.0972129852    
1                0.1135120541     0.1135120541    
==== Stage 2: Latent Domain PCL ====
epoch            total_loss       dis_loss         proto_loss       ent_pen_loss    
0                1.2296051979     0.8915657997     0.6541756392     0.0109514743    
Counter({np.int64(0): 1875, np.int64(2): 1787, np.int64(1): 978})
==== Stage 3: Domain-invariant + HardNCE ====
epoch            total_loss       cls_loss         dis_loss         hard_loss       
0                1.0437589884     0.1807881892     0.5352607965     0.6554201245    
  Source acc: 0.999784  |  Target acc: 0.775000
  Best target acc: 0.775000

======== ROUND 11 ========  [Ablation: full]
==== Stage 1: SupCon Pre-training ====
epoch            total_loss       cls_loss        
0                0.0366947651     0.0366947651    
1                0.0957845747     0.0957845747    
==== Stage 2: Latent Domain PCL ====
epoch            total_loss       dis_loss         proto_loss       ent_pen_loss    
0                0.6463316083     0.5044045448     0.2734643519     0.0051949215    
Counter({np.int64(2): 1864, np.int64(0): 1739, np.int64(1): 1037})
==== Stage 3: Domain-invariant + HardNCE ====
epoch            total_loss       cls_loss         dis_loss         hard_loss       
0                1.1003537178     0.1489776075     0.6165878773     0.6695764065    
  Source acc: 1.000000  |  Target acc: 0.762500
  Best target acc: 0.775000

======== ROUND 12 ========  [Ablation: full]
==== Stage 1: SupCon Pre-training ====
epoch            total_loss       cls_loss        
0                0.0426931530     0.0426931530    
1                0.0118948631     0.0118948631    
==== Stage 2: Latent Domain PCL ====
epoch            total_loss       dis_loss         proto_loss       ent_pen_loss    
0                0.7650413513     0.5420893431     0.4240011275     0.0109514743    
Counter({np.int64(1): 1746, np.int64(2): 1623, np.int64(0): 1271})
==== Stage 3: Domain-invariant + HardNCE ====
epoch            total_loss       cls_loss         dis_loss         hard_loss       
0                1.2578701973     0.1021614075     0.8343663216     0.6426848173    
  Source acc: 1.000000  |  Target acc: 0.750000
  Best target acc: 0.775000

======== ROUND 13 ========  [Ablation: full]
==== Stage 1: SupCon Pre-training ====
epoch            total_loss       cls_loss        
0                0.1502501070     0.1502501070    
1                0.0121836085     0.0121836085    
==== Stage 2: Latent Domain PCL ====
epoch            total_loss       dis_loss         proto_loss       ent_pen_loss    
0                0.7718150020     0.5756002665     0.3886269927     0.0019012074    
Counter({np.int64(2): 1788, np.int64(1): 1723, np.int64(0): 1129})
==== Stage 3: Domain-invariant + HardNCE ====
epoch            total_loss       cls_loss         dis_loss         hard_loss       
0                1.4804909229     0.0694258586     1.0560643673     0.7100013494    
  Source acc: 1.000000  |  Target acc: 0.768750
  Best target acc: 0.775000

======== ROUND 14 ========  [Ablation: full]
==== Stage 1: SupCon Pre-training ====
epoch            total_loss       cls_loss        
0                0.0837280750     0.0837280750    
1                0.0408143736     0.0408143736    
==== Stage 2: Latent Domain PCL ====
epoch            total_loss       dis_loss         proto_loss       ent_pen_loss    
0                0.8105257154     0.5290330052     0.5004378557     0.0312737636    
Counter({np.int64(1): 1838, np.int64(2): 1754, np.int64(0): 1048})
==== Stage 3: Domain-invariant + HardNCE ====
epoch            total_loss       cls_loss         dis_loss         hard_loss       
0                0.9429063797     0.0321650729     0.6078150272     0.6058526039    
  Source acc: 1.000000  |  Target acc: 0.781250
  Best target acc: 0.781250

======== ROUND 15 ========  [Ablation: full]
==== Stage 1: SupCon Pre-training ====
epoch            total_loss       cls_loss        
0                0.0168046542     0.0168046542    
1                0.0042666243     0.0042666243    
==== Stage 2: Latent Domain PCL ====
epoch            total_loss       dis_loss         proto_loss       ent_pen_loss    
0                0.5397908688     0.3869284391     0.2880325913     0.0088461619    
Counter({np.int64(1): 1938, np.int64(2): 1786, np.int64(0): 916})
==== Stage 3: Domain-invariant + HardNCE ====
epoch            total_loss       cls_loss         dis_loss         hard_loss       
0                1.1309275627     0.0848853663     0.7387798429     0.6145246029    
  Source acc: 1.000000  |  Target acc: 0.768750
  Best target acc: 0.781250

======== ROUND 16 ========  [Ablation: full]
==== Stage 1: SupCon Pre-training ====
epoch            total_loss       cls_loss        
0                0.0461645238     0.0461645238    
1                0.0062301978     0.0062301978    
==== Stage 2: Latent Domain PCL ====
epoch            total_loss       dis_loss         proto_loss       ent_pen_loss    
0                0.5423845053     0.3409923315     0.3248170912     0.0389836691    
Counter({np.int64(1): 1902, np.int64(2): 1752, np.int64(0): 986})
==== Stage 3: Domain-invariant + HardNCE ====
epoch            total_loss       cls_loss         dis_loss         hard_loss       
0                0.9605033994     0.0334349833     0.6141653061     0.6258062124    
  Source acc: 1.000000  |  Target acc: 0.756250
  Best target acc: 0.781250

======== ROUND 17 ========  [Ablation: full]
==== Stage 1: SupCon Pre-training ====
epoch            total_loss       cls_loss        
0                0.0223609619     0.0223609619    
1                0.0094944695     0.0094944695    
==== Stage 2: Latent Domain PCL ====
epoch            total_loss       dis_loss         proto_loss       ent_pen_loss    
0                0.8685147762     0.4861759543     0.5892836452     0.0876970515    
Counter({np.int64(2): 2021, np.int64(1): 1597, np.int64(0): 1022})
==== Stage 3: Domain-invariant + HardNCE ====
epoch            total_loss       cls_loss         dis_loss         hard_loss       
0                0.9771370292     0.0356351659     0.6754533648     0.5320969820    
  Source acc: 1.000000  |  Target acc: 0.743750
  Best target acc: 0.781250

======== ROUND 18 ========  [Ablation: full]
==== Stage 1: SupCon Pre-training ====
epoch            total_loss       cls_loss        
0                0.0435565785     0.0435565785    
1                0.0085326210     0.0085326210    
==== Stage 2: Latent Domain PCL ====
epoch            total_loss       dis_loss         proto_loss       ent_pen_loss    
0                0.4458652139     0.3191241026     0.2357898653     0.0088461619    
Counter({np.int64(2): 2024, np.int64(1): 1604, np.int64(0): 1012})
==== Stage 3: Domain-invariant + HardNCE ====
epoch            total_loss       cls_loss         dis_loss         hard_loss       
0                1.1588747501     0.0621498302     0.7755291462     0.6423916221    
  Source acc: 1.000000  |  Target acc: 0.756250
  Best target acc: 0.781250

======== ROUND 19 ========  [Ablation: full]
==== Stage 1: SupCon Pre-training ====
epoch            total_loss       cls_loss        
0                0.0056526633     0.0056526633    
1                0.0023924042     0.0023924042    
==== Stage 2: Latent Domain PCL ====
epoch            total_loss       dis_loss         proto_loss       ent_pen_loss    
0                0.7109501958     0.5801118612     0.1937923580     0.0339421555    
Counter({np.int64(2): 1999, np.int64(1): 1683, np.int64(0): 958})
==== Stage 3: Domain-invariant + HardNCE ====
epoch            total_loss       cls_loss         dis_loss         hard_loss       
0                1.2092307806     0.0264104828     0.8948873281     0.5758659840    
  Source acc: 1.000000  |  Target acc: 0.743750
  Best target acc: 0.781250

======== ROUND 20 ========  [Ablation: full]
==== Stage 1: SupCon Pre-training ====
epoch            total_loss       cls_loss        
0                0.0343446173     0.0343446173    
1                0.1323013455     0.1323013455    
==== Stage 2: Latent Domain PCL ====
epoch            total_loss       dis_loss         proto_loss       ent_pen_loss    
0                0.6227856874     0.3171508312     0.5333024263     0.0389836691    
Counter({np.int64(2): 1978, np.int64(1): 1653, np.int64(0): 1009})
==== Stage 3: Domain-invariant + HardNCE ====
epoch            total_loss       cls_loss         dis_loss         hard_loss       
0                1.3606579304     0.1045454443     0.9638249874     0.5845750570    
  Source acc: 1.000000  |  Target acc: 0.756250
  Best target acc: 0.781250

======== ROUND 21 ========  [Ablation: full]
==== Stage 1: SupCon Pre-training ====
epoch            total_loss       cls_loss        
0                0.0128676454     0.0128676454    
1                0.0083447024     0.0083447024    
==== Stage 2: Latent Domain PCL ====
epoch            total_loss       dis_loss         proto_loss       ent_pen_loss    
0                0.5303894281     0.4278143048     0.1749710441     0.0150896376    
Counter({np.int64(2): 2001, np.int64(1): 1660, np.int64(0): 979})
==== Stage 3: Domain-invariant + HardNCE ====
epoch            total_loss       cls_loss         dis_loss         hard_loss       
0                1.2645542622     0.0344734788     0.9681931138     0.5237752199    
  Source acc: 1.000000  |  Target acc: 0.737500
  Best target acc: 0.781250

======== ROUND 22 ========  [Ablation: full]
==== Stage 1: SupCon Pre-training ====
epoch            total_loss       cls_loss        
0                0.0234071799     0.0234071799    
1                0.0210490078     0.0210490078    
==== Stage 2: Latent Domain PCL ====
epoch            total_loss       dis_loss         proto_loss       ent_pen_loss    
0                0.9163421988     0.6764215231     0.3334265351     0.0732074231    
Counter({np.int64(2): 1959, np.int64(1): 1643, np.int64(0): 1038})
==== Stage 3: Domain-invariant + HardNCE ====
epoch            total_loss       cls_loss         dis_loss         hard_loss       
0                1.4843988419     0.0466440879     1.1254982948     0.6245129704    
  Source acc: 1.000000  |  Target acc: 0.762500
  Best target acc: 0.781250

======== ROUND 23 ========  [Ablation: full]
==== Stage 1: SupCon Pre-training ====
epoch            total_loss       cls_loss        
0                0.0135710388     0.0135710388    
1                0.0071275858     0.0071275858    
==== Stage 2: Latent Domain PCL ====
epoch            total_loss       dis_loss         proto_loss       ent_pen_loss    
0                0.4633836448     0.3469367325     0.2225039303     0.0051949215    
Counter({np.int64(2): 1913, np.int64(1): 1600, np.int64(0): 1127})
==== Stage 3: Domain-invariant + HardNCE ====
epoch            total_loss       cls_loss         dis_loss         hard_loss       
0                1.2016731501     0.0455223657     0.8392021060     0.6338972449    
  Source acc: 1.000000  |  Target acc: 0.756250
  Best target acc: 0.781250

======== ROUND 24 ========  [Ablation: full]
==== Stage 1: SupCon Pre-training ====
epoch            total_loss       cls_loss        
0                0.0052122092     0.0052122092    
1                0.0069549484     0.0069549484    
==== Stage 2: Latent Domain PCL ====
epoch            total_loss       dis_loss         proto_loss       ent_pen_loss    
0                0.6991829872     0.5697667599     0.2369295061     0.0109514743    
Counter({np.int64(2): 1911, np.int64(1): 1660, np.int64(0): 1069})
==== Stage 3: Domain-invariant + HardNCE ====
epoch            total_loss       cls_loss         dis_loss         hard_loss       
0                1.4146035910     0.1184135377     1.0335140228     0.5253520012    
  Source acc: 1.000000  |  Target acc: 0.762500
  Best target acc: 0.781250

======== ROUND 25 ========  [Ablation: full]
==== Stage 1: SupCon Pre-training ====
epoch            total_loss       cls_loss        
0                0.0627248287     0.0627248287    
1                0.0123298801     0.0123298801    
==== Stage 2: Latent Domain PCL ====
epoch            total_loss       dis_loss         proto_loss       ent_pen_loss    
0                0.4600678086     0.3284290433     0.2130621374     0.0251076967    
Counter({np.int64(2): 1914, np.int64(1): 1584, np.int64(0): 1142})
==== Stage 3: Domain-invariant + HardNCE ====
epoch            total_loss       cls_loss         dis_loss         hard_loss       
0                1.1508650780     0.0215793308     0.8362587094     0.5860542059    
  Source acc: 1.000000  |  Target acc: 0.775000
  Best target acc: 0.781250

======== ROUND 26 ========  [Ablation: full]
==== Stage 1: SupCon Pre-training ====
epoch            total_loss       cls_loss        
0                0.0245301723     0.0245301723    
1                0.0023659605     0.0023659605    
==== Stage 2: Latent Domain PCL ====
epoch            total_loss       dis_loss         proto_loss       ent_pen_loss    
0                0.8534539342     0.6247352958     0.4470474720     0.0051949215    
Counter({np.int64(2): 1935, np.int64(1): 1532, np.int64(0): 1173})
==== Stage 3: Domain-invariant + HardNCE ====
epoch            total_loss       cls_loss         dis_loss         hard_loss       
0                1.3220331669     0.0412529483     1.0006362200     0.5602880716    
  Source acc: 1.000000  |  Target acc: 0.762500
  Best target acc: 0.781250

======== ROUND 27 ========  [Ablation: full]
==== Stage 1: SupCon Pre-training ====
epoch            total_loss       cls_loss        
0                0.0278223529     0.0278223529    
1                0.0245780423     0.0245780423    
==== Stage 2: Latent Domain PCL ====
epoch            total_loss       dis_loss         proto_loss       ent_pen_loss    
0                0.7489580512     0.6603084207     0.1734968424     0.0019012074    
Counter({np.int64(2): 1923, np.int64(1): 1495, np.int64(0): 1222})
==== Stage 3: Domain-invariant + HardNCE ====
epoch            total_loss       cls_loss         dis_loss         hard_loss       
0                1.4518401623     0.0202197954     1.1506929398     0.5618548393    
  Source acc: 1.000000  |  Target acc: 0.775000
  Best target acc: 0.781250

======== ROUND 28 ========  [Ablation: full]
==== Stage 1: SupCon Pre-training ====
epoch            total_loss       cls_loss        
0                0.0154136140     0.0154136140    
1                0.0106160156     0.0106160156    
==== Stage 2: Latent Domain PCL ====
epoch            total_loss       dis_loss         proto_loss       ent_pen_loss    
0                1.2244218588     1.0592036247     0.3002570868     0.0150896702    
Counter({np.int64(2): 1902, np.int64(1): 1498, np.int64(0): 1240})
==== Stage 3: Domain-invariant + HardNCE ====
epoch            total_loss       cls_loss         dis_loss         hard_loss       
0                1.2106344700     0.0136304423     0.8998120427     0.5943840742    
  Source acc: 1.000000  |  Target acc: 0.775000
  Best target acc: 0.781250

======== ROUND 29 ========  [Ablation: full]
==== Stage 1: SupCon Pre-training ====
epoch            total_loss       cls_loss        
0                0.0652310699     0.0652310699    
1                0.0038676641     0.0038676641    
==== Stage 2: Latent Domain PCL ====
epoch            total_loss       dis_loss         proto_loss       ent_pen_loss    
0                0.9269661903     0.7002901435     0.3592005968     0.0470757335    
Counter({np.int64(2): 1883, np.int64(1): 1500, np.int64(0): 1257})
==== Stage 3: Domain-invariant + HardNCE ====
epoch            total_loss       cls_loss         dis_loss         hard_loss       
0                1.3322138786     0.0660161525     0.9587603211     0.6148747206    
  Source acc: 1.000000  |  Target acc: 0.775000
  Best target acc: 0.781250

======== ROUND 30 ========  [Ablation: full]
==== Stage 1: SupCon Pre-training ====
epoch            total_loss       cls_loss        
0                0.0793295428     0.0793295428    
1                0.0030960457     0.0030960457    
==== Stage 2: Latent Domain PCL ====
epoch            total_loss       dis_loss         proto_loss       ent_pen_loss    
0                0.8909469843     0.7335241437     0.3001641035     0.0073407623    
Counter({np.int64(2): 1862, np.int64(1): 1441, np.int64(0): 1337})
==== Stage 3: Domain-invariant + HardNCE ====
epoch            total_loss       cls_loss         dis_loss         hard_loss       
0                1.3135073185     0.0415692255     0.9714153409     0.6010456681    
  Source acc: 1.000000  |  Target acc: 0.781250
  Best target acc: 0.781250

======== ROUND 31 ========  [Ablation: full]
==== Stage 1: SupCon Pre-training ====
epoch            total_loss       cls_loss        
0                0.0225863270     0.0225863270    
1                0.0077753742     0.0077753742    
==== Stage 2: Latent Domain PCL ====
epoch            total_loss       dis_loss         proto_loss       ent_pen_loss    
0                0.6296333671     0.5115093589     0.2357088327     0.0002696014    
Counter({np.int64(2): 1890, np.int64(1): 1427, np.int64(0): 1323})
==== Stage 3: Domain-invariant + HardNCE ====
epoch            total_loss       cls_loss         dis_loss         hard_loss       
0                1.2984914780     0.0339688100     0.9672171474     0.5946109295    
  Source acc: 1.000000  |  Target acc: 0.768750
  Best target acc: 0.781250

======== ROUND 32 ========  [Ablation: full]
==== Stage 1: SupCon Pre-training ====
epoch            total_loss       cls_loss        
0                0.0096427267     0.0096427267    
1                0.0196633246     0.0196633246    
==== Stage 2: Latent Domain PCL ====
epoch            total_loss       dis_loss         proto_loss       ent_pen_loss    
0                0.6477615237     0.4666900039     0.3402401209     0.0109514743    
Counter({np.int64(2): 1905, np.int64(1): 1406, np.int64(0): 1329})
==== Stage 3: Domain-invariant + HardNCE ====
epoch            total_loss       cls_loss         dis_loss         hard_loss       
0                1.3693183661     0.0536496267     1.0190244913     0.5932884216    
  Source acc: 1.000000  |  Target acc: 0.775000
  Best target acc: 0.781250

======== ROUND 33 ========  [Ablation: full]
==== Stage 1: SupCon Pre-training ====
epoch            total_loss       cls_loss        
0                0.0188332833     0.0188332833    
1                0.0085748350     0.0085748350    
==== Stage 2: Latent Domain PCL ====
epoch            total_loss       dis_loss         proto_loss       ent_pen_loss    
0                0.9159384966     0.7038604021     0.3799462318     0.0221049711    
Counter({np.int64(2): 1885, np.int64(0): 1398, np.int64(1): 1357})
==== Stage 3: Domain-invariant + HardNCE ====
epoch            total_loss       cls_loss         dis_loss         hard_loss       
0                1.3126453161     0.2000263631     0.8133802414     0.5984773636    
  Source acc: 1.000000  |  Target acc: 0.775000
  Best target acc: 0.781250

======== ROUND 34 ========  [Ablation: full]
==== Stage 1: SupCon Pre-training ====
epoch            total_loss       cls_loss        
0                0.0021311098     0.0021311098    
1                0.0188331604     0.0188331604    
==== Stage 2: Latent Domain PCL ====
epoch            total_loss       dis_loss         proto_loss       ent_pen_loss    
0                0.6276479363     0.4461819828     0.3410289884     0.0109514743    
Counter({np.int64(2): 1832, np.int64(0): 1412, np.int64(1): 1396})
==== Stage 3: Domain-invariant + HardNCE ====
epoch            total_loss       cls_loss         dis_loss         hard_loss       
0                1.1926517487     0.0229340885     0.8958166838     0.5478019714    
  Source acc: 1.000000  |  Target acc: 0.781250
  Best target acc: 0.781250

======== ROUND 35 ========  [Ablation: full]
==== Stage 1: SupCon Pre-training ====
epoch            total_loss       cls_loss        
0                0.0029410443     0.0029410443    
1                0.0755679086     0.0755679086    
==== Stage 2: Latent Domain PCL ====
epoch            total_loss       dis_loss         proto_loss       ent_pen_loss    
0                0.6966815591     0.5664082766     0.2283833027     0.0160816163    
Counter({np.int64(2): 1863, np.int64(0): 1396, np.int64(1): 1381})
==== Stage 3: Domain-invariant + HardNCE ====
epoch            total_loss       cls_loss         dis_loss         hard_loss       
0                1.1385319233     0.0233009420     0.8359355330     0.5585908294    
  Source acc: 1.000000  |  Target acc: 0.762500
  Best target acc: 0.781250

======== ROUND 36 ========  [Ablation: full]
==== Stage 1: SupCon Pre-training ====
epoch            total_loss       cls_loss        
0                0.0252711810     0.0252711810    
1                0.0058354903     0.0058354903    
==== Stage 2: Latent Domain PCL ====
epoch            total_loss       dis_loss         proto_loss       ent_pen_loss    
0                0.7462668419     0.5970014334     0.2947284281     0.0019012074    
Counter({np.int64(2): 1911, np.int64(0): 1400, np.int64(1): 1329})
==== Stage 3: Domain-invariant + HardNCE ====
epoch            total_loss       cls_loss         dis_loss         hard_loss       
0                1.3805844784     0.0238682069     1.0919902325     0.5294520855    
  Source acc: 1.000000  |  Target acc: 0.787500
  Best target acc: 0.787500

======== ROUND 37 ========  [Ablation: full]
==== Stage 1: SupCon Pre-training ====
epoch            total_loss       cls_loss        
0                0.0065447516     0.0065447516    
1                0.0129965572     0.0129965572    
==== Stage 2: Latent Domain PCL ====
epoch            total_loss       dis_loss         proto_loss       ent_pen_loss    
0                0.8839792013     0.7557384372     0.2526791394     0.0019012074    
Counter({np.int64(2): 1914, np.int64(0): 1422, np.int64(1): 1304})
==== Stage 3: Domain-invariant + HardNCE ====
epoch            total_loss       cls_loss         dis_loss         hard_loss       
0                1.2032240629     0.0307501517     0.8665775657     0.6117926240    
  Source acc: 1.000000  |  Target acc: 0.768750
  Best target acc: 0.787500

======== ROUND 38 ========  [Ablation: full]
==== Stage 1: SupCon Pre-training ====
epoch            total_loss       cls_loss        
0                0.0283149425     0.0283149425    
1                0.0095126405     0.0095126405    
==== Stage 2: Latent Domain PCL ====
epoch            total_loss       dis_loss         proto_loss       ent_pen_loss    
0                1.2516683340     0.9910128713     0.5085295439     0.0063906796    
Counter({np.int64(2): 1877, np.int64(0): 1463, np.int64(1): 1300})
==== Stage 3: Domain-invariant + HardNCE ====
epoch            total_loss       cls_loss         dis_loss         hard_loss       
0                1.1084361076     0.0279465690     0.7743205428     0.6123379469    
  Source acc: 1.000000  |  Target acc: 0.756250
  Best target acc: 0.787500

======== ROUND 39 ========  [Ablation: full]
==== Stage 1: SupCon Pre-training ====
epoch            total_loss       cls_loss        
0                0.0064069452     0.0064069452    
1                0.0407004803     0.0407004803    
==== Stage 2: Latent Domain PCL ====
epoch            total_loss       dis_loss         proto_loss       ent_pen_loss    
0                0.9432858825     0.8007940054     0.2811813354     0.0019012074    
Counter({np.int64(2): 1882, np.int64(0): 1472, np.int64(1): 1286})
==== Stage 3: Domain-invariant + HardNCE ====
epoch            total_loss       cls_loss         dis_loss         hard_loss       
0                1.0527374744     0.0191047117     0.7354560494     0.5963535309    
  Source acc: 1.000000  |  Target acc: 0.768750
  Best target acc: 0.787500

======== ROUND 40 ========  [Ablation: full]
==== Stage 1: SupCon Pre-training ====
epoch            total_loss       cls_loss        
0                0.0031346972     0.0031346972    
1                0.0152897350     0.0152897350    
==== Stage 2: Latent Domain PCL ====
epoch            total_loss       dis_loss         proto_loss       ent_pen_loss    
0                1.4370491505     1.1354581118     0.5730027556     0.0150896376    
Counter({np.int64(2): 1857, np.int64(0): 1474, np.int64(1): 1309})
==== Stage 3: Domain-invariant + HardNCE ====
epoch            total_loss       cls_loss         dis_loss         hard_loss       
0                0.9017664194     0.0197128244     0.5779247880     0.6082576513    
  Source acc: 1.000000  |  Target acc: 0.768750
  Best target acc: 0.787500

======== ROUND 41 ========  [Ablation: full]
==== Stage 1: SupCon Pre-training ====
epoch            total_loss       cls_loss        
0                0.0055732494     0.0055732494    
1                0.0051676380     0.0051676380    
==== Stage 2: Latent Domain PCL ====
epoch            total_loss       dis_loss         proto_loss       ent_pen_loss    
0                1.2617479563     1.1243081093     0.2727867961     0.0010464388    
Counter({np.int64(2): 1771, np.int64(0): 1521, np.int64(1): 1348})
==== Stage 3: Domain-invariant + HardNCE ====
epoch            total_loss       cls_loss         dis_loss         hard_loss       
0                1.3075242043     0.0386776179     1.0114582777     0.5147768259    
  Source acc: 1.000000  |  Target acc: 0.775000
  Best target acc: 0.787500

======== ROUND 42 ========  [Ablation: full]
==== Stage 1: SupCon Pre-training ====
epoch            total_loss       cls_loss        
0                0.0546703748     0.0546703748    
1                0.0436464362     0.0436464362    
==== Stage 2: Latent Domain PCL ====
epoch            total_loss       dis_loss         proto_loss       ent_pen_loss    
0                1.1333894730     0.9064879417     0.3942441046     0.0297794305    
Counter({np.int64(2): 1775, np.int64(0): 1458, np.int64(1): 1407})
==== Stage 3: Domain-invariant + HardNCE ====
epoch            total_loss       cls_loss         dis_loss         hard_loss       
0                1.2455989122     0.0585533790     0.8996478319     0.5747953653    
  Source acc: 1.000000  |  Target acc: 0.775000
  Best target acc: 0.787500

======== ROUND 43 ========  [Ablation: full]
==== Stage 1: SupCon Pre-training ====
epoch            total_loss       cls_loss        
0                0.0293504409     0.0293504409    
1                0.0238650478     0.0238650478    
==== Stage 2: Latent Domain PCL ====
epoch            total_loss       dis_loss         proto_loss       ent_pen_loss    
0                0.6277942061     0.4751251936     0.3032451868     0.0010464388    
Counter({np.int64(2): 1711, np.int64(0): 1468, np.int64(1): 1461})
==== Stage 3: Domain-invariant + HardNCE ====
epoch            total_loss       cls_loss         dis_loss         hard_loss       
0                1.3076353073     0.0614062473     0.9236426353     0.6451728344    
  Source acc: 1.000000  |  Target acc: 0.793750
  Best target acc: 0.793750

======== ROUND 44 ========  [Ablation: full]
==== Stage 1: SupCon Pre-training ====
epoch            total_loss       cls_loss        
0                0.0077809193     0.0077809193    
1                0.0039867330     0.0039867330    
==== Stage 2: Latent Domain PCL ====
epoch            total_loss       dis_loss         proto_loss       ent_pen_loss    
0                1.0014292002     0.8461478949     0.3001727760     0.0051949215    
Counter({np.int64(0): 1579, np.int64(2): 1547, np.int64(1): 1514})
==== Stage 3: Domain-invariant + HardNCE ====
epoch            total_loss       cls_loss         dis_loss         hard_loss       
0                1.2652883530     0.0222598016     0.9616091251     0.5628387332    
  Source acc: 1.000000  |  Target acc: 0.768750
  Best target acc: 0.793750

======== ROUND 45 ========  [Ablation: full]
==== Stage 1: SupCon Pre-training ====
epoch            total_loss       cls_loss        
0                0.0139174405     0.0139174405    
1                0.1804552674     0.1804552674    
==== Stage 2: Latent Domain PCL ====
epoch            total_loss       dis_loss         proto_loss       ent_pen_loss    
0                1.1697119474     0.9787954688     0.3714430928     0.0051949215    
Counter({np.int64(0): 1620, np.int64(1): 1529, np.int64(2): 1491})
==== Stage 3: Domain-invariant + HardNCE ====
epoch            total_loss       cls_loss         dis_loss         hard_loss       
0                1.0131276846     0.0381745845     0.6742242575     0.6014577150    
  Source acc: 1.000000  |  Target acc: 0.762500
  Best target acc: 0.793750

======== ROUND 46 ========  [Ablation: full]
==== Stage 1: SupCon Pre-training ====
epoch            total_loss       cls_loss        
0                0.0128091238     0.0128091238    
1                0.0067840861     0.0067840861    
==== Stage 2: Latent Domain PCL ====
epoch            total_loss       dis_loss         proto_loss       ent_pen_loss    
0                0.8315855265     0.7119937539     0.2187532783     0.0102151651    
Counter({np.int64(1): 1582, np.int64(0): 1551, np.int64(2): 1507})
==== Stage 3: Domain-invariant + HardNCE ====
epoch            total_loss       cls_loss         dis_loss         hard_loss       
0                1.1959232092     0.0438929126     0.8494197726     0.6052210331    
  Source acc: 1.000000  |  Target acc: 0.762500
  Best target acc: 0.793750

======== ROUND 47 ========  [Ablation: full]
==== Stage 1: SupCon Pre-training ====
epoch            total_loss       cls_loss        
0                0.0331110060     0.0331110060    
1                0.0666073114     0.0666073114    
==== Stage 2: Latent Domain PCL ====
epoch            total_loss       dis_loss         proto_loss       ent_pen_loss    
0                0.9243543744     0.7236227989     0.3946831226     0.0033900375    
Counter({np.int64(1): 1578, np.int64(0): 1560, np.int64(2): 1502})
==== Stage 3: Domain-invariant + HardNCE ====
epoch            total_loss       cls_loss         dis_loss         hard_loss       
0                1.1838146448     0.0433490798     0.8522356153     0.5764599442    
  Source acc: 1.000000  |  Target acc: 0.781250
  Best target acc: 0.793750

======== ROUND 48 ========  [Ablation: full]
==== Stage 1: SupCon Pre-training ====
epoch            total_loss       cls_loss        
0                0.0052134958     0.0052134958    
1                0.0036171712     0.0036171712    
==== Stage 2: Latent Domain PCL ====
epoch            total_loss       dis_loss         proto_loss       ent_pen_loss    
0                0.6709889174     0.5737274885     0.1841330528     0.0051949215    
Counter({np.int64(1): 1585, np.int64(0): 1561, np.int64(2): 1494})
==== Stage 3: Domain-invariant + HardNCE ====
epoch            total_loss       cls_loss         dis_loss         hard_loss       
0                1.1236927509     0.0242121965     0.8033549190     0.5922513008    
  Source acc: 1.000000  |  Target acc: 0.781250
  Best target acc: 0.793750

======== ROUND 49 ========  [Ablation: full]
==== Stage 1: SupCon Pre-training ====
epoch            total_loss       cls_loss        
0                0.0484066270     0.0484066270    
1                0.0041851685     0.0041851685    
==== Stage 2: Latent Domain PCL ====
epoch            total_loss       dis_loss         proto_loss       ent_pen_loss    
0                0.6831299067     0.6242213249     0.1088512540     0.0044829613    
Counter({np.int64(1): 1569, np.int64(0): 1565, np.int64(2): 1506})
==== Stage 3: Domain-invariant + HardNCE ====
epoch            total_loss       cls_loss         dis_loss         hard_loss       
0                1.2723513842     0.0209178943     0.9916174412     0.5196321011    
  Source acc: 1.000000  |  Target acc: 0.787500
  Best target acc: 0.793750
[ConfMatrix] saved to log/main_xrf_louo_u21_s0 (cm shape=(8, 8))

Results saved to log/main_xrf_louo_u21_s0
acc.txt: log/main_xrf_louo_u21_s0/acc.txt
bestacc.txt: log/main_xrf_louo_u21_s0/bestacc.txt
