[Seed] global random seed set to 0

[Ablation Mode] full
[XRF55 LOUO] test_user=30, train_users=[1, 2, 3]...(29人)
[XRF55Dataset] loaded 4640 samples from 1 dirs
[XRF55Dataset] loaded 160 samples from 1 dirs
[XRF55Dataset] loaded 4640 samples from 1 dirs
Train set size: 4640 samples, 145 batches
Test set size:  160 samples, 5 batches
Source eval size: 4640 samples

[Direction Sensitivity] Manual weights (dir_w=0.5): {0: 0.0, 1: 0.5, 2: 0.5, 3: 0.5, 4: 0.5, 5: 0.5, 6: 0.5, 7: 0.5}

======== ROUND 0 ========  [Ablation: full]
==== Stage 1: SupCon Pre-training ====
epoch            total_loss       cls_loss         supcon_loss     
0                4.5979003906     1.4189288616     6.3579425812    
1                4.2695264816     1.1609942913     6.2170648575    
==== Stage 2: Latent Domain PCL ====
epoch            total_loss       dis_loss         proto_loss       ent_pen_loss    
0                2.5233590603     2.2233591080     0.0000000000     0.3000000119    
Counter({np.int64(2): 1878, np.int64(0): 1787, np.int64(1): 975})
==== Stage 3: Domain-invariant + HardNCE ====
epoch            total_loss       cls_loss         dis_loss         hard_loss       
0                1.9759993553     0.8880879879     0.7379963398     0.6998301744    
  Source acc: 0.699569  |  Target acc: 0.362500
  Best target acc: 0.362500

======== ROUND 1 ========  [Ablation: full]
==== Stage 1: SupCon Pre-training ====
epoch            total_loss       cls_loss         supcon_loss     
0                3.7329530716     0.8755992651     5.7147073746    
1                3.5256428719     0.6881481409     5.6749897003    
==== Stage 2: Latent Domain PCL ====
epoch            total_loss       dis_loss         proto_loss       ent_pen_loss    
0                2.4207987785     1.9892402887     0.7989057899     0.0321056955    
Counter({np.int64(2): 2494, np.int64(0): 1112, np.int64(1): 1034})
==== Stage 3: Domain-invariant + HardNCE ====
epoch            total_loss       cls_loss         dis_loss         hard_loss       
0                1.5862138271     0.4800417423     0.7282960415     0.7557520866    
  Source acc: 0.870474  |  Target acc: 0.450000
  Best target acc: 0.450000

======== ROUND 2 ========  [Ablation: full]
==== Stage 1: SupCon Pre-training ====
epoch            total_loss       cls_loss         supcon_loss     
0                3.3230934143     0.4875866175     5.6710138321    
1                3.6400790215     0.6557309628     5.9686961174    
==== Stage 2: Latent Domain PCL ====
epoch            total_loss       dis_loss         proto_loss       ent_pen_loss    
0                1.9206426144     1.6920752525     0.4352317452     0.0109514743    
Counter({np.int64(1): 2051, np.int64(0): 1516, np.int64(2): 1073})
==== Stage 3: Domain-invariant + HardNCE ====
epoch            total_loss       cls_loss         dis_loss         hard_loss       
0                1.8598947525     0.8094273210     0.6600930691     0.7807487249    
  Source acc: 0.853879  |  Target acc: 0.437500
  Best target acc: 0.450000

======== ROUND 3 ========  [Ablation: full]
==== Stage 1: SupCon Pre-training ====
epoch            total_loss       cls_loss        
0                0.7097881436     0.7097881436    
1                0.4024644494     0.4024644494    
==== Stage 2: Latent Domain PCL ====
epoch            total_loss       dis_loss         proto_loss       ent_pen_loss    
0                1.7518850565     1.5711510181     0.3312889338     0.0150896376    
Counter({np.int64(1): 1722, np.int64(2): 1620, np.int64(0): 1298})
==== Stage 3: Domain-invariant + HardNCE ====
epoch            total_loss       cls_loss         dis_loss         hard_loss       
0                1.5631573200     0.2990123034     0.8845350742     0.7592200041    
  Source acc: 0.948060  |  Target acc: 0.462500
  Best target acc: 0.462500

======== ROUND 4 ========  [Ablation: full]
==== Stage 1: SupCon Pre-training ====
epoch            total_loss       cls_loss        
0                0.1431089938     0.1431089938    
1                0.1917741001     0.1917741001    
==== Stage 2: Latent Domain PCL ====
epoch            total_loss       dis_loss         proto_loss       ent_pen_loss    
0                1.8488682508     1.6259725094     0.4050036669     0.0203939695    
Counter({np.int64(0): 2162, np.int64(2): 1359, np.int64(1): 1119})
==== Stage 3: Domain-invariant + HardNCE ====
epoch            total_loss       cls_loss         dis_loss         hard_loss       
0                1.4882531166     0.5077427030     0.6461685300     0.6686836481    
  Source acc: 0.953017  |  Target acc: 0.425000
  Best target acc: 0.462500

======== ROUND 5 ========  [Ablation: full]
==== Stage 1: SupCon Pre-training ====
epoch            total_loss       cls_loss        
0                0.4654518664     0.4654518664    
1                0.6492204070     0.6492204070    
==== Stage 2: Latent Domain PCL ====
epoch            total_loss       dis_loss         proto_loss       ent_pen_loss    
0                2.0853943825     1.7882868052     0.5765230656     0.0088461619    
Counter({np.int64(0): 2200, np.int64(2): 1632, np.int64(1): 808})
==== Stage 3: Domain-invariant + HardNCE ====
epoch            total_loss       cls_loss         dis_loss         hard_loss       
0                1.4752057791     0.5651872158     0.5679001808     0.6842367649    
  Source acc: 0.952586  |  Target acc: 0.412500
  Best target acc: 0.462500

======== ROUND 6 ========  [Ablation: full]
==== Stage 1: SupCon Pre-training ====
epoch            total_loss       cls_loss        
0                0.5617258549     0.5617258549    
1                0.3660874963     0.3660874963    
==== Stage 2: Latent Domain PCL ====
epoch            total_loss       dis_loss         proto_loss       ent_pen_loss    
0                2.0216026306     1.8033981323     0.3685245514     0.0339421555    
Counter({np.int64(0): 2194, np.int64(2): 1498, np.int64(1): 948})
==== Stage 3: Domain-invariant + HardNCE ====
epoch            total_loss       cls_loss         dis_loss         hard_loss       
0                1.5534018278     0.4000416398     0.8188101053     0.6691001058    
  Source acc: 0.985776  |  Target acc: 0.518750
  Best target acc: 0.518750

======== ROUND 7 ========  [Ablation: full]
==== Stage 1: SupCon Pre-training ====
epoch            total_loss       cls_loss        
0                0.2844134569     0.2844134569    
1                0.5242697001     0.5242697001    
==== Stage 2: Latent Domain PCL ====
epoch            total_loss       dis_loss         proto_loss       ent_pen_loss    
0                2.0844104290     1.8706097603     0.3934643269     0.0170687120    
Counter({np.int64(0): 2342, np.int64(1): 1572, np.int64(2): 726})
==== Stage 3: Domain-invariant + HardNCE ====
epoch            total_loss       cls_loss         dis_loss         hard_loss       
0                1.3967032433     0.1847090423     0.8837651610     0.6564580798    
  Source acc: 0.986853  |  Target acc: 0.418750
  Best target acc: 0.518750

======== ROUND 8 ========  [Ablation: full]
==== Stage 1: SupCon Pre-training ====
epoch            total_loss       cls_loss        
0                0.1513333321     0.1513333321    
1                0.2332490683     0.2332490683    
==== Stage 2: Latent Domain PCL ====
epoch            total_loss       dis_loss         proto_loss       ent_pen_loss    
0                2.1009247303     1.8747643232     0.4419312477     0.0051949215    
Counter({np.int64(0): 2446, np.int64(2): 1162, np.int64(1): 1032})
==== Stage 3: Domain-invariant + HardNCE ====
epoch            total_loss       cls_loss         dis_loss         hard_loss       
0                1.2559368610     0.1774164736     0.7342219949     0.6885966063    
  Source acc: 0.989655  |  Target acc: 0.475000
  Best target acc: 0.518750

======== ROUND 9 ========  [Ablation: full]
==== Stage 1: SupCon Pre-training ====
epoch            total_loss       cls_loss        
0                0.4007374942     0.4007374942    
1                0.1497052908     0.1497052908    
==== Stage 2: Latent Domain PCL ====
epoch            total_loss       dis_loss         proto_loss       ent_pen_loss    
0                2.3505222797     2.1292889118     0.4165246487     0.0129710762    
Counter({np.int64(0): 2485, np.int64(2): 1174, np.int64(1): 981})
==== Stage 3: Domain-invariant + HardNCE ====
epoch            total_loss       cls_loss         dis_loss         hard_loss       
0                1.2432737350     0.1666919887     0.7058879137     0.7413875461    
  Source acc: 0.985991  |  Target acc: 0.537500
  Best target acc: 0.537500

======== ROUND 10 ========  [Ablation: full]
==== Stage 1: SupCon Pre-training ====
epoch            total_loss       cls_loss        
0                0.1389633119     0.1389633119    
1                0.0463311449     0.0463311449    
==== Stage 2: Latent Domain PCL ====
epoch            total_loss       dis_loss         proto_loss       ent_pen_loss    
0                1.3154799938     0.9419522882     0.6952143908     0.0259205047    
Counter({np.int64(0): 1948, np.int64(2): 1515, np.int64(1): 1177})
==== Stage 3: Domain-invariant + HardNCE ====
epoch            total_loss       cls_loss         dis_loss         hard_loss       
0                0.9779323339     0.1971049160     0.4913389087     0.5789769292    
  Source acc: 0.999569  |  Target acc: 0.487500
  Best target acc: 0.537500

======== ROUND 11 ========  [Ablation: full]
==== Stage 1: SupCon Pre-training ====
epoch            total_loss       cls_loss        
0                0.1463771313     0.1463771313    
1                0.0217523724     0.0217523724    
==== Stage 2: Latent Domain PCL ====
epoch            total_loss       dis_loss         proto_loss       ent_pen_loss    
0                0.7921229601     0.5300496817     0.4939672351     0.0150896376    
Counter({np.int64(0): 1801, np.int64(2): 1466, np.int64(1): 1373})
==== Stage 3: Domain-invariant + HardNCE ====
epoch            total_loss       cls_loss         dis_loss         hard_loss       
0                1.0350445509     0.0809829608     0.6663780212     0.5753670335    
  Source acc: 1.000000  |  Target acc: 0.481250
  Best target acc: 0.537500

======== ROUND 12 ========  [Ablation: full]
==== Stage 1: SupCon Pre-training ====
epoch            total_loss       cls_loss        
0                0.1019009128     0.1019009128    
1                0.0174652152     0.0174652152    
==== Stage 2: Latent Domain PCL ====
epoch            total_loss       dis_loss         proto_loss       ent_pen_loss    
0                0.9800426364     0.7744240761     0.3656072617     0.0228149444    
Counter({np.int64(0): 1687, np.int64(1): 1547, np.int64(2): 1406})
==== Stage 3: Domain-invariant + HardNCE ====
epoch            total_loss       cls_loss         dis_loss         hard_loss       
0                0.8816113472     0.1283094436     0.4369321465     0.6327395439    
  Source acc: 1.000000  |  Target acc: 0.475000
  Best target acc: 0.537500

======== ROUND 13 ========  [Ablation: full]
==== Stage 1: SupCon Pre-training ====
epoch            total_loss       cls_loss        
0                0.0591889881     0.0591889881    
1                0.1654413044     0.1654413044    
==== Stage 2: Latent Domain PCL ====
epoch            total_loss       dis_loss         proto_loss       ent_pen_loss    
0                0.7825491428     0.6120989323     0.3189975023     0.0109514743    
Counter({np.int64(1): 1734, np.int64(2): 1474, np.int64(0): 1432})
==== Stage 3: Domain-invariant + HardNCE ====
epoch            total_loss       cls_loss         dis_loss         hard_loss       
0                0.9949799776     0.0533002317     0.6247433424     0.6338727474    
  Source acc: 1.000000  |  Target acc: 0.512500
  Best target acc: 0.537500

======== ROUND 14 ========  [Ablation: full]
==== Stage 1: SupCon Pre-training ====
epoch            total_loss       cls_loss        
0                0.0465562865     0.0465562865    
1                0.0104187001     0.0104187001    
==== Stage 2: Latent Domain PCL ====
epoch            total_loss       dis_loss         proto_loss       ent_pen_loss    
0                0.5299093723     0.4044229090     0.2207936496     0.0150896376    
Counter({np.int64(1): 1675, np.int64(0): 1503, np.int64(2): 1462})
==== Stage 3: Domain-invariant + HardNCE ====
epoch            total_loss       cls_loss         dis_loss         hard_loss       
0                0.8128310442     0.1101158410     0.4006626010     0.6041052938    
  Source acc: 1.000000  |  Target acc: 0.481250
  Best target acc: 0.537500

======== ROUND 15 ========  [Ablation: full]
==== Stage 1: SupCon Pre-training ====
epoch            total_loss       cls_loss        
0                0.0345276743     0.0345276743    
1                0.0080175800     0.0080175800    
==== Stage 2: Latent Domain PCL ====
epoch            total_loss       dis_loss         proto_loss       ent_pen_loss    
0                0.4783627987     0.3294487298     0.2773977816     0.0102151651    
Counter({np.int64(1): 1692, np.int64(2): 1499, np.int64(0): 1449})
==== Stage 3: Domain-invariant + HardNCE ====
epoch            total_loss       cls_loss         dis_loss         hard_loss       
0                1.2322854996     0.1718905270     0.7185518146     0.6836861968    
  Source acc: 1.000000  |  Target acc: 0.475000
  Best target acc: 0.537500

======== ROUND 16 ========  [Ablation: full]
==== Stage 1: SupCon Pre-training ====
epoch            total_loss       cls_loss        
0                0.0248015635     0.0248015635    
1                0.0884240940     0.0884240940    
==== Stage 2: Latent Domain PCL ====
epoch            total_loss       dis_loss         proto_loss       ent_pen_loss    
0                0.5588214397     0.3769626021     0.3432872891     0.0102151651    
Counter({np.int64(1): 1818, np.int64(2): 1455, np.int64(0): 1367})
==== Stage 3: Domain-invariant + HardNCE ====
epoch            total_loss       cls_loss         dis_loss         hard_loss       
0                0.9720366001     0.0536118485     0.6283608675     0.5801277757    
  Source acc: 1.000000  |  Target acc: 0.493750
  Best target acc: 0.537500

======== ROUND 17 ========  [Ablation: full]
==== Stage 1: SupCon Pre-training ====
epoch            total_loss       cls_loss        
0                0.1527956575     0.1527956575    
1                0.0090451911     0.0090451911    
==== Stage 2: Latent Domain PCL ====
epoch            total_loss       dis_loss         proto_loss       ent_pen_loss    
0                0.9834243059     0.4630576670     1.0303435326     0.0051949215    
Counter({np.int64(1): 1756, np.int64(2): 1506, np.int64(0): 1378})
==== Stage 3: Domain-invariant + HardNCE ====
epoch            total_loss       cls_loss         dis_loss         hard_loss       
0                0.8950560093     0.0511111580     0.5625791550     0.5627313852    
  Source acc: 1.000000  |  Target acc: 0.475000
  Best target acc: 0.537500

======== ROUND 18 ========  [Ablation: full]
==== Stage 1: SupCon Pre-training ====
epoch            total_loss       cls_loss        
0                0.0632686540     0.0632686540    
1                0.0811778009     0.0811778009    
==== Stage 2: Latent Domain PCL ====
epoch            total_loss       dis_loss         proto_loss       ent_pen_loss    
0                0.6675204039     0.3707394004     0.5845960379     0.0044829613    
Counter({np.int64(1): 1689, np.int64(2): 1547, np.int64(0): 1404})
==== Stage 3: Domain-invariant + HardNCE ====
epoch            total_loss       cls_loss         dis_loss         hard_loss       
0                0.6554631591     0.0352840163     0.3293831348     0.5815920234    
  Source acc: 1.000000  |  Target acc: 0.481250
  Best target acc: 0.537500

======== ROUND 19 ========  [Ablation: full]
==== Stage 1: SupCon Pre-training ====
epoch            total_loss       cls_loss        
0                0.0308279134     0.0308279134    
1                0.0177843329     0.0177843329    
==== Stage 2: Latent Domain PCL ====
epoch            total_loss       dis_loss         proto_loss       ent_pen_loss    
0                0.5170173049     0.3876124918     0.2520295382     0.0033900046    
Counter({np.int64(1): 1666, np.int64(2): 1501, np.int64(0): 1473})
==== Stage 3: Domain-invariant + HardNCE ====
epoch            total_loss       cls_loss         dis_loss         hard_loss       
0                0.8105072975     0.0398870520     0.4519019425     0.6374365687    
  Source acc: 1.000000  |  Target acc: 0.481250
  Best target acc: 0.537500

======== ROUND 20 ========  [Ablation: full]
==== Stage 1: SupCon Pre-training ====
epoch            total_loss       cls_loss        
0                0.0072348556     0.0072348556    
1                0.0053443708     0.0053443708    
==== Stage 2: Latent Domain PCL ====
epoch            total_loss       dis_loss         proto_loss       ent_pen_loss    
0                0.5837653279     0.3978038132     0.3698301911     0.0010464388    
Counter({np.int64(1): 1699, np.int64(2): 1510, np.int64(0): 1431})
==== Stage 3: Domain-invariant + HardNCE ====
epoch            total_loss       cls_loss         dis_loss         hard_loss       
0                0.7648144960     0.0151862893     0.4528695345     0.5935174227    
  Source acc: 1.000000  |  Target acc: 0.456250
  Best target acc: 0.537500

======== ROUND 21 ========  [Ablation: full]
==== Stage 1: SupCon Pre-training ====
epoch            total_loss       cls_loss        
0                0.0059464211     0.0059464211    
1                0.0500057414     0.0500057414    
==== Stage 2: Latent Domain PCL ====
epoch            total_loss       dis_loss         proto_loss       ent_pen_loss    
0                0.4224574268     0.2446697354     0.3451854885     0.0051949215    
Counter({np.int64(1): 1735, np.int64(2): 1456, np.int64(0): 1449})
==== Stage 3: Domain-invariant + HardNCE ====
epoch            total_loss       cls_loss         dis_loss         hard_loss       
0                0.9164520502     0.0161665361     0.6071421504     0.5862867236    
  Source acc: 1.000000  |  Target acc: 0.493750
  Best target acc: 0.537500

======== ROUND 22 ========  [Ablation: full]
==== Stage 1: SupCon Pre-training ====
epoch            total_loss       cls_loss        
0                0.0114963483     0.0114963483    
1                0.0150916055     0.0150916055    
==== Stage 2: Latent Domain PCL ====
epoch            total_loss       dis_loss         proto_loss       ent_pen_loss    
0                0.6801841259     0.4331912100     0.4344269037     0.0297794305    
Counter({np.int64(1): 1691, np.int64(0): 1492, np.int64(2): 1457})
==== Stage 3: Domain-invariant + HardNCE ====
epoch            total_loss       cls_loss         dis_loss         hard_loss       
0                0.8916928768     0.1556797624     0.4584811926     0.5550638437    
  Source acc: 1.000000  |  Target acc: 0.500000
  Best target acc: 0.537500

======== ROUND 23 ========  [Ablation: full]
==== Stage 1: SupCon Pre-training ====
epoch            total_loss       cls_loss        
0                0.0047841631     0.0047841631    
1                0.1333885640     0.1333885640    
==== Stage 2: Latent Domain PCL ====
epoch            total_loss       dis_loss         proto_loss       ent_pen_loss    
0                0.4593900740     0.3355792165     0.2329402119     0.0073407623    
Counter({np.int64(1): 1664, np.int64(0): 1524, np.int64(2): 1452})
==== Stage 3: Domain-invariant + HardNCE ====
epoch            total_loss       cls_loss         dis_loss         hard_loss       
0                0.9066992998     0.0541281886     0.5203383565     0.6644655466    
  Source acc: 1.000000  |  Target acc: 0.462500
  Best target acc: 0.537500

======== ROUND 24 ========  [Ablation: full]
==== Stage 1: SupCon Pre-training ====
epoch            total_loss       cls_loss        
0                0.0065032747     0.0065032747    
1                0.0109529831     0.0109529831    
==== Stage 2: Latent Domain PCL ====
epoch            total_loss       dis_loss         proto_loss       ent_pen_loss    
0                0.4712825418     0.3066629469     0.2990599573     0.0150896376    
Counter({np.int64(1): 1653, np.int64(0): 1568, np.int64(2): 1419})
==== Stage 3: Domain-invariant + HardNCE ====
epoch            total_loss       cls_loss         dis_loss         hard_loss       
0                0.6904468536     0.0287965536     0.3469556868     0.6293892860    
  Source acc: 1.000000  |  Target acc: 0.481250
  Best target acc: 0.537500

======== ROUND 25 ========  [Ablation: full]
==== Stage 1: SupCon Pre-training ====
epoch            total_loss       cls_loss        
0                0.0579619110     0.0579619110    
1                0.0273338221     0.0273338221    
==== Stage 2: Latent Domain PCL ====
epoch            total_loss       dis_loss         proto_loss       ent_pen_loss    
0                0.5577139258     0.4868991375     0.1410903484     0.0002696014    
Counter({np.int64(1): 1710, np.int64(0): 1549, np.int64(2): 1381})
==== Stage 3: Domain-invariant + HardNCE ====
epoch            total_loss       cls_loss         dis_loss         hard_loss       
0                1.0194747448     0.0685525239     0.6525183916     0.5968078375    
  Source acc: 1.000000  |  Target acc: 0.525000
  Best target acc: 0.537500

======== ROUND 26 ========  [Ablation: full]
==== Stage 1: SupCon Pre-training ====
epoch            total_loss       cls_loss        
0                0.0170404948     0.0170404948    
1                0.0252075717     0.0252075717    
==== Stage 2: Latent Domain PCL ====
epoch            total_loss       dis_loss         proto_loss       ent_pen_loss    
0                0.4204657674     0.3092423677     0.2186443657     0.0019012074    
Counter({np.int64(1): 1614, np.int64(0): 1562, np.int64(2): 1464})
==== Stage 3: Domain-invariant + HardNCE ====
epoch            total_loss       cls_loss         dis_loss         hard_loss       
0                0.8827145100     0.0159909166     0.5562725663     0.6209020615    
  Source acc: 1.000000  |  Target acc: 0.493750
  Best target acc: 0.537500

======== ROUND 27 ========  [Ablation: full]
==== Stage 1: SupCon Pre-training ====
epoch            total_loss       cls_loss        
0                0.0270631313     0.0270631313    
1                0.0091195107     0.0091195107    
==== Stage 2: Latent Domain PCL ====
epoch            total_loss       dis_loss         proto_loss       ent_pen_loss    
0                0.5104014874     0.3395652175     0.3212422132     0.0102151651    
Counter({np.int64(1): 1606, np.int64(0): 1580, np.int64(2): 1454})
==== Stage 3: Domain-invariant + HardNCE ====
epoch            total_loss       cls_loss         dis_loss         hard_loss       
0                0.6746927500     0.0265660100     0.3608479500     0.5745575428    
  Source acc: 1.000000  |  Target acc: 0.487500
  Best target acc: 0.537500

======== ROUND 28 ========  [Ablation: full]
==== Stage 1: SupCon Pre-training ====
epoch            total_loss       cls_loss        
0                0.1188186705     0.1188186705    
1                0.0450266041     0.0450266041    
==== Stage 2: Latent Domain PCL ====
epoch            total_loss       dis_loss         proto_loss       ent_pen_loss    
0                0.6335983872     0.4761970043     0.2691729665     0.0228149444    
Counter({np.int64(1): 1591, np.int64(0): 1587, np.int64(2): 1462})
==== Stage 3: Domain-invariant + HardNCE ====
epoch            total_loss       cls_loss         dis_loss         hard_loss       
0                0.7150759697     0.0401565805     0.3776189089     0.5946010351    
  Source acc: 1.000000  |  Target acc: 0.506250
  Best target acc: 0.537500

======== ROUND 29 ========  [Ablation: full]
==== Stage 1: SupCon Pre-training ====
epoch            total_loss       cls_loss        
0                0.0098793972     0.0098793972    
1                0.0182885360     0.0182885360    
==== Stage 2: Latent Domain PCL ====
epoch            total_loss       dis_loss         proto_loss       ent_pen_loss    
0                0.5331038833     0.4466191530     0.1691670418     0.0019012074    
Counter({np.int64(0): 1656, np.int64(1): 1579, np.int64(2): 1405})
==== Stage 3: Domain-invariant + HardNCE ====
epoch            total_loss       cls_loss         dis_loss         hard_loss       
0                0.6444648504     0.0252489168     0.3380948901     0.5622421503    
  Source acc: 1.000000  |  Target acc: 0.512500
  Best target acc: 0.537500

======== ROUND 30 ========  [Ablation: full]
==== Stage 1: SupCon Pre-training ====
epoch            total_loss       cls_loss        
0                0.0112363268     0.0112363268    
1                0.0288690217     0.0288690217    
==== Stage 2: Latent Domain PCL ====
epoch            total_loss       dis_loss         proto_loss       ent_pen_loss    
0                0.5176053047     0.4066636860     0.2041910589     0.0088461293    
Counter({np.int64(0): 1661, np.int64(1): 1605, np.int64(2): 1374})
==== Stage 3: Domain-invariant + HardNCE ====
epoch            total_loss       cls_loss         dis_loss         hard_loss       
0                0.6829849482     0.0239339210     0.3620206714     0.5940606594    
  Source acc: 1.000000  |  Target acc: 0.493750
  Best target acc: 0.537500

======== ROUND 31 ========  [Ablation: full]
==== Stage 1: SupCon Pre-training ====
epoch            total_loss       cls_loss        
0                0.0120953117     0.0120953117    
1                0.0092167072     0.0092167072    
==== Stage 2: Latent Domain PCL ====
epoch            total_loss       dis_loss         proto_loss       ent_pen_loss    
0                0.7914735675     0.5407251120     0.4868153632     0.0073407623    
Counter({np.int64(0): 1622, np.int64(1): 1610, np.int64(2): 1408})
==== Stage 3: Domain-invariant + HardNCE ====
epoch            total_loss       cls_loss         dis_loss         hard_loss       
0                0.7915500402     0.0395900272     0.4341012239     0.6357175708    
  Source acc: 1.000000  |  Target acc: 0.493750
  Best target acc: 0.537500

======== ROUND 32 ========  [Ablation: full]
==== Stage 1: SupCon Pre-training ====
epoch            total_loss       cls_loss        
0                0.0094589991     0.0094589991    
1                0.0053144228     0.0053144228    
==== Stage 2: Latent Domain PCL ====
epoch            total_loss       dis_loss         proto_loss       ent_pen_loss    
0                0.6345057487     0.4699385166     0.2969712317     0.0160816163    
Counter({np.int64(1): 1612, np.int64(0): 1595, np.int64(2): 1433})
==== Stage 3: Domain-invariant + HardNCE ====
epoch            total_loss       cls_loss         dis_loss         hard_loss       
0                0.6916410923     0.0224804711     0.3704584837     0.5974042416    
  Source acc: 1.000000  |  Target acc: 0.481250
  Best target acc: 0.537500

======== ROUND 33 ========  [Ablation: full]
==== Stage 1: SupCon Pre-training ====
epoch            total_loss       cls_loss        
0                0.0091390777     0.0091390777    
1                0.0097688464     0.0097688464    
==== Stage 2: Latent Domain PCL ====
epoch            total_loss       dis_loss         proto_loss       ent_pen_loss    
0                0.7316760421     0.5654237270     0.2857604027     0.0233721174    
Counter({np.int64(0): 1645, np.int64(1): 1597, np.int64(2): 1398})
==== Stage 3: Domain-invariant + HardNCE ====
epoch            total_loss       cls_loss         dis_loss         hard_loss       
0                0.6572263241     0.0221088603     0.3607587814     0.5487174392    
  Source acc: 1.000000  |  Target acc: 0.475000
  Best target acc: 0.537500

======== ROUND 34 ========  [Ablation: full]
==== Stage 1: SupCon Pre-training ====
epoch            total_loss       cls_loss        
0                0.0111607583     0.0111607583    
1                0.0034044525     0.0034044525    
==== Stage 2: Latent Domain PCL ====
epoch            total_loss       dis_loss         proto_loss       ent_pen_loss    
0                0.5033538938     0.4464127421     0.1034924388     0.0051949215    
Counter({np.int64(0): 1642, np.int64(1): 1598, np.int64(2): 1400})
==== Stage 3: Domain-invariant + HardNCE ====
epoch            total_loss       cls_loss         dis_loss         hard_loss       
0                0.7353119850     0.0254781358     0.4344257414     0.5508162975    
  Source acc: 1.000000  |  Target acc: 0.481250
  Best target acc: 0.537500

======== ROUND 35 ========  [Ablation: full]
==== Stage 1: SupCon Pre-training ====
epoch            total_loss       cls_loss        
0                0.0081955967     0.0081955967    
1                0.0060593560     0.0060593560    
==== Stage 2: Latent Domain PCL ====
epoch            total_loss       dis_loss         proto_loss       ent_pen_loss    
0                0.7396732569     0.6173820496     0.2378024310     0.0033900046    
Counter({np.int64(0): 1635, np.int64(1): 1618, np.int64(2): 1387})
==== Stage 3: Domain-invariant + HardNCE ====
epoch            total_loss       cls_loss         dis_loss         hard_loss       
0                0.5765227079     0.0246431418     0.2353211641     0.6331167221    
  Source acc: 1.000000  |  Target acc: 0.462500
  Best target acc: 0.537500

======== ROUND 36 ========  [Ablation: full]
==== Stage 1: SupCon Pre-training ====
epoch            total_loss       cls_loss        
0                0.1315612793     0.1315612793    
1                0.0048889304     0.0048889304    
==== Stage 2: Latent Domain PCL ====
epoch            total_loss       dis_loss         proto_loss       ent_pen_loss    
0                0.5494552255     0.4835450351     0.1250403225     0.0033900375    
Counter({np.int64(0): 1674, np.int64(1): 1585, np.int64(2): 1381})
==== Stage 3: Domain-invariant + HardNCE ====
epoch            total_loss       cls_loss         dis_loss         hard_loss       
0                0.8849838972     0.0320793241     0.5720503330     0.5617084503    
  Source acc: 1.000000  |  Target acc: 0.468750
  Best target acc: 0.537500

======== ROUND 37 ========  [Ablation: full]
==== Stage 1: SupCon Pre-training ====
epoch            total_loss       cls_loss        
0                0.0068286816     0.0068286816    
1                0.0188336801     0.0188336801    
==== Stage 2: Latent Domain PCL ====
epoch            total_loss       dis_loss         proto_loss       ent_pen_loss    
0                0.6967682242     0.5582160950     0.2552013397     0.0109514743    
Counter({np.int64(0): 1710, np.int64(1): 1580, np.int64(2): 1350})
==== Stage 3: Domain-invariant + HardNCE ====
epoch            total_loss       cls_loss         dis_loss         hard_loss       
0                0.6995076537     0.0220251791     0.3662024736     0.6225600243    
  Source acc: 1.000000  |  Target acc: 0.462500
  Best target acc: 0.537500

======== ROUND 38 ========  [Ablation: full]
==== Stage 1: SupCon Pre-training ====
epoch            total_loss       cls_loss        
0                0.0046508028     0.0046508028    
1                0.0224962756     0.0224962756    
==== Stage 2: Latent Domain PCL ====
epoch            total_loss       dis_loss         proto_loss       ent_pen_loss    
0                0.6342000961     0.4783095717     0.2940887213     0.0088461619    
Counter({np.int64(0): 1752, np.int64(1): 1562, np.int64(2): 1326})
==== Stage 3: Domain-invariant + HardNCE ====
epoch            total_loss       cls_loss         dis_loss         hard_loss       
0                0.6090410948     0.0259972587     0.3165206015     0.5330464840    
  Source acc: 1.000000  |  Target acc: 0.468750
  Best target acc: 0.537500

======== ROUND 39 ========  [Ablation: full]
==== Stage 1: SupCon Pre-training ====
epoch            total_loss       cls_loss        
0                0.0018266549     0.0018266549    
1                0.0174297187     0.0174297187    
==== Stage 2: Latent Domain PCL ====
epoch            total_loss       dis_loss         proto_loss       ent_pen_loss    
0                0.7360951900     0.5210435390     0.4096730053     0.0102151651    
Counter({np.int64(0): 1753, np.int64(1): 1551, np.int64(2): 1336})
==== Stage 3: Domain-invariant + HardNCE ====
epoch            total_loss       cls_loss         dis_loss         hard_loss       
0                0.6557958126     0.0505199097     0.3257879913     0.5589758754    
  Source acc: 1.000000  |  Target acc: 0.487500
  Best target acc: 0.537500

======== ROUND 40 ========  [Ablation: full]
==== Stage 1: SupCon Pre-training ====
epoch            total_loss       cls_loss        
0                0.0078797666     0.0078797666    
1                0.0064051496     0.0064051496    
==== Stage 2: Latent Domain PCL ====
epoch            total_loss       dis_loss         proto_loss       ent_pen_loss    
0                0.7382581830     0.5443114042     0.3775037825     0.0051949215    
Counter({np.int64(0): 1756, np.int64(1): 1513, np.int64(2): 1371})
==== Stage 3: Domain-invariant + HardNCE ====
epoch            total_loss       cls_loss         dis_loss         hard_loss       
0                0.6074662805     0.0771810859     0.2625655532     0.5354392529    
  Source acc: 1.000000  |  Target acc: 0.475000
  Best target acc: 0.537500

======== ROUND 41 ========  [Ablation: full]
==== Stage 1: SupCon Pre-training ====
epoch            total_loss       cls_loss        
0                0.0225055888     0.0225055888    
1                0.0198067203     0.0198067203    
==== Stage 2: Latent Domain PCL ====
epoch            total_loss       dis_loss         proto_loss       ent_pen_loss    
0                0.5602551103     0.4974451065     0.0996777639     0.0129710762    
Counter({np.int64(0): 1740, np.int64(1): 1497, np.int64(2): 1403})
==== Stage 3: Domain-invariant + HardNCE ====
epoch            total_loss       cls_loss         dis_loss         hard_loss       
0                0.8209857941     0.0303668901     0.5152167082     0.5508043766    
  Source acc: 1.000000  |  Target acc: 0.481250
  Best target acc: 0.537500

======== ROUND 42 ========  [Ablation: full]
==== Stage 1: SupCon Pre-training ====
epoch            total_loss       cls_loss        
0                0.0020447676     0.0020447676    
1                0.0054257447     0.0054257447    
==== Stage 2: Latent Domain PCL ====
epoch            total_loss       dis_loss         proto_loss       ent_pen_loss    
0                0.7099293470     0.6479976177     0.0936842337     0.0150896376    
Counter({np.int64(0): 1784, np.int64(1): 1502, np.int64(2): 1354})
==== Stage 3: Domain-invariant + HardNCE ====
epoch            total_loss       cls_loss         dis_loss         hard_loss       
0                0.7030530572     0.0465493090     0.3558697104     0.6012680531    
  Source acc: 1.000000  |  Target acc: 0.500000
  Best target acc: 0.537500

======== ROUND 43 ========  [Ablation: full]
==== Stage 1: SupCon Pre-training ====
epoch            total_loss       cls_loss        
0                0.0054682344     0.0054682344    
1                0.0573313907     0.0573313907    
==== Stage 2: Latent Domain PCL ====
epoch            total_loss       dis_loss         proto_loss       ent_pen_loss    
0                0.6470457911     0.5608518720     0.1656078100     0.0033900046    
Counter({np.int64(0): 1801, np.int64(1): 1489, np.int64(2): 1350})
==== Stage 3: Domain-invariant + HardNCE ====
epoch            total_loss       cls_loss         dis_loss         hard_loss       
0                0.5286085606     0.0201660711     0.2357933074     0.5452982783    
  Source acc: 1.000000  |  Target acc: 0.481250
  Best target acc: 0.537500

======== ROUND 44 ========  [Ablation: full]
==== Stage 1: SupCon Pre-training ====
epoch            total_loss       cls_loss        
0                0.0127233015     0.0127233015    
1                0.0197782647     0.0197782647    
==== Stage 2: Latent Domain PCL ====
epoch            total_loss       dis_loss         proto_loss       ent_pen_loss    
0                0.6144157052     0.5689755678     0.0761986598     0.0073407623    
Counter({np.int64(0): 1809, np.int64(1): 1466, np.int64(2): 1365})
==== Stage 3: Domain-invariant + HardNCE ====
epoch            total_loss       cls_loss         dis_loss         hard_loss       
0                0.5602072477     0.0222446714     0.2622740269     0.5513770580    
  Source acc: 1.000000  |  Target acc: 0.481250
  Best target acc: 0.537500

======== ROUND 45 ========  [Ablation: full]
==== Stage 1: SupCon Pre-training ====
epoch            total_loss       cls_loss        
0                0.0044568987     0.0044568987    
1                0.0147934668     0.0147934668    
==== Stage 2: Latent Domain PCL ====
epoch            total_loss       dis_loss         proto_loss       ent_pen_loss    
0                0.9161720276     0.6936395168     0.4412626028     0.0019012074    
Counter({np.int64(0): 1797, np.int64(1): 1484, np.int64(2): 1359})
==== Stage 3: Domain-invariant + HardNCE ====
epoch            total_loss       cls_loss         dis_loss         hard_loss       
0                0.6501752138     0.0610388853     0.3046039939     0.5690647364    
  Source acc: 1.000000  |  Target acc: 0.475000
  Best target acc: 0.537500

======== ROUND 46 ========  [Ablation: full]
==== Stage 1: SupCon Pre-training ====
epoch            total_loss       cls_loss        
0                0.0422407463     0.0422407463    
1                0.0370078720     0.0370078720    
==== Stage 2: Latent Domain PCL ====
epoch            total_loss       dis_loss         proto_loss       ent_pen_loss    
0                0.5858784914     0.4649631083     0.2116514593     0.0150896376    
Counter({np.int64(0): 1778, np.int64(1): 1445, np.int64(2): 1417})
==== Stage 3: Domain-invariant + HardNCE ====
epoch            total_loss       cls_loss         dis_loss         hard_loss       
0                0.6410179138     0.0263384338     0.2979447544     0.6334694624    
  Source acc: 1.000000  |  Target acc: 0.487500
  Best target acc: 0.537500

======== ROUND 47 ========  [Ablation: full]
==== Stage 1: SupCon Pre-training ====
epoch            total_loss       cls_loss        
0                0.0061896546     0.0061896546    
1                0.0141900405     0.0141900405    
==== Stage 2: Latent Domain PCL ====
epoch            total_loss       dis_loss         proto_loss       ent_pen_loss    
0                0.3779614568     0.3559785485     0.0371858031     0.0033900046    
Counter({np.int64(0): 1775, np.int64(1): 1468, np.int64(2): 1397})
==== Stage 3: Domain-invariant + HardNCE ====
epoch            total_loss       cls_loss         dis_loss         hard_loss       
0                0.7877979875     0.0130965821     0.4962756038     0.5568516254    
  Source acc: 1.000000  |  Target acc: 0.487500
  Best target acc: 0.537500

======== ROUND 48 ========  [Ablation: full]
==== Stage 1: SupCon Pre-training ====
epoch            total_loss       cls_loss        
0                0.0118947569     0.0118947569    
1                0.0015187162     0.0015187162    
==== Stage 2: Latent Domain PCL ====
epoch            total_loss       dis_loss         proto_loss       ent_pen_loss    
0                0.5695849061     0.4634829164     0.1945118308     0.0088461293    
Counter({np.int64(0): 1782, np.int64(1): 1460, np.int64(2): 1398})
==== Stage 3: Domain-invariant + HardNCE ====
epoch            total_loss       cls_loss         dis_loss         hard_loss       
0                0.6542732716     0.0372278243     0.3144225776     0.6052457690    
  Source acc: 1.000000  |  Target acc: 0.525000
  Best target acc: 0.537500

======== ROUND 49 ========  [Ablation: full]
==== Stage 1: SupCon Pre-training ====
epoch            total_loss       cls_loss        
0                0.0035820371     0.0035820371    
1                0.0111928284     0.0111928284    
==== Stage 2: Latent Domain PCL ====
epoch            total_loss       dis_loss         proto_loss       ent_pen_loss    
0                0.9170978069     0.7626833320     0.2911366820     0.0088461619    
Counter({np.int64(0): 1826, np.int64(1): 1442, np.int64(2): 1372})
==== Stage 3: Domain-invariant + HardNCE ====
epoch            total_loss       cls_loss         dis_loss         hard_loss       
0                0.7910445929     0.0280434005     0.4577938914     0.6104146242    
  Source acc: 1.000000  |  Target acc: 0.481250
  Best target acc: 0.537500
[ConfMatrix] saved to log/main_xrf_louo_u30_s0 (cm shape=(8, 8))

Results saved to log/main_xrf_louo_u30_s0
acc.txt: log/main_xrf_louo_u30_s0/acc.txt
bestacc.txt: log/main_xrf_louo_u30_s0/bestacc.txt
