[Seed] global random seed set to 0

[Ablation Mode] full
[XRF55 cross_env] Train scenes: [1, 2, 3], Test scene: 4
[XRF55Dataset] loaded 5760 samples from 3 dirs
[XRF55Dataset] loaded 480 samples from 1 dirs
[XRF55Dataset] loaded 5760 samples from 3 dirs
Train set size: 5760 samples, 180 batches
Test set size:  480 samples, 15 batches
Source eval size: 5760 samples

[Direction Sensitivity] Manual weights (dir_w=0.5): {0: 0.0, 1: 0.5, 2: 0.5, 3: 0.5, 4: 0.5, 5: 0.5, 6: 0.5, 7: 0.5}

======== ROUND 0 ========  [Ablation: full]
==== Stage 1: SupCon Pre-training ====
epoch            total_loss       cls_loss         supcon_loss     
0                4.4293160439     1.3964837790     6.0656642914    
1                4.2677068710     1.2313234806     6.0727672577    
==== Stage 2: Latent Domain PCL ====
epoch            total_loss       dis_loss         proto_loss       ent_pen_loss    
0                2.4676892757     2.1676893234     0.0000000000     0.3000000119    
Counter({np.int64(2): 2292, np.int64(0): 2106, np.int64(1): 1362})
==== Stage 3: Domain-invariant + HardNCE ====
epoch            total_loss       cls_loss         dis_loss         hard_loss       
0                1.5001132488     0.6908333302     0.4636253119     0.6913093328    
  Source acc: 0.789236  |  Target acc: 0.710417
  Best target acc: 0.710417

======== ROUND 1 ========  [Ablation: full]
==== Stage 1: SupCon Pre-training ====
epoch            total_loss       cls_loss         supcon_loss     
0                3.7622792721     0.9811865687     5.5621852875    
1                3.4239754677     0.8324164152     5.1831183434    
==== Stage 2: Latent Domain PCL ====
epoch            total_loss       dis_loss         proto_loss       ent_pen_loss    
0                2.1572520733     1.9490649700     0.3875086308     0.0144325616    
Counter({np.int64(1): 2562, np.int64(2): 2245, np.int64(0): 953})
==== Stage 3: Domain-invariant + HardNCE ====
epoch            total_loss       cls_loss         dis_loss         hard_loss       
0                1.8284804821     0.7035508156     0.7860364914     0.6777863503    
  Source acc: 0.618924  |  Target acc: 0.420833
  Best target acc: 0.710417

======== ROUND 2 ========  [Ablation: full]
==== Stage 1: SupCon Pre-training ====
epoch            total_loss       cls_loss         supcon_loss     
0                2.9103806019     0.4046118259     5.0115375519    
1                3.3352804184     0.6511660814     5.3682284355    
==== Stage 2: Latent Domain PCL ====
epoch            total_loss       dis_loss         proto_loss       ent_pen_loss    
0                1.9465183020     1.7648105621     0.3345503807     0.0144325616    
Counter({np.int64(0): 2415, np.int64(2): 2302, np.int64(1): 1043})
==== Stage 3: Domain-invariant + HardNCE ====
epoch            total_loss       cls_loss         dis_loss         hard_loss       
0                1.7646360397     0.8351995945     0.5726867914     0.7134991884    
  Source acc: 0.880729  |  Target acc: 0.662500
  Best target acc: 0.710417

======== ROUND 3 ========  [Ablation: full]
==== Stage 1: SupCon Pre-training ====
epoch            total_loss       cls_loss        
0                0.4641356766     0.4641356766    
1                0.4224302769     0.4224302769    
==== Stage 2: Latent Domain PCL ====
epoch            total_loss       dis_loss         proto_loss       ent_pen_loss    
0                1.8314458132     1.6308348179     0.3510066867     0.0251076631    
Counter({np.int64(1): 2457, np.int64(2): 1886, np.int64(0): 1417})
==== Stage 3: Domain-invariant + HardNCE ====
epoch            total_loss       cls_loss         dis_loss         hard_loss       
0                1.6510763168     0.5804313421     0.6450825930     0.8511247039    
  Source acc: 0.900347  |  Target acc: 0.616667
  Best target acc: 0.710417

======== ROUND 4 ========  [Ablation: full]
==== Stage 1: SupCon Pre-training ====
epoch            total_loss       cls_loss        
0                0.6882593036     0.6882593036    
1                0.1722020060     0.1722020060    
==== Stage 2: Latent Domain PCL ====
epoch            total_loss       dis_loss         proto_loss       ent_pen_loss    
0                1.9367419481     1.7283726931     0.3826009035     0.0170687437    
Counter({np.int64(2): 2438, np.int64(1): 1763, np.int64(0): 1559})
==== Stage 3: Domain-invariant + HardNCE ====
epoch            total_loss       cls_loss         dis_loss         hard_loss       
0                1.2374322414     0.2813332975     0.6410642862     0.6300692558    
  Source acc: 0.950000  |  Target acc: 0.733333
  Best target acc: 0.733333

======== ROUND 5 ========  [Ablation: full]
==== Stage 1: SupCon Pre-training ====
epoch            total_loss       cls_loss        
0                0.2847042680     0.2847042680    
1                0.3504189849     0.3504189849    
==== Stage 2: Latent Domain PCL ====
epoch            total_loss       dis_loss         proto_loss       ent_pen_loss    
0                2.3401479721     2.0037701130     0.6550637484     0.0088461293    
Counter({np.int64(2): 2044, np.int64(1): 1993, np.int64(0): 1723})
==== Stage 3: Domain-invariant + HardNCE ====
epoch            total_loss       cls_loss         dis_loss         hard_loss       
0                1.5181810856     0.5758670568     0.6342874765     0.6160529852    
  Source acc: 0.962674  |  Target acc: 0.737500
  Best target acc: 0.737500

======== ROUND 6 ========  [Ablation: full]
==== Stage 1: SupCon Pre-training ====
epoch            total_loss       cls_loss        
0                0.3278903961     0.3278903961    
1                0.4087330997     0.4087330997    
==== Stage 2: Latent Domain PCL ====
epoch            total_loss       dis_loss         proto_loss       ent_pen_loss    
0                1.9916725159     1.7419979572     0.4925692081     0.0033900046    
Counter({np.int64(1): 2162, np.int64(2): 2062, np.int64(0): 1536})
==== Stage 3: Domain-invariant + HardNCE ====
epoch            total_loss       cls_loss         dis_loss         hard_loss       
0                1.4294209480     0.3404002488     0.7381901145     0.7016609907    
  Source acc: 0.949479  |  Target acc: 0.654167
  Best target acc: 0.737500

======== ROUND 7 ========  [Ablation: full]
==== Stage 1: SupCon Pre-training ====
epoch            total_loss       cls_loss        
0                0.1516344249     0.1516344249    
1                0.4084590077     0.4084590077    
==== Stage 2: Latent Domain PCL ====
epoch            total_loss       dis_loss         proto_loss       ent_pen_loss    
0                1.9857523441     1.8162443638     0.3300500214     0.0044829613    
Counter({np.int64(2): 2094, np.int64(0): 1885, np.int64(1): 1781})
==== Stage 3: Domain-invariant + HardNCE ====
epoch            total_loss       cls_loss         dis_loss         hard_loss       
0                1.6025419235     0.4815599322     0.7700557113     0.7018524408    
  Source acc: 0.971354  |  Target acc: 0.756250
  Best target acc: 0.756250

======== ROUND 8 ========  [Ablation: full]
==== Stage 1: SupCon Pre-training ====
epoch            total_loss       cls_loss        
0                0.2752811015     0.2752811015    
1                0.2405699044     0.2405699044    
==== Stage 2: Latent Domain PCL ====
epoch            total_loss       dis_loss         proto_loss       ent_pen_loss    
0                2.3003277779     1.9597235918     0.6665269136     0.0073407623    
Counter({np.int64(2): 2659, np.int64(0): 1678, np.int64(1): 1423})
==== Stage 3: Domain-invariant + HardNCE ====
epoch            total_loss       cls_loss         dis_loss         hard_loss       
0                1.6825907230     0.5268788934     0.8161938190     0.6790360212    
  Source acc: 0.976042  |  Target acc: 0.735417
  Best target acc: 0.756250

======== ROUND 9 ========  [Ablation: full]
==== Stage 1: SupCon Pre-training ====
epoch            total_loss       cls_loss        
0                0.3833130300     0.3833130300    
1                0.3613396287     0.3613396287    
==== Stage 2: Latent Domain PCL ====
epoch            total_loss       dis_loss         proto_loss       ent_pen_loss    
0                2.0215852261     1.7861340046     0.4671001434     0.0019012074    
Counter({np.int64(2): 2722, np.int64(0): 1826, np.int64(1): 1212})
==== Stage 3: Domain-invariant + HardNCE ====
epoch            total_loss       cls_loss         dis_loss         hard_loss       
0                0.9823651314     0.1636126190     0.5119360089     0.6136330366    
  Source acc: 0.987674  |  Target acc: 0.741667
  Best target acc: 0.756250

======== ROUND 10 ========  [Ablation: full]
==== Stage 1: SupCon Pre-training ====
epoch            total_loss       cls_loss        
0                0.2110982835     0.2110982835    
1                0.0642886907     0.0642886907    
==== Stage 2: Latent Domain PCL ====
epoch            total_loss       dis_loss         proto_loss       ent_pen_loss    
0                1.5707247257     1.2814755440     0.5142871141     0.0321056955    
Counter({np.int64(2): 2831, np.int64(0): 1762, np.int64(1): 1167})
==== Stage 3: Domain-invariant + HardNCE ====
epoch            total_loss       cls_loss         dis_loss         hard_loss       
0                0.9569211602     0.1673267782     0.4655314386     0.6481258869    
  Source acc: 0.999653  |  Target acc: 0.750000
  Best target acc: 0.756250

======== ROUND 11 ========  [Ablation: full]
==== Stage 1: SupCon Pre-training ====
epoch            total_loss       cls_loss        
0                0.1313943863     0.1313943863    
1                0.0938800573     0.0938800573    
==== Stage 2: Latent Domain PCL ====
epoch            total_loss       dis_loss         proto_loss       ent_pen_loss    
0                1.1207306385     1.0180757046     0.1731468141     0.0160816163    
Counter({np.int64(2): 2694, np.int64(0): 2029, np.int64(1): 1037})
==== Stage 3: Domain-invariant + HardNCE ====
epoch            total_loss       cls_loss         dis_loss         hard_loss       
0                1.8564978838     0.1523748040     1.3672467470     0.6737526059    
  Source acc: 0.999826  |  Target acc: 0.729167
  Best target acc: 0.756250

======== ROUND 12 ========  [Ablation: full]
==== Stage 1: SupCon Pre-training ====
epoch            total_loss       cls_loss        
0                0.0276029147     0.0276029147    
1                0.1058618873     0.1058618873    
==== Stage 2: Latent Domain PCL ====
epoch            total_loss       dis_loss         proto_loss       ent_pen_loss    
0                1.3487287760     0.9771378040     0.6073367596     0.0679225922    
Counter({np.int64(2): 2971, np.int64(0): 1405, np.int64(1): 1384})
==== Stage 3: Domain-invariant + HardNCE ====
epoch            total_loss       cls_loss         dis_loss         hard_loss       
0                0.9341650605     0.1421491653     0.5073605776     0.5693106651    
  Source acc: 1.000000  |  Target acc: 0.739583
  Best target acc: 0.756250

======== ROUND 13 ========  [Ablation: full]
==== Stage 1: SupCon Pre-training ====
epoch            total_loss       cls_loss        
0                0.0545831323     0.0545831323    
1                0.0606120527     0.0606120527    
==== Stage 2: Latent Domain PCL ====
epoch            total_loss       dis_loss         proto_loss       ent_pen_loss    
0                0.9661093950     0.8883458376     0.0559369251     0.0497950725    
Counter({np.int64(2): 3166, np.int64(1): 1365, np.int64(0): 1229})
==== Stage 3: Domain-invariant + HardNCE ====
epoch            total_loss       cls_loss         dis_loss         hard_loss       
0                1.0165067911     0.0669119209     0.6162604690     0.6666687131    
  Source acc: 1.000000  |  Target acc: 0.750000
  Best target acc: 0.756250

======== ROUND 14 ========  [Ablation: full]
==== Stage 1: SupCon Pre-training ====
epoch            total_loss       cls_loss        
0                0.0759513229     0.0759513229    
1                0.0214931723     0.0214931723    
==== Stage 2: Latent Domain PCL ====
epoch            total_loss       dis_loss         proto_loss       ent_pen_loss    
0                1.2246460915     1.1244075298     0.1785740852     0.0109514743    
Counter({np.int64(2): 2868, np.int64(0): 1928, np.int64(1): 964})
==== Stage 3: Domain-invariant + HardNCE ====
epoch            total_loss       cls_loss         dis_loss         hard_loss       
0                1.9016209841     0.0285811238     1.5587731600     0.6285333633    
  Source acc: 1.000000  |  Target acc: 0.758333
  Best target acc: 0.758333

======== ROUND 15 ========  [Ablation: full]
==== Stage 1: SupCon Pre-training ====
epoch            total_loss       cls_loss        
0                0.0394977927     0.0394977927    
1                0.0115320059     0.0115320059    
==== Stage 2: Latent Domain PCL ====
epoch            total_loss       dis_loss         proto_loss       ent_pen_loss    
0                1.4788792133     1.2929471731     0.3276540935     0.0221049711    
Counter({np.int64(2): 3114, np.int64(1): 1328, np.int64(0): 1318})
==== Stage 3: Domain-invariant + HardNCE ====
epoch            total_loss       cls_loss         dis_loss         hard_loss       
0                0.9753193855     0.2245470881     0.4782694876     0.5450055599    
  Source acc: 1.000000  |  Target acc: 0.766667
  Best target acc: 0.766667

======== ROUND 16 ========  [Ablation: full]
==== Stage 1: SupCon Pre-training ====
epoch            total_loss       cls_loss        
0                0.0429876670     0.0429876670    
1                0.0556479692     0.0556479692    
==== Stage 2: Latent Domain PCL ====
epoch            total_loss       dis_loss         proto_loss       ent_pen_loss    
0                1.6639544964     1.6245135069     0.0467188992     0.0160816163    
Counter({np.int64(2): 2944, np.int64(0): 2141, np.int64(1): 675})
==== Stage 3: Domain-invariant + HardNCE ====
epoch            total_loss       cls_loss         dis_loss         hard_loss       
0                0.9849289060     0.0767056346     0.6048786044     0.6066893339    
  Source acc: 1.000000  |  Target acc: 0.745833
  Best target acc: 0.766667

======== ROUND 17 ========  [Ablation: full]
==== Stage 1: SupCon Pre-training ====
epoch            total_loss       cls_loss        
0                0.0530494861     0.0530494861    
1                0.2277587056     0.2277587056    
==== Stage 2: Latent Domain PCL ====
epoch            total_loss       dis_loss         proto_loss       ent_pen_loss    
0                1.7684525251     1.6252790689     0.1677899361     0.0592784360    
Counter({np.int64(2): 3026, np.int64(0): 2241, np.int64(1): 493})
==== Stage 3: Domain-invariant + HardNCE ====
epoch            total_loss       cls_loss         dis_loss         hard_loss       
0                0.9686516523     0.1319557130     0.5186635256     0.6360647678    
  Source acc: 1.000000  |  Target acc: 0.756250
  Best target acc: 0.766667

======== ROUND 18 ========  [Ablation: full]
==== Stage 1: SupCon Pre-training ====
epoch            total_loss       cls_loss        
0                0.0727078617     0.0727078617    
1                0.0105758365     0.0105758365    
==== Stage 2: Latent Domain PCL ====
epoch            total_loss       dis_loss         proto_loss       ent_pen_loss    
0                1.9625784159     1.7831614017     0.2572612762     0.0507864021    
Counter({np.int64(2): 3253, np.int64(0): 1999, np.int64(1): 508})
==== Stage 3: Domain-invariant + HardNCE ====
epoch            total_loss       cls_loss         dis_loss         hard_loss       
0                0.8148494363     0.0741024464     0.4191348255     0.6432243586    
  Source acc: 1.000000  |  Target acc: 0.754167
  Best target acc: 0.766667

======== ROUND 19 ========  [Ablation: full]
==== Stage 1: SupCon Pre-training ====
epoch            total_loss       cls_loss        
0                0.0202725139     0.0202725139    
1                0.0837203264     0.0837203264    
==== Stage 2: Latent Domain PCL ====
epoch            total_loss       dis_loss         proto_loss       ent_pen_loss    
0                1.9599753618     1.6269650459     0.4634636045     0.1012785882    
Counter({np.int64(2): 2961, np.int64(0): 2289, np.int64(1): 510})
==== Stage 3: Domain-invariant + HardNCE ====
epoch            total_loss       cls_loss         dis_loss         hard_loss       
0                0.6543691158     0.0504888594     0.2796337008     0.6484930515    
  Source acc: 1.000000  |  Target acc: 0.783333
  Best target acc: 0.783333

======== ROUND 20 ========  [Ablation: full]
==== Stage 1: SupCon Pre-training ====
epoch            total_loss       cls_loss        
0                0.0675881878     0.0675881878    
1                0.0157751013     0.0157751013    
==== Stage 2: Latent Domain PCL ====
epoch            total_loss       dis_loss         proto_loss       ent_pen_loss    
0                1.6767473221     1.5758843422     0.0797430277     0.0609915033    
Counter({np.int64(2): 2843, np.int64(0): 2395, np.int64(1): 522})
==== Stage 3: Domain-invariant + HardNCE ====
epoch            total_loss       cls_loss         dis_loss         hard_loss       
0                0.6600366235     0.0203725211     0.3620561063     0.5552160144    
  Source acc: 1.000000  |  Target acc: 0.766667
  Best target acc: 0.783333

======== ROUND 21 ========  [Ablation: full]
==== Stage 1: SupCon Pre-training ====
epoch            total_loss       cls_loss        
0                0.0133863473     0.0133863473    
1                0.0157362558     0.0157362558    
==== Stage 2: Latent Domain PCL ====
epoch            total_loss       dis_loss         proto_loss       ent_pen_loss    
0                1.5240161419     1.3964395523     0.1365962774     0.0592784360    
Counter({np.int64(2): 2884, np.int64(0): 2346, np.int64(1): 530})
==== Stage 3: Domain-invariant + HardNCE ====
epoch            total_loss       cls_loss         dis_loss         hard_loss       
0                1.0675497055     0.0198479332     0.7672781944     0.5608470440    
  Source acc: 1.000000  |  Target acc: 0.775000
  Best target acc: 0.783333

======== ROUND 22 ========  [Ablation: full]
==== Stage 1: SupCon Pre-training ====
epoch            total_loss       cls_loss        
0                0.0137329418     0.0137329418    
1                0.0261958819     0.0261958819    
==== Stage 2: Latent Domain PCL ====
epoch            total_loss       dis_loss         proto_loss       ent_pen_loss    
0                1.7065442801     1.5587108135     0.1358606219     0.0799031332    
Counter({np.int64(2): 2914, np.int64(0): 2314, np.int64(1): 532})
==== Stage 3: Domain-invariant + HardNCE ====
epoch            total_loss       cls_loss         dis_loss         hard_loss       
0                0.7905286551     0.0466283411     0.4194650352     0.6488706470    
  Source acc: 1.000000  |  Target acc: 0.768750
  Best target acc: 0.783333

======== ROUND 23 ========  [Ablation: full]
==== Stage 1: SupCon Pre-training ====
epoch            total_loss       cls_loss        
0                0.0141374301     0.0141374301    
1                0.0143921115     0.0143921115    
==== Stage 2: Latent Domain PCL ====
epoch            total_loss       dis_loss         proto_loss       ent_pen_loss    
0                1.5816148520     1.4311714172     0.2112231553     0.0448319279    
Counter({np.int64(2): 2945, np.int64(0): 2327, np.int64(1): 488})
==== Stage 3: Domain-invariant + HardNCE ====
epoch            total_loss       cls_loss         dis_loss         hard_loss       
0                0.6292384863     0.0318935178     0.2990699708     0.5965500474    
  Source acc: 1.000000  |  Target acc: 0.785417
  Best target acc: 0.785417

======== ROUND 24 ========  [Ablation: full]
==== Stage 1: SupCon Pre-training ====
epoch            total_loss       cls_loss        
0                0.0072585586     0.0072585586    
1                0.0308255255     0.0308255255    
==== Stage 2: Latent Domain PCL ====
epoch            total_loss       dis_loss         proto_loss       ent_pen_loss    
0                1.7503551245     1.5180058479     0.3427154422     0.0609915033    
Counter({np.int64(2): 2930, np.int64(0): 2355, np.int64(1): 475})
==== Stage 3: Domain-invariant + HardNCE ====
epoch            total_loss       cls_loss         dis_loss         hard_loss       
0                0.9669660330     0.0828079283     0.5744321942     0.6194517612    
  Source acc: 1.000000  |  Target acc: 0.775000
  Best target acc: 0.785417

======== ROUND 25 ========  [Ablation: full]
==== Stage 1: SupCon Pre-training ====
epoch            total_loss       cls_loss        
0                0.0040632468     0.0040632468    
1                0.0182120372     0.0182120372    
==== Stage 2: Latent Domain PCL ====
epoch            total_loss       dis_loss         proto_loss       ent_pen_loss    
0                1.9605940580     1.8258883953     0.1335661411     0.0679225922    
Counter({np.int64(2): 2931, np.int64(0): 2397, np.int64(1): 432})
==== Stage 3: Domain-invariant + HardNCE ====
epoch            total_loss       cls_loss         dis_loss         hard_loss       
0                0.6542909145     0.0266040862     0.3548710048     0.5456316471    
  Source acc: 1.000000  |  Target acc: 0.766667
  Best target acc: 0.785417

======== ROUND 26 ========  [Ablation: full]
==== Stage 1: SupCon Pre-training ====
epoch            total_loss       cls_loss        
0                0.0055508660     0.0055508660    
1                0.0098231379     0.0098231379    
==== Stage 2: Latent Domain PCL ====
epoch            total_loss       dis_loss         proto_loss       ent_pen_loss    
0                1.8894789219     1.6467173100     0.2640811205     0.1107210815    
Counter({np.int64(2): 2936, np.int64(0): 2382, np.int64(1): 442})
==== Stage 3: Domain-invariant + HardNCE ====
epoch            total_loss       cls_loss         dis_loss         hard_loss       
0                0.6998139620     0.0587779507     0.3281139135     0.6258442402    
  Source acc: 1.000000  |  Target acc: 0.764583
  Best target acc: 0.785417

======== ROUND 27 ========  [Ablation: full]
==== Stage 1: SupCon Pre-training ====
epoch            total_loss       cls_loss        
0                0.0050430242     0.0050430242    
1                0.0171989724     0.0171989724    
==== Stage 2: Latent Domain PCL ====
epoch            total_loss       dis_loss         proto_loss       ent_pen_loss    
0                1.8966087103     1.7696489096     0.0963195115     0.0788001195    
Counter({np.int64(2): 2936, np.int64(0): 2379, np.int64(1): 445})
==== Stage 3: Domain-invariant + HardNCE ====
epoch            total_loss       cls_loss         dis_loss         hard_loss       
0                0.6689456701     0.0302711464     0.3577324450     0.5618841648    
  Source acc: 1.000000  |  Target acc: 0.758333
  Best target acc: 0.785417

======== ROUND 28 ========  [Ablation: full]
==== Stage 1: SupCon Pre-training ====
epoch            total_loss       cls_loss        
0                0.0182458237     0.0182458237    
1                0.0065633496     0.0065633496    
==== Stage 2: Latent Domain PCL ====
epoch            total_loss       dis_loss         proto_loss       ent_pen_loss    
0                1.6701136827     1.5401451588     0.1001308709     0.0799031332    
Counter({np.int64(2): 2917, np.int64(0): 2413, np.int64(1): 430})
==== Stage 3: Domain-invariant + HardNCE ====
epoch            total_loss       cls_loss         dis_loss         hard_loss       
0                0.7496834993     0.0256130714     0.4218449295     0.6044510007    
  Source acc: 1.000000  |  Target acc: 0.758333
  Best target acc: 0.785417

======== ROUND 29 ========  [Ablation: full]
==== Stage 1: SupCon Pre-training ====
epoch            total_loss       cls_loss        
0                0.0073762843     0.0073762843    
1                0.0075666690     0.0075666690    
==== Stage 2: Latent Domain PCL ====
epoch            total_loss       dis_loss         proto_loss       ent_pen_loss    
0                1.6703089476     1.5548822880     0.2049112618     0.0129710762    
Counter({np.int64(2): 2987, np.int64(0): 2386, np.int64(1): 387})
==== Stage 3: Domain-invariant + HardNCE ====
epoch            total_loss       cls_loss         dis_loss         hard_loss       
0                0.8137834072     0.0729409903     0.4082201421     0.6652445793    
  Source acc: 1.000000  |  Target acc: 0.754167
  Best target acc: 0.785417

======== ROUND 30 ========  [Ablation: full]
==== Stage 1: SupCon Pre-training ====
epoch            total_loss       cls_loss        
0                0.0057965633     0.0057965633    
1                0.0208647773     0.0208647773    
==== Stage 2: Latent Domain PCL ====
epoch            total_loss       dis_loss         proto_loss       ent_pen_loss    
0                1.4234364033     1.3773616552     0.0291580334     0.0314956568    
Counter({np.int64(2): 2946, np.int64(0): 2409, np.int64(1): 405})
==== Stage 3: Domain-invariant + HardNCE ====
epoch            total_loss       cls_loss         dis_loss         hard_loss       
0                0.6082252264     0.0480566770     0.2653199732     0.5896971226    
  Source acc: 1.000000  |  Target acc: 0.756250
  Best target acc: 0.785417

======== ROUND 31 ========  [Ablation: full]
==== Stage 1: SupCon Pre-training ====
epoch            total_loss       cls_loss        
0                0.0232471451     0.0232471451    
1                0.0068308725     0.0068308725    
==== Stage 2: Latent Domain PCL ====
epoch            total_loss       dis_loss         proto_loss       ent_pen_loss    
0                1.8316191435     1.6882735491     0.1631680578     0.0617615692    
Counter({np.int64(2): 2980, np.int64(0): 2419, np.int64(1): 361})
==== Stage 3: Domain-invariant + HardNCE ====
epoch            total_loss       cls_loss         dis_loss         hard_loss       
0                0.5763441324     0.0772670507     0.2431586534     0.5118369460    
  Source acc: 1.000000  |  Target acc: 0.762500
  Best target acc: 0.785417

======== ROUND 32 ========  [Ablation: full]
==== Stage 1: SupCon Pre-training ====
epoch            total_loss       cls_loss        
0                0.0022017481     0.0022017481    
1                0.0049561197     0.0049561197    
==== Stage 2: Latent Domain PCL ====
epoch            total_loss       dis_loss         proto_loss       ent_pen_loss    
0                1.3710803986     1.2840480804     0.0555076562     0.0592784360    
Counter({np.int64(2): 2937, np.int64(0): 2497, np.int64(1): 326})
==== Stage 3: Domain-invariant + HardNCE ====
epoch            total_loss       cls_loss         dis_loss         hard_loss       
0                0.7406572700     0.0634462684     0.3876649439     0.5790921450    
  Source acc: 1.000000  |  Target acc: 0.762500
  Best target acc: 0.785417

======== ROUND 33 ========  [Ablation: full]
==== Stage 1: SupCon Pre-training ====
epoch            total_loss       cls_loss        
0                0.0280844383     0.0280844383    
1                0.0108259916     0.0108259916    
==== Stage 2: Latent Domain PCL ====
epoch            total_loss       dis_loss         proto_loss       ent_pen_loss    
0                1.4324783087     1.3399662971     0.0676056594     0.0587091036    
Counter({np.int64(2): 2912, np.int64(0): 2527, np.int64(1): 321})
==== Stage 3: Domain-invariant + HardNCE ====
epoch            total_loss       cls_loss         dis_loss         hard_loss       
0                0.8007625341     0.1005845666     0.4059268534     0.5885021687    
  Source acc: 1.000000  |  Target acc: 0.770833
  Best target acc: 0.785417

======== ROUND 34 ========  [Ablation: full]
==== Stage 1: SupCon Pre-training ====
epoch            total_loss       cls_loss        
0                0.0048830127     0.0048830127    
1                0.0041156905     0.0041156905    
==== Stage 2: Latent Domain PCL ====
epoch            total_loss       dis_loss         proto_loss       ent_pen_loss    
0                1.5477277040     1.4150412083     0.1055668071     0.0799031332    
Counter({np.int64(2): 2928, np.int64(0): 2507, np.int64(1): 325})
==== Stage 3: Domain-invariant + HardNCE ====
epoch            total_loss       cls_loss         dis_loss         hard_loss       
0                0.8113826513     0.1183860376     0.4274994135     0.5309944153    
  Source acc: 1.000000  |  Target acc: 0.770833
  Best target acc: 0.785417

======== ROUND 35 ========  [Ablation: full]
==== Stage 1: SupCon Pre-training ====
epoch            total_loss       cls_loss        
0                0.0389106236     0.0389106236    
1                0.0055416469     0.0055416469    
==== Stage 2: Latent Domain PCL ====
epoch            total_loss       dis_loss         proto_loss       ent_pen_loss    
0                1.5656235218     1.4526565075     0.1386289597     0.0436525419    
Counter({np.int64(2): 2904, np.int64(0): 2558, np.int64(1): 298})
==== Stage 3: Domain-invariant + HardNCE ====
epoch            total_loss       cls_loss         dis_loss         hard_loss       
0                0.5319507122     0.0162265040     0.2440168113     0.5434148312    
  Source acc: 1.000000  |  Target acc: 0.770833
  Best target acc: 0.785417

======== ROUND 36 ========  [Ablation: full]
==== Stage 1: SupCon Pre-training ====
epoch            total_loss       cls_loss        
0                0.0110622756     0.0110622756    
1                0.0101984683     0.0101984683    
==== Stage 2: Latent Domain PCL ====
epoch            total_loss       dis_loss         proto_loss       ent_pen_loss    
0                1.3655731678     1.2531080246     0.1029471308     0.0609915033    
Counter({np.int64(2): 2878, np.int64(0): 2617, np.int64(1): 265})
==== Stage 3: Domain-invariant + HardNCE ====
epoch            total_loss       cls_loss         dis_loss         hard_loss       
0                0.6563369036     0.0722387657     0.2791036665     0.6099889278    
  Source acc: 1.000000  |  Target acc: 0.760417
  Best target acc: 0.785417

======== ROUND 37 ========  [Ablation: full]
==== Stage 1: SupCon Pre-training ====
epoch            total_loss       cls_loss        
0                0.0118407765     0.0118407765    
1                0.0067064674     0.0067064674    
==== Stage 2: Latent Domain PCL ====
epoch            total_loss       dis_loss         proto_loss       ent_pen_loss    
0                1.3863548040     1.2853522301     0.1076010391     0.0472020544    
Counter({np.int64(2): 2863, np.int64(0): 2644, np.int64(1): 253})
==== Stage 3: Domain-invariant + HardNCE ====
epoch            total_loss       cls_loss         dis_loss         hard_loss       
0                0.9889318943     0.0249340069     0.6700607538     0.5878742933    
  Source acc: 1.000000  |  Target acc: 0.762500
  Best target acc: 0.785417

======== ROUND 38 ========  [Ablation: full]
==== Stage 1: SupCon Pre-training ====
epoch            total_loss       cls_loss        
0                0.0106528439     0.0106528439    
1                0.0087096477     0.0087096477    
==== Stage 2: Latent Domain PCL ====
epoch            total_loss       dis_loss         proto_loss       ent_pen_loss    
0                1.6583006382     1.4285880327     0.3130103946     0.0732074231    
Counter({np.int64(2): 2943, np.int64(0): 2564, np.int64(1): 253})
==== Stage 3: Domain-invariant + HardNCE ====
epoch            total_loss       cls_loss         dis_loss         hard_loss       
0                1.3164943457     0.0613260046     0.9865543246     0.5372281075    
  Source acc: 1.000000  |  Target acc: 0.758333
  Best target acc: 0.785417

======== ROUND 39 ========  [Ablation: full]
==== Stage 1: SupCon Pre-training ====
epoch            total_loss       cls_loss        
0                0.0042010518     0.0042010518    
1                0.0185915157     0.0185915157    
==== Stage 2: Latent Domain PCL ====
epoch            total_loss       dis_loss         proto_loss       ent_pen_loss    
0                1.4920598269     1.3471615314     0.0511050709     0.1193457544    
Counter({np.int64(2): 2919, np.int64(0): 2633, np.int64(1): 208})
==== Stage 3: Domain-invariant + HardNCE ====
epoch            total_loss       cls_loss         dis_loss         hard_loss       
0                0.7385804653     0.0340734273     0.4060165286     0.5969811082    
  Source acc: 1.000000  |  Target acc: 0.772917
  Best target acc: 0.785417

======== ROUND 40 ========  [Ablation: full]
==== Stage 1: SupCon Pre-training ====
epoch            total_loss       cls_loss        
0                0.0446574427     0.0446574427    
1                0.0195226297     0.0195226297    
==== Stage 2: Latent Domain PCL ====
epoch            total_loss       dis_loss         proto_loss       ent_pen_loss    
0                1.5671288967     1.3189034462     0.3606056869     0.0679225922    
Counter({np.int64(0): 2660, np.int64(2): 2142, np.int64(1): 958})
==== Stage 3: Domain-invariant + HardNCE ====
epoch            total_loss       cls_loss         dis_loss         hard_loss       
0                1.8701860905     0.0306124650     1.5315278769     0.6160913706    
  Source acc: 1.000000  |  Target acc: 0.764583
  Best target acc: 0.785417

======== ROUND 41 ========  [Ablation: full]
==== Stage 1: SupCon Pre-training ====
epoch            total_loss       cls_loss        
0                0.0593771338     0.0593771338    
1                0.0062397160     0.0062397160    
==== Stage 2: Latent Domain PCL ====
epoch            total_loss       dis_loss         proto_loss       ent_pen_loss    
0                1.4200365543     1.2849389315     0.2358930707     0.0171511024    
Counter({np.int64(0): 2669, np.int64(2): 2665, np.int64(1): 426})
==== Stage 3: Domain-invariant + HardNCE ====
epoch            total_loss       cls_loss         dis_loss         hard_loss       
0                1.9132176638     0.1059712097     1.5210082531     0.5724764466    
  Source acc: 1.000000  |  Target acc: 0.770833
  Best target acc: 0.785417

======== ROUND 42 ========  [Ablation: full]
==== Stage 1: SupCon Pre-training ====
epoch            total_loss       cls_loss        
0                0.0233008210     0.0233008210    
1                0.0033060452     0.0033060452    
==== Stage 2: Latent Domain PCL ====
epoch            total_loss       dis_loss         proto_loss       ent_pen_loss    
0                1.3612971306     1.2147428989     0.2488983870     0.0221049711    
Counter({np.int64(2): 3000, np.int64(0): 2561, np.int64(1): 199})
==== Stage 3: Domain-invariant + HardNCE ====
epoch            total_loss       cls_loss         dis_loss         hard_loss       
0                0.7272143364     0.0473139174     0.3521275520     0.6555456519    
  Source acc: 1.000000  |  Target acc: 0.760417
  Best target acc: 0.785417

======== ROUND 43 ========  [Ablation: full]
==== Stage 1: SupCon Pre-training ====
epoch            total_loss       cls_loss        
0                0.0603058152     0.0603058152    
1                0.0191221274     0.0191221274    
==== Stage 2: Latent Domain PCL ====
epoch            total_loss       dis_loss         proto_loss       ent_pen_loss    
0                1.4717967510     1.3299701214     0.0611436293     0.1112547591    
Counter({np.int64(2): 2955, np.int64(0): 2599, np.int64(1): 206})
==== Stage 3: Domain-invariant + HardNCE ====
epoch            total_loss       cls_loss         dis_loss         hard_loss       
0                0.5588528514     0.0236607045     0.2241631299     0.6220580339    
  Source acc: 1.000000  |  Target acc: 0.764583
  Best target acc: 0.785417

======== ROUND 44 ========  [Ablation: full]
==== Stage 1: SupCon Pre-training ====
epoch            total_loss       cls_loss        
0                0.0833038092     0.0833038092    
1                0.0211129747     0.0211129747    
==== Stage 2: Latent Domain PCL ====
epoch            total_loss       dis_loss         proto_loss       ent_pen_loss    
0                1.4551588297     1.3198943138     0.0394295454     0.1155497059    
Counter({np.int64(2): 2962, np.int64(0): 2606, np.int64(1): 192})
==== Stage 3: Domain-invariant + HardNCE ====
epoch            total_loss       cls_loss         dis_loss         hard_loss       
0                0.7497981787     0.0307776146     0.4243369699     0.5893672705    
  Source acc: 1.000000  |  Target acc: 0.743750
  Best target acc: 0.785417

======== ROUND 45 ========  [Ablation: full]
==== Stage 1: SupCon Pre-training ====
epoch            total_loss       cls_loss        
0                0.0285998359     0.0285998359    
1                0.0109467059     0.0109467059    
==== Stage 2: Latent Domain PCL ====
epoch            total_loss       dis_loss         proto_loss       ent_pen_loss    
0                1.3625373840     1.2125591040     0.0785143673     0.1107210815    
Counter({np.int64(2): 2966, np.int64(0): 2618, np.int64(1): 176})
==== Stage 3: Domain-invariant + HardNCE ====
epoch            total_loss       cls_loss         dis_loss         hard_loss       
0                1.6075642109     0.0350782536     1.2982481718     0.5484753847    
  Source acc: 1.000000  |  Target acc: 0.770833
  Best target acc: 0.785417

======== ROUND 46 ========  [Ablation: full]
==== Stage 1: SupCon Pre-training ====
epoch            total_loss       cls_loss        
0                0.0027988022     0.0027988022    
1                0.0068347645     0.0068347645    
==== Stage 2: Latent Domain PCL ====
epoch            total_loss       dis_loss         proto_loss       ent_pen_loss    
0                1.5034425259     1.3325915337     0.1202598289     0.1107210815    
Counter({np.int64(2): 2960, np.int64(0): 2640, np.int64(1): 160})
==== Stage 3: Domain-invariant + HardNCE ====
epoch            total_loss       cls_loss         dis_loss         hard_loss       
0                0.6007530093     0.0578967705     0.2806734741     0.5243655443    
  Source acc: 1.000000  |  Target acc: 0.756250
  Best target acc: 0.785417

======== ROUND 47 ========  [Ablation: full]
==== Stage 1: SupCon Pre-training ====
epoch            total_loss       cls_loss        
0                0.0116483942     0.0116483942    
1                0.0142864464     0.0142864464    
==== Stage 2: Latent Domain PCL ====
epoch            total_loss       dis_loss         proto_loss       ent_pen_loss    
0                1.2355661392     1.0739884377     0.1633492708     0.0799031332    
Counter({np.int64(2): 2926, np.int64(0): 2677, np.int64(1): 157})
==== Stage 3: Domain-invariant + HardNCE ====
epoch            total_loss       cls_loss         dis_loss         hard_loss       
0                0.6998957396     0.0265049338     0.3796936870     0.5873942971    
  Source acc: 1.000000  |  Target acc: 0.768750
  Best target acc: 0.785417

======== ROUND 48 ========  [Ablation: full]
==== Stage 1: SupCon Pre-training ====
epoch            total_loss       cls_loss        
0                0.0290086735     0.0290086735    
1                0.0154752498     0.0154752498    
==== Stage 2: Latent Domain PCL ====
epoch            total_loss       dis_loss         proto_loss       ent_pen_loss    
0                1.3692215681     1.2683296204     0.0419776961     0.0799031332    
Counter({np.int64(2): 2874, np.int64(0): 2725, np.int64(1): 161})
==== Stage 3: Domain-invariant + HardNCE ====
epoch            total_loss       cls_loss         dis_loss         hard_loss       
0                0.5733169317     0.0456293300     0.2278708518     0.5996335149    
  Source acc: 1.000000  |  Target acc: 0.752083
  Best target acc: 0.785417

======== ROUND 49 ========  [Ablation: full]
==== Stage 1: SupCon Pre-training ====
epoch            total_loss       cls_loss        
0                0.0102091841     0.0102091841    
1                0.0142959151     0.0142959151    
==== Stage 2: Latent Domain PCL ====
epoch            total_loss       dis_loss         proto_loss       ent_pen_loss    
0                1.4742989540     1.3433980942     0.0360815674     0.1128600538    
Counter({np.int64(2): 2872, np.int64(0): 2724, np.int64(1): 164})
==== Stage 3: Domain-invariant + HardNCE ====
epoch            total_loss       cls_loss         dis_loss         hard_loss       
0                1.9034638405     0.0259767100     1.5787317753     0.5975109339    
  Source acc: 1.000000  |  Target acc: 0.766667
  Best target acc: 0.785417
[ConfMatrix] saved to log/main_xrf_cenv_scene4_s0 (cm shape=(8, 8))

Results saved to log/main_xrf_cenv_scene4_s0
acc.txt: log/main_xrf_cenv_scene4_s0/acc.txt
bestacc.txt: log/main_xrf_cenv_scene4_s0/bestacc.txt
