[Seed] global random seed set to 0

[Ablation Mode] full
[XRF55 LOUO] test_user=9, train_users=[1, 2, 3]...(29人)
[XRF55Dataset] loaded 4640 samples from 1 dirs
[XRF55Dataset] loaded 160 samples from 1 dirs
[XRF55Dataset] loaded 4640 samples from 1 dirs
Train set size: 4640 samples, 145 batches
Test set size:  160 samples, 5 batches
Source eval size: 4640 samples

[Direction Sensitivity] Manual weights (dir_w=0.5): {0: 0.0, 1: 0.5, 2: 0.5, 3: 0.5, 4: 0.5, 5: 0.5, 6: 0.5, 7: 0.5}

======== ROUND 0 ========  [Ablation: full]
==== Stage 1: SupCon Pre-training ====
epoch            total_loss       cls_loss         supcon_loss     
0                4.5500860214     1.3772990704     6.3455743790    
1                4.2577452660     1.2244299650     6.0666303635    
==== Stage 2: Latent Domain PCL ====
epoch            total_loss       dis_loss         proto_loss       ent_pen_loss    
0                2.4334528446     2.1334528923     0.0000000000     0.3000000119    
Counter({np.int64(0): 1831, np.int64(1): 1689, np.int64(2): 1120})
==== Stage 3: Domain-invariant + HardNCE ====
epoch            total_loss       cls_loss         dis_loss         hard_loss       
0                1.7559144497     0.7064449787     0.7182609439     0.6624168158    
  Source acc: 0.676078  |  Target acc: 0.462500
  Best target acc: 0.462500

======== ROUND 1 ========  [Ablation: full]
==== Stage 1: SupCon Pre-training ====
epoch            total_loss       cls_loss         supcon_loss     
0                3.9010984898     1.1245605946     5.5530757904    
1                3.3677887917     0.6205734015     5.4944305420    
==== Stage 2: Latent Domain PCL ====
epoch            total_loss       dis_loss         proto_loss       ent_pen_loss    
0                2.2735276222     1.9384229183     0.6442670226     0.0129710762    
Counter({np.int64(2): 2232, np.int64(1): 1353, np.int64(0): 1055})
==== Stage 3: Domain-invariant + HardNCE ====
epoch            total_loss       cls_loss         dis_loss         hard_loss       
0                2.1469001770     0.8869067430     0.9064475894     0.7070918083    
  Source acc: 0.809698  |  Target acc: 0.468750
  Best target acc: 0.468750

======== ROUND 2 ========  [Ablation: full]
==== Stage 1: SupCon Pre-training ====
epoch            total_loss       cls_loss         supcon_loss     
0                3.4868564606     0.8130252361     5.3476624489    
1                3.2344138622     0.4962208569     5.4763860703    
==== Stage 2: Latent Domain PCL ====
epoch            total_loss       dis_loss         proto_loss       ent_pen_loss    
0                2.1989450455     1.9468197823     0.4865582287     0.0088461293    
Counter({np.int64(1): 1832, np.int64(2): 1546, np.int64(0): 1262})
==== Stage 3: Domain-invariant + HardNCE ====
epoch            total_loss       cls_loss         dis_loss         hard_loss       
0                1.6217931509     0.7069802284     0.5553632379     0.7188994884    
  Source acc: 0.884914  |  Target acc: 0.618750
  Best target acc: 0.618750

======== ROUND 3 ========  [Ablation: full]
==== Stage 1: SupCon Pre-training ====
epoch            total_loss       cls_loss        
0                0.6665068865     0.6665068865    
1                0.8029236794     0.8029236794    
==== Stage 2: Latent Domain PCL ====
epoch            total_loss       dis_loss         proto_loss       ent_pen_loss    
0                2.0775697231     1.9070583582     0.3121572435     0.0144325616    
Counter({np.int64(2): 2195, np.int64(0): 1425, np.int64(1): 1020})
==== Stage 3: Domain-invariant + HardNCE ====
epoch            total_loss       cls_loss         dis_loss         hard_loss       
0                1.5438883305     0.2799729109     0.9606490731     0.6065325737    
  Source acc: 0.921121  |  Target acc: 0.612500
  Best target acc: 0.618750

======== ROUND 4 ========  [Ablation: full]
==== Stage 1: SupCon Pre-training ====
epoch            total_loss       cls_loss        
0                0.5136660337     0.5136660337    
1                0.6673892736     0.6673892736    
==== Stage 2: Latent Domain PCL ====
epoch            total_loss       dis_loss         proto_loss       ent_pen_loss    
0                2.1438872814     1.8345191479     0.5557453036     0.0314956568    
Counter({np.int64(1): 2108, np.int64(0): 1354, np.int64(2): 1178})
==== Stage 3: Domain-invariant + HardNCE ====
epoch            total_loss       cls_loss         dis_loss         hard_loss       
0                1.2978681326     0.3767929673     0.5800722837     0.6820057631    
  Source acc: 0.949569  |  Target acc: 0.543750
  Best target acc: 0.618750

======== ROUND 5 ========  [Ablation: full]
==== Stage 1: SupCon Pre-training ====
epoch            total_loss       cls_loss        
0                0.0784804448     0.0784804448    
1                0.3438394964     0.3438394964    
==== Stage 2: Latent Domain PCL ====
epoch            total_loss       dis_loss         proto_loss       ent_pen_loss    
0                1.9760091305     1.6871225834     0.5673833489     0.0051949215    
Counter({np.int64(2): 2107, np.int64(1): 1400, np.int64(0): 1133})
==== Stage 3: Domain-invariant + HardNCE ====
epoch            total_loss       cls_loss         dis_loss         hard_loss       
0                1.4240999222     0.1669014990     0.8907461166     0.7329045534    
  Source acc: 0.968319  |  Target acc: 0.687500
  Best target acc: 0.687500

======== ROUND 6 ========  [Ablation: full]
==== Stage 1: SupCon Pre-training ====
epoch            total_loss       cls_loss        
0                0.4778010547     0.4778010547    
1                0.3593766391     0.3593766391    
==== Stage 2: Latent Domain PCL ====
epoch            total_loss       dis_loss         proto_loss       ent_pen_loss    
0                2.3007678986     1.9791736603     0.5599170327     0.0416358374    
Counter({np.int64(0): 2174, np.int64(2): 1430, np.int64(1): 1036})
==== Stage 3: Domain-invariant + HardNCE ====
epoch            total_loss       cls_loss         dis_loss         hard_loss       
0                1.2766721249     0.1884612292     0.7367014289     0.7030187845    
  Source acc: 0.970474  |  Target acc: 0.606250
  Best target acc: 0.687500

======== ROUND 7 ========  [Ablation: full]
==== Stage 1: SupCon Pre-training ====
epoch            total_loss       cls_loss        
0                0.2721220851     0.2721220851    
1                0.1589663327     0.1589663327    
==== Stage 2: Latent Domain PCL ====
epoch            total_loss       dis_loss         proto_loss       ent_pen_loss    
0                2.7706816196     2.0814538002     1.0226154327     0.1779199988    
Counter({np.int64(2): 1894, np.int64(1): 1856, np.int64(0): 890})
==== Stage 3: Domain-invariant + HardNCE ====
epoch            total_loss       cls_loss         dis_loss         hard_loss       
0                1.1968214512     0.0760982186     0.7696791887     0.7020882368    
  Source acc: 0.987069  |  Target acc: 0.700000
  Best target acc: 0.700000

======== ROUND 8 ========  [Ablation: full]
==== Stage 1: SupCon Pre-training ====
epoch            total_loss       cls_loss        
0                0.2483102083     0.2483102083    
1                0.4415190816     0.4415190816    
==== Stage 2: Latent Domain PCL ====
epoch            total_loss       dis_loss         proto_loss       ent_pen_loss    
0                2.1083016396     1.8382737637     0.4758443236     0.0321057104    
Counter({np.int64(0): 1794, np.int64(1): 1575, np.int64(2): 1271})
==== Stage 3: Domain-invariant + HardNCE ====
epoch            total_loss       cls_loss         dis_loss         hard_loss       
0                1.8353016376     0.5830116868     0.9073844552     0.6898108721    
  Source acc: 0.979526  |  Target acc: 0.693750
  Best target acc: 0.700000

======== ROUND 9 ========  [Ablation: full]
==== Stage 1: SupCon Pre-training ====
epoch            total_loss       cls_loss        
0                0.4060172439     0.4060172439    
1                0.2043941468     0.2043941468    
==== Stage 2: Latent Domain PCL ====
epoch            total_loss       dis_loss         proto_loss       ent_pen_loss    
0                2.2764933109     1.8933521509     0.7403400540     0.0129710762    
Counter({np.int64(0): 1906, np.int64(1): 1761, np.int64(2): 973})
==== Stage 3: Domain-invariant + HardNCE ====
epoch            total_loss       cls_loss         dis_loss         hard_loss       
0                1.4431715012     0.1217559502     0.9769594073     0.6889123321    
  Source acc: 0.977371  |  Target acc: 0.581250
  Best target acc: 0.700000

======== ROUND 10 ========  [Ablation: full]
==== Stage 1: SupCon Pre-training ====
epoch            total_loss       cls_loss        
0                0.1310072690     0.1310072690    
1                0.0404157899     0.0404157899    
==== Stage 2: Latent Domain PCL ====
epoch            total_loss       dis_loss         proto_loss       ent_pen_loss    
0                1.1465756893     0.9415365458     0.3458670080     0.0321057104    
Counter({np.int64(0): 1626, np.int64(1): 1598, np.int64(2): 1416})
==== Stage 3: Domain-invariant + HardNCE ====
epoch            total_loss       cls_loss         dis_loss         hard_loss       
0                1.2510061264     0.0882105008     0.8421477675     0.6412957907    
  Source acc: 1.000000  |  Target acc: 0.612500
  Best target acc: 0.700000

======== ROUND 11 ========  [Ablation: full]
==== Stage 1: SupCon Pre-training ====
epoch            total_loss       cls_loss        
0                0.0355588719     0.0355588719    
1                0.0975770354     0.0975770354    
==== Stage 2: Latent Domain PCL ====
epoch            total_loss       dis_loss         proto_loss       ent_pen_loss    
0                1.0681513548     0.7508213520     0.6308576465     0.0019012074    
Counter({np.int64(1): 1588, np.int64(2): 1559, np.int64(0): 1493})
==== Stage 3: Domain-invariant + HardNCE ====
epoch            total_loss       cls_loss         dis_loss         hard_loss       
0                1.0454604626     0.1367264986     0.5886265635     0.6402148008    
  Source acc: 1.000000  |  Target acc: 0.643750
  Best target acc: 0.700000

======== ROUND 12 ========  [Ablation: full]
==== Stage 1: SupCon Pre-training ====
epoch            total_loss       cls_loss        
0                0.0380717739     0.0380717739    
1                0.0405918434     0.0405918434    
==== Stage 2: Latent Domain PCL ====
epoch            total_loss       dis_loss         proto_loss       ent_pen_loss    
0                1.0026376247     0.7305961847     0.4984530509     0.0228149444    
Counter({np.int64(1): 1759, np.int64(2): 1660, np.int64(0): 1221})
==== Stage 3: Domain-invariant + HardNCE ====
epoch            total_loss       cls_loss         dis_loss         hard_loss       
0                1.0857096910     0.1513511986     0.6252461672     0.6182246208    
  Source acc: 1.000000  |  Target acc: 0.693750
  Best target acc: 0.700000

======== ROUND 13 ========  [Ablation: full]
==== Stage 1: SupCon Pre-training ====
epoch            total_loss       cls_loss        
0                0.0140158031     0.0140158031    
1                0.0948837474     0.0948837474    
==== Stage 2: Latent Domain PCL ====
epoch            total_loss       dis_loss         proto_loss       ent_pen_loss    
0                0.6923075914     0.5968909860     0.1804433465     0.0051949215    
Counter({np.int64(2): 1760, np.int64(1): 1755, np.int64(0): 1125})
==== Stage 3: Domain-invariant + HardNCE ====
epoch            total_loss       cls_loss         dis_loss         hard_loss       
0                0.8910417557     0.0709151626     0.5189456344     0.6023619771    
  Source acc: 1.000000  |  Target acc: 0.687500
  Best target acc: 0.700000

======== ROUND 14 ========  [Ablation: full]
==== Stage 1: SupCon Pre-training ====
epoch            total_loss       cls_loss        
0                0.0764298141     0.0764298141    
1                0.0807407051     0.0807407051    
==== Stage 2: Latent Domain PCL ====
epoch            total_loss       dis_loss         proto_loss       ent_pen_loss    
0                1.3334761858     1.1519467831     0.2614860535     0.0507864021    
Counter({np.int64(1): 1764, np.int64(2): 1750, np.int64(0): 1126})
==== Stage 3: Domain-invariant + HardNCE ====
epoch            total_loss       cls_loss         dis_loss         hard_loss       
0                0.8745045662     0.0269604474     0.5420898199     0.6109086871    
  Source acc: 1.000000  |  Target acc: 0.662500
  Best target acc: 0.700000

======== ROUND 15 ========  [Ablation: full]
==== Stage 1: SupCon Pre-training ====
epoch            total_loss       cls_loss        
0                0.0205178726     0.0205178726    
1                0.0131179858     0.0131179858    
==== Stage 2: Latent Domain PCL ====
epoch            total_loss       dis_loss         proto_loss       ent_pen_loss    
0                1.4038876295     1.2758439779     0.2341842949     0.0109514743    
Counter({np.int64(2): 1763, np.int64(1): 1710, np.int64(0): 1167})
==== Stage 3: Domain-invariant + HardNCE ====
epoch            total_loss       cls_loss         dis_loss         hard_loss       
0                1.2716342211     0.1971568018     0.7423772216     0.6642004848    
  Source acc: 1.000000  |  Target acc: 0.681250
  Best target acc: 0.700000

======== ROUND 16 ========  [Ablation: full]
==== Stage 1: SupCon Pre-training ====
epoch            total_loss       cls_loss        
0                0.0177533831     0.0177533831    
1                0.1469822824     0.1469822824    
==== Stage 2: Latent Domain PCL ====
epoch            total_loss       dis_loss         proto_loss       ent_pen_loss    
0                1.5617212057     1.4176988602     0.2812646627     0.0033900046    
Counter({np.int64(2): 1705, np.int64(1): 1580, np.int64(0): 1355})
==== Stage 3: Domain-invariant + HardNCE ====
epoch            total_loss       cls_loss         dis_loss         hard_loss       
0                0.8242476583     0.0503026918     0.4376265407     0.6726368666    
  Source acc: 1.000000  |  Target acc: 0.637500
  Best target acc: 0.700000

======== ROUND 17 ========  [Ablation: full]
==== Stage 1: SupCon Pre-training ====
epoch            total_loss       cls_loss        
0                0.0726196766     0.0726196766    
1                0.0051500080     0.0051500080    
==== Stage 2: Latent Domain PCL ====
epoch            total_loss       dis_loss         proto_loss       ent_pen_loss    
0                2.4665105343     2.2532715797     0.3962985277     0.0150896702    
Counter({np.int64(2): 1698, np.int64(1): 1600, np.int64(0): 1342})
==== Stage 3: Domain-invariant + HardNCE ====
epoch            total_loss       cls_loss         dis_loss         hard_loss       
0                1.1195780039     0.0828263164     0.7654606104     0.5425820947    
  Source acc: 1.000000  |  Target acc: 0.662500
  Best target acc: 0.700000

======== ROUND 18 ========  [Ablation: full]
==== Stage 1: SupCon Pre-training ====
epoch            total_loss       cls_loss        
0                0.0709001496     0.0709001496    
1                0.0497317798     0.0497317798    
==== Stage 2: Latent Domain PCL ====
epoch            total_loss       dis_loss         proto_loss       ent_pen_loss    
0                1.8345228434     1.6516227722     0.3190557361     0.0233721174    
Counter({np.int64(2): 1675, np.int64(1): 1592, np.int64(0): 1373})
==== Stage 3: Domain-invariant + HardNCE ====
epoch            total_loss       cls_loss         dis_loss         hard_loss       
0                1.0667210817     0.0775407180     0.6930882931     0.5921841860    
  Source acc: 1.000000  |  Target acc: 0.650000
  Best target acc: 0.700000

======== ROUND 19 ========  [Ablation: full]
==== Stage 1: SupCon Pre-training ====
epoch            total_loss       cls_loss        
0                0.0487982035     0.0487982035    
1                0.0093088550     0.0093088550    
==== Stage 2: Latent Domain PCL ====
epoch            total_loss       dis_loss         proto_loss       ent_pen_loss    
0                2.4097106457     2.1059377193     0.5732438564     0.0171511024    
Counter({np.int64(2): 1694, np.int64(1): 1617, np.int64(0): 1329})
==== Stage 3: Domain-invariant + HardNCE ====
epoch            total_loss       cls_loss         dis_loss         hard_loss       
0                1.1852093935     0.0459840931     0.8341006041     0.6102493405    
  Source acc: 1.000000  |  Target acc: 0.631250
  Best target acc: 0.700000

======== ROUND 20 ========  [Ablation: full]
==== Stage 1: SupCon Pre-training ====
epoch            total_loss       cls_loss        
0                0.0517923012     0.0517923012    
1                0.0211712494     0.0211712494    
==== Stage 2: Latent Domain PCL ====
epoch            total_loss       dis_loss         proto_loss       ent_pen_loss    
0                1.8983201981     1.6646685600     0.4569135308     0.0051949215    
Counter({np.int64(1): 1682, np.int64(2): 1632, np.int64(0): 1326})
==== Stage 3: Domain-invariant + HardNCE ====
epoch            total_loss       cls_loss         dis_loss         hard_loss       
0                1.2286729813     0.1109511405     0.8301096559     0.5752245188    
  Source acc: 1.000000  |  Target acc: 0.643750
  Best target acc: 0.700000

======== ROUND 21 ========  [Ablation: full]
==== Stage 1: SupCon Pre-training ====
epoch            total_loss       cls_loss        
0                0.0236498993     0.0236498993    
1                0.0132849393     0.0132849393    
==== Stage 2: Latent Domain PCL ====
epoch            total_loss       dis_loss         proto_loss       ent_pen_loss    
0                2.0686709881     1.8665035963     0.3364502788     0.0339421555    
Counter({np.int64(1): 1651, np.int64(2): 1627, np.int64(0): 1362})
==== Stage 3: Domain-invariant + HardNCE ====
epoch            total_loss       cls_loss         dis_loss         hard_loss       
0                1.2690167427     0.0494181849     0.8875471354     0.6641027927    
  Source acc: 1.000000  |  Target acc: 0.656250
  Best target acc: 0.700000

======== ROUND 22 ========  [Ablation: full]
==== Stage 1: SupCon Pre-training ====
epoch            total_loss       cls_loss        
0                0.0073932996     0.0073932996    
1                0.0473676696     0.0473676696    
==== Stage 2: Latent Domain PCL ====
epoch            total_loss       dis_loss         proto_loss       ent_pen_loss    
0                1.8830181360     1.6168135405     0.5256290436     0.0033900375    
Counter({np.int64(1): 1673, np.int64(2): 1658, np.int64(0): 1309})
==== Stage 3: Domain-invariant + HardNCE ====
epoch            total_loss       cls_loss         dis_loss         hard_loss       
0                1.2305390835     0.0561781824     0.8745561242     0.5996094942    
  Source acc: 1.000000  |  Target acc: 0.693750
  Best target acc: 0.700000

======== ROUND 23 ========  [Ablation: full]
==== Stage 1: SupCon Pre-training ====
epoch            total_loss       cls_loss        
0                0.0111020850     0.0111020850    
1                0.0041132583     0.0041132583    
==== Stage 2: Latent Domain PCL ====
epoch            total_loss       dis_loss         proto_loss       ent_pen_loss    
0                1.5655258894     1.3596968651     0.4078558087     0.0019012074    
Counter({np.int64(1): 1747, np.int64(2): 1663, np.int64(0): 1230})
==== Stage 3: Domain-invariant + HardNCE ====
epoch            total_loss       cls_loss         dis_loss         hard_loss       
0                1.0825417042     0.0313185304     0.7102714181     0.6819034815    
  Source acc: 1.000000  |  Target acc: 0.668750
  Best target acc: 0.700000

======== ROUND 24 ========  [Ablation: full]
==== Stage 1: SupCon Pre-training ====
epoch            total_loss       cls_loss        
0                0.0124649005     0.0124649005    
1                0.0153046390     0.0153046390    
==== Stage 2: Latent Domain PCL ====
epoch            total_loss       dis_loss         proto_loss       ent_pen_loss    
0                1.6416839361     1.5481522083     0.1832612306     0.0019012074    
Counter({np.int64(1): 1720, np.int64(2): 1696, np.int64(0): 1224})
==== Stage 3: Domain-invariant + HardNCE ====
epoch            total_loss       cls_loss         dis_loss         hard_loss       
0                1.2911895514     0.0517214313     0.9492496848     0.5804369450    
  Source acc: 1.000000  |  Target acc: 0.668750
  Best target acc: 0.700000

======== ROUND 25 ========  [Ablation: full]
==== Stage 1: SupCon Pre-training ====
epoch            total_loss       cls_loss        
0                0.0069065755     0.0069065755    
1                0.0512056984     0.0512056984    
==== Stage 2: Latent Domain PCL ====
epoch            total_loss       dis_loss         proto_loss       ent_pen_loss    
0                1.6082648039     1.5415909290     0.0990455747     0.0171511024    
Counter({np.int64(1): 1707, np.int64(2): 1695, np.int64(0): 1238})
==== Stage 3: Domain-invariant + HardNCE ====
epoch            total_loss       cls_loss         dis_loss         hard_loss       
0                1.0851521492     0.0424672589     0.7624494433     0.5604710579    
  Source acc: 1.000000  |  Target acc: 0.668750
  Best target acc: 0.700000

======== ROUND 26 ========  [Ablation: full]
==== Stage 1: SupCon Pre-training ====
epoch            total_loss       cls_loss        
0                0.0562958159     0.0562958159    
1                0.0284220651     0.0284220651    
==== Stage 2: Latent Domain PCL ====
epoch            total_loss       dis_loss         proto_loss       ent_pen_loss    
0                1.8974819183     1.7767211199     0.2196185887     0.0109514743    
Counter({np.int64(1): 1791, np.int64(2): 1694, np.int64(0): 1155})
==== Stage 3: Domain-invariant + HardNCE ====
epoch            total_loss       cls_loss         dis_loss         hard_loss       
0                0.9021747112     0.0810460970     0.5373786092     0.5674999952    
  Source acc: 1.000000  |  Target acc: 0.675000
  Best target acc: 0.700000

======== ROUND 27 ========  [Ablation: full]
==== Stage 1: SupCon Pre-training ====
epoch            total_loss       cls_loss        
0                0.0031202291     0.0031202291    
1                0.0468536317     0.0468536317    
==== Stage 2: Latent Domain PCL ====
epoch            total_loss       dis_loss         proto_loss       ent_pen_loss    
0                1.9660319090     1.8340961933     0.2600690722     0.0019012074    
Counter({np.int64(1): 1773, np.int64(2): 1694, np.int64(0): 1173})
==== Stage 3: Domain-invariant + HardNCE ====
epoch            total_loss       cls_loss         dis_loss         hard_loss       
0                1.0701414347     0.0384369642     0.7576822639     0.5480444431    
  Source acc: 1.000000  |  Target acc: 0.662500
  Best target acc: 0.700000

======== ROUND 28 ========  [Ablation: full]
==== Stage 1: SupCon Pre-training ====
epoch            total_loss       cls_loss        
0                0.0141442381     0.0141442381    
1                0.0081932181     0.0081932181    
==== Stage 2: Latent Domain PCL ====
epoch            total_loss       dis_loss         proto_loss       ent_pen_loss    
0                2.0124611855     1.8063471317     0.3342610300     0.0389836691    
Counter({np.int64(1): 1864, np.int64(2): 1664, np.int64(0): 1112})
==== Stage 3: Domain-invariant + HardNCE ====
epoch            total_loss       cls_loss         dis_loss         hard_loss       
0                1.0793795586     0.0413568690     0.7558989525     0.5642474890    
  Source acc: 1.000000  |  Target acc: 0.693750
  Best target acc: 0.700000

======== ROUND 29 ========  [Ablation: full]
==== Stage 1: SupCon Pre-training ====
epoch            total_loss       cls_loss        
0                0.0570277981     0.0570277981    
1                0.0260300618     0.0260300618    
==== Stage 2: Latent Domain PCL ====
epoch            total_loss       dis_loss         proto_loss       ent_pen_loss    
0                1.4683693647     1.3297424316     0.2254128456     0.0259205047    
Counter({np.int64(1): 1859, np.int64(2): 1641, np.int64(0): 1140})
==== Stage 3: Domain-invariant + HardNCE ====
epoch            total_loss       cls_loss         dis_loss         hard_loss       
0                1.1520624161     0.0132117625     0.8334688544     0.6107636690    
  Source acc: 1.000000  |  Target acc: 0.712500
  Best target acc: 0.712500

======== ROUND 30 ========  [Ablation: full]
==== Stage 1: SupCon Pre-training ====
epoch            total_loss       cls_loss        
0                0.0725865886     0.0725865886    
1                0.0138562210     0.0138562210    
==== Stage 2: Latent Domain PCL ====
epoch            total_loss       dis_loss         proto_loss       ent_pen_loss    
0                1.5256328583     1.4219059944     0.1632438302     0.0221050046    
Counter({np.int64(1): 1921, np.int64(2): 1616, np.int64(0): 1103})
==== Stage 3: Domain-invariant + HardNCE ====
epoch            total_loss       cls_loss         dis_loss         hard_loss       
0                1.2948114872     0.1496280879     0.8471155167     0.5961358547    
  Source acc: 1.000000  |  Target acc: 0.675000
  Best target acc: 0.712500

======== ROUND 31 ========  [Ablation: full]
==== Stage 1: SupCon Pre-training ====
epoch            total_loss       cls_loss        
0                0.0414507613     0.0414507613    
1                0.0523395799     0.0523395799    
==== Stage 2: Latent Domain PCL ====
epoch            total_loss       dis_loss         proto_loss       ent_pen_loss    
0                1.7783536911     1.4850593805     0.5363733768     0.0251076631    
Counter({np.int64(1): 1897, np.int64(2): 1579, np.int64(0): 1164})
==== Stage 3: Domain-invariant + HardNCE ====
epoch            total_loss       cls_loss         dis_loss         hard_loss       
0                1.2460764647     0.0654326081     0.9020967484     0.5570942163    
  Source acc: 1.000000  |  Target acc: 0.681250
  Best target acc: 0.712500

======== ROUND 32 ========  [Ablation: full]
==== Stage 1: SupCon Pre-training ====
epoch            total_loss       cls_loss        
0                0.0035402402     0.0035402402    
1                0.0455721207     0.0455721207    
==== Stage 2: Latent Domain PCL ====
epoch            total_loss       dis_loss         proto_loss       ent_pen_loss    
0                1.3255958557     1.2561295033     0.1185024679     0.0102151651    
Counter({np.int64(1): 1945, np.int64(2): 1488, np.int64(0): 1207})
==== Stage 3: Domain-invariant + HardNCE ====
epoch            total_loss       cls_loss         dis_loss         hard_loss       
0                1.0743761063     0.0462131985     0.6811733842     0.6939789057    
  Source acc: 1.000000  |  Target acc: 0.687500
  Best target acc: 0.712500

======== ROUND 33 ========  [Ablation: full]
==== Stage 1: SupCon Pre-training ====
epoch            total_loss       cls_loss        
0                0.0069723311     0.0069723311    
1                0.0373790190     0.0373790190    
==== Stage 2: Latent Domain PCL ====
epoch            total_loss       dis_loss         proto_loss       ent_pen_loss    
0                1.6512403488     1.5952937603     0.1015032753     0.0051949215    
Counter({np.int64(1): 1957, np.int64(2): 1389, np.int64(0): 1294})
==== Stage 3: Domain-invariant + HardNCE ====
epoch            total_loss       cls_loss         dis_loss         hard_loss       
0                1.1584198475     0.0398982354     0.8326528668     0.5717374086    
  Source acc: 1.000000  |  Target acc: 0.693750
  Best target acc: 0.712500

======== ROUND 34 ========  [Ablation: full]
==== Stage 1: SupCon Pre-training ====
epoch            total_loss       cls_loss        
0                0.0064286510     0.0064286510    
1                0.0022901017     0.0022901017    
==== Stage 2: Latent Domain PCL ====
epoch            total_loss       dis_loss         proto_loss       ent_pen_loss    
0                1.7814710140     1.6209448576     0.3006219268     0.0102151651    
Counter({np.int64(1): 1921, np.int64(0): 1374, np.int64(2): 1345})
==== Stage 3: Domain-invariant + HardNCE ====
epoch            total_loss       cls_loss         dis_loss         hard_loss       
0                1.1108564138     0.0167813431     0.7869340777     0.6142820120    
  Source acc: 1.000000  |  Target acc: 0.681250
  Best target acc: 0.712500

======== ROUND 35 ========  [Ablation: full]
==== Stage 1: SupCon Pre-training ====
epoch            total_loss       cls_loss        
0                0.0093879970     0.0093879970    
1                0.0048687449     0.0048687449    
==== Stage 2: Latent Domain PCL ====
epoch            total_loss       dis_loss         proto_loss       ent_pen_loss    
0                1.5472381115     1.4005063772     0.2478334308     0.0228149444    
Counter({np.int64(1): 1953, np.int64(0): 1445, np.int64(2): 1242})
==== Stage 3: Domain-invariant + HardNCE ====
epoch            total_loss       cls_loss         dis_loss         hard_loss       
0                1.2061035633     0.0870581716     0.7982524037     0.6415858865    
  Source acc: 1.000000  |  Target acc: 0.668750
  Best target acc: 0.712500

======== ROUND 36 ========  [Ablation: full]
==== Stage 1: SupCon Pre-training ====
epoch            total_loss       cls_loss        
0                0.0844239667     0.0844239667    
1                0.0442444533     0.0442444533    
==== Stage 2: Latent Domain PCL ====
epoch            total_loss       dis_loss         proto_loss       ent_pen_loss    
0                1.4779988527     1.4130162001     0.1195755452     0.0051949215    
Counter({np.int64(1): 1942, np.int64(0): 1521, np.int64(2): 1177})
==== Stage 3: Domain-invariant + HardNCE ====
epoch            total_loss       cls_loss         dis_loss         hard_loss       
0                0.9577841759     0.0188660733     0.6517983675     0.5742394924    
  Source acc: 1.000000  |  Target acc: 0.681250
  Best target acc: 0.712500

======== ROUND 37 ========  [Ablation: full]
==== Stage 1: SupCon Pre-training ====
epoch            total_loss       cls_loss        
0                0.0153043326     0.0153043326    
1                0.0039806836     0.0039806836    
==== Stage 2: Latent Domain PCL ====
epoch            total_loss       dis_loss         proto_loss       ent_pen_loss    
0                1.4351029396     1.3894654512     0.0708446652     0.0102151651    
Counter({np.int64(1): 1893, np.int64(0): 1550, np.int64(2): 1197})
==== Stage 3: Domain-invariant + HardNCE ====
epoch            total_loss       cls_loss         dis_loss         hard_loss       
0                0.9593664408     0.0436319597     0.6397653818     0.5519382358    
  Source acc: 1.000000  |  Target acc: 0.662500
  Best target acc: 0.712500

======== ROUND 38 ========  [Ablation: full]
==== Stage 1: SupCon Pre-training ====
epoch            total_loss       cls_loss        
0                0.1466071904     0.1466071904    
1                0.0032504401     0.0032504401    
==== Stage 2: Latent Domain PCL ====
epoch            total_loss       dis_loss         proto_loss       ent_pen_loss    
0                1.6974513531     1.5538864136     0.2429198921     0.0221049711    
Counter({np.int64(1): 1897, np.int64(0): 1579, np.int64(2): 1164})
==== Stage 3: Domain-invariant + HardNCE ====
epoch            total_loss       cls_loss         dis_loss         hard_loss       
0                1.1164751053     0.0135057326     0.8201732635     0.5655920506    
  Source acc: 1.000000  |  Target acc: 0.681250
  Best target acc: 0.712500

======== ROUND 39 ========  [Ablation: full]
==== Stage 1: SupCon Pre-training ====
epoch            total_loss       cls_loss        
0                0.0418127961     0.0418127961    
1                0.0044043455     0.0044043455    
==== Stage 2: Latent Domain PCL ====
epoch            total_loss       dis_loss         proto_loss       ent_pen_loss    
0                1.1969394684     1.0592432022     0.2650028169     0.0051949215    
Counter({np.int64(1): 1883, np.int64(0): 1602, np.int64(2): 1155})
==== Stage 3: Domain-invariant + HardNCE ====
epoch            total_loss       cls_loss         dis_loss         hard_loss       
0                1.1317226887     0.0388378315     0.8285521865     0.5286651850    
  Source acc: 1.000000  |  Target acc: 0.681250
  Best target acc: 0.712500

======== ROUND 40 ========  [Ablation: full]
==== Stage 1: SupCon Pre-training ====
epoch            total_loss       cls_loss        
0                0.0333734602     0.0333734602    
1                0.0130264731     0.0130264731    
==== Stage 2: Latent Domain PCL ====
epoch            total_loss       dis_loss         proto_loss       ent_pen_loss    
0                1.2275072336     1.1811327934     0.0922095329     0.0002696014    
Counter({np.int64(1): 1879, np.int64(0): 1609, np.int64(2): 1152})
==== Stage 3: Domain-invariant + HardNCE ====
epoch            total_loss       cls_loss         dis_loss         hard_loss       
0                1.1409423351     0.0439830981     0.8002911210     0.5933361053    
  Source acc: 1.000000  |  Target acc: 0.706250
  Best target acc: 0.712500

======== ROUND 41 ========  [Ablation: full]
==== Stage 1: SupCon Pre-training ====
epoch            total_loss       cls_loss        
0                0.0245026462     0.0245026462    
1                0.0048490129     0.0048490129    
==== Stage 2: Latent Domain PCL ====
epoch            total_loss       dis_loss         proto_loss       ent_pen_loss    
0                1.2653232813     1.1772216558     0.1294588447     0.0233721174    
Counter({np.int64(1): 1854, np.int64(0): 1619, np.int64(2): 1167})
==== Stage 3: Domain-invariant + HardNCE ====
epoch            total_loss       cls_loss         dis_loss         hard_loss       
0                1.0520703793     0.0544733182     0.7173812985     0.5604313612    
  Source acc: 1.000000  |  Target acc: 0.681250
  Best target acc: 0.712500

======== ROUND 42 ========  [Ablation: full]
==== Stage 1: SupCon Pre-training ====
epoch            total_loss       cls_loss        
0                0.0080043310     0.0080043310    
1                0.0070855301     0.0070855301    
==== Stage 2: Latent Domain PCL ====
epoch            total_loss       dis_loss         proto_loss       ent_pen_loss    
0                1.2320462465     1.0912030935     0.2349419296     0.0233721174    
Counter({np.int64(1): 1889, np.int64(0): 1633, np.int64(2): 1118})
==== Stage 3: Domain-invariant + HardNCE ====
epoch            total_loss       cls_loss         dis_loss         hard_loss       
0                0.8332142234     0.0219743010     0.5178394318     0.5868009329    
  Source acc: 1.000000  |  Target acc: 0.687500
  Best target acc: 0.712500

======== ROUND 43 ========  [Ablation: full]
==== Stage 1: SupCon Pre-training ====
epoch            total_loss       cls_loss        
0                0.0261392072     0.0261392072    
1                0.0045234454     0.0045234454    
==== Stage 2: Latent Domain PCL ====
epoch            total_loss       dis_loss         proto_loss       ent_pen_loss    
0                1.1537128687     1.0890144110     0.1288576275     0.0002696014    
Counter({np.int64(1): 1883, np.int64(0): 1653, np.int64(2): 1104})
==== Stage 3: Domain-invariant + HardNCE ====
epoch            total_loss       cls_loss         dis_loss         hard_loss       
0                0.9588165283     0.0340242721     0.6227366328     0.6041111946    
  Source acc: 1.000000  |  Target acc: 0.687500
  Best target acc: 0.712500

======== ROUND 44 ========  [Ablation: full]
==== Stage 1: SupCon Pre-training ====
epoch            total_loss       cls_loss        
0                0.0096719479     0.0096719479    
1                0.0177002326     0.0177002326    
==== Stage 2: Latent Domain PCL ====
epoch            total_loss       dis_loss         proto_loss       ent_pen_loss    
0                1.2360262871     1.2049348354     0.0278805867     0.0171511024    
Counter({np.int64(1): 1884, np.int64(0): 1651, np.int64(2): 1105})
==== Stage 3: Domain-invariant + HardNCE ====
epoch            total_loss       cls_loss         dis_loss         hard_loss       
0                1.1846079826     0.0774545521     0.7817351222     0.6508367062    
  Source acc: 1.000000  |  Target acc: 0.693750
  Best target acc: 0.712500

======== ROUND 45 ========  [Ablation: full]
==== Stage 1: SupCon Pre-training ====
epoch            total_loss       cls_loss        
0                0.0047502480     0.0047502480    
1                0.0311794672     0.0311794672    
==== Stage 2: Latent Domain PCL ====
epoch            total_loss       dis_loss         proto_loss       ent_pen_loss    
0                1.3543056250     1.2382836342     0.1852996945     0.0233721174    
Counter({np.int64(1): 1870, np.int64(0): 1646, np.int64(2): 1124})
==== Stage 3: Domain-invariant + HardNCE ====
epoch            total_loss       cls_loss         dis_loss         hard_loss       
0                0.9331706762     0.0597221032     0.5993111730     0.5482747555    
  Source acc: 1.000000  |  Target acc: 0.693750
  Best target acc: 0.712500

======== ROUND 46 ========  [Ablation: full]
==== Stage 1: SupCon Pre-training ====
epoch            total_loss       cls_loss        
0                0.0244831517     0.0244831517    
1                0.0054728249     0.0054728249    
==== Stage 2: Latent Domain PCL ====
epoch            total_loss       dis_loss         proto_loss       ent_pen_loss    
0                1.2391005754     1.1457016468     0.1847049445     0.0010464388    
Counter({np.int64(1): 1913, np.int64(0): 1629, np.int64(2): 1098})
==== Stage 3: Domain-invariant + HardNCE ====
epoch            total_loss       cls_loss         dis_loss         hard_loss       
0                0.9365088940     0.0231766831     0.6226672530     0.5813299417    
  Source acc: 1.000000  |  Target acc: 0.700000
  Best target acc: 0.712500

======== ROUND 47 ========  [Ablation: full]
==== Stage 1: SupCon Pre-training ====
epoch            total_loss       cls_loss        
0                0.0049974131     0.0049974131    
1                0.0133642871     0.0133642871    
==== Stage 2: Latent Domain PCL ====
epoch            total_loss       dis_loss         proto_loss       ent_pen_loss    
0                1.3610680103     1.2120499611     0.2478207648     0.0251076631    
Counter({np.int64(1): 1864, np.int64(0): 1666, np.int64(2): 1110})
==== Stage 3: Domain-invariant + HardNCE ====
epoch            total_loss       cls_loss         dis_loss         hard_loss       
0                0.8651533127     0.0134105664     0.5642568469     0.5749717355    
  Source acc: 1.000000  |  Target acc: 0.643750
  Best target acc: 0.712500

======== ROUND 48 ========  [Ablation: full]
==== Stage 1: SupCon Pre-training ====
epoch            total_loss       cls_loss        
0                0.0144091416     0.0144091416    
1                0.0068738167     0.0068738167    
==== Stage 2: Latent Domain PCL ====
epoch            total_loss       dis_loss         proto_loss       ent_pen_loss    
0                1.0655292273     0.9897740483     0.1368287653     0.0073407623    
Counter({np.int64(1): 1877, np.int64(0): 1660, np.int64(2): 1103})
==== Stage 3: Domain-invariant + HardNCE ====
epoch            total_loss       cls_loss         dis_loss         hard_loss       
0                0.9456204176     0.0143602965     0.6290119886     0.6044963002    
  Source acc: 1.000000  |  Target acc: 0.668750
  Best target acc: 0.712500

======== ROUND 49 ========  [Ablation: full]
==== Stage 1: SupCon Pre-training ====
epoch            total_loss       cls_loss        
0                0.0055666314     0.0055666314    
1                0.0138740893     0.0138740893    
==== Stage 2: Latent Domain PCL ====
epoch            total_loss       dis_loss         proto_loss       ent_pen_loss    
0                1.1712878942     1.1439397335     0.0370039642     0.0088461619    
Counter({np.int64(1): 1901, np.int64(0): 1640, np.int64(2): 1099})
==== Stage 3: Domain-invariant + HardNCE ====
epoch            total_loss       cls_loss         dis_loss         hard_loss       
0                1.2963192463     0.0670574307     0.9437770844     0.5709695816    
  Source acc: 1.000000  |  Target acc: 0.681250
  Best target acc: 0.712500
[ConfMatrix] saved to log/main_xrf_louo_u09_s0 (cm shape=(8, 8))

Results saved to log/main_xrf_louo_u09_s0
acc.txt: log/main_xrf_louo_u09_s0/acc.txt
bestacc.txt: log/main_xrf_louo_u09_s0/bestacc.txt
