[Seed] global random seed set to 0

[Ablation Mode] full
[XRF55 LOUO] test_user=18, train_users=[1, 2, 3]...(29人)
[XRF55Dataset] loaded 4640 samples from 1 dirs
[XRF55Dataset] loaded 160 samples from 1 dirs
[XRF55Dataset] loaded 4640 samples from 1 dirs
Train set size: 4640 samples, 145 batches
Test set size:  160 samples, 5 batches
Source eval size: 4640 samples

[Direction Sensitivity] Manual weights (dir_w=0.5): {0: 0.0, 1: 0.5, 2: 0.5, 3: 0.5, 4: 0.5, 5: 0.5, 6: 0.5, 7: 0.5}

======== ROUND 0 ========  [Ablation: full]
==== Stage 1: SupCon Pre-training ====
epoch            total_loss       cls_loss         supcon_loss     
0                4.2650866508     1.2011178732     6.1279373169    
1                4.1402258873     1.0983858109     6.0836801529    
==== Stage 2: Latent Domain PCL ====
epoch            total_loss       dis_loss         proto_loss       ent_pen_loss    
0                2.5088403225     2.2088403702     0.0000000000     0.3000000119    
Counter({np.int64(1): 1611, np.int64(2): 1529, np.int64(0): 1500})
==== Stage 3: Domain-invariant + HardNCE ====
epoch            total_loss       cls_loss         dis_loss         hard_loss       
0                1.7135620117     0.6796857119     0.7154126763     0.6369272470    
  Source acc: 0.729526  |  Target acc: 0.481250
  Best target acc: 0.481250

======== ROUND 1 ========  [Ablation: full]
==== Stage 1: SupCon Pre-training ====
epoch            total_loss       cls_loss         supcon_loss     
0                3.6373324394     0.7848392129     5.7049865723    
1                3.5515866280     0.6572585702     5.7886562347    
==== Stage 2: Latent Domain PCL ====
epoch            total_loss       dis_loss         proto_loss       ent_pen_loss    
0                1.9514857531     1.6130985022     0.6762351990     0.0002696014    
Counter({np.int64(0): 1895, np.int64(1): 1521, np.int64(2): 1224})
==== Stage 3: Domain-invariant + HardNCE ====
epoch            total_loss       cls_loss         dis_loss         hard_loss       
0                2.1797077656     0.7045244575     1.0945258141     0.7613149881    
  Source acc: 0.821767  |  Target acc: 0.681250
  Best target acc: 0.681250

======== ROUND 2 ========  [Ablation: full]
==== Stage 1: SupCon Pre-training ====
epoch            total_loss       cls_loss         supcon_loss     
0                3.3553984165     0.5616812706     5.5874342918    
1                3.3435368538     0.5870269537     5.5130195618    
==== Stage 2: Latent Domain PCL ====
epoch            total_loss       dis_loss         proto_loss       ent_pen_loss    
0                1.9612711668     1.7067730427     0.4830540419     0.0129710762    
Counter({np.int64(0): 1854, np.int64(2): 1469, np.int64(1): 1317})
==== Stage 3: Domain-invariant + HardNCE ====
epoch            total_loss       cls_loss         dis_loss         hard_loss       
0                1.6946721077     0.6418945193     0.7078117132     0.6899318695    
  Source acc: 0.877802  |  Target acc: 0.637500
  Best target acc: 0.681250

======== ROUND 3 ========  [Ablation: full]
==== Stage 1: SupCon Pre-training ====
epoch            total_loss       cls_loss        
0                0.4294775724     0.4294775724    
1                0.5435199738     0.5435199738    
==== Stage 2: Latent Domain PCL ====
epoch            total_loss       dis_loss         proto_loss       ent_pen_loss    
0                1.9527955055     1.8121976852     0.2404076308     0.0203939695    
Counter({np.int64(2): 1783, np.int64(0): 1604, np.int64(1): 1253})
==== Stage 3: Domain-invariant + HardNCE ====
epoch            total_loss       cls_loss         dis_loss         hard_loss       
0                1.6977660656     0.5016666651     0.8201166391     0.7519655228    
  Source acc: 0.912284  |  Target acc: 0.687500
  Best target acc: 0.687500

======== ROUND 4 ========  [Ablation: full]
==== Stage 1: SupCon Pre-training ====
epoch            total_loss       cls_loss        
0                0.2908769250     0.2908769250    
1                0.4615040421     0.4615040421    
==== Stage 2: Latent Domain PCL ====
epoch            total_loss       dis_loss         proto_loss       ent_pen_loss    
0                1.9452049732     1.6873121262     0.5152465105     0.0002696014    
Counter({np.int64(0): 1726, np.int64(1): 1568, np.int64(2): 1346})
==== Stage 3: Domain-invariant + HardNCE ====
epoch            total_loss       cls_loss         dis_loss         hard_loss       
0                1.8806259632     0.7011646032     0.8667114973     0.6254998446    
  Source acc: 0.956034  |  Target acc: 0.700000
  Best target acc: 0.700000

======== ROUND 5 ========  [Ablation: full]
==== Stage 1: SupCon Pre-training ====
epoch            total_loss       cls_loss        
0                0.2705799341     0.2705799341    
1                0.2053288221     0.2053288221    
==== Stage 2: Latent Domain PCL ====
epoch            total_loss       dis_loss         proto_loss       ent_pen_loss    
0                2.4022755623     2.0673863888     0.6356407404     0.0170687437    
Counter({np.int64(1): 2138, np.int64(0): 1308, np.int64(2): 1194})
==== Stage 3: Domain-invariant + HardNCE ====
epoch            total_loss       cls_loss         dis_loss         hard_loss       
0                1.3602437973     0.3049712777     0.7244274020     0.6616901159    
  Source acc: 0.938578  |  Target acc: 0.637500
  Best target acc: 0.700000

======== ROUND 6 ========  [Ablation: full]
==== Stage 1: SupCon Pre-training ====
epoch            total_loss       cls_loss        
0                0.5529194474     0.5529194474    
1                0.3288681805     0.3288681805    
==== Stage 2: Latent Domain PCL ====
epoch            total_loss       dis_loss         proto_loss       ent_pen_loss    
0                2.3457462788     2.1417803764     0.4058387280     0.0010464388    
Counter({np.int64(0): 2123, np.int64(1): 1342, np.int64(2): 1175})
==== Stage 3: Domain-invariant + HardNCE ====
epoch            total_loss       cls_loss         dis_loss         hard_loss       
0                1.6055297852     0.4426265061     0.8652045727     0.5953974128    
  Source acc: 0.975216  |  Target acc: 0.656250
  Best target acc: 0.700000

======== ROUND 7 ========  [Ablation: full]
==== Stage 1: SupCon Pre-training ====
epoch            total_loss       cls_loss        
0                0.1723365039     0.1723365039    
1                0.2961368561     0.2961368561    
==== Stage 2: Latent Domain PCL ====
epoch            total_loss       dis_loss         proto_loss       ent_pen_loss    
0                2.1214125156     1.9590144157     0.2988536656     0.0129710762    
Counter({np.int64(0): 1870, np.int64(2): 1578, np.int64(1): 1192})
==== Stage 3: Domain-invariant + HardNCE ====
epoch            total_loss       cls_loss         dis_loss         hard_loss       
0                1.5394936800     0.3409186900     0.8867107034     0.6237285137    
  Source acc: 0.978233  |  Target acc: 0.768750
  Best target acc: 0.768750

======== ROUND 8 ========  [Ablation: full]
==== Stage 1: SupCon Pre-training ====
epoch            total_loss       cls_loss        
0                0.4944000244     0.4944000244    
1                0.2559071183     0.2559071183    
==== Stage 2: Latent Domain PCL ====
epoch            total_loss       dis_loss         proto_loss       ent_pen_loss    
0                2.1964960098     1.8872199059     0.5981218815     0.0102151651    
Counter({np.int64(2): 1646, np.int64(0): 1513, np.int64(1): 1481})
==== Stage 3: Domain-invariant + HardNCE ====
epoch            total_loss       cls_loss         dis_loss         hard_loss       
0                1.2850198746     0.3730832934     0.5935754180     0.6367223263    
  Source acc: 0.985560  |  Target acc: 0.700000
  Best target acc: 0.768750

======== ROUND 9 ========  [Ablation: full]
==== Stage 1: SupCon Pre-training ====
epoch            total_loss       cls_loss        
0                0.2309492975     0.2309492975    
1                0.1834284514     0.1834284514    
==== Stage 2: Latent Domain PCL ====
epoch            total_loss       dis_loss         proto_loss       ent_pen_loss    
0                2.0398499966     1.7487792969     0.5617107153     0.0102151651    
Counter({np.int64(1): 1905, np.int64(2): 1476, np.int64(0): 1259})
==== Stage 3: Domain-invariant + HardNCE ====
epoch            total_loss       cls_loss         dis_loss         hard_loss       
0                1.4973356724     0.3419908285     0.8406245708     0.6294404268    
  Source acc: 0.991164  |  Target acc: 0.656250
  Best target acc: 0.768750

======== ROUND 10 ========  [Ablation: full]
==== Stage 1: SupCon Pre-training ====
epoch            total_loss       cls_loss        
0                0.1833989620     0.1833989620    
1                0.0559192412     0.0559192412    
==== Stage 2: Latent Domain PCL ====
epoch            total_loss       dis_loss         proto_loss       ent_pen_loss    
0                1.2129629850     0.8993111849     0.6267642975     0.0002696014    
Counter({np.int64(1): 1970, np.int64(2): 1782, np.int64(0): 888})
==== Stage 3: Domain-invariant + HardNCE ====
epoch            total_loss       cls_loss         dis_loss         hard_loss       
0                1.1083402634     0.1002493873     0.6864218712     0.6433380246    
  Source acc: 1.000000  |  Target acc: 0.768750
  Best target acc: 0.768750

======== ROUND 11 ========  [Ablation: full]
==== Stage 1: SupCon Pre-training ====
epoch            total_loss       cls_loss        
0                0.0312304720     0.0312304720    
1                0.0940375552     0.0940375552    
==== Stage 2: Latent Domain PCL ====
epoch            total_loss       dis_loss         proto_loss       ent_pen_loss    
0                0.9725335836     0.7886235714     0.2565761507     0.0556219406    
Counter({np.int64(1): 2051, np.int64(2): 1736, np.int64(0): 853})
==== Stage 3: Domain-invariant + HardNCE ====
epoch            total_loss       cls_loss         dis_loss         hard_loss       
0                1.1388335228     0.1963162720     0.6086118817     0.6678105593    
  Source acc: 1.000000  |  Target acc: 0.756250
  Best target acc: 0.768750

======== ROUND 12 ========  [Ablation: full]
==== Stage 1: SupCon Pre-training ====
epoch            total_loss       cls_loss        
0                0.0218540467     0.0218540467    
1                0.0156751331     0.0156751331    
==== Stage 2: Latent Domain PCL ====
epoch            total_loss       dis_loss         proto_loss       ent_pen_loss    
0                0.8690577149     0.7433037758     0.2387265116     0.0063906796    
Counter({np.int64(1): 1924, np.int64(2): 1734, np.int64(0): 982})
==== Stage 3: Domain-invariant + HardNCE ====
epoch            total_loss       cls_loss         dis_loss         hard_loss       
0                0.7812395692     0.0480360016     0.4072175920     0.6519719362    
  Source acc: 1.000000  |  Target acc: 0.743750
  Best target acc: 0.768750

======== ROUND 13 ========  [Ablation: full]
==== Stage 1: SupCon Pre-training ====
epoch            total_loss       cls_loss        
0                0.0115720434     0.0115720434    
1                0.1066291705     0.1066291705    
==== Stage 2: Latent Domain PCL ====
epoch            total_loss       dis_loss         proto_loss       ent_pen_loss    
0                0.8410452008     0.7453032732     0.1737915128     0.0088461619    
Counter({np.int64(1): 1925, np.int64(2): 1810, np.int64(0): 905})
==== Stage 3: Domain-invariant + HardNCE ====
epoch            total_loss       cls_loss         dis_loss         hard_loss       
0                0.8468149304     0.0296971947     0.5198359489     0.5945636034    
  Source acc: 1.000000  |  Target acc: 0.762500
  Best target acc: 0.768750

======== ROUND 14 ========  [Ablation: full]
==== Stage 1: SupCon Pre-training ====
epoch            total_loss       cls_loss        
0                0.0212311354     0.0212311354    
1                0.1173658818     0.1173658818    
==== Stage 2: Latent Domain PCL ====
epoch            total_loss       dis_loss         proto_loss       ent_pen_loss    
0                0.7478525043     0.5538370609     0.2936267853     0.0472020544    
Counter({np.int64(1): 1907, np.int64(2): 1701, np.int64(0): 1032})
==== Stage 3: Domain-invariant + HardNCE ====
epoch            total_loss       cls_loss         dis_loss         hard_loss       
0                0.9688882232     0.1144186556     0.5468545556     0.6152299643    
  Source acc: 1.000000  |  Target acc: 0.781250
  Best target acc: 0.781250

======== ROUND 15 ========  [Ablation: full]
==== Stage 1: SupCon Pre-training ====
epoch            total_loss       cls_loss        
0                0.1236469895     0.1236469895    
1                0.0060112374     0.0060112374    
==== Stage 2: Latent Domain PCL ====
epoch            total_loss       dis_loss         proto_loss       ent_pen_loss    
0                0.9743130803     0.8659880161     0.2062603533     0.0051949215    
Counter({np.int64(1): 1927, np.int64(2): 1764, np.int64(0): 949})
==== Stage 3: Domain-invariant + HardNCE ====
epoch            total_loss       cls_loss         dis_loss         hard_loss       
0                0.7587497234     0.1249940693     0.3418094218     0.5838925242    
  Source acc: 1.000000  |  Target acc: 0.743750
  Best target acc: 0.781250

======== ROUND 16 ========  [Ablation: full]
==== Stage 1: SupCon Pre-training ====
epoch            total_loss       cls_loss        
0                0.0196299329     0.0196299329    
1                0.0421264507     0.0421264507    
==== Stage 2: Latent Domain PCL ====
epoch            total_loss       dis_loss         proto_loss       ent_pen_loss    
0                1.0619663000     0.9520974159     0.1518536210     0.0339421555    
Counter({np.int64(1): 1921, np.int64(2): 1753, np.int64(0): 966})
==== Stage 3: Domain-invariant + HardNCE ====
epoch            total_loss       cls_loss         dis_loss         hard_loss       
0                0.8166643381     0.0457810163     0.4996630847     0.5424403548    
  Source acc: 1.000000  |  Target acc: 0.787500
  Best target acc: 0.787500

======== ROUND 17 ========  [Ablation: full]
==== Stage 1: SupCon Pre-training ====
epoch            total_loss       cls_loss        
0                0.0827973261     0.0827973261    
1                0.0666909665     0.0666909665    
==== Stage 2: Latent Domain PCL ====
epoch            total_loss       dis_loss         proto_loss       ent_pen_loss    
0                1.1483502388     0.9841327667     0.3246326149     0.0019012074    
Counter({np.int64(1): 1905, np.int64(2): 1807, np.int64(0): 928})
==== Stage 3: Domain-invariant + HardNCE ====
epoch            total_loss       cls_loss         dis_loss         hard_loss       
0                0.7262784243     0.0987905264     0.3546653688     0.5456450582    
  Source acc: 1.000000  |  Target acc: 0.756250
  Best target acc: 0.787500

======== ROUND 18 ========  [Ablation: full]
==== Stage 1: SupCon Pre-training ====
epoch            total_loss       cls_loss        
0                0.0127726775     0.0127726775    
1                0.1819170713     0.1819170713    
==== Stage 2: Latent Domain PCL ====
epoch            total_loss       dis_loss         proto_loss       ent_pen_loss    
0                0.9315876961     0.8361635208     0.1266370416     0.0321056955    
Counter({np.int64(1): 1877, np.int64(2): 1845, np.int64(0): 918})
==== Stage 3: Domain-invariant + HardNCE ====
epoch            total_loss       cls_loss         dis_loss         hard_loss       
0                1.1374586821     0.1323232353     0.6754264832     0.6594178677    
  Source acc: 1.000000  |  Target acc: 0.793750
  Best target acc: 0.793750

======== ROUND 19 ========  [Ablation: full]
==== Stage 1: SupCon Pre-training ====
epoch            total_loss       cls_loss        
0                0.1922605634     0.1922605634    
1                0.1521078050     0.1521078050    
==== Stage 2: Latent Domain PCL ====
epoch            total_loss       dis_loss         proto_loss       ent_pen_loss    
0                1.0994482040     0.9290006757     0.3262134790     0.0073407623    
Counter({np.int64(2): 1864, np.int64(1): 1863, np.int64(0): 913})
==== Stage 3: Domain-invariant + HardNCE ====
epoch            total_loss       cls_loss         dis_loss         hard_loss       
0                0.7641462088     0.1678676307     0.2980167866     0.5965236425    
  Source acc: 1.000000  |  Target acc: 0.768750
  Best target acc: 0.793750

======== ROUND 20 ========  [Ablation: full]
==== Stage 1: SupCon Pre-training ====
epoch            total_loss       cls_loss        
0                0.0087237768     0.0087237768    
1                0.0196600147     0.0196600147    
==== Stage 2: Latent Domain PCL ====
epoch            total_loss       dis_loss         proto_loss       ent_pen_loss    
0                0.7524774075     0.6651992798     0.1486140788     0.0129710762    
Counter({np.int64(2): 1915, np.int64(1): 1780, np.int64(0): 945})
==== Stage 3: Domain-invariant + HardNCE ====
epoch            total_loss       cls_loss         dis_loss         hard_loss       
0                0.9179000854     0.1146549433     0.5217845440     0.5629211664    
  Source acc: 1.000000  |  Target acc: 0.768750
  Best target acc: 0.793750

======== ROUND 21 ========  [Ablation: full]
==== Stage 1: SupCon Pre-training ====
epoch            total_loss       cls_loss        
0                0.0269147996     0.0269147996    
1                0.0057959286     0.0057959286    
==== Stage 2: Latent Domain PCL ====
epoch            total_loss       dis_loss         proto_loss       ent_pen_loss    
0                1.0117673874     0.8583939672     0.3046540022     0.0010464388    
Counter({np.int64(2): 1966, np.int64(1): 1611, np.int64(0): 1063})
==== Stage 3: Domain-invariant + HardNCE ====
epoch            total_loss       cls_loss         dis_loss         hard_loss       
0                0.9544994831     0.0653642714     0.5896419883     0.5989863276    
  Source acc: 1.000000  |  Target acc: 0.756250
  Best target acc: 0.793750

======== ROUND 22 ========  [Ablation: full]
==== Stage 1: SupCon Pre-training ====
epoch            total_loss       cls_loss        
0                0.0492590070     0.0492590070    
1                0.0541612655     0.0541612655    
==== Stage 2: Latent Domain PCL ====
epoch            total_loss       dis_loss         proto_loss       ent_pen_loss    
0                1.2765969038     1.1363414526     0.2658292949     0.0073407623    
Counter({np.int64(2): 2087, np.int64(1): 1358, np.int64(0): 1195})
==== Stage 3: Domain-invariant + HardNCE ====
epoch            total_loss       cls_loss         dis_loss         hard_loss       
0                1.2208110094     0.1067453772     0.8039570451     0.6202172637    
  Source acc: 1.000000  |  Target acc: 0.750000
  Best target acc: 0.793750

======== ROUND 23 ========  [Ablation: full]
==== Stage 1: SupCon Pre-training ====
epoch            total_loss       cls_loss        
0                0.0233265683     0.0233265683    
1                0.0078332582     0.0078332582    
==== Stage 2: Latent Domain PCL ====
epoch            total_loss       dis_loss         proto_loss       ent_pen_loss    
0                0.8635522127     0.6934848428     0.3297449350     0.0051949215    
Counter({np.int64(2): 2140, np.int64(0): 1303, np.int64(1): 1197})
==== Stage 3: Domain-invariant + HardNCE ====
epoch            total_loss       cls_loss         dis_loss         hard_loss       
0                1.1092889309     0.0295085832     0.7924938798     0.5745728612    
  Source acc: 1.000000  |  Target acc: 0.775000
  Best target acc: 0.793750

======== ROUND 24 ========  [Ablation: full]
==== Stage 1: SupCon Pre-training ====
epoch            total_loss       cls_loss        
0                0.0033455547     0.0033455547    
1                0.0446295924     0.0446295924    
==== Stage 2: Latent Domain PCL ====
epoch            total_loss       dis_loss         proto_loss       ent_pen_loss    
0                1.4652990103     1.1450680494     0.5571902990     0.0416358374    
Counter({np.int64(2): 2057, np.int64(0): 1417, np.int64(1): 1166})
==== Stage 3: Domain-invariant + HardNCE ====
epoch            total_loss       cls_loss         dis_loss         hard_loss       
0                0.9932005405     0.0234381147     0.6634688973     0.6125870943    
  Source acc: 1.000000  |  Target acc: 0.775000
  Best target acc: 0.793750

======== ROUND 25 ========  [Ablation: full]
==== Stage 1: SupCon Pre-training ====
epoch            total_loss       cls_loss        
0                0.0495187491     0.0495187491    
1                0.0385988727     0.0385988727    
==== Stage 2: Latent Domain PCL ====
epoch            total_loss       dis_loss         proto_loss       ent_pen_loss    
0                1.1326508522     0.8831163645     0.4952667952     0.0019012074    
Counter({np.int64(2): 2047, np.int64(0): 1529, np.int64(1): 1064})
==== Stage 3: Domain-invariant + HardNCE ====
epoch            total_loss       cls_loss         dis_loss         hard_loss       
0                1.2001419067     0.0780395120     0.8266258240     0.5909530520    
  Source acc: 1.000000  |  Target acc: 0.775000
  Best target acc: 0.793750

======== ROUND 26 ========  [Ablation: full]
==== Stage 1: SupCon Pre-training ====
epoch            total_loss       cls_loss        
0                0.1315886974     0.1315886974    
1                0.0596964434     0.0596964434    
==== Stage 2: Latent Domain PCL ====
epoch            total_loss       dis_loss         proto_loss       ent_pen_loss    
0                1.0551872253     0.8977184892     0.3143982887     0.0002696014    
Counter({np.int64(2): 2042, np.int64(0): 1555, np.int64(1): 1043})
==== Stage 3: Domain-invariant + HardNCE ====
epoch            total_loss       cls_loss         dis_loss         hard_loss       
0                1.2672886848     0.0841254145     0.8630937934     0.6401388645    
  Source acc: 1.000000  |  Target acc: 0.750000
  Best target acc: 0.793750

======== ROUND 27 ========  [Ablation: full]
==== Stage 1: SupCon Pre-training ====
epoch            total_loss       cls_loss        
0                0.0118371844     0.0118371844    
1                0.0050555598     0.0050555598    
==== Stage 2: Latent Domain PCL ====
epoch            total_loss       dis_loss         proto_loss       ent_pen_loss    
0                1.1396731138     1.0331035852     0.1842739582     0.0144325616    
Counter({np.int64(2): 2009, np.int64(0): 1603, np.int64(1): 1028})
==== Stage 3: Domain-invariant + HardNCE ====
epoch            total_loss       cls_loss         dis_loss         hard_loss       
0                1.5327470303     0.0531435460     1.1944687366     0.5702695847    
  Source acc: 1.000000  |  Target acc: 0.768750
  Best target acc: 0.793750

======== ROUND 28 ========  [Ablation: full]
==== Stage 1: SupCon Pre-training ====
epoch            total_loss       cls_loss        
0                0.0035297656     0.0035297656    
1                0.0369938873     0.0369938873    
==== Stage 2: Latent Domain PCL ====
epoch            total_loss       dis_loss         proto_loss       ent_pen_loss    
0                1.1539033651     0.9363965392     0.3334407806     0.0507864021    
Counter({np.int64(2): 1986, np.int64(0): 1607, np.int64(1): 1047})
==== Stage 3: Domain-invariant + HardNCE ====
epoch            total_loss       cls_loss         dis_loss         hard_loss       
0                1.3948287964     0.0390717462     1.0703042746     0.5709055662    
  Source acc: 1.000000  |  Target acc: 0.743750
  Best target acc: 0.793750

======== ROUND 29 ========  [Ablation: full]
==== Stage 1: SupCon Pre-training ====
epoch            total_loss       cls_loss        
0                0.0513501838     0.0513501838    
1                0.0609319098     0.0609319098    
==== Stage 2: Latent Domain PCL ====
epoch            total_loss       dis_loss         proto_loss       ent_pen_loss    
0                1.3140320778     1.0855515003     0.3789937496     0.0389836691    
Counter({np.int64(2): 1922, np.int64(0): 1707, np.int64(1): 1011})
==== Stage 3: Domain-invariant + HardNCE ====
epoch            total_loss       cls_loss         dis_loss         hard_loss       
0                1.3498579264     0.0790741146     0.9665824771     0.6084027290    
  Source acc: 1.000000  |  Target acc: 0.756250
  Best target acc: 0.793750

======== ROUND 30 ========  [Ablation: full]
==== Stage 1: SupCon Pre-training ====
epoch            total_loss       cls_loss        
0                0.0366971120     0.0366971120    
1                0.0196543243     0.0196543243    
==== Stage 2: Latent Domain PCL ====
epoch            total_loss       dis_loss         proto_loss       ent_pen_loss    
0                0.9420255423     0.8305286169     0.1928146482     0.0150896376    
Counter({np.int64(2): 1812, np.int64(0): 1756, np.int64(1): 1072})
==== Stage 3: Domain-invariant + HardNCE ====
epoch            total_loss       cls_loss         dis_loss         hard_loss       
0                1.5036087036     0.0896135867     1.0869101286     0.6541700363    
  Source acc: 1.000000  |  Target acc: 0.762500
  Best target acc: 0.793750

======== ROUND 31 ========  [Ablation: full]
==== Stage 1: SupCon Pre-training ====
epoch            total_loss       cls_loss        
0                0.0316318609     0.0316318609    
1                0.0063474793     0.0063474793    
==== Stage 2: Latent Domain PCL ====
epoch            total_loss       dis_loss         proto_loss       ent_pen_loss    
0                1.1299827099     1.0539686680     0.1482258737     0.0019012074    
Counter({np.int64(0): 1805, np.int64(2): 1757, np.int64(1): 1078})
==== Stage 3: Domain-invariant + HardNCE ====
epoch            total_loss       cls_loss         dis_loss         hard_loss       
0                1.0989547968     0.0621002167     0.7240960598     0.6255170107    
  Source acc: 1.000000  |  Target acc: 0.768750
  Best target acc: 0.793750

======== ROUND 32 ========  [Ablation: full]
==== Stage 1: SupCon Pre-training ====
epoch            total_loss       cls_loss        
0                0.0447068959     0.0447068959    
1                0.0316189490     0.0316189490    
==== Stage 2: Latent Domain PCL ====
epoch            total_loss       dis_loss         proto_loss       ent_pen_loss    
0                1.3231641054     1.1158049107     0.3805810213     0.0170687120    
Counter({np.int64(0): 1852, np.int64(2): 1704, np.int64(1): 1084})
==== Stage 3: Domain-invariant + HardNCE ====
epoch            total_loss       cls_loss         dis_loss         hard_loss       
0                1.4708845615     0.0914846510     1.0442514420     0.6702969670    
  Source acc: 1.000000  |  Target acc: 0.768750
  Best target acc: 0.793750

======== ROUND 33 ========  [Ablation: full]
==== Stage 1: SupCon Pre-training ====
epoch            total_loss       cls_loss        
0                0.0071329116     0.0071329116    
1                0.0266384631     0.0266384631    
==== Stage 2: Latent Domain PCL ====
epoch            total_loss       dis_loss         proto_loss       ent_pen_loss    
0                1.1504057646     0.9598690271     0.3706835806     0.0051949215    
Counter({np.int64(0): 1940, np.int64(2): 1659, np.int64(1): 1041})
==== Stage 3: Domain-invariant + HardNCE ====
epoch            total_loss       cls_loss         dis_loss         hard_loss       
0                1.2404158115     0.0378625654     0.9522886872     0.5005290508    
  Source acc: 1.000000  |  Target acc: 0.743750
  Best target acc: 0.793750

======== ROUND 34 ========  [Ablation: full]
==== Stage 1: SupCon Pre-training ====
epoch            total_loss       cls_loss        
0                0.0021891547     0.0021891547    
1                0.0062176269     0.0062176269    
==== Stage 2: Latent Domain PCL ====
epoch            total_loss       dis_loss         proto_loss       ent_pen_loss    
0                1.0401105881     0.9962651730     0.0838884488     0.0019012074    
Counter({np.int64(0): 1964, np.int64(2): 1588, np.int64(1): 1088})
==== Stage 3: Domain-invariant + HardNCE ====
epoch            total_loss       cls_loss         dis_loss         hard_loss       
0                1.5542049408     0.0297141019     1.2607660294     0.5274497271    
  Source acc: 1.000000  |  Target acc: 0.775000
  Best target acc: 0.793750

======== ROUND 35 ========  [Ablation: full]
==== Stage 1: SupCon Pre-training ====
epoch            total_loss       cls_loss        
0                0.0061828373     0.0061828373    
1                0.1262771189     0.1262771189    
==== Stage 2: Latent Domain PCL ====
epoch            total_loss       dis_loss         proto_loss       ent_pen_loss    
0                1.0334582329     0.8380443454     0.3689247966     0.0109514743    
Counter({np.int64(0): 1950, np.int64(2): 1615, np.int64(1): 1075})
==== Stage 3: Domain-invariant + HardNCE ====
epoch            total_loss       cls_loss         dis_loss         hard_loss       
0                1.5420649052     0.0103103817     1.2241578102     0.6151932478    
  Source acc: 1.000000  |  Target acc: 0.743750
  Best target acc: 0.793750

======== ROUND 36 ========  [Ablation: full]
==== Stage 1: SupCon Pre-training ====
epoch            total_loss       cls_loss        
0                0.0078069232     0.0078069232    
1                0.0034129077     0.0034129077    
==== Stage 2: Latent Domain PCL ====
epoch            total_loss       dis_loss         proto_loss       ent_pen_loss    
0                1.1459256411     1.0280565023     0.2319360822     0.0019012074    
Counter({np.int64(0): 1989, np.int64(2): 1526, np.int64(1): 1125})
==== Stage 3: Domain-invariant + HardNCE ====
epoch            total_loss       cls_loss         dis_loss         hard_loss       
0                1.2075370550     0.0354136303     0.8457130790     0.6528207064    
  Source acc: 1.000000  |  Target acc: 0.768750
  Best target acc: 0.793750

======== ROUND 37 ========  [Ablation: full]
==== Stage 1: SupCon Pre-training ====
epoch            total_loss       cls_loss        
0                0.0071745142     0.0071745142    
1                0.0130106797     0.0130106797    
==== Stage 2: Latent Domain PCL ====
epoch            total_loss       dis_loss         proto_loss       ent_pen_loss    
0                1.7779825926     1.5892269611     0.3556082845     0.0109514743    
Counter({np.int64(0): 2046, np.int64(2): 1470, np.int64(1): 1124})
==== Stage 3: Domain-invariant + HardNCE ====
epoch            total_loss       cls_loss         dis_loss         hard_loss       
0                1.2046117783     0.0404175706     0.8626977801     0.6029930115    
  Source acc: 1.000000  |  Target acc: 0.775000
  Best target acc: 0.793750

======== ROUND 38 ========  [Ablation: full]
==== Stage 1: SupCon Pre-training ====
epoch            total_loss       cls_loss        
0                0.0083395652     0.0083395652    
1                0.0855379850     0.0855379850    
==== Stage 2: Latent Domain PCL ====
epoch            total_loss       dis_loss         proto_loss       ent_pen_loss    
0                1.2984199524     0.9933494925     0.5459295511     0.0321056955    
Counter({np.int64(0): 2024, np.int64(2): 1419, np.int64(1): 1197})
==== Stage 3: Domain-invariant + HardNCE ====
epoch            total_loss       cls_loss         dis_loss         hard_loss       
0                1.4905608892     0.1319739670     1.0813322067     0.5545094013    
  Source acc: 1.000000  |  Target acc: 0.768750
  Best target acc: 0.793750

======== ROUND 39 ========  [Ablation: full]
==== Stage 1: SupCon Pre-training ====
epoch            total_loss       cls_loss        
0                0.0157195330     0.0157195330    
1                0.0029766820     0.0029766820    
==== Stage 2: Latent Domain PCL ====
epoch            total_loss       dis_loss         proto_loss       ent_pen_loss    
0                1.0718206167     0.8815001249     0.3546990156     0.0129710762    
Counter({np.int64(0): 2103, np.int64(2): 1322, np.int64(1): 1215})
==== Stage 3: Domain-invariant + HardNCE ====
epoch            total_loss       cls_loss         dis_loss         hard_loss       
0                1.0721193552     0.0145006534     0.7658224702     0.5835924149    
  Source acc: 1.000000  |  Target acc: 0.756250
  Best target acc: 0.793750

======== ROUND 40 ========  [Ablation: full]
==== Stage 1: SupCon Pre-training ====
epoch            total_loss       cls_loss        
0                0.0771431774     0.0771431774    
1                0.0269874632     0.0269874632    
==== Stage 2: Latent Domain PCL ====
epoch            total_loss       dis_loss         proto_loss       ent_pen_loss    
0                0.9691411257     0.7967725992     0.2846359611     0.0300505292    
Counter({np.int64(0): 2079, np.int64(2): 1309, np.int64(1): 1252})
==== Stage 3: Domain-invariant + HardNCE ====
epoch            total_loss       cls_loss         dis_loss         hard_loss       
0                1.2645897865     0.0289081484     0.9350199103     0.6013234854    
  Source acc: 1.000000  |  Target acc: 0.743750
  Best target acc: 0.793750

======== ROUND 41 ========  [Ablation: full]
==== Stage 1: SupCon Pre-training ====
epoch            total_loss       cls_loss        
0                0.0049447194     0.0049447194    
1                0.0079350090     0.0079350090    
==== Stage 2: Latent Domain PCL ====
epoch            total_loss       dis_loss         proto_loss       ent_pen_loss    
0                1.0344853401     0.8782616854     0.2905441821     0.0109514743    
Counter({np.int64(0): 2084, np.int64(2): 1283, np.int64(1): 1273})
==== Stage 3: Domain-invariant + HardNCE ====
epoch            total_loss       cls_loss         dis_loss         hard_loss       
0                1.3863880634     0.0166375041     1.0720808506     0.5953394175    
  Source acc: 1.000000  |  Target acc: 0.743750
  Best target acc: 0.793750

======== ROUND 42 ========  [Ablation: full]
==== Stage 1: SupCon Pre-training ====
epoch            total_loss       cls_loss        
0                0.0050158342     0.0050158342    
1                0.0032539500     0.0032539500    
==== Stage 2: Latent Domain PCL ====
epoch            total_loss       dis_loss         proto_loss       ent_pen_loss    
0                1.2649781704     1.1148419380     0.2401715517     0.0300505292    
Counter({np.int64(0): 2094, np.int64(1): 1285, np.int64(2): 1261})
==== Stage 3: Domain-invariant + HardNCE ====
epoch            total_loss       cls_loss         dis_loss         hard_loss       
0                1.2130520344     0.0268543176     0.8914520741     0.5894913673    
  Source acc: 1.000000  |  Target acc: 0.743750
  Best target acc: 0.793750

======== ROUND 43 ========  [Ablation: full]
==== Stage 1: SupCon Pre-training ====
epoch            total_loss       cls_loss        
0                0.0789316967     0.0789316967    
1                0.0523245111     0.0523245111    
==== Stage 2: Latent Domain PCL ====
epoch            total_loss       dis_loss         proto_loss       ent_pen_loss    
0                1.0261512995     0.9257652760     0.1860904992     0.0073407623    
Counter({np.int64(0): 2107, np.int64(1): 1322, np.int64(2): 1211})
==== Stage 3: Domain-invariant + HardNCE ====
epoch            total_loss       cls_loss         dis_loss         hard_loss       
0                1.0025036335     0.0136407297     0.7185169458     0.5406918526    
  Source acc: 1.000000  |  Target acc: 0.775000
  Best target acc: 0.793750

======== ROUND 44 ========  [Ablation: full]
==== Stage 1: SupCon Pre-training ====
epoch            total_loss       cls_loss        
0                0.0099833673     0.0099833673    
1                0.0040253424     0.0040253424    
==== Stage 2: Latent Domain PCL ====
epoch            total_loss       dis_loss         proto_loss       ent_pen_loss    
0                0.9462801218     0.8564609289     0.1340085268     0.0228149444    
Counter({np.int64(0): 2114, np.int64(1): 1330, np.int64(2): 1196})
==== Stage 3: Domain-invariant + HardNCE ====
epoch            total_loss       cls_loss         dis_loss         hard_loss       
0                1.0303757191     0.0466102734     0.6855159402     0.5964988470    
  Source acc: 1.000000  |  Target acc: 0.737500
  Best target acc: 0.793750

======== ROUND 45 ========  [Ablation: full]
==== Stage 1: SupCon Pre-training ====
epoch            total_loss       cls_loss        
0                0.0022343495     0.0022343495    
1                0.0035618434     0.0035618434    
==== Stage 2: Latent Domain PCL ====
epoch            total_loss       dis_loss         proto_loss       ent_pen_loss    
0                1.2769445181     1.0169206858     0.4420803487     0.0389836691    
Counter({np.int64(0): 2101, np.int64(1): 1410, np.int64(2): 1129})
==== Stage 3: Domain-invariant + HardNCE ====
epoch            total_loss       cls_loss         dis_loss         hard_loss       
0                1.3066880703     0.0201271214     0.9891251326     0.5948716402    
  Source acc: 1.000000  |  Target acc: 0.750000
  Best target acc: 0.793750

======== ROUND 46 ========  [Ablation: full]
==== Stage 1: SupCon Pre-training ====
epoch            total_loss       cls_loss        
0                0.0487774871     0.0487774871    
1                0.0034532587     0.0034532587    
==== Stage 2: Latent Domain PCL ====
epoch            total_loss       dis_loss         proto_loss       ent_pen_loss    
0                1.2017978430     1.0857445002     0.2315674573     0.0002696014    
Counter({np.int64(0): 2095, np.int64(1): 1474, np.int64(2): 1071})
==== Stage 3: Domain-invariant + HardNCE ====
epoch            total_loss       cls_loss         dis_loss         hard_loss       
0                0.9234845638     0.0209516827     0.5749469995     0.6551718116    
  Source acc: 1.000000  |  Target acc: 0.775000
  Best target acc: 0.793750

======== ROUND 47 ========  [Ablation: full]
==== Stage 1: SupCon Pre-training ====
epoch            total_loss       cls_loss        
0                0.0157378279     0.0157378279    
1                0.1337121427     0.1337121427    
==== Stage 2: Latent Domain PCL ====
epoch            total_loss       dis_loss         proto_loss       ent_pen_loss    
0                0.8050589561     0.7105344534     0.1852465868     0.0019012074    
Counter({np.int64(0): 2104, np.int64(1): 1520, np.int64(2): 1016})
==== Stage 3: Domain-invariant + HardNCE ====
epoch            total_loss       cls_loss         dis_loss         hard_loss       
0                0.9112339616     0.0282048788     0.6032372117     0.5595837831    
  Source acc: 1.000000  |  Target acc: 0.750000
  Best target acc: 0.793750

======== ROUND 48 ========  [Ablation: full]
==== Stage 1: SupCon Pre-training ====
epoch            total_loss       cls_loss        
0                0.0130098984     0.0130098984    
1                0.0051843906     0.0051843906    
==== Stage 2: Latent Domain PCL ====
epoch            total_loss       dis_loss         proto_loss       ent_pen_loss    
0                0.9115406275     0.8178321719     0.1278579831     0.0297794305    
Counter({np.int64(0): 2124, np.int64(1): 1507, np.int64(2): 1009})
==== Stage 3: Domain-invariant + HardNCE ====
epoch            total_loss       cls_loss         dis_loss         hard_loss       
0                0.9994854927     0.0821641535     0.6151990294     0.6042445898    
  Source acc: 1.000000  |  Target acc: 0.756250
  Best target acc: 0.793750

======== ROUND 49 ========  [Ablation: full]
==== Stage 1: SupCon Pre-training ====
epoch            total_loss       cls_loss        
0                0.0061257533     0.0061257533    
1                0.0106007326     0.0106007326    
==== Stage 2: Latent Domain PCL ====
epoch            total_loss       dis_loss         proto_loss       ent_pen_loss    
0                1.1975703239     1.0718429089     0.2446749359     0.0033900046    
Counter({np.int64(0): 2179, np.int64(1): 1506, np.int64(2): 955})
==== Stage 3: Domain-invariant + HardNCE ====
epoch            total_loss       cls_loss         dis_loss         hard_loss       
0                1.0177714825     0.0421100520     0.7067697644     0.5377833247    
  Source acc: 1.000000  |  Target acc: 0.768750
  Best target acc: 0.793750
[ConfMatrix] saved to log/main_xrf_louo_u18_s0 (cm shape=(8, 8))

Results saved to log/main_xrf_louo_u18_s0
acc.txt: log/main_xrf_louo_u18_s0/acc.txt
bestacc.txt: log/main_xrf_louo_u18_s0/bestacc.txt
