[Seed] global random seed set to 3

[Ablation Mode] full
[XRF55Dataset] loaded 3840 samples from 1 dirs
[XRF55Dataset] loaded 960 samples from 1 dirs
[XRF55Dataset] loaded 3840 samples from 1 dirs
Train set size: 3840 samples, 120 batches
Test set size:  960 samples, 30 batches
Source eval size: 3840 samples

[Direction Sensitivity] Manual weights (dir_w=0.5): {0: 0.0, 1: 0.5, 2: 0.5, 3: 0.5, 4: 0.5, 5: 0.5, 6: 0.5, 7: 0.5}

======== ROUND 0 ========  [Ablation: full]
==== Stage 1: SupCon Pre-training ====
epoch            total_loss       cls_loss         supcon_loss     
0                4.4187107086     1.5985877514     5.6402463913    
1                4.3224706650     1.2721135616     6.1007146835    
==== Stage 2: Latent Domain PCL ====
epoch            total_loss       dis_loss         proto_loss       ent_pen_loss    
0                2.5367124081     2.2367124557     0.0000000000     0.3000000119    
Counter({np.int64(2): 1527, np.int64(1): 1400, np.int64(0): 913})
==== Stage 3: Domain-invariant + HardNCE ====
epoch            total_loss       cls_loss         dis_loss         hard_loss       
0                1.7247574329     0.5404135585     0.5944316983     0.6554579735    
  Source acc: 0.633333  |  Target acc: 0.460417
  Best target acc: 0.460417

======== ROUND 1 ========  [Ablation: full]
==== Stage 1: SupCon Pre-training ====
epoch            total_loss       cls_loss         supcon_loss     
0                3.9314815998     0.8975872993     6.0677886009    
1                4.0639271736     1.1152195930     5.8974151611    
==== Stage 2: Latent Domain PCL ====
epoch            total_loss       dis_loss         proto_loss       ent_pen_loss    
0                1.8890475035     1.6548411846     0.4341103137     0.0171511024    
Counter({np.int64(2): 1557, np.int64(1): 1357, np.int64(0): 926})
==== Stage 3: Domain-invariant + HardNCE ====
epoch            total_loss       cls_loss         dis_loss         hard_loss       
0                1.9435310364     0.7010385990     0.6336137652     0.6765317321    
  Source acc: 0.861458  |  Target acc: 0.497917
  Best target acc: 0.497917

======== ROUND 2 ========  [Ablation: full]
==== Stage 1: SupCon Pre-training ====
epoch            total_loss       cls_loss         supcon_loss     
0                3.2092778683     0.4107062519     5.5971431732    
1                3.5359964371     0.5948973894     5.8821983337    
==== Stage 2: Latent Domain PCL ====
epoch            total_loss       dis_loss         proto_loss       ent_pen_loss    
0                2.1209964752     1.9196393490     0.3684120774     0.0171511024    
Counter({np.int64(2): 1415, np.int64(0): 1234, np.int64(1): 1191})
==== Stage 3: Domain-invariant + HardNCE ====
epoch            total_loss       cls_loss         dis_loss         hard_loss       
0                1.9950845242     0.5161192417     0.8763594627     0.6695619822    
  Source acc: 0.927344  |  Target acc: 0.566667
  Best target acc: 0.566667

======== ROUND 3 ========  [Ablation: full]
==== Stage 1: SupCon Pre-training ====
epoch            total_loss       cls_loss        
0                0.4109963775     0.4109963775    
1                0.2049438059     0.2049438059    
==== Stage 2: Latent Domain PCL ====
epoch            total_loss       dis_loss         proto_loss       ent_pen_loss    
0                2.0980045795     1.8229137659     0.5355004072     0.0073407623    
Counter({np.int64(0): 1417, np.int64(2): 1327, np.int64(1): 1096})
==== Stage 3: Domain-invariant + HardNCE ====
epoch            total_loss       cls_loss         dis_loss         hard_loss       
0                1.7449417114     0.4891145825     0.6832853556     0.6361574531    
  Source acc: 0.926823  |  Target acc: 0.562500
  Best target acc: 0.566667

======== ROUND 4 ========  [Ablation: full]
==== Stage 1: SupCon Pre-training ====
epoch            total_loss       cls_loss        
0                0.3115157485     0.3115157485    
1                0.4042688608     0.4042688608    
==== Stage 2: Latent Domain PCL ====
epoch            total_loss       dis_loss         proto_loss       ent_pen_loss    
0                1.7130832672     1.5575727224     0.3006313443     0.0051949215    
Counter({np.int64(1): 1456, np.int64(2): 1282, np.int64(0): 1102})
==== Stage 3: Domain-invariant + HardNCE ====
epoch            total_loss       cls_loss         dis_loss         hard_loss       
0                1.6406202316     0.3575194478     0.7360748649     0.6078066826    
  Source acc: 0.963802  |  Target acc: 0.592708
  Best target acc: 0.592708

======== ROUND 5 ========  [Ablation: full]
==== Stage 1: SupCon Pre-training ====
epoch            total_loss       cls_loss        
0                0.1516160220     0.1516160220    
1                0.1575602442     0.1575602442    
==== Stage 2: Latent Domain PCL ====
epoch            total_loss       dis_loss         proto_loss       ent_pen_loss    
0                2.2145378590     1.8539582491     0.7034670115     0.0088461619    
Counter({np.int64(1): 1679, np.int64(0): 1098, np.int64(2): 1063})
==== Stage 3: Domain-invariant + HardNCE ====
epoch            total_loss       cls_loss         dis_loss         hard_loss       
0                1.5280048847     0.3115844131     0.7052885294     0.5679243803    
  Source acc: 0.971875  |  Target acc: 0.547917
  Best target acc: 0.592708

======== ROUND 6 ========  [Ablation: full]
==== Stage 1: SupCon Pre-training ====
epoch            total_loss       cls_loss        
0                0.3266674280     0.3266674280    
1                0.3741306067     0.3741306067    
==== Stage 2: Latent Domain PCL ====
epoch            total_loss       dis_loss         proto_loss       ent_pen_loss    
0                1.7527384758     1.6494748592     0.1937458068     0.0063906796    
Counter({np.int64(1): 1590, np.int64(0): 1132, np.int64(2): 1118})
==== Stage 3: Domain-invariant + HardNCE ====
epoch            total_loss       cls_loss         dis_loss         hard_loss       
0                1.4688360691     0.3889219761     0.5634309053     0.5738701820    
  Source acc: 0.982812  |  Target acc: 0.596875
  Best target acc: 0.596875

======== ROUND 7 ========  [Ablation: full]
==== Stage 1: SupCon Pre-training ====
epoch            total_loss       cls_loss        
0                0.0585940331     0.0585940331    
1                0.2373805046     0.2373805046    
==== Stage 2: Latent Domain PCL ====
epoch            total_loss       dis_loss         proto_loss       ent_pen_loss    
0                2.0809831619     1.8815827370     0.3768980205     0.0109514743    
Counter({np.int64(1): 1474, np.int64(0): 1394, np.int64(2): 972})
==== Stage 3: Domain-invariant + HardNCE ====
epoch            total_loss       cls_loss         dis_loss         hard_loss       
0                1.5864446163     0.2358344197     0.7792774439     0.6348142028    
  Source acc: 0.978385  |  Target acc: 0.566667
  Best target acc: 0.596875

======== ROUND 8 ========  [Ablation: full]
==== Stage 1: SupCon Pre-training ====
epoch            total_loss       cls_loss        
0                0.0406373180     0.0406373180    
1                0.0841829032     0.0841829032    
==== Stage 2: Latent Domain PCL ====
epoch            total_loss       dis_loss         proto_loss       ent_pen_loss    
0                1.8998415470     1.8148832321     0.1439744383     0.0129710762    
Counter({np.int64(1): 1598, np.int64(0): 1471, np.int64(2): 771})
==== Stage 3: Domain-invariant + HardNCE ====
epoch            total_loss       cls_loss         dis_loss         hard_loss       
0                1.2518417835     0.2588784695     0.4430529773     0.6110113859    
  Source acc: 0.988281  |  Target acc: 0.581250
  Best target acc: 0.596875

======== ROUND 9 ========  [Ablation: full]
==== Stage 1: SupCon Pre-training ====
epoch            total_loss       cls_loss        
0                0.0624519363     0.0624519363    
1                0.1431197822     0.1431197822    
==== Stage 2: Latent Domain PCL ====
epoch            total_loss       dis_loss         proto_loss       ent_pen_loss    
0                1.9971504211     1.6791501045     0.5917907953     0.0221049711    
Counter({np.int64(1): 1927, np.int64(0): 1117, np.int64(2): 796})
==== Stage 3: Domain-invariant + HardNCE ====
epoch            total_loss       cls_loss         dis_loss         hard_loss       
0                1.4635640383     0.4194918573     0.5942592025     0.4997922182    
  Source acc: 0.978906  |  Target acc: 0.565625
  Best target acc: 0.596875

======== ROUND 10 ========  [Ablation: full]
==== Stage 1: SupCon Pre-training ====
epoch            total_loss       cls_loss        
0                0.1225451604     0.1225451604    
1                0.0231110808     0.0231110808    
==== Stage 2: Latent Domain PCL ====
epoch            total_loss       dis_loss         proto_loss       ent_pen_loss    
0                1.1503165960     1.0000150204     0.2664657533     0.0170687437    
Counter({np.int64(2): 1378, np.int64(1): 1372, np.int64(0): 1090})
==== Stage 3: Domain-invariant + HardNCE ====
epoch            total_loss       cls_loss         dis_loss         hard_loss       
0                2.0499820709     0.0615839586     1.4481247663     0.6003036499    
  Source acc: 1.000000  |  Target acc: 0.617708
  Best target acc: 0.617708

======== ROUND 11 ========  [Ablation: full]
==== Stage 1: SupCon Pre-training ====
epoch            total_loss       cls_loss        
0                0.0225709379     0.0225709379    
1                0.1176393032     0.1176393032    
==== Stage 2: Latent Domain PCL ====
epoch            total_loss       dis_loss         proto_loss       ent_pen_loss    
0                1.2430883646     1.0967557430     0.2707621455     0.0109514743    
Counter({np.int64(2): 1554, np.int64(1): 1334, np.int64(0): 952})
==== Stage 3: Domain-invariant + HardNCE ====
epoch            total_loss       cls_loss         dis_loss         hard_loss       
0                1.5425174236     0.0767030567     0.9019064307     0.6265644431    
  Source acc: 1.000000  |  Target acc: 0.613542
  Best target acc: 0.617708

======== ROUND 12 ========  [Ablation: full]
==== Stage 1: SupCon Pre-training ====
epoch            total_loss       cls_loss        
0                0.0384409204     0.0384409204    
1                0.0616145395     0.0616145395    
==== Stage 2: Latent Domain PCL ====
epoch            total_loss       dis_loss         proto_loss       ent_pen_loss    
0                1.3744355440     1.0700893402     0.5679045916     0.0203939695    
Counter({np.int64(2): 1623, np.int64(1): 1460, np.int64(0): 757})
==== Stage 3: Domain-invariant + HardNCE ====
epoch            total_loss       cls_loss         dis_loss         hard_loss       
0                1.4193086624     0.0286025722     0.8637450933     0.5855122805    
  Source acc: 1.000000  |  Target acc: 0.611458
  Best target acc: 0.617708

======== ROUND 13 ========  [Ablation: full]
==== Stage 1: SupCon Pre-training ====
epoch            total_loss       cls_loss        
0                0.0481887795     0.0481887795    
1                0.0241590589     0.0241590589    
==== Stage 2: Latent Domain PCL ====
epoch            total_loss       dis_loss         proto_loss       ent_pen_loss    
0                1.3965623379     1.1749217510     0.4427419305     0.0002696014    
Counter({np.int64(2): 1702, np.int64(1): 1407, np.int64(0): 731})
==== Stage 3: Domain-invariant + HardNCE ====
epoch            total_loss       cls_loss         dis_loss         hard_loss       
0                1.2115066051     0.0759217590     0.6358972788     0.5552083254    
  Source acc: 1.000000  |  Target acc: 0.616667
  Best target acc: 0.617708

======== ROUND 14 ========  [Ablation: full]
==== Stage 1: SupCon Pre-training ====
epoch            total_loss       cls_loss        
0                0.0981144384     0.0981144384    
1                0.0681618601     0.0681618601    
==== Stage 2: Latent Domain PCL ====
epoch            total_loss       dis_loss         proto_loss       ent_pen_loss    
0                1.6512854099     1.5122646093     0.2312972844     0.0233721174    
Counter({np.int64(2): 1735, np.int64(1): 1425, np.int64(0): 680})
==== Stage 3: Domain-invariant + HardNCE ====
epoch            total_loss       cls_loss         dis_loss         hard_loss       
0                1.1819689274     0.0559731536     0.6143213511     0.5685271025    
  Source acc: 1.000000  |  Target acc: 0.606250
  Best target acc: 0.617708

======== ROUND 15 ========  [Ablation: full]
==== Stage 1: SupCon Pre-training ====
epoch            total_loss       cls_loss        
0                0.0229049847     0.0229049847    
1                0.0135854827     0.0135854827    
==== Stage 2: Latent Domain PCL ====
epoch            total_loss       dis_loss         proto_loss       ent_pen_loss    
0                2.5065617561     2.4242920876     0.1468474567     0.0088461619    
Counter({np.int64(1): 1584, np.int64(2): 1502, np.int64(0): 754})
==== Stage 3: Domain-invariant + HardNCE ====
epoch            total_loss       cls_loss         dis_loss         hard_loss       
0                1.5728158951     0.0154701937     1.0826727152     0.5274145603    
  Source acc: 1.000000  |  Target acc: 0.608333
  Best target acc: 0.617708

======== ROUND 16 ========  [Ablation: full]
==== Stage 1: SupCon Pre-training ====
epoch            total_loss       cls_loss        
0                0.0563096702     0.0563096702    
1                0.0110026924     0.0110026924    
==== Stage 2: Latent Domain PCL ====
epoch            total_loss       dis_loss         proto_loss       ent_pen_loss    
0                2.5281980038     2.2868647575     0.4758865833     0.0033900046    
Counter({np.int64(2): 1546, np.int64(1): 1405, np.int64(0): 889})
==== Stage 3: Domain-invariant + HardNCE ====
epoch            total_loss       cls_loss         dis_loss         hard_loss       
0                1.2346706390     0.1315484196     0.5882800817     0.5720468760    
  Source acc: 1.000000  |  Target acc: 0.637500
  Best target acc: 0.637500

======== ROUND 17 ========  [Ablation: full]
==== Stage 1: SupCon Pre-training ====
epoch            total_loss       cls_loss        
0                0.0167417284     0.0167417284    
1                0.0369959511     0.0369959511    
==== Stage 2: Latent Domain PCL ====
epoch            total_loss       dis_loss         proto_loss       ent_pen_loss    
0                2.6804482937     2.5124008656     0.2858797610     0.0251076967    
Counter({np.int64(2): 1503, np.int64(1): 1419, np.int64(0): 918})
==== Stage 3: Domain-invariant + HardNCE ====
epoch            total_loss       cls_loss         dis_loss         hard_loss       
0                1.4744431973     0.0651153922     0.8979758024     0.5681688786    
  Source acc: 1.000000  |  Target acc: 0.629167
  Best target acc: 0.637500

======== ROUND 18 ========  [Ablation: full]
==== Stage 1: SupCon Pre-training ====
epoch            total_loss       cls_loss        
0                0.1344739199     0.1344739199    
1                0.0134582184     0.0134582184    
==== Stage 2: Latent Domain PCL ====
epoch            total_loss       dis_loss         proto_loss       ent_pen_loss    
0                2.0368633270     1.9963721037     0.0771799535     0.0019012074    
Counter({np.int64(2): 1558, np.int64(1): 1369, np.int64(0): 913})
==== Stage 3: Domain-invariant + HardNCE ====
epoch            total_loss       cls_loss         dis_loss         hard_loss       
0                0.9961180687     0.0507240370     0.4963397384     0.4989492297    
  Source acc: 1.000000  |  Target acc: 0.620833
  Best target acc: 0.637500

======== ROUND 19 ========  [Ablation: full]
==== Stage 1: SupCon Pre-training ====
epoch            total_loss       cls_loss        
0                0.0289855748     0.0289855748    
1                0.0154966880     0.0154966880    
==== Stage 2: Latent Domain PCL ====
epoch            total_loss       dis_loss         proto_loss       ent_pen_loss    
0                2.3164443970     2.2229740620     0.1567610800     0.0150896702    
Counter({np.int64(2): 1577, np.int64(1): 1250, np.int64(0): 1013})
==== Stage 3: Domain-invariant + HardNCE ====
epoch            total_loss       cls_loss         dis_loss         hard_loss       
0                1.4098598957     0.0410195440     0.8151801229     0.6151781082    
  Source acc: 1.000000  |  Target acc: 0.617708
  Best target acc: 0.637500

======== ROUND 20 ========  [Ablation: full]
==== Stage 1: SupCon Pre-training ====
epoch            total_loss       cls_loss        
0                0.0052670129     0.0052670129    
1                0.0291388985     0.0291388985    
==== Stage 2: Latent Domain PCL ====
epoch            total_loss       dis_loss         proto_loss       ent_pen_loss    
0                2.2591407299     2.1649405956     0.1780103445     0.0051949215    
Counter({np.int64(2): 1582, np.int64(1): 1214, np.int64(0): 1044})
==== Stage 3: Domain-invariant + HardNCE ====
epoch            total_loss       cls_loss         dis_loss         hard_loss       
0                1.1943912506     0.0769330710     0.6142988205     0.5590659380    
  Source acc: 1.000000  |  Target acc: 0.623958
  Best target acc: 0.637500

======== ROUND 21 ========  [Ablation: full]
==== Stage 1: SupCon Pre-training ====
epoch            total_loss       cls_loss        
0                0.0106717693     0.0106717693    
1                0.0103331460     0.0103331460    
==== Stage 2: Latent Domain PCL ====
epoch            total_loss       dis_loss         proto_loss       ent_pen_loss    
0                2.4995722771     2.3411478996     0.2909064889     0.0129710762    
Counter({np.int64(2): 1610, np.int64(1): 1138, np.int64(0): 1092})
==== Stage 3: Domain-invariant + HardNCE ====
epoch            total_loss       cls_loss         dis_loss         hard_loss       
0                1.3993799686     0.1398158073     0.7600134611     0.5550562739    
  Source acc: 1.000000  |  Target acc: 0.623958
  Best target acc: 0.637500

======== ROUND 22 ========  [Ablation: full]
==== Stage 1: SupCon Pre-training ====
epoch            total_loss       cls_loss        
0                0.2300539613     0.2300539613    
1                0.0978360102     0.0978360102    
==== Stage 2: Latent Domain PCL ====
epoch            total_loss       dis_loss         proto_loss       ent_pen_loss    
0                2.3762185574     2.1651306152     0.3919965029     0.0150896376    
Counter({np.int64(2): 1552, np.int64(0): 1199, np.int64(1): 1089})
==== Stage 3: Domain-invariant + HardNCE ====
epoch            total_loss       cls_loss         dis_loss         hard_loss       
0                1.5475201607     0.0574152246     1.0061969757     0.5376754999    
  Source acc: 1.000000  |  Target acc: 0.618750
  Best target acc: 0.637500

======== ROUND 23 ========  [Ablation: full]
==== Stage 1: SupCon Pre-training ====
epoch            total_loss       cls_loss        
0                0.0039897645     0.0039897645    
1                0.0090453643     0.0090453643    
==== Stage 2: Latent Domain PCL ====
epoch            total_loss       dis_loss         proto_loss       ent_pen_loss    
0                2.4048388004     2.1884245872     0.4123978019     0.0102151651    
Counter({np.int64(2): 1491, np.int64(0): 1199, np.int64(1): 1150})
==== Stage 3: Domain-invariant + HardNCE ====
epoch            total_loss       cls_loss         dis_loss         hard_loss       
0                1.4916880131     0.0500869527     0.9211407900     0.5782892108    
  Source acc: 1.000000  |  Target acc: 0.623958
  Best target acc: 0.637500

======== ROUND 24 ========  [Ablation: full]
==== Stage 1: SupCon Pre-training ====
epoch            total_loss       cls_loss        
0                0.0032627259     0.0032627259    
1                0.0032887401     0.0032887401    
==== Stage 2: Latent Domain PCL ====
epoch            total_loss       dis_loss         proto_loss       ent_pen_loss    
0                2.6559495926     2.4068984985     0.4524723887     0.0228149444    
Counter({np.int64(2): 1445, np.int64(0): 1207, np.int64(1): 1188})
==== Stage 3: Domain-invariant + HardNCE ====
epoch            total_loss       cls_loss         dis_loss         hard_loss       
0                1.9244644642     0.0178787597     1.4323844910     0.5268901587    
  Source acc: 1.000000  |  Target acc: 0.622917
  Best target acc: 0.637500

======== ROUND 25 ========  [Ablation: full]
==== Stage 1: SupCon Pre-training ====
epoch            total_loss       cls_loss        
0                0.0035139588     0.0035139588    
1                0.0055998713     0.0055998713    
==== Stage 2: Latent Domain PCL ====
epoch            total_loss       dis_loss         proto_loss       ent_pen_loss    
0                2.2269287109     2.1194908619     0.2059098333     0.0044829613    
Counter({np.int64(2): 1394, np.int64(0): 1244, np.int64(1): 1202})
==== Stage 3: Domain-invariant + HardNCE ====
epoch            total_loss       cls_loss         dis_loss         hard_loss       
0                1.5862538815     0.0197206866     1.0965974331     0.5221508741    
  Source acc: 1.000000  |  Target acc: 0.626042
  Best target acc: 0.637500

======== ROUND 26 ========  [Ablation: full]
==== Stage 1: SupCon Pre-training ====
epoch            total_loss       cls_loss        
0                0.0022267578     0.0022267578    
1                0.0026102019     0.0026102019    
==== Stage 2: Latent Domain PCL ====
epoch            total_loss       dis_loss         proto_loss       ent_pen_loss    
0                2.5864300728     2.2996726036     0.5714219809     0.0010464388    
Counter({np.int64(2): 1382, np.int64(0): 1245, np.int64(1): 1213})
==== Stage 3: Domain-invariant + HardNCE ====
epoch            total_loss       cls_loss         dis_loss         hard_loss       
0                1.5825618505     0.1440979093     0.8589398265     0.6439157724    
  Source acc: 1.000000  |  Target acc: 0.620833
  Best target acc: 0.637500

======== ROUND 27 ========  [Ablation: full]
==== Stage 1: SupCon Pre-training ====
epoch            total_loss       cls_loss        
0                0.0025534169     0.0025534169    
1                0.0139962044     0.0139962044    
==== Stage 2: Latent Domain PCL ====
epoch            total_loss       dis_loss         proto_loss       ent_pen_loss    
0                2.3893473148     2.1885836124     0.3911375701     0.0051949215    
Counter({np.int64(2): 1366, np.int64(1): 1256, np.int64(0): 1218})
==== Stage 3: Domain-invariant + HardNCE ====
epoch            total_loss       cls_loss         dis_loss         hard_loss       
0                1.6237547398     0.0220352933     1.0991848707     0.5583718419    
  Source acc: 1.000000  |  Target acc: 0.620833
  Best target acc: 0.637500

======== ROUND 28 ========  [Ablation: full]
==== Stage 1: SupCon Pre-training ====
epoch            total_loss       cls_loss        
0                0.0356708840     0.0356708840    
1                0.0020090796     0.0020090796    
==== Stage 2: Latent Domain PCL ====
epoch            total_loss       dis_loss         proto_loss       ent_pen_loss    
0                2.3070712090     2.1840829849     0.2255460322     0.0102151651    
Counter({np.int64(2): 1400, np.int64(1): 1227, np.int64(0): 1213})
==== Stage 3: Domain-invariant + HardNCE ====
epoch            total_loss       cls_loss         dis_loss         hard_loss       
0                1.4919909239     0.0483262017     0.9575001597     0.5401828885    
  Source acc: 1.000000  |  Target acc: 0.623958
  Best target acc: 0.637500

======== ROUND 29 ========  [Ablation: full]
==== Stage 1: SupCon Pre-training ====
epoch            total_loss       cls_loss        
0                0.0229430720     0.0229430720    
1                0.0190175287     0.0190175287    
==== Stage 2: Latent Domain PCL ====
epoch            total_loss       dis_loss         proto_loss       ent_pen_loss    
0                2.2922756672     2.1736779213     0.2244143188     0.0063906796    
Counter({np.int64(2): 1381, np.int64(1): 1238, np.int64(0): 1221})
==== Stage 3: Domain-invariant + HardNCE ====
epoch            total_loss       cls_loss         dis_loss         hard_loss       
0                1.3658652306     0.0307368208     0.8799882531     0.5057113171    
  Source acc: 1.000000  |  Target acc: 0.616667
  Best target acc: 0.637500

======== ROUND 30 ========  [Ablation: full]
==== Stage 1: SupCon Pre-training ====
epoch            total_loss       cls_loss        
0                0.0132661108     0.0132661108    
1                0.0328387320     0.0328387320    
==== Stage 2: Latent Domain PCL ====
epoch            total_loss       dis_loss         proto_loss       ent_pen_loss    
0                2.3343212605     2.1402127743     0.3778273165     0.0051949215    
Counter({np.int64(2): 1424, np.int64(0): 1220, np.int64(1): 1196})
==== Stage 3: Domain-invariant + HardNCE ====
epoch            total_loss       cls_loss         dis_loss         hard_loss       
0                1.3604422808     0.0265378803     0.8141932487     0.5774568319    
  Source acc: 1.000000  |  Target acc: 0.625000
  Best target acc: 0.637500

======== ROUND 31 ========  [Ablation: full]
==== Stage 1: SupCon Pre-training ====
epoch            total_loss       cls_loss        
0                0.0029299674     0.0029299674    
1                0.0030327884     0.0030327884    
==== Stage 2: Latent Domain PCL ====
epoch            total_loss       dis_loss         proto_loss       ent_pen_loss    
0                2.3291094303     2.1304388046     0.3769107461     0.0102151651    
Counter({np.int64(2): 1399, np.int64(1): 1222, np.int64(0): 1219})
==== Stage 3: Domain-invariant + HardNCE ====
epoch            total_loss       cls_loss         dis_loss         hard_loss       
0                1.4210164547     0.0241414588     0.8451009989     0.6130822301    
  Source acc: 1.000000  |  Target acc: 0.625000
  Best target acc: 0.637500

======== ROUND 32 ========  [Ablation: full]
==== Stage 1: SupCon Pre-training ====
epoch            total_loss       cls_loss        
0                0.0033913986     0.0033913986    
1                0.0173736438     0.0173736438    
==== Stage 2: Latent Domain PCL ====
epoch            total_loss       dis_loss         proto_loss       ent_pen_loss    
0                2.0647110939     1.9841771126     0.1406375617     0.0102151651    
Counter({np.int64(2): 1421, np.int64(1): 1300, np.int64(0): 1119})
==== Stage 3: Domain-invariant + HardNCE ====
epoch            total_loss       cls_loss         dis_loss         hard_loss       
0                1.2654538155     0.0354305282     0.7392596006     0.5452929735    
  Source acc: 1.000000  |  Target acc: 0.626042
  Best target acc: 0.637500

======== ROUND 33 ========  [Ablation: full]
==== Stage 1: SupCon Pre-training ====
epoch            total_loss       cls_loss        
0                0.0134261744     0.0134261744    
1                0.0108285667     0.0108285667    
==== Stage 2: Latent Domain PCL ====
epoch            total_loss       dis_loss         proto_loss       ent_pen_loss    
0                2.2922000885     2.1398110390     0.2919969559     0.0063906796    
Counter({np.int64(2): 1405, np.int64(1): 1281, np.int64(0): 1154})
==== Stage 3: Domain-invariant + HardNCE ====
epoch            total_loss       cls_loss         dis_loss         hard_loss       
0                1.4268791676     0.0553082302     0.8301874995     0.6015372276    
  Source acc: 1.000000  |  Target acc: 0.618750
  Best target acc: 0.637500

======== ROUND 34 ========  [Ablation: full]
==== Stage 1: SupCon Pre-training ====
epoch            total_loss       cls_loss        
0                0.0038329314     0.0038329314    
1                0.0079562459     0.0079562459    
==== Stage 2: Latent Domain PCL ====
epoch            total_loss       dis_loss         proto_loss       ent_pen_loss    
0                2.0501418114     1.8617177010     0.3763090968     0.0002696014    
Counter({np.int64(2): 1377, np.int64(1): 1292, np.int64(0): 1171})
==== Stage 3: Domain-invariant + HardNCE ====
epoch            total_loss       cls_loss         dis_loss         hard_loss       
0                1.3381959200     0.0410828106     0.8662799597     0.4787035286    
  Source acc: 1.000000  |  Target acc: 0.615625
  Best target acc: 0.637500

======== ROUND 35 ========  [Ablation: full]
==== Stage 1: SupCon Pre-training ====
epoch            total_loss       cls_loss        
0                0.0222423244     0.0222423244    
1                0.0030902862     0.0030902862    
==== Stage 2: Latent Domain PCL ====
epoch            total_loss       dis_loss         proto_loss       ent_pen_loss    
0                2.4171211720     2.0618798733     0.6885794997     0.0109514743    
Counter({np.int64(2): 1392, np.int64(1): 1229, np.int64(0): 1219})
==== Stage 3: Domain-invariant + HardNCE ====
epoch            total_loss       cls_loss         dis_loss         hard_loss       
0                1.2260084152     0.0261048861     0.6493381858     0.6117392778    
  Source acc: 1.000000  |  Target acc: 0.625000
  Best target acc: 0.637500

======== ROUND 36 ========  [Ablation: full]
==== Stage 1: SupCon Pre-training ====
epoch            total_loss       cls_loss        
0                0.0075828163     0.0075828163    
1                0.0650844872     0.0650844872    
==== Stage 2: Latent Domain PCL ====
epoch            total_loss       dis_loss         proto_loss       ent_pen_loss    
0                1.9752165079     1.8675043583     0.2148850411     0.0002696014    
Counter({np.int64(2): 1386, np.int64(1): 1288, np.int64(0): 1166})
==== Stage 3: Domain-invariant + HardNCE ====
epoch            total_loss       cls_loss         dis_loss         hard_loss       
0                1.3137500286     0.0342124104     0.7646482587     0.5720992088    
  Source acc: 1.000000  |  Target acc: 0.621875
  Best target acc: 0.637500

======== ROUND 37 ========  [Ablation: full]
==== Stage 1: SupCon Pre-training ====
epoch            total_loss       cls_loss        
0                0.0383088440     0.0383088440    
1                0.0029577157     0.0029577157    
==== Stage 2: Latent Domain PCL ====
epoch            total_loss       dis_loss         proto_loss       ent_pen_loss    
0                2.1932802200     1.9647306204     0.4163108468     0.0203939695    
Counter({np.int64(2): 1401, np.int64(1): 1282, np.int64(0): 1157})
==== Stage 3: Domain-invariant + HardNCE ====
epoch            total_loss       cls_loss         dis_loss         hard_loss       
0                1.3217091560     0.0448045954     0.8551915288     0.4685699940    
  Source acc: 1.000000  |  Target acc: 0.616667
  Best target acc: 0.637500

======== ROUND 38 ========  [Ablation: full]
==== Stage 1: SupCon Pre-training ====
epoch            total_loss       cls_loss        
0                0.0135685541     0.0135685541    
1                0.0022504972     0.0022504972    
==== Stage 2: Latent Domain PCL ====
epoch            total_loss       dis_loss         proto_loss       ent_pen_loss    
0                2.1730933189     2.0909371376     0.1124714017     0.0259205047    
Counter({np.int64(2): 1411, np.int64(1): 1299, np.int64(0): 1130})
==== Stage 3: Domain-invariant + HardNCE ====
epoch            total_loss       cls_loss         dis_loss         hard_loss       
0                1.3294608593     0.0192904938     0.8183346987     0.5464839935    
  Source acc: 1.000000  |  Target acc: 0.629167
  Best target acc: 0.637500

======== ROUND 39 ========  [Ablation: full]
==== Stage 1: SupCon Pre-training ====
epoch            total_loss       cls_loss        
0                0.0061198454     0.0061198454    
1                0.0033392259     0.0033392259    
==== Stage 2: Latent Domain PCL ====
epoch            total_loss       dis_loss         proto_loss       ent_pen_loss    
0                2.1930012703     1.9641491175     0.4317621291     0.0129710762    
Counter({np.int64(2): 1406, np.int64(1): 1348, np.int64(0): 1086})
==== Stage 3: Domain-invariant + HardNCE ====
epoch            total_loss       cls_loss         dis_loss         hard_loss       
0                1.2589745522     0.0255773067     0.7029671669     0.5893667936    
  Source acc: 1.000000  |  Target acc: 0.618750
  Best target acc: 0.637500

======== ROUND 40 ========  [Ablation: full]
==== Stage 1: SupCon Pre-training ====
epoch            total_loss       cls_loss        
0                0.0012160641     0.0012160641    
1                0.0135029210     0.0135029210    
==== Stage 2: Latent Domain PCL ====
epoch            total_loss       dis_loss         proto_loss       ent_pen_loss    
0                2.0207893848     1.9150471687     0.2010947764     0.0051949215    
Counter({np.int64(1): 1387, np.int64(2): 1377, np.int64(0): 1076})
==== Stage 3: Domain-invariant + HardNCE ====
epoch            total_loss       cls_loss         dis_loss         hard_loss       
0                1.1494817734     0.0437860340     0.6153193116     0.5448626280    
  Source acc: 1.000000  |  Target acc: 0.618750
  Best target acc: 0.637500

======== ROUND 41 ========  [Ablation: full]
==== Stage 1: SupCon Pre-training ====
epoch            total_loss       cls_loss        
0                0.0030547567     0.0030547567    
1                0.0012558578     0.0012558578    
==== Stage 2: Latent Domain PCL ====
epoch            total_loss       dis_loss         proto_loss       ent_pen_loss    
0                1.7353938818     1.6434397697     0.1662158370     0.0088461293    
Counter({np.int64(2): 1398, np.int64(1): 1393, np.int64(0): 1049})
==== Stage 3: Domain-invariant + HardNCE ====
epoch            total_loss       cls_loss         dis_loss         hard_loss       
0                1.1897082329     0.0329626277     0.6801601648     0.5295394063    
  Source acc: 1.000000  |  Target acc: 0.623958
  Best target acc: 0.637500

======== ROUND 42 ========  [Ablation: full]
==== Stage 1: SupCon Pre-training ====
epoch            total_loss       cls_loss        
0                0.0197328012     0.0197328012    
1                0.0295405816     0.0295405816    
==== Stage 2: Latent Domain PCL ====
epoch            total_loss       dis_loss         proto_loss       ent_pen_loss    
0                2.0770840645     1.9292248487     0.2738153934     0.0109514743    
Counter({np.int64(1): 1408, np.int64(2): 1361, np.int64(0): 1071})
==== Stage 3: Domain-invariant + HardNCE ====
epoch            total_loss       cls_loss         dis_loss         hard_loss       
0                1.3074107170     0.0300901588     0.8057134151     0.5240079761    
  Source acc: 1.000000  |  Target acc: 0.619792
  Best target acc: 0.637500

======== ROUND 43 ========  [Ablation: full]
==== Stage 1: SupCon Pre-training ====
epoch            total_loss       cls_loss        
0                0.0035876860     0.0035876860    
1                0.0159389414     0.0159389414    
==== Stage 2: Latent Domain PCL ====
epoch            total_loss       dis_loss         proto_loss       ent_pen_loss    
0                2.1067585945     1.9686675072     0.2672160268     0.0044829613    
Counter({np.int64(1): 1410, np.int64(2): 1396, np.int64(0): 1034})
==== Stage 3: Domain-invariant + HardNCE ====
epoch            total_loss       cls_loss         dis_loss         hard_loss       
0                1.0795967579     0.0195147358     0.5849322677     0.5279442072    
  Source acc: 1.000000  |  Target acc: 0.623958
  Best target acc: 0.637500

======== ROUND 44 ========  [Ablation: full]
==== Stage 1: SupCon Pre-training ====
epoch            total_loss       cls_loss        
0                0.0405211225     0.0405211225    
1                0.0037113135     0.0037113135    
==== Stage 2: Latent Domain PCL ====
epoch            total_loss       dis_loss         proto_loss       ent_pen_loss    
0                2.0135524273     1.9186005592     0.1694732010     0.0102151651    
Counter({np.int64(1): 1414, np.int64(2): 1341, np.int64(0): 1085})
==== Stage 3: Domain-invariant + HardNCE ====
epoch            total_loss       cls_loss         dis_loss         hard_loss       
0                1.2684555054     0.0450969785     0.7173848748     0.5621929169    
  Source acc: 1.000000  |  Target acc: 0.623958
  Best target acc: 0.637500

======== ROUND 45 ========  [Ablation: full]
==== Stage 1: SupCon Pre-training ====
epoch            total_loss       cls_loss        
0                0.0009134150     0.0009134150    
1                0.0358683355     0.0358683355    
==== Stage 2: Latent Domain PCL ====
epoch            total_loss       dis_loss         proto_loss       ent_pen_loss    
0                1.8846471310     1.7222688198     0.3209543228     0.0019012074    
Counter({np.int64(1): 1455, np.int64(2): 1334, np.int64(0): 1051})
==== Stage 3: Domain-invariant + HardNCE ====
epoch            total_loss       cls_loss         dis_loss         hard_loss       
0                1.2882983685     0.0434949882     0.7676689029     0.5301494598    
  Source acc: 1.000000  |  Target acc: 0.625000
  Best target acc: 0.637500

======== ROUND 46 ========  [Ablation: full]
==== Stage 1: SupCon Pre-training ====
epoch            total_loss       cls_loss        
0                0.0109307170     0.0109307170    
1                0.0082546072     0.0082546072    
==== Stage 2: Latent Domain PCL ====
epoch            total_loss       dis_loss         proto_loss       ent_pen_loss    
0                1.7836480141     1.6507122517     0.2569056153     0.0044829613    
Counter({np.int64(1): 1445, np.int64(2): 1359, np.int64(0): 1036})
==== Stage 3: Domain-invariant + HardNCE ====
epoch            total_loss       cls_loss         dis_loss         hard_loss       
0                1.2008833885     0.0726444796     0.6946394444     0.4817772508    
  Source acc: 1.000000  |  Target acc: 0.614583
  Best target acc: 0.637500

======== ROUND 47 ========  [Ablation: full]
==== Stage 1: SupCon Pre-training ====
epoch            total_loss       cls_loss        
0                0.0090602916     0.0090602916    
1                0.0041336194     0.0041336194    
==== Stage 2: Latent Domain PCL ====
epoch            total_loss       dis_loss         proto_loss       ent_pen_loss    
0                1.8509273529     1.7718826532     0.1376591325     0.0102151651    
Counter({np.int64(1): 1479, np.int64(2): 1359, np.int64(0): 1002})
==== Stage 3: Domain-invariant + HardNCE ====
epoch            total_loss       cls_loss         dis_loss         hard_loss       
0                1.2590451241     0.0573324822     0.7210243940     0.5340981483    
  Source acc: 1.000000  |  Target acc: 0.620833
  Best target acc: 0.637500

======== ROUND 48 ========  [Ablation: full]
==== Stage 1: SupCon Pre-training ====
epoch            total_loss       cls_loss        
0                0.0035550096     0.0035550096    
1                0.0043017617     0.0043017617    
==== Stage 2: Latent Domain PCL ====
epoch            total_loss       dis_loss         proto_loss       ent_pen_loss    
0                2.0691022873     1.8019242287     0.4664716125     0.0339421555    
Counter({np.int64(1): 1454, np.int64(2): 1350, np.int64(0): 1036})
==== Stage 3: Domain-invariant + HardNCE ====
epoch            total_loss       cls_loss         dis_loss         hard_loss       
0                1.0789971352     0.0280741062     0.5780088902     0.5254602432    
  Source acc: 1.000000  |  Target acc: 0.623958
  Best target acc: 0.637500

======== ROUND 49 ========  [Ablation: full]
==== Stage 1: SupCon Pre-training ====
epoch            total_loss       cls_loss        
0                0.0046942276     0.0046942276    
1                0.0043594390     0.0043594390    
==== Stage 2: Latent Domain PCL ====
epoch            total_loss       dis_loss         proto_loss       ent_pen_loss    
0                1.8720592260     1.6291165352     0.4754955769     0.0051949215    
Counter({np.int64(1): 1478, np.int64(2): 1333, np.int64(0): 1029})
==== Stage 3: Domain-invariant + HardNCE ====
epoch            total_loss       cls_loss         dis_loss         hard_loss       
0                1.0101554394     0.0931014568     0.4855792224     0.4794164300    
  Source acc: 1.000000  |  Target acc: 0.617708
  Best target acc: 0.637500
[ConfMatrix] saved to log/sens_beta0.9_xrf_user_s3 (cm shape=(8, 8))

Results saved to log/sens_beta0.9_xrf_user_s3
acc.txt: log/sens_beta0.9_xrf_user_s3/acc.txt
bestacc.txt: log/sens_beta0.9_xrf_user_s3/bestacc.txt
