[Seed] global random seed set to 1

[Ablation Mode] full
[XRF55Dataset] loaded 3840 samples from 1 dirs
[XRF55Dataset] loaded 960 samples from 1 dirs
[XRF55Dataset] loaded 3840 samples from 1 dirs
Train set size: 3840 samples, 120 batches
Test set size:  960 samples, 30 batches
Source eval size: 3840 samples

[Direction Sensitivity] Manual weights (dir_w=0.5): {0: 0.0, 1: 0.5, 2: 0.5, 3: 0.5, 4: 0.5, 5: 0.5, 6: 0.5, 7: 0.5}

======== ROUND 0 ========  [Ablation: full]
==== Stage 1: SupCon Pre-training ====
epoch            total_loss       cls_loss         supcon_loss     
0                4.8468346596     1.4028755426     6.8879184723    
1                4.2225723267     1.1198592186     6.2054266930    
==== Stage 2: Latent Domain PCL ====
epoch            total_loss       dis_loss         proto_loss       ent_pen_loss    
0                2.5396602154     2.2396602631     0.0000000000     0.3000000119    
Counter({np.int64(1): 2127, np.int64(2): 958, np.int64(0): 755})
==== Stage 3: Domain-invariant + HardNCE ====
epoch            total_loss       cls_loss         dis_loss         hard_loss       
0                2.0401687622     0.7043268085     0.7672802210     0.6317354441    
  Source acc: 0.809635  |  Target acc: 0.542708
  Best target acc: 0.542708

======== ROUND 1 ========  [Ablation: full]
==== Stage 1: SupCon Pre-training ====
epoch            total_loss       cls_loss         supcon_loss     
0                3.6128821373     0.6425077915     5.9407486916    
1                3.5700376034     0.7755640149     5.5889472961    
==== Stage 2: Latent Domain PCL ====
epoch            total_loss       dis_loss         proto_loss       ent_pen_loss    
0                2.0298104286     1.7628327608     0.4506835341     0.0416358374    
Counter({np.int64(1): 1714, np.int64(2): 1192, np.int64(0): 934})
==== Stage 3: Domain-invariant + HardNCE ====
epoch            total_loss       cls_loss         dis_loss         hard_loss       
0                1.7710525990     0.5401216745     0.6487601399     0.6468563080    
  Source acc: 0.873958  |  Target acc: 0.536458
  Best target acc: 0.542708

======== ROUND 2 ========  [Ablation: full]
==== Stage 1: SupCon Pre-training ====
epoch            total_loss       cls_loss         supcon_loss     
0                3.3486571312     0.4177137613     5.8618869781    
1                2.9262568951     0.2733965516     5.3057208061    
==== Stage 2: Latent Domain PCL ====
epoch            total_loss       dis_loss         proto_loss       ent_pen_loss    
0                1.9830499887     1.7868790627     0.3704387844     0.0109514743    
Counter({np.int64(1): 2034, np.int64(0): 1170, np.int64(2): 636})
==== Stage 3: Domain-invariant + HardNCE ====
epoch            total_loss       cls_loss         dis_loss         hard_loss       
0                1.8568376303     0.4388197362     0.8576296568     0.6226536036    
  Source acc: 0.930208  |  Target acc: 0.533333
  Best target acc: 0.542708

======== ROUND 3 ========  [Ablation: full]
==== Stage 1: SupCon Pre-training ====
epoch            total_loss       cls_loss        
0                0.1959727108     0.1959727108    
1                0.4917737842     0.4917737842    
==== Stage 2: Latent Domain PCL ====
epoch            total_loss       dis_loss         proto_loss       ent_pen_loss    
0                2.0499415398     1.7016746998     0.6021296978     0.0472020544    
Counter({np.int64(1): 1492, np.int64(0): 1447, np.int64(2): 901})
==== Stage 3: Domain-invariant + HardNCE ====
epoch            total_loss       cls_loss         dis_loss         hard_loss       
0                1.9237031937     0.5912273526     0.7012066841     0.7014101744    
  Source acc: 0.940104  |  Target acc: 0.526042
  Best target acc: 0.542708

======== ROUND 4 ========  [Ablation: full]
==== Stage 1: SupCon Pre-training ====
epoch            total_loss       cls_loss        
0                0.5056360364     0.5056360364    
1                0.2056795955     0.2056795955    
==== Stage 2: Latent Domain PCL ====
epoch            total_loss       dis_loss         proto_loss       ent_pen_loss    
0                2.6653492451     2.1133966446     1.0750399828     0.0144325616    
Counter({np.int64(1): 1902, np.int64(2): 995, np.int64(0): 943})
==== Stage 3: Domain-invariant + HardNCE ====
epoch            total_loss       cls_loss         dis_loss         hard_loss       
0                1.6382116079     0.4003729224     0.6649798751     0.6365098357    
  Source acc: 0.948958  |  Target acc: 0.567708
  Best target acc: 0.567708

======== ROUND 5 ========  [Ablation: full]
==== Stage 1: SupCon Pre-training ====
epoch            total_loss       cls_loss        
0                0.0532861613     0.0532861613    
1                0.3872078359     0.3872078359    
==== Stage 2: Latent Domain PCL ====
epoch            total_loss       dis_loss         proto_loss       ent_pen_loss    
0                2.1117367744     1.9302643538     0.2437358499     0.0596044362    
Counter({np.int64(0): 1525, np.int64(1): 1373, np.int64(2): 942})
==== Stage 3: Domain-invariant + HardNCE ====
epoch            total_loss       cls_loss         dis_loss         hard_loss       
0                1.9263738394     0.4346334040     0.9037479162     0.6533250809    
  Source acc: 0.950000  |  Target acc: 0.500000
  Best target acc: 0.567708

======== ROUND 6 ========  [Ablation: full]
==== Stage 1: SupCon Pre-training ====
epoch            total_loss       cls_loss        
0                0.2408489287     0.2408489287    
1                0.1516495943     0.1516495943    
==== Stage 2: Latent Domain PCL ====
epoch            total_loss       dis_loss         proto_loss       ent_pen_loss    
0                1.8367468119     1.5964024067     0.4785959721     0.0010464388    
Counter({np.int64(1): 1570, np.int64(2): 1358, np.int64(0): 912})
==== Stage 3: Domain-invariant + HardNCE ====
epoch            total_loss       cls_loss         dis_loss         hard_loss       
0                1.5134073496     0.3181847930     0.6306575537     0.6272944808    
  Source acc: 0.955990  |  Target acc: 0.545833
  Best target acc: 0.567708

======== ROUND 7 ========  [Ablation: full]
==== Stage 1: SupCon Pre-training ====
epoch            total_loss       cls_loss        
0                0.2387513816     0.2387513816    
1                0.2441526949     0.2441526949    
==== Stage 2: Latent Domain PCL ====
epoch            total_loss       dis_loss         proto_loss       ent_pen_loss    
0                2.0863726139     1.8472378254     0.4523272514     0.0129710762    
Counter({np.int64(0): 1530, np.int64(2): 1427, np.int64(1): 883})
==== Stage 3: Domain-invariant + HardNCE ====
epoch            total_loss       cls_loss         dis_loss         hard_loss       
0                2.0876286030     0.5045009255     0.9635967612     0.6883676648    
  Source acc: 0.992188  |  Target acc: 0.592708
  Best target acc: 0.592708

======== ROUND 8 ========  [Ablation: full]
==== Stage 1: SupCon Pre-training ====
epoch            total_loss       cls_loss        
0                0.5406868458     0.5406868458    
1                0.2583434582     0.2583434582    
==== Stage 2: Latent Domain PCL ====
epoch            total_loss       dis_loss         proto_loss       ent_pen_loss    
0                2.2951600552     1.9510384798     0.6844407320     0.0019012074    
Counter({np.int64(0): 1499, np.int64(2): 1357, np.int64(1): 984})
==== Stage 3: Domain-invariant + HardNCE ====
epoch            total_loss       cls_loss         dis_loss         hard_loss       
0                1.2828124762     0.1142699420     0.6189935207     0.6106100082    
  Source acc: 0.993229  |  Target acc: 0.561458
  Best target acc: 0.592708

======== ROUND 9 ========  [Ablation: full]
==== Stage 1: SupCon Pre-training ====
epoch            total_loss       cls_loss        
0                0.0689683408     0.0689683408    
1                0.1378876269     0.1378876269    
==== Stage 2: Latent Domain PCL ====
epoch            total_loss       dis_loss         proto_loss       ent_pen_loss    
0                2.3191931248     2.1467595100     0.3189249039     0.0129710762    
Counter({np.int64(2): 1521, np.int64(1): 1345, np.int64(0): 974})
==== Stage 3: Domain-invariant + HardNCE ====
epoch            total_loss       cls_loss         dis_loss         hard_loss       
0                1.5368633270     0.3312887549     0.6627879143     0.6030963659    
  Source acc: 0.991667  |  Target acc: 0.576042
  Best target acc: 0.592708

======== ROUND 10 ========  [Ablation: full]
==== Stage 1: SupCon Pre-training ====
epoch            total_loss       cls_loss        
0                0.3217006922     0.3217006922    
1                0.0462301522     0.0462301522    
==== Stage 2: Latent Domain PCL ====
epoch            total_loss       dis_loss         proto_loss       ent_pen_loss    
0                1.3974542618     1.1289354563     0.5151344538     0.0109514743    
Counter({np.int64(2): 1638, np.int64(1): 1464, np.int64(0): 738})
==== Stage 3: Domain-invariant + HardNCE ====
epoch            total_loss       cls_loss         dis_loss         hard_loss       
0                1.0552818775     0.1055645198     0.4507184029     0.5544432402    
  Source acc: 1.000000  |  Target acc: 0.620833
  Best target acc: 0.620833

======== ROUND 11 ========  [Ablation: full]
==== Stage 1: SupCon Pre-training ====
epoch            total_loss       cls_loss        
0                0.0157846808     0.0157846808    
1                0.0327144042     0.0327144042    
==== Stage 2: Latent Domain PCL ====
epoch            total_loss       dis_loss         proto_loss       ent_pen_loss    
0                1.2050174475     1.0602587461     0.2690871954     0.0102151651    
Counter({np.int64(1): 1681, np.int64(2): 1616, np.int64(0): 543})
==== Stage 3: Domain-invariant + HardNCE ====
epoch            total_loss       cls_loss         dis_loss         hard_loss       
0                1.5648491383     0.0338217318     0.9669826627     0.6267163157    
  Source acc: 1.000000  |  Target acc: 0.611458
  Best target acc: 0.620833

======== ROUND 12 ========  [Ablation: full]
==== Stage 1: SupCon Pre-training ====
epoch            total_loss       cls_loss        
0                0.0394818634     0.0394818634    
1                0.0620850027     0.0620850027    
==== Stage 2: Latent Domain PCL ====
epoch            total_loss       dis_loss         proto_loss       ent_pen_loss    
0                1.4548798800     1.2237011194     0.3981462121     0.0321057104    
Counter({np.int64(2): 1753, np.int64(1): 1619, np.int64(0): 468})
==== Stage 3: Domain-invariant + HardNCE ====
epoch            total_loss       cls_loss         dis_loss         hard_loss       
0                1.4024736881     0.0986996442     0.7266110182     0.6412922144    
  Source acc: 1.000000  |  Target acc: 0.623958
  Best target acc: 0.623958

======== ROUND 13 ========  [Ablation: full]
==== Stage 1: SupCon Pre-training ====
epoch            total_loss       cls_loss        
0                0.0114993332     0.0114993332    
1                0.0512329228     0.0512329228    
==== Stage 2: Latent Domain PCL ====
epoch            total_loss       dis_loss         proto_loss       ent_pen_loss    
0                1.3888947964     1.1842533350     0.3873800039     0.0109514743    
Counter({np.int64(1): 1766, np.int64(2): 1682, np.int64(0): 392})
==== Stage 3: Domain-invariant + HardNCE ====
epoch            total_loss       cls_loss         dis_loss         hard_loss       
0                1.3500390053     0.0572798923     0.7921383977     0.5562452078    
  Source acc: 1.000000  |  Target acc: 0.608333
  Best target acc: 0.623958

======== ROUND 14 ========  [Ablation: full]
==== Stage 1: SupCon Pre-training ====
epoch            total_loss       cls_loss        
0                0.0222413465     0.0222413465    
1                0.0264600310     0.0264600310    
==== Stage 2: Latent Domain PCL ====
epoch            total_loss       dis_loss         proto_loss       ent_pen_loss    
0                1.4649310112     1.3678438663     0.1262900531     0.0339421555    
Counter({np.int64(1): 1747, np.int64(2): 1716, np.int64(0): 377})
==== Stage 3: Domain-invariant + HardNCE ====
epoch            total_loss       cls_loss         dis_loss         hard_loss       
0                1.3448804617     0.0939926058     0.7637211680     0.5412963629    
  Source acc: 1.000000  |  Target acc: 0.598958
  Best target acc: 0.623958

======== ROUND 15 ========  [Ablation: full]
==== Stage 1: SupCon Pre-training ====
epoch            total_loss       cls_loss        
0                0.1510922015     0.1510922015    
1                0.1022567004     0.1022567004    
==== Stage 2: Latent Domain PCL ====
epoch            total_loss       dis_loss         proto_loss       ent_pen_loss    
0                2.0851130486     1.7943050861     0.4732845426     0.0541654974    
Counter({np.int64(1): 1876, np.int64(2): 1633, np.int64(0): 331})
==== Stage 3: Domain-invariant + HardNCE ====
epoch            total_loss       cls_loss         dis_loss         hard_loss       
0                1.1440182924     0.0294074919     0.6666837335     0.4976966977    
  Source acc: 1.000000  |  Target acc: 0.625000
  Best target acc: 0.625000

======== ROUND 16 ========  [Ablation: full]
==== Stage 1: SupCon Pre-training ====
epoch            total_loss       cls_loss        
0                0.0126082078     0.0126082078    
1                0.0078248829     0.0078248829    
==== Stage 2: Latent Domain PCL ====
epoch            total_loss       dis_loss         proto_loss       ent_pen_loss    
0                2.0364441872     1.8586684465     0.2443074584     0.0556219406    
Counter({np.int64(1): 2009, np.int64(2): 996, np.int64(0): 835})
==== Stage 3: Domain-invariant + HardNCE ====
epoch            total_loss       cls_loss         dis_loss         hard_loss       
0                1.9023230076     0.1832738817     1.1851278543     0.5932459235    
  Source acc: 1.000000  |  Target acc: 0.623958
  Best target acc: 0.625000

======== ROUND 17 ========  [Ablation: full]
==== Stage 1: SupCon Pre-training ====
epoch            total_loss       cls_loss        
0                0.0296642818     0.0296642818    
1                0.0223026443     0.0223026443    
==== Stage 2: Latent Domain PCL ====
epoch            total_loss       dis_loss         proto_loss       ent_pen_loss    
0                1.9878166914     1.8977805376     0.1653908491     0.0073407623    
Counter({np.int64(1): 1987, np.int64(2): 1017, np.int64(0): 836})
==== Stage 3: Domain-invariant + HardNCE ====
epoch            total_loss       cls_loss         dis_loss         hard_loss       
0                1.1012597084     0.0189782754     0.6098596454     0.5249131322    
  Source acc: 1.000000  |  Target acc: 0.611458
  Best target acc: 0.625000

======== ROUND 18 ========  [Ablation: full]
==== Stage 1: SupCon Pre-training ====
epoch            total_loss       cls_loss        
0                0.0128229167     0.0128229167    
1                0.0073513342     0.0073513342    
==== Stage 2: Latent Domain PCL ====
epoch            total_loss       dis_loss         proto_loss       ent_pen_loss    
0                1.9063613415     1.7419168949     0.2461180389     0.0413854420    
Counter({np.int64(1): 1957, np.int64(2): 1124, np.int64(0): 759})
==== Stage 3: Domain-invariant + HardNCE ====
epoch            total_loss       cls_loss         dis_loss         hard_loss       
0                1.0232019424     0.0262018293     0.5378680825     0.5101466775    
  Source acc: 1.000000  |  Target acc: 0.619792
  Best target acc: 0.625000

======== ROUND 19 ========  [Ablation: full]
==== Stage 1: SupCon Pre-training ====
epoch            total_loss       cls_loss        
0                0.0986708403     0.0986708403    
1                0.0083645321     0.0083645321    
==== Stage 2: Latent Domain PCL ====
epoch            total_loss       dis_loss         proto_loss       ent_pen_loss    
0                2.1141498089     1.9407390356     0.3126845360     0.0170687120    
Counter({np.int64(2): 1576, np.int64(1): 1537, np.int64(0): 727})
==== Stage 3: Domain-invariant + HardNCE ====
epoch            total_loss       cls_loss         dis_loss         hard_loss       
0                1.3939423561     0.1393702477     0.7782934904     0.5291985273    
  Source acc: 1.000000  |  Target acc: 0.606250
  Best target acc: 0.625000

======== ROUND 20 ========  [Ablation: full]
==== Stage 1: SupCon Pre-training ====
epoch            total_loss       cls_loss        
0                0.0029180152     0.0029180152    
1                0.0064858492     0.0064858492    
==== Stage 2: Latent Domain PCL ====
epoch            total_loss       dis_loss         proto_loss       ent_pen_loss    
0                1.6622136831     1.4076441526     0.4963576794     0.0063906796    
Counter({np.int64(1): 1720, np.int64(2): 1509, np.int64(0): 611})
==== Stage 3: Domain-invariant + HardNCE ====
epoch            total_loss       cls_loss         dis_loss         hard_loss       
0                1.3926453590     0.0590385869     0.8078715801     0.5841503143    
  Source acc: 1.000000  |  Target acc: 0.607292
  Best target acc: 0.625000

======== ROUND 21 ========  [Ablation: full]
==== Stage 1: SupCon Pre-training ====
epoch            total_loss       cls_loss        
0                0.0079727396     0.0079727396    
1                0.0323505029     0.0323505029    
==== Stage 2: Latent Domain PCL ====
epoch            total_loss       dis_loss         proto_loss       ent_pen_loss    
0                1.6962388754     1.5009533167     0.3686681390     0.0109514743    
Counter({np.int64(1): 1663, np.int64(2): 1553, np.int64(0): 624})
==== Stage 3: Domain-invariant + HardNCE ====
epoch            total_loss       cls_loss         dis_loss         hard_loss       
0                1.0814127922     0.0188626759     0.5936347246     0.5210171342    
  Source acc: 1.000000  |  Target acc: 0.608333
  Best target acc: 0.625000

======== ROUND 22 ========  [Ablation: full]
==== Stage 1: SupCon Pre-training ====
epoch            total_loss       cls_loss        
0                0.0140238767     0.0140238767    
1                0.0058844914     0.0058844914    
==== Stage 2: Latent Domain PCL ====
epoch            total_loss       dis_loss         proto_loss       ent_pen_loss    
0                1.8776118755     1.7344245911     0.2396303117     0.0233721174    
Counter({np.int64(2): 1644, np.int64(1): 1534, np.int64(0): 662})
==== Stage 3: Domain-invariant + HardNCE ====
epoch            total_loss       cls_loss         dis_loss         hard_loss       
0                1.7737723589     0.0844548419     1.2265137434     0.5142263770    
  Source acc: 1.000000  |  Target acc: 0.613542
  Best target acc: 0.625000

======== ROUND 23 ========  [Ablation: full]
==== Stage 1: SupCon Pre-training ====
epoch            total_loss       cls_loss        
0                0.1012795940     0.1012795940    
1                0.0098205023     0.0098205023    
==== Stage 2: Latent Domain PCL ====
epoch            total_loss       dis_loss         proto_loss       ent_pen_loss    
0                2.0455222130     1.8748753071     0.2945492268     0.0233721174    
Counter({np.int64(2): 1609, np.int64(1): 1567, np.int64(0): 664})
==== Stage 3: Domain-invariant + HardNCE ====
epoch            total_loss       cls_loss         dis_loss         hard_loss       
0                1.3013124466     0.0580630675     0.6850588322     0.6202117801    
  Source acc: 1.000000  |  Target acc: 0.610417
  Best target acc: 0.625000

======== ROUND 24 ========  [Ablation: full]
==== Stage 1: SupCon Pre-training ====
epoch            total_loss       cls_loss        
0                0.0677654594     0.0677654594    
1                0.0062383004     0.0062383004    
==== Stage 2: Latent Domain PCL ====
epoch            total_loss       dis_loss         proto_loss       ent_pen_loss    
0                1.8372148275     1.6163951159     0.3774279952     0.0321057104    
Counter({np.int64(1): 1643, np.int64(2): 1529, np.int64(0): 668})
==== Stage 3: Domain-invariant + HardNCE ====
epoch            total_loss       cls_loss         dis_loss         hard_loss       
0                1.1437358856     0.0283686444     0.6548953056     0.5116354227    
  Source acc: 1.000000  |  Target acc: 0.615625
  Best target acc: 0.625000

======== ROUND 25 ========  [Ablation: full]
==== Stage 1: SupCon Pre-training ====
epoch            total_loss       cls_loss        
0                0.0051300107     0.0051300107    
1                0.0301711597     0.0301711597    
==== Stage 2: Latent Domain PCL ====
epoch            total_loss       dis_loss         proto_loss       ent_pen_loss    
0                1.7183709145     1.5889520645     0.2069967538     0.0259205047    
Counter({np.int64(1): 1590, np.int64(2): 1577, np.int64(0): 673})
==== Stage 3: Domain-invariant + HardNCE ====
epoch            total_loss       cls_loss         dis_loss         hard_loss       
0                1.3220161200     0.0332216993     0.7801263332     0.5651867390    
  Source acc: 1.000000  |  Target acc: 0.614583
  Best target acc: 0.625000

======== ROUND 26 ========  [Ablation: full]
==== Stage 1: SupCon Pre-training ====
epoch            total_loss       cls_loss        
0                0.0521437824     0.0521437824    
1                0.0188653339     0.0188653339    
==== Stage 2: Latent Domain PCL ====
epoch            total_loss       dis_loss         proto_loss       ent_pen_loss    
0                1.9947178364     1.8067473173     0.2815367281     0.0472020544    
Counter({np.int64(2): 1598, np.int64(1): 1594, np.int64(0): 648})
==== Stage 3: Domain-invariant + HardNCE ====
epoch            total_loss       cls_loss         dis_loss         hard_loss       
0                1.5319544077     0.0403505079     0.9995670915     0.5467075706    
  Source acc: 1.000000  |  Target acc: 0.620833
  Best target acc: 0.625000

======== ROUND 27 ========  [Ablation: full]
==== Stage 1: SupCon Pre-training ====
epoch            total_loss       cls_loss        
0                0.0082431566     0.0082431566    
1                0.0343467519     0.0343467519    
==== Stage 2: Latent Domain PCL ====
epoch            total_loss       dis_loss         proto_loss       ent_pen_loss    
0                1.8699198961     1.6944352388     0.2045546472     0.0732074231    
Counter({np.int64(1): 1634, np.int64(2): 1547, np.int64(0): 659})
==== Stage 3: Domain-invariant + HardNCE ====
epoch            total_loss       cls_loss         dis_loss         hard_loss       
0                1.3679094315     0.0437380448     0.8568038940     0.5192972422    
  Source acc: 1.000000  |  Target acc: 0.618750
  Best target acc: 0.625000

======== ROUND 28 ========  [Ablation: full]
==== Stage 1: SupCon Pre-training ====
epoch            total_loss       cls_loss        
0                0.0199432559     0.0199432559    
1                0.0088290665     0.0088290665    
==== Stage 2: Latent Domain PCL ====
epoch            total_loss       dis_loss         proto_loss       ent_pen_loss    
0                2.0406403542     1.8646836281     0.3372320235     0.0073407623    
Counter({np.int64(1): 1640, np.int64(2): 1538, np.int64(0): 662})
==== Stage 3: Domain-invariant + HardNCE ====
epoch            total_loss       cls_loss         dis_loss         hard_loss       
0                1.3640712500     0.1128440797     0.8018710613     0.4992845654    
  Source acc: 1.000000  |  Target acc: 0.610417
  Best target acc: 0.625000

======== ROUND 29 ========  [Ablation: full]
==== Stage 1: SupCon Pre-training ====
epoch            total_loss       cls_loss        
0                0.0133459643     0.0133459643    
1                0.0011979812     0.0011979812    
==== Stage 2: Latent Domain PCL ====
epoch            total_loss       dis_loss         proto_loss       ent_pen_loss    
0                1.8017095327     1.6403985023     0.2707809210     0.0259205047    
Counter({np.int64(2): 1575, np.int64(1): 1569, np.int64(0): 696})
==== Stage 3: Domain-invariant + HardNCE ====
epoch            total_loss       cls_loss         dis_loss         hard_loss       
0                1.5453530550     0.0233234316     0.9859569669     0.5956362486    
  Source acc: 1.000000  |  Target acc: 0.610417
  Best target acc: 0.625000

======== ROUND 30 ========  [Ablation: full]
==== Stage 1: SupCon Pre-training ====
epoch            total_loss       cls_loss        
0                0.0054893806     0.0054893806    
1                0.0076784436     0.0076784436    
==== Stage 2: Latent Domain PCL ====
epoch            total_loss       dis_loss         proto_loss       ent_pen_loss    
0                1.9850831032     1.8306306601     0.2870017290     0.0109514743    
Counter({np.int64(1): 1601, np.int64(2): 1543, np.int64(0): 696})
==== Stage 3: Domain-invariant + HardNCE ====
epoch            total_loss       cls_loss         dis_loss         hard_loss       
0                1.3000001907     0.0874258876     0.6662554741     0.6070209146    
  Source acc: 1.000000  |  Target acc: 0.604167
  Best target acc: 0.625000

======== ROUND 31 ========  [Ablation: full]
==== Stage 1: SupCon Pre-training ====
epoch            total_loss       cls_loss        
0                0.0133420853     0.0133420853    
1                0.0020896234     0.0020896234    
==== Stage 2: Latent Domain PCL ====
epoch            total_loss       dis_loss         proto_loss       ent_pen_loss    
0                1.5417549610     1.4404770136     0.1848635674     0.0088461619    
Counter({np.int64(1): 1588, np.int64(2): 1569, np.int64(0): 683})
==== Stage 3: Domain-invariant + HardNCE ====
epoch            total_loss       cls_loss         dis_loss         hard_loss       
0                1.4083788395     0.0652698204     0.8504825234     0.5473628044    
  Source acc: 1.000000  |  Target acc: 0.608333
  Best target acc: 0.625000

======== ROUND 32 ========  [Ablation: full]
==== Stage 1: SupCon Pre-training ====
epoch            total_loss       cls_loss        
0                0.0058992552     0.0058992552    
1                0.0066879443     0.0066879443    
==== Stage 2: Latent Domain PCL ====
epoch            total_loss       dis_loss         proto_loss       ent_pen_loss    
0                1.8342740536     1.5394045115     0.5608739257     0.0144325616    
Counter({np.int64(2): 1616, np.int64(1): 1575, np.int64(0): 649})
==== Stage 3: Domain-invariant + HardNCE ====
epoch            total_loss       cls_loss         dis_loss         hard_loss       
0                1.3286967278     0.0220072996     0.8625563979     0.4934810996    
  Source acc: 1.000000  |  Target acc: 0.615625
  Best target acc: 0.625000

======== ROUND 33 ========  [Ablation: full]
==== Stage 1: SupCon Pre-training ====
epoch            total_loss       cls_loss        
0                0.0032081078     0.0032081078    
1                0.0107174963     0.0107174963    
==== Stage 2: Latent Domain PCL ====
epoch            total_loss       dis_loss         proto_loss       ent_pen_loss    
0                1.6985596418     1.6119952202     0.1554364264     0.0088461619    
Counter({np.int64(1): 1587, np.int64(2): 1572, np.int64(0): 681})
==== Stage 3: Domain-invariant + HardNCE ====
epoch            total_loss       cls_loss         dis_loss         hard_loss       
0                1.5012124777     0.0429777764     1.0105305910     0.4974489808    
  Source acc: 1.000000  |  Target acc: 0.614583
  Best target acc: 0.625000

======== ROUND 34 ========  [Ablation: full]
==== Stage 1: SupCon Pre-training ====
epoch            total_loss       cls_loss        
0                0.0026987775     0.0026987775    
1                0.0180498157     0.0180498157    
==== Stage 2: Latent Domain PCL ====
epoch            total_loss       dis_loss         proto_loss       ent_pen_loss    
0                1.8719668388     1.7278090715     0.2623734474     0.0129710762    
Counter({np.int64(1): 1615, np.int64(2): 1551, np.int64(0): 674})
==== Stage 3: Domain-invariant + HardNCE ====
epoch            total_loss       cls_loss         dis_loss         hard_loss       
0                1.2997642756     0.0272430275     0.7329193950     0.5995576382    
  Source acc: 1.000000  |  Target acc: 0.617708
  Best target acc: 0.625000

======== ROUND 35 ========  [Ablation: full]
==== Stage 1: SupCon Pre-training ====
epoch            total_loss       cls_loss        
0                0.0147026954     0.0147026954    
1                0.0102721881     0.0102721881    
==== Stage 2: Latent Domain PCL ====
epoch            total_loss       dis_loss         proto_loss       ent_pen_loss    
0                1.5928827524     1.5313937664     0.0927985907     0.0150896702    
Counter({np.int64(1): 1630, np.int64(2): 1540, np.int64(0): 670})
==== Stage 3: Domain-invariant + HardNCE ====
epoch            total_loss       cls_loss         dis_loss         hard_loss       
0                1.1870450974     0.0431935228     0.6553378701     0.5427929759    
  Source acc: 1.000000  |  Target acc: 0.618750
  Best target acc: 0.625000

======== ROUND 36 ========  [Ablation: full]
==== Stage 1: SupCon Pre-training ====
epoch            total_loss       cls_loss        
0                0.0022460856     0.0022460856    
1                0.0041593821     0.0041593821    
==== Stage 2: Latent Domain PCL ====
epoch            total_loss       dis_loss         proto_loss       ent_pen_loss    
0                1.6917064190     1.5102581978     0.2732327878     0.0448319279    
Counter({np.int64(1): 1580, np.int64(2): 1536, np.int64(0): 724})
==== Stage 3: Domain-invariant + HardNCE ====
epoch            total_loss       cls_loss         dis_loss         hard_loss       
0                1.2501688004     0.0252393298     0.7447366714     0.5335475206    
  Source acc: 1.000000  |  Target acc: 0.623958
  Best target acc: 0.625000

======== ROUND 37 ========  [Ablation: full]
==== Stage 1: SupCon Pre-training ====
epoch            total_loss       cls_loss        
0                0.0052647819     0.0052647819    
1                0.0302667674     0.0302667674    
==== Stage 2: Latent Domain PCL ====
epoch            total_loss       dis_loss         proto_loss       ent_pen_loss    
0                1.9790625572     1.7664473057     0.4231375754     0.0010464388    
Counter({np.int64(2): 1582, np.int64(1): 1565, np.int64(0): 693})
==== Stage 3: Domain-invariant + HardNCE ====
epoch            total_loss       cls_loss         dis_loss         hard_loss       
0                1.1988053322     0.0202740394     0.7288647890     0.4996293783    
  Source acc: 1.000000  |  Target acc: 0.612500
  Best target acc: 0.625000

======== ROUND 38 ========  [Ablation: full]
==== Stage 1: SupCon Pre-training ====
epoch            total_loss       cls_loss        
0                0.0120458379     0.0120458379    
1                0.0102392593     0.0102392593    
==== Stage 2: Latent Domain PCL ====
epoch            total_loss       dis_loss         proto_loss       ent_pen_loss    
0                1.8745079041     1.7563693523     0.1954891384     0.0203939695    
Counter({np.int64(2): 1607, np.int64(1): 1552, np.int64(0): 681})
==== Stage 3: Domain-invariant + HardNCE ====
epoch            total_loss       cls_loss         dis_loss         hard_loss       
0                1.1970305443     0.0415554419     0.6826649904     0.5253446102    
  Source acc: 1.000000  |  Target acc: 0.610417
  Best target acc: 0.625000

======== ROUND 39 ========  [Ablation: full]
==== Stage 1: SupCon Pre-training ====
epoch            total_loss       cls_loss        
0                0.0392473787     0.0392473787    
1                0.0313945003     0.0313945003    
==== Stage 2: Latent Domain PCL ====
epoch            total_loss       dis_loss         proto_loss       ent_pen_loss    
0                1.7059317827     1.6268424988     0.1279992163     0.0150896702    
Counter({np.int64(2): 1572, np.int64(1): 1571, np.int64(0): 697})
==== Stage 3: Domain-invariant + HardNCE ====
epoch            total_loss       cls_loss         dis_loss         hard_loss       
0                1.3602962494     0.0704876333     0.8112373352     0.5317458510    
  Source acc: 1.000000  |  Target acc: 0.606250
  Best target acc: 0.625000

======== ROUND 40 ========  [Ablation: full]
==== Stage 1: SupCon Pre-training ====
epoch            total_loss       cls_loss        
0                0.0027825083     0.0027825083    
1                0.0077414764     0.0077414764    
==== Stage 2: Latent Domain PCL ====
epoch            total_loss       dis_loss         proto_loss       ent_pen_loss    
0                1.6758102179     1.5951074362     0.1325404644     0.0144325616    
Counter({np.int64(1): 1577, np.int64(2): 1550, np.int64(0): 713})
==== Stage 3: Domain-invariant + HardNCE ====
epoch            total_loss       cls_loss         dis_loss         hard_loss       
0                1.4378991127     0.0434548445     0.8413444161     0.6145554781    
  Source acc: 1.000000  |  Target acc: 0.614583
  Best target acc: 0.625000

======== ROUND 41 ========  [Ablation: full]
==== Stage 1: SupCon Pre-training ====
epoch            total_loss       cls_loss        
0                0.0018231205     0.0018231205    
1                0.0018151030     0.0018151030    
==== Stage 2: Latent Domain PCL ====
epoch            total_loss       dis_loss         proto_loss       ent_pen_loss    
0                1.5470085144     1.4227552414     0.2017621249     0.0233721174    
Counter({np.int64(1): 1591, np.int64(2): 1525, np.int64(0): 724})
==== Stage 3: Domain-invariant + HardNCE ====
epoch            total_loss       cls_loss         dis_loss         hard_loss       
0                1.2657554150     0.0310921595     0.7530307174     0.5351471901    
  Source acc: 1.000000  |  Target acc: 0.609375
  Best target acc: 0.625000

======== ROUND 42 ========  [Ablation: full]
==== Stage 1: SupCon Pre-training ====
epoch            total_loss       cls_loss        
0                0.0198387820     0.0198387820    
1                0.0056031663     0.0056031663    
==== Stage 2: Latent Domain PCL ====
epoch            total_loss       dis_loss         proto_loss       ent_pen_loss    
0                1.8933429718     1.7479207516     0.2075727582     0.0416358374    
Counter({np.int64(1): 1598, np.int64(2): 1529, np.int64(0): 713})
==== Stage 3: Domain-invariant + HardNCE ====
epoch            total_loss       cls_loss         dis_loss         hard_loss       
0                1.4210939407     0.0388865732     0.8518634439     0.5892711282    
  Source acc: 1.000000  |  Target acc: 0.614583
  Best target acc: 0.625000

======== ROUND 43 ========  [Ablation: full]
==== Stage 1: SupCon Pre-training ====
epoch            total_loss       cls_loss        
0                0.0256482624     0.0256482624    
1                0.0028220618     0.0028220618    
==== Stage 2: Latent Domain PCL ====
epoch            total_loss       dis_loss         proto_loss       ent_pen_loss    
0                1.7104039192     1.5797731876     0.2408311665     0.0102151651    
Counter({np.int64(1): 1588, np.int64(2): 1539, np.int64(0): 713})
==== Stage 3: Domain-invariant + HardNCE ====
epoch            total_loss       cls_loss         dis_loss         hard_loss       
0                1.1928935051     0.0112247970     0.7502717376     0.4793300033    
  Source acc: 1.000000  |  Target acc: 0.609375
  Best target acc: 0.625000

======== ROUND 44 ========  [Ablation: full]
==== Stage 1: SupCon Pre-training ====
epoch            total_loss       cls_loss        
0                0.0138525236     0.0138525236    
1                0.0065456918     0.0065456918    
==== Stage 2: Latent Domain PCL ====
epoch            total_loss       dis_loss         proto_loss       ent_pen_loss    
0                1.6892582178     1.5622043610     0.1713368297     0.0413854420    
Counter({np.int64(1): 1576, np.int64(2): 1534, np.int64(0): 730})
==== Stage 3: Domain-invariant + HardNCE ====
epoch            total_loss       cls_loss         dis_loss         hard_loss       
0                1.2406653166     0.0520750135     0.7363964319     0.5024376512    
  Source acc: 1.000000  |  Target acc: 0.615625
  Best target acc: 0.625000

======== ROUND 45 ========  [Ablation: full]
==== Stage 1: SupCon Pre-training ====
epoch            total_loss       cls_loss        
0                0.0023690511     0.0023690511    
1                0.0107458550     0.0107458550    
==== Stage 2: Latent Domain PCL ====
epoch            total_loss       dis_loss         proto_loss       ent_pen_loss    
0                1.6767305136     1.6224727631     0.1017356366     0.0033900046    
Counter({np.int64(1): 1591, np.int64(2): 1572, np.int64(0): 677})
==== Stage 3: Domain-invariant + HardNCE ====
epoch            total_loss       cls_loss         dis_loss         hard_loss       
0                0.9149173498     0.0121825421     0.4312703013     0.5238494873    
  Source acc: 1.000000  |  Target acc: 0.614583
  Best target acc: 0.625000

======== ROUND 46 ========  [Ablation: full]
==== Stage 1: SupCon Pre-training ====
epoch            total_loss       cls_loss        
0                0.0031067657     0.0031067657    
1                0.0390123799     0.0390123799    
==== Stage 2: Latent Domain PCL ====
epoch            total_loss       dis_loss         proto_loss       ent_pen_loss    
0                1.4772821665     1.4081587791     0.0864057094     0.0259205047    
Counter({np.int64(1): 1604, np.int64(2): 1533, np.int64(0): 703})
==== Stage 3: Domain-invariant + HardNCE ====
epoch            total_loss       cls_loss         dis_loss         hard_loss       
0                1.4044785500     0.0371113792     0.9087797403     0.5095416307    
  Source acc: 1.000000  |  Target acc: 0.615625
  Best target acc: 0.625000

======== ROUND 47 ========  [Ablation: full]
==== Stage 1: SupCon Pre-training ====
epoch            total_loss       cls_loss        
0                0.0022452418     0.0022452418    
1                0.0030161627     0.0030161627    
==== Stage 2: Latent Domain PCL ====
epoch            total_loss       dis_loss         proto_loss       ent_pen_loss    
0                1.7965139151     1.5181221962     0.3768370450     0.0899732113    
Counter({np.int64(1): 1587, np.int64(2): 1542, np.int64(0): 711})
==== Stage 3: Domain-invariant + HardNCE ====
epoch            total_loss       cls_loss         dis_loss         hard_loss       
0                1.1471170187     0.0217256751     0.6512020230     0.5268771052    
  Source acc: 1.000000  |  Target acc: 0.606250
  Best target acc: 0.625000

======== ROUND 48 ========  [Ablation: full]
==== Stage 1: SupCon Pre-training ====
epoch            total_loss       cls_loss        
0                0.0009487401     0.0009487401    
1                0.0145222442     0.0145222442    
==== Stage 2: Latent Domain PCL ====
epoch            total_loss       dis_loss         proto_loss       ent_pen_loss    
0                1.3393634558     1.3071174622     0.0467996821     0.0088461293    
Counter({np.int64(1): 1566, np.int64(2): 1560, np.int64(0): 714})
==== Stage 3: Domain-invariant + HardNCE ====
epoch            total_loss       cls_loss         dis_loss         hard_loss       
0                1.0242915154     0.0130185327     0.4881677330     0.5812281370    
  Source acc: 1.000000  |  Target acc: 0.621875
  Best target acc: 0.625000

======== ROUND 49 ========  [Ablation: full]
==== Stage 1: SupCon Pre-training ====
epoch            total_loss       cls_loss        
0                0.0013345084     0.0013345084    
1                0.0336669274     0.0336669274    
==== Stage 2: Latent Domain PCL ====
epoch            total_loss       dis_loss         proto_loss       ent_pen_loss    
0                1.6213752031     1.4989943504     0.1550978422     0.0448319279    
Counter({np.int64(1): 1562, np.int64(2): 1561, np.int64(0): 717})
==== Stage 3: Domain-invariant + HardNCE ====
epoch            total_loss       cls_loss         dis_loss         hard_loss       
0                1.0662257671     0.0215878971     0.5560418963     0.5428843498    
  Source acc: 1.000000  |  Target acc: 0.609375
  Best target acc: 0.625000
[ConfMatrix] saved to log/sens_beta0.9_xrf_user_s1 (cm shape=(8, 8))

Results saved to log/sens_beta0.9_xrf_user_s1
acc.txt: log/sens_beta0.9_xrf_user_s1/acc.txt
bestacc.txt: log/sens_beta0.9_xrf_user_s1/bestacc.txt
