[Seed] global random seed set to 0

[Ablation Mode] full
[XRF55Dataset] loaded 3840 samples from 1 dirs
[XRF55Dataset] loaded 960 samples from 1 dirs
[XRF55Dataset] loaded 3840 samples from 1 dirs
Train set size: 3840 samples, 120 batches
Test set size:  960 samples, 30 batches
Source eval size: 3840 samples

[Direction Sensitivity] Manual weights (dir_w=0.5): {0: 0.0, 1: 0.5, 2: 0.5, 3: 0.5, 4: 0.5, 5: 0.5, 6: 0.5, 7: 0.5}

======== ROUND 0 ========  [Ablation: full]
==== Stage 1: SupCon Pre-training ====
epoch            total_loss       cls_loss         supcon_loss     
0                4.7047142982     1.4544365406     6.5005555153    
1                3.4184577465     0.6844966412     5.4679222107    
==== Stage 2: Latent Domain PCL ====
epoch            total_loss       dis_loss         proto_loss       ent_pen_loss    
0                2.5318531990     2.2318532467     0.0000000000     0.3000000119    
Counter({np.int64(2): 1901, np.int64(0): 1130, np.int64(1): 809})
==== Stage 3: Domain-invariant + HardNCE ====
epoch            total_loss       cls_loss         dis_loss         hard_loss       
0                2.2680358887     1.2472493649     0.5611168146     0.6566711664    
  Source acc: 0.779427  |  Target acc: 0.532292
  Best target acc: 0.532292

======== ROUND 1 ========  [Ablation: full]
==== Stage 1: SupCon Pre-training ====
epoch            total_loss       cls_loss         supcon_loss     
0                3.7582929134     0.8293468356     5.8578920364    
1                3.7975196838     0.7377225757     6.1195940971    
==== Stage 2: Latent Domain PCL ====
epoch            total_loss       dis_loss         proto_loss       ent_pen_loss    
0                2.1952521801     1.9810956717     0.3961496651     0.0160816163    
Counter({np.int64(0): 2151, np.int64(1): 1000, np.int64(2): 689})
==== Stage 3: Domain-invariant + HardNCE ====
epoch            total_loss       cls_loss         dis_loss         hard_loss       
0                1.6170184612     0.5361692905     0.5499768257     0.7583889961    
  Source acc: 0.771615  |  Target acc: 0.447917
  Best target acc: 0.532292

======== ROUND 2 ========  [Ablation: full]
==== Stage 1: SupCon Pre-training ====
epoch            total_loss       cls_loss         supcon_loss     
0                3.6478292942     0.9317795634     5.4320993423    
1                3.5346736908     0.7140029073     5.6413416862    
==== Stage 2: Latent Domain PCL ====
epoch            total_loss       dis_loss         proto_loss       ent_pen_loss    
0                1.9464595318     1.8054140806     0.2601879835     0.0109514743    
Counter({np.int64(2): 1467, np.int64(0): 1292, np.int64(1): 1081})
==== Stage 3: Domain-invariant + HardNCE ====
epoch            total_loss       cls_loss         dis_loss         hard_loss       
0                1.7899278402     0.4690663517     0.7985217571     0.7461996078    
  Source acc: 0.913281  |  Target acc: 0.551042
  Best target acc: 0.551042

======== ROUND 3 ========  [Ablation: full]
==== Stage 1: SupCon Pre-training ====
epoch            total_loss       cls_loss        
0                0.3971120715     0.3971120715    
1                0.5074522495     0.5074522495    
==== Stage 2: Latent Domain PCL ====
epoch            total_loss       dis_loss         proto_loss       ent_pen_loss    
0                1.9316618443     1.7473018169     0.3649178743     0.0019012074    
Counter({np.int64(0): 1511, np.int64(2): 1505, np.int64(1): 824})
==== Stage 3: Domain-invariant + HardNCE ====
epoch            total_loss       cls_loss         dis_loss         hard_loss       
0                1.2629151344     0.3445857167     0.4790672958     0.6275172830    
  Source acc: 0.960938  |  Target acc: 0.583333
  Best target acc: 0.583333

======== ROUND 4 ========  [Ablation: full]
==== Stage 1: SupCon Pre-training ====
epoch            total_loss       cls_loss        
0                0.3173959553     0.3173959553    
1                0.1039479226     0.1039479226    
==== Stage 2: Latent Domain PCL ====
epoch            total_loss       dis_loss         proto_loss       ent_pen_loss    
0                2.0531082153     1.8121727705     0.4477335513     0.0170687120    
Counter({np.int64(0): 1492, np.int64(2): 1410, np.int64(1): 938})
==== Stage 3: Domain-invariant + HardNCE ====
epoch            total_loss       cls_loss         dis_loss         hard_loss       
0                1.2253061533     0.3412015438     0.4188781679     0.6646091938    
  Source acc: 0.962240  |  Target acc: 0.592708
  Best target acc: 0.592708

======== ROUND 5 ========  [Ablation: full]
==== Stage 1: SupCon Pre-training ====
epoch            total_loss       cls_loss        
0                0.2159443498     0.2159443498    
1                0.2025441825     0.2025441825    
==== Stage 2: Latent Domain PCL ====
epoch            total_loss       dis_loss         proto_loss       ent_pen_loss    
0                1.8706555367     1.7621573210     0.1993040442     0.0088461619    
Counter({np.int64(0): 1424, np.int64(2): 1397, np.int64(1): 1019})
==== Stage 3: Domain-invariant + HardNCE ====
epoch            total_loss       cls_loss         dis_loss         hard_loss       
0                1.3663456440     0.3261774182     0.6368930340     0.5761073232    
  Source acc: 0.974219  |  Target acc: 0.535417
  Best target acc: 0.592708

======== ROUND 6 ========  [Ablation: full]
==== Stage 1: SupCon Pre-training ====
epoch            total_loss       cls_loss        
0                0.2433500886     0.2433500886    
1                0.2822275162     0.2822275162    
==== Stage 2: Latent Domain PCL ====
epoch            total_loss       dis_loss         proto_loss       ent_pen_loss    
0                1.8514398336     1.7381577492     0.2175983042     0.0044829613    
Counter({np.int64(0): 1493, np.int64(2): 1283, np.int64(1): 1064})
==== Stage 3: Domain-invariant + HardNCE ====
epoch            total_loss       cls_loss         dis_loss         hard_loss       
0                1.3026695251     0.1968958527     0.6902328134     0.5936298966    
  Source acc: 0.977344  |  Target acc: 0.517708
  Best target acc: 0.592708

======== ROUND 7 ========  [Ablation: full]
==== Stage 1: SupCon Pre-training ====
epoch            total_loss       cls_loss        
0                0.3234844804     0.3234844804    
1                0.1615128815     0.1615128815    
==== Stage 2: Latent Domain PCL ====
epoch            total_loss       dis_loss         proto_loss       ent_pen_loss    
0                1.8983700275     1.7070884705     0.3735972047     0.0044829613    
Counter({np.int64(2): 1881, np.int64(1): 1040, np.int64(0): 919})
==== Stage 3: Domain-invariant + HardNCE ====
epoch            total_loss       cls_loss         dis_loss         hard_loss       
0                1.3936610222     0.3954167962     0.5338779688     0.6633803248    
  Source acc: 0.974219  |  Target acc: 0.572917
  Best target acc: 0.592708

======== ROUND 8 ========  [Ablation: full]
==== Stage 1: SupCon Pre-training ====
epoch            total_loss       cls_loss        
0                0.0734248534     0.0734248534    
1                0.0992755368     0.0992755368    
==== Stage 2: Latent Domain PCL ====
epoch            total_loss       dis_loss         proto_loss       ent_pen_loss    
0                2.0045149326     1.6930615902     0.5036977530     0.0596044362    
Counter({np.int64(2): 1748, np.int64(0): 1077, np.int64(1): 1015})
==== Stage 3: Domain-invariant + HardNCE ====
epoch            total_loss       cls_loss         dis_loss         hard_loss       
0                1.2928895950     0.2595637739     0.6402121782     0.5615907907    
  Source acc: 0.973177  |  Target acc: 0.537500
  Best target acc: 0.592708

======== ROUND 9 ========  [Ablation: full]
==== Stage 1: SupCon Pre-training ====
epoch            total_loss       cls_loss        
0                0.0962747335     0.0962747335    
1                0.1214757860     0.1214757860    
==== Stage 2: Latent Domain PCL ====
epoch            total_loss       dis_loss         proto_loss       ent_pen_loss    
0                1.9903825521     1.7839391232     0.3951944113     0.0088461619    
Counter({np.int64(0): 1452, np.int64(2): 1280, np.int64(1): 1108})
==== Stage 3: Domain-invariant + HardNCE ====
epoch            total_loss       cls_loss         dis_loss         hard_loss       
0                1.3470821381     0.1850679368     0.7142545581     0.6396566629    
  Source acc: 0.978646  |  Target acc: 0.523958
  Best target acc: 0.592708

======== ROUND 10 ========  [Ablation: full]
==== Stage 1: SupCon Pre-training ====
epoch            total_loss       cls_loss        
0                0.0603343360     0.0603343360    
1                0.0184806045     0.0184806045    
==== Stage 2: Latent Domain PCL ====
epoch            total_loss       dis_loss         proto_loss       ent_pen_loss    
0                1.3429110050     1.2611417770     0.1531486511     0.0051949215    
Counter({np.int64(2): 1366, np.int64(0): 1308, np.int64(1): 1166})
==== Stage 3: Domain-invariant + HardNCE ====
epoch            total_loss       cls_loss         dis_loss         hard_loss       
0                1.0270496607     0.0483542606     0.5464314818     0.6175198555    
  Source acc: 0.999740  |  Target acc: 0.620833
  Best target acc: 0.620833

======== ROUND 11 ========  [Ablation: full]
==== Stage 1: SupCon Pre-training ====
epoch            total_loss       cls_loss        
0                0.0538209975     0.0538209975    
1                0.1599985957     0.1599985957    
==== Stage 2: Latent Domain PCL ====
epoch            total_loss       dis_loss         proto_loss       ent_pen_loss    
0                1.3896234035     1.2185279131     0.3383885622     0.0019012074    
Counter({np.int64(2): 1720, np.int64(1): 1363, np.int64(0): 757})
==== Stage 3: Domain-invariant + HardNCE ====
epoch            total_loss       cls_loss         dis_loss         hard_loss       
0                1.2957391739     0.0588058569     0.8464075327     0.5578939915    
  Source acc: 1.000000  |  Target acc: 0.596875
  Best target acc: 0.620833

======== ROUND 12 ========  [Ablation: full]
==== Stage 1: SupCon Pre-training ====
epoch            total_loss       cls_loss        
0                0.0510740206     0.0510740206    
1                0.0222742874     0.0222742874    
==== Stage 2: Latent Domain PCL ====
epoch            total_loss       dis_loss         proto_loss       ent_pen_loss    
0                1.5287241936     1.2503420115     0.5363340378     0.0102151651    
Counter({np.int64(2): 1844, np.int64(1): 1166, np.int64(0): 830})
==== Stage 3: Domain-invariant + HardNCE ====
epoch            total_loss       cls_loss         dis_loss         hard_loss       
0                1.5613011122     0.0776101798     1.0802680254     0.5763185024    
  Source acc: 1.000000  |  Target acc: 0.597917
  Best target acc: 0.620833

======== ROUND 13 ========  [Ablation: full]
==== Stage 1: SupCon Pre-training ====
epoch            total_loss       cls_loss        
0                0.1108336151     0.1108336151    
1                0.0440854914     0.0440854914    
==== Stage 2: Latent Domain PCL ====
epoch            total_loss       dis_loss         proto_loss       ent_pen_loss    
0                1.4720269442     1.2290077209     0.4600964487     0.0129710762    
Counter({np.int64(2): 1481, np.int64(1): 1469, np.int64(0): 890})
==== Stage 3: Domain-invariant + HardNCE ====
epoch            total_loss       cls_loss         dis_loss         hard_loss       
0                1.5870625973     0.2639244199     0.8915255666     0.6165895462    
  Source acc: 1.000000  |  Target acc: 0.621875
  Best target acc: 0.621875

======== ROUND 14 ========  [Ablation: full]
==== Stage 1: SupCon Pre-training ====
epoch            total_loss       cls_loss        
0                0.0285624564     0.0285624564    
1                0.0353969969     0.0353969969    
==== Stage 2: Latent Domain PCL ====
epoch            total_loss       dis_loss         proto_loss       ent_pen_loss    
0                1.7321863174     1.5108480453     0.4322866797     0.0051949215    
Counter({np.int64(1): 1481, np.int64(2): 1432, np.int64(0): 927})
==== Stage 3: Domain-invariant + HardNCE ====
epoch            total_loss       cls_loss         dis_loss         hard_loss       
0                1.2327647209     0.0574754998     0.7825534940     0.5610511303    
  Source acc: 1.000000  |  Target acc: 0.601042
  Best target acc: 0.621875

======== ROUND 15 ========  [Ablation: full]
==== Stage 1: SupCon Pre-training ====
epoch            total_loss       cls_loss        
0                0.0102435900     0.0102435900    
1                0.0189056471     0.0189056471    
==== Stage 2: Latent Domain PCL ====
epoch            total_loss       dis_loss         proto_loss       ent_pen_loss    
0                2.0634298325     1.9336111546     0.1970895231     0.0312737636    
Counter({np.int64(1): 1496, np.int64(2): 1330, np.int64(0): 1014})
==== Stage 3: Domain-invariant + HardNCE ====
epoch            total_loss       cls_loss         dis_loss         hard_loss       
0                1.2731890678     0.1454108357     0.7061425447     0.6023366451    
  Source acc: 1.000000  |  Target acc: 0.628125
  Best target acc: 0.628125

======== ROUND 16 ========  [Ablation: full]
==== Stage 1: SupCon Pre-training ====
epoch            total_loss       cls_loss        
0                0.0232498292     0.0232498292    
1                0.0587772131     0.0587772131    
==== Stage 2: Latent Domain PCL ====
epoch            total_loss       dis_loss         proto_loss       ent_pen_loss    
0                2.2000937462     2.0853073597     0.1700141281     0.0297794305    
Counter({np.int64(1): 1457, np.int64(2): 1342, np.int64(0): 1041})
==== Stage 3: Domain-invariant + HardNCE ====
epoch            total_loss       cls_loss         dis_loss         hard_loss       
0                1.1128909588     0.0377903879     0.7047234178     0.5291102529    
  Source acc: 1.000000  |  Target acc: 0.606250
  Best target acc: 0.628125

======== ROUND 17 ========  [Ablation: full]
==== Stage 1: SupCon Pre-training ====
epoch            total_loss       cls_loss        
0                0.0155303348     0.0155303348    
1                0.0174195003     0.0174195003    
==== Stage 2: Latent Domain PCL ====
epoch            total_loss       dis_loss         proto_loss       ent_pen_loss    
0                2.3651020527     2.1624333858     0.3834344149     0.0109514743    
Counter({np.int64(1): 1400, np.int64(2): 1330, np.int64(0): 1110})
==== Stage 3: Domain-invariant + HardNCE ====
epoch            total_loss       cls_loss         dis_loss         hard_loss       
0                1.1674381495     0.0385933444     0.6972945333     0.6165003777    
  Source acc: 1.000000  |  Target acc: 0.597917
  Best target acc: 0.628125

======== ROUND 18 ========  [Ablation: full]
==== Stage 1: SupCon Pre-training ====
epoch            total_loss       cls_loss        
0                0.0092588570     0.0092588570    
1                0.1013633609     0.1013633609    
==== Stage 2: Latent Domain PCL ====
epoch            total_loss       dis_loss         proto_loss       ent_pen_loss    
0                2.6335947514     2.4578747749     0.3410500884     0.0051949215    
Counter({np.int64(1): 1397, np.int64(2): 1345, np.int64(0): 1098})
==== Stage 3: Domain-invariant + HardNCE ====
epoch            total_loss       cls_loss         dis_loss         hard_loss       
0                1.2834409475     0.0569947027     0.8272618055     0.5702635050    
  Source acc: 1.000000  |  Target acc: 0.627083
  Best target acc: 0.628125

======== ROUND 19 ========  [Ablation: full]
==== Stage 1: SupCon Pre-training ====
epoch            total_loss       cls_loss        
0                0.0094540827     0.0094540827    
1                0.0129668899     0.0129668899    
==== Stage 2: Latent Domain PCL ====
epoch            total_loss       dis_loss         proto_loss       ent_pen_loss    
0                2.4218487740     2.2234609127     0.3790837526     0.0088461619    
Counter({np.int64(2): 1398, np.int64(1): 1352, np.int64(0): 1090})
==== Stage 3: Domain-invariant + HardNCE ====
epoch            total_loss       cls_loss         dis_loss         hard_loss       
0                1.1966524124     0.0573510788     0.7244980931     0.5925760865    
  Source acc: 1.000000  |  Target acc: 0.607292
  Best target acc: 0.628125

======== ROUND 20 ========  [Ablation: full]
==== Stage 1: SupCon Pre-training ====
epoch            total_loss       cls_loss        
0                0.0193806607     0.0193806607    
1                0.0036258460     0.0036258460    
==== Stage 2: Latent Domain PCL ====
epoch            total_loss       dis_loss         proto_loss       ent_pen_loss    
0                2.3387372494     2.2087609768     0.2310871780     0.0144325616    
Counter({np.int64(1): 1407, np.int64(2): 1361, np.int64(0): 1072})
==== Stage 3: Domain-invariant + HardNCE ====
epoch            total_loss       cls_loss         dis_loss         hard_loss       
0                1.1896699667     0.0325217769     0.7840768099     0.5329591036    
  Source acc: 1.000000  |  Target acc: 0.612500
  Best target acc: 0.628125

======== ROUND 21 ========  [Ablation: full]
==== Stage 1: SupCon Pre-training ====
epoch            total_loss       cls_loss        
0                0.0410130247     0.0410130247    
1                0.0220775921     0.0220775921    
==== Stage 2: Latent Domain PCL ====
epoch            total_loss       dis_loss         proto_loss       ent_pen_loss    
0                2.2495079041     2.1652843952     0.1537657380     0.0073407623    
Counter({np.int64(1): 1421, np.int64(2): 1319, np.int64(0): 1100})
==== Stage 3: Domain-invariant + HardNCE ====
epoch            total_loss       cls_loss         dis_loss         hard_loss       
0                1.3319338560     0.0438729823     0.8880977035     0.5713759661    
  Source acc: 1.000000  |  Target acc: 0.606250
  Best target acc: 0.628125

======== ROUND 22 ========  [Ablation: full]
==== Stage 1: SupCon Pre-training ====
epoch            total_loss       cls_loss        
0                0.0305170696     0.0305170696    
1                0.0088779591     0.0088779591    
==== Stage 2: Latent Domain PCL ====
epoch            total_loss       dis_loss         proto_loss       ent_pen_loss    
0                2.5588755608     2.4405174255     0.2263264656     0.0051949215    
Counter({np.int64(1): 1404, np.int64(2): 1324, np.int64(0): 1112})
==== Stage 3: Domain-invariant + HardNCE ====
epoch            total_loss       cls_loss         dis_loss         hard_loss       
0                1.3147264719     0.0279187001     0.8861804605     0.5723247528    
  Source acc: 1.000000  |  Target acc: 0.618750
  Best target acc: 0.628125

======== ROUND 23 ========  [Ablation: full]
==== Stage 1: SupCon Pre-training ====
epoch            total_loss       cls_loss        
0                0.0136184758     0.0136184758    
1                0.0415609889     0.0415609889    
==== Stage 2: Latent Domain PCL ====
epoch            total_loss       dis_loss         proto_loss       ent_pen_loss    
0                2.5055992603     2.3678650856     0.2411661893     0.0171511024    
Counter({np.int64(1): 1386, np.int64(2): 1332, np.int64(0): 1122})
==== Stage 3: Domain-invariant + HardNCE ====
epoch            total_loss       cls_loss         dis_loss         hard_loss       
0                1.3692309856     0.0156537946     0.9402728677     0.5904346704    
  Source acc: 1.000000  |  Target acc: 0.627083
  Best target acc: 0.628125

======== ROUND 24 ========  [Ablation: full]
==== Stage 1: SupCon Pre-training ====
epoch            total_loss       cls_loss        
0                0.0102783935     0.0102783935    
1                0.0160741471     0.0160741471    
==== Stage 2: Latent Domain PCL ====
epoch            total_loss       dis_loss         proto_loss       ent_pen_loss    
0                2.3549003601     2.2317583561     0.2441913486     0.0010464388    
Counter({np.int64(1): 1426, np.int64(2): 1319, np.int64(0): 1095})
==== Stage 3: Domain-invariant + HardNCE ====
epoch            total_loss       cls_loss         dis_loss         hard_loss       
0                1.2041363716     0.0314904153     0.7794186473     0.5617533326    
  Source acc: 1.000000  |  Target acc: 0.626042
  Best target acc: 0.628125

======== ROUND 25 ========  [Ablation: full]
==== Stage 1: SupCon Pre-training ====
epoch            total_loss       cls_loss        
0                0.0037375307     0.0037375307    
1                0.0086382702     0.0086382702    
==== Stage 2: Latent Domain PCL ====
epoch            total_loss       dis_loss         proto_loss       ent_pen_loss    
0                2.2933390141     2.0728647709     0.4066464007     0.0171511024    
Counter({np.int64(1): 1427, np.int64(2): 1307, np.int64(0): 1106})
==== Stage 3: Domain-invariant + HardNCE ====
epoch            total_loss       cls_loss         dis_loss         hard_loss       
0                1.4569272995     0.0280222632     1.0378526449     0.5586462021    
  Source acc: 1.000000  |  Target acc: 0.615625
  Best target acc: 0.628125

======== ROUND 26 ========  [Ablation: full]
==== Stage 1: SupCon Pre-training ====
epoch            total_loss       cls_loss        
0                0.0373616777     0.0373616777    
1                0.0096892398     0.0096892398    
==== Stage 2: Latent Domain PCL ====
epoch            total_loss       dis_loss         proto_loss       ent_pen_loss    
0                2.2636005878     2.1960508823     0.1247095019     0.0051949215    
Counter({np.int64(1): 1423, np.int64(2): 1346, np.int64(0): 1071})
==== Stage 3: Domain-invariant + HardNCE ====
epoch            total_loss       cls_loss         dis_loss         hard_loss       
0                1.1205030680     0.0249673426     0.7295573354     0.5228261948    
  Source acc: 1.000000  |  Target acc: 0.627083
  Best target acc: 0.628125

======== ROUND 27 ========  [Ablation: full]
==== Stage 1: SupCon Pre-training ====
epoch            total_loss       cls_loss        
0                0.0553283840     0.0553283840    
1                0.0128329229     0.0128329229    
==== Stage 2: Latent Domain PCL ====
epoch            total_loss       dis_loss         proto_loss       ent_pen_loss    
0                2.4092988968     2.3057203293     0.1852540672     0.0109514743    
Counter({np.int64(1): 1475, np.int64(2): 1308, np.int64(0): 1057})
==== Stage 3: Domain-invariant + HardNCE ====
epoch            total_loss       cls_loss         dis_loss         hard_loss       
0                1.1884870529     0.0204650983     0.7720401883     0.5656882524    
  Source acc: 1.000000  |  Target acc: 0.618750
  Best target acc: 0.628125

======== ROUND 28 ========  [Ablation: full]
==== Stage 1: SupCon Pre-training ====
epoch            total_loss       cls_loss        
0                0.0149593567     0.0149593567    
1                0.0054922784     0.0054922784    
==== Stage 2: Latent Domain PCL ====
epoch            total_loss       dis_loss         proto_loss       ent_pen_loss    
0                2.4550969601     2.3355488777     0.2370034605     0.0010464388    
Counter({np.int64(1): 1438, np.int64(2): 1295, np.int64(0): 1107})
==== Stage 3: Domain-invariant + HardNCE ====
epoch            total_loss       cls_loss         dis_loss         hard_loss       
0                1.3614695072     0.0185552165     0.9482612610     0.5637900829    
  Source acc: 1.000000  |  Target acc: 0.614583
  Best target acc: 0.628125

======== ROUND 29 ========  [Ablation: full]
==== Stage 1: SupCon Pre-training ====
epoch            total_loss       cls_loss        
0                0.0042299656     0.0042299656    
1                0.0172898397     0.0172898397    
==== Stage 2: Latent Domain PCL ====
epoch            total_loss       dis_loss         proto_loss       ent_pen_loss    
0                2.3279936314     2.2292284966     0.1379713416     0.0297794305    
Counter({np.int64(1): 1451, np.int64(2): 1292, np.int64(0): 1097})
==== Stage 3: Domain-invariant + HardNCE ====
epoch            total_loss       cls_loss         dis_loss         hard_loss       
0                1.0928694010     0.0908752233     0.6216280460     0.5433802605    
  Source acc: 1.000000  |  Target acc: 0.627083
  Best target acc: 0.628125

======== ROUND 30 ========  [Ablation: full]
==== Stage 1: SupCon Pre-training ====
epoch            total_loss       cls_loss        
0                0.0019642874     0.0019642874    
1                0.0335278735     0.0335278735    
==== Stage 2: Latent Domain PCL ====
epoch            total_loss       dis_loss         proto_loss       ent_pen_loss    
0                2.1327824593     2.0471277237     0.1623435318     0.0044829613    
Counter({np.int64(1): 1466, np.int64(2): 1289, np.int64(0): 1085})
==== Stage 3: Domain-invariant + HardNCE ====
epoch            total_loss       cls_loss         dis_loss         hard_loss       
0                1.0665475130     0.0269516557     0.6369761229     0.5751709938    
  Source acc: 1.000000  |  Target acc: 0.611458
  Best target acc: 0.628125

======== ROUND 31 ========  [Ablation: full]
==== Stage 1: SupCon Pre-training ====
epoch            total_loss       cls_loss        
0                0.0049448651     0.0049448651    
1                0.0055052890     0.0055052890    
==== Stage 2: Latent Domain PCL ====
epoch            total_loss       dis_loss         proto_loss       ent_pen_loss    
0                2.0769245625     2.0225677490     0.0983237773     0.0051949215    
Counter({np.int64(1): 1502, np.int64(2): 1263, np.int64(0): 1075})
==== Stage 3: Domain-invariant + HardNCE ====
epoch            total_loss       cls_loss         dis_loss         hard_loss       
0                1.1281421185     0.0256663784     0.6927878857     0.5852684975    
  Source acc: 1.000000  |  Target acc: 0.616667
  Best target acc: 0.628125

======== ROUND 32 ========  [Ablation: full]
==== Stage 1: SupCon Pre-training ====
epoch            total_loss       cls_loss        
0                0.0058135018     0.0058135018    
1                0.0353971161     0.0353971161    
==== Stage 2: Latent Domain PCL ====
epoch            total_loss       dis_loss         proto_loss       ent_pen_loss    
0                1.9987955093     1.9428192377     0.0972710699     0.0073407623    
Counter({np.int64(1): 1490, np.int64(2): 1255, np.int64(0): 1095})
==== Stage 3: Domain-invariant + HardNCE ====
epoch            total_loss       cls_loss         dis_loss         hard_loss       
0                1.1594573259     0.0451901332     0.7335129380     0.5439345837    
  Source acc: 1.000000  |  Target acc: 0.622917
  Best target acc: 0.628125

======== ROUND 33 ========  [Ablation: full]
==== Stage 1: SupCon Pre-training ====
epoch            total_loss       cls_loss        
0                0.0051106038     0.0051106038    
1                0.0144514125     0.0144514125    
==== Stage 2: Latent Domain PCL ====
epoch            total_loss       dis_loss         proto_loss       ent_pen_loss    
0                2.1744680405     2.1340305805     0.0740949512     0.0033900046    
Counter({np.int64(1): 1486, np.int64(2): 1269, np.int64(0): 1085})
==== Stage 3: Domain-invariant + HardNCE ====
epoch            total_loss       cls_loss         dis_loss         hard_loss       
0                1.1361334324     0.0265748091     0.7414053082     0.5259333849    
  Source acc: 1.000000  |  Target acc: 0.609375
  Best target acc: 0.628125

======== ROUND 34 ========  [Ablation: full]
==== Stage 1: SupCon Pre-training ====
epoch            total_loss       cls_loss        
0                0.0726071373     0.0726071373    
1                0.0026732606     0.0026732606    
==== Stage 2: Latent Domain PCL ====
epoch            total_loss       dis_loss         proto_loss       ent_pen_loss    
0                2.4005856514     2.2070288658     0.3528112173     0.0171511024    
Counter({np.int64(1): 1473, np.int64(2): 1270, np.int64(0): 1097})
==== Stage 3: Domain-invariant + HardNCE ====
epoch            total_loss       cls_loss         dis_loss         hard_loss       
0                1.1218338013     0.0244510137     0.7420806885     0.5075744390    
  Source acc: 1.000000  |  Target acc: 0.617708
  Best target acc: 0.628125

======== ROUND 35 ========  [Ablation: full]
==== Stage 1: SupCon Pre-training ====
epoch            total_loss       cls_loss        
0                0.0042126710     0.0042126710    
1                0.0044742851     0.0044742851    
==== Stage 2: Latent Domain PCL ====
epoch            total_loss       dis_loss         proto_loss       ent_pen_loss    
0                2.3173847198     2.1270980835     0.3601424992     0.0102151651    
Counter({np.int64(1): 1496, np.int64(2): 1256, np.int64(0): 1088})
==== Stage 3: Domain-invariant + HardNCE ====
epoch            total_loss       cls_loss         dis_loss         hard_loss       
0                0.9895903468     0.0366328917     0.5839874744     0.5270999670    
  Source acc: 1.000000  |  Target acc: 0.603125
  Best target acc: 0.628125

======== ROUND 36 ========  [Ablation: full]
==== Stage 1: SupCon Pre-training ====
epoch            total_loss       cls_loss        
0                0.0339969397     0.0339969397    
1                0.0127105350     0.0127105350    
==== Stage 2: Latent Domain PCL ====
epoch            total_loss       dis_loss         proto_loss       ent_pen_loss    
0                2.3353462219     2.2217335701     0.1970460117     0.0150896702    
Counter({np.int64(1): 1486, np.int64(2): 1262, np.int64(0): 1092})
==== Stage 3: Domain-invariant + HardNCE ====
epoch            total_loss       cls_loss         dis_loss         hard_loss       
0                1.4516230822     0.0450860411     0.9853103161     0.6017524600    
  Source acc: 1.000000  |  Target acc: 0.610417
  Best target acc: 0.628125

======== ROUND 37 ========  [Ablation: full]
==== Stage 1: SupCon Pre-training ====
epoch            total_loss       cls_loss        
0                0.0052288659     0.0052288659    
1                0.0033371663     0.0033371663    
==== Stage 2: Latent Domain PCL ====
epoch            total_loss       dis_loss         proto_loss       ent_pen_loss    
0                2.4083943367     2.0964608192     0.5458999872     0.0389836691    
Counter({np.int64(1): 1441, np.int64(2): 1280, np.int64(0): 1119})
==== Stage 3: Domain-invariant + HardNCE ====
epoch            total_loss       cls_loss         dis_loss         hard_loss       
0                1.1481227875     0.0625706837     0.6994266510     0.5516077280    
  Source acc: 1.000000  |  Target acc: 0.610417
  Best target acc: 0.628125

======== ROUND 38 ========  [Ablation: full]
==== Stage 1: SupCon Pre-training ====
epoch            total_loss       cls_loss        
0                0.0019452182     0.0019452182    
1                0.0013232186     0.0013232186    
==== Stage 2: Latent Domain PCL ====
epoch            total_loss       dis_loss         proto_loss       ent_pen_loss    
0                2.0183947086     1.9504859447     0.1181256771     0.0088461293    
Counter({np.int64(1): 1500, np.int64(2): 1241, np.int64(0): 1099})
==== Stage 3: Domain-invariant + HardNCE ====
epoch            total_loss       cls_loss         dis_loss         hard_loss       
0                0.9854040742     0.0553148910     0.5574958324     0.5322762132    
  Source acc: 1.000000  |  Target acc: 0.627083
  Best target acc: 0.628125

======== ROUND 39 ========  [Ablation: full]
==== Stage 1: SupCon Pre-training ====
epoch            total_loss       cls_loss        
0                0.0186483543     0.0186483543    
1                0.0199872032     0.0199872032    
==== Stage 2: Latent Domain PCL ====
epoch            total_loss       dis_loss         proto_loss       ent_pen_loss    
0                2.1357216835     2.0074510574     0.2544484735     0.0010464388    
Counter({np.int64(1): 1446, np.int64(2): 1246, np.int64(0): 1148})
==== Stage 3: Domain-invariant + HardNCE ====
epoch            total_loss       cls_loss         dis_loss         hard_loss       
0                1.1055760384     0.0264860727     0.6945980191     0.5492740870    
  Source acc: 1.000000  |  Target acc: 0.622917
  Best target acc: 0.628125

======== ROUND 40 ========  [Ablation: full]
==== Stage 1: SupCon Pre-training ====
epoch            total_loss       cls_loss        
0                0.0128688812     0.0128688812    
1                0.0066704890     0.0066704890    
==== Stage 2: Latent Domain PCL ====
epoch            total_loss       dis_loss         proto_loss       ent_pen_loss    
0                2.0521295071     1.9815218449     0.1374128610     0.0019012074    
Counter({np.int64(1): 1456, np.int64(2): 1232, np.int64(0): 1152})
==== Stage 3: Domain-invariant + HardNCE ====
epoch            total_loss       cls_loss         dis_loss         hard_loss       
0                0.9093942046     0.0336553752     0.4578756392     0.5969474316    
  Source acc: 1.000000  |  Target acc: 0.602083
  Best target acc: 0.628125

======== ROUND 41 ========  [Ablation: full]
==== Stage 1: SupCon Pre-training ====
epoch            total_loss       cls_loss        
0                0.0362202898     0.0362202898    
1                0.0092730895     0.0092730895    
==== Stage 2: Latent Domain PCL ====
epoch            total_loss       dis_loss         proto_loss       ent_pen_loss    
0                2.0841970444     1.9352937937     0.2635040879     0.0171511024    
Counter({np.int64(1): 1464, np.int64(2): 1242, np.int64(0): 1134})
==== Stage 3: Domain-invariant + HardNCE ====
epoch            total_loss       cls_loss         dis_loss         hard_loss       
0                1.0499277115     0.0357783437     0.6466869712     0.5249462128    
  Source acc: 1.000000  |  Target acc: 0.623958
  Best target acc: 0.628125

======== ROUND 42 ========  [Ablation: full]
==== Stage 1: SupCon Pre-training ====
epoch            total_loss       cls_loss        
0                0.0140606929     0.0140606929    
1                0.0026905711     0.0026905711    
==== Stage 2: Latent Domain PCL ====
epoch            total_loss       dis_loss         proto_loss       ent_pen_loss    
0                2.1836960316     1.9132604599     0.4392980039     0.0507864021    
Counter({np.int64(1): 1481, np.int64(2): 1209, np.int64(0): 1150})
==== Stage 3: Domain-invariant + HardNCE ====
epoch            total_loss       cls_loss         dis_loss         hard_loss       
0                1.0373690128     0.0343889147     0.6151713729     0.5540125370    
  Source acc: 1.000000  |  Target acc: 0.628125
  Best target acc: 0.628125

======== ROUND 43 ========  [Ablation: full]
==== Stage 1: SupCon Pre-training ====
epoch            total_loss       cls_loss        
0                0.0018641420     0.0018641420    
1                0.0152511289     0.0152511289    
==== Stage 2: Latent Domain PCL ====
epoch            total_loss       dis_loss         proto_loss       ent_pen_loss    
0                2.0009970665     1.9441207647     0.0878102332     0.0129710762    
Counter({np.int64(1): 1477, np.int64(0): 1200, np.int64(2): 1163})
==== Stage 3: Domain-invariant + HardNCE ====
epoch            total_loss       cls_loss         dis_loss         hard_loss       
0                1.0936768055     0.0237702057     0.6765596271     0.5619242191    
  Source acc: 1.000000  |  Target acc: 0.614583
  Best target acc: 0.628125

======== ROUND 44 ========  [Ablation: full]
==== Stage 1: SupCon Pre-training ====
epoch            total_loss       cls_loss        
0                0.0020037065     0.0020037065    
1                0.0421514139     0.0421514139    
==== Stage 2: Latent Domain PCL ====
epoch            total_loss       dis_loss         proto_loss       ent_pen_loss    
0                1.9804265499     1.8157083988     0.2972730398     0.0160816163    
Counter({np.int64(1): 1485, np.int64(0): 1188, np.int64(2): 1167})
==== Stage 3: Domain-invariant + HardNCE ====
epoch            total_loss       cls_loss         dis_loss         hard_loss       
0                1.3152203560     0.2465034127     0.7491528392     0.4565200806    
  Source acc: 1.000000  |  Target acc: 0.629167
  Best target acc: 0.629167

======== ROUND 45 ========  [Ablation: full]
==== Stage 1: SupCon Pre-training ====
epoch            total_loss       cls_loss        
0                0.0672791600     0.0672791600    
1                0.0070455582     0.0070455582    
==== Stage 2: Latent Domain PCL ====
epoch            total_loss       dis_loss         proto_loss       ent_pen_loss    
0                1.9649763107     1.9333329201     0.0413836315     0.0109514743    
Counter({np.int64(1): 1478, np.int64(0): 1202, np.int64(2): 1160})
==== Stage 3: Domain-invariant + HardNCE ====
epoch            total_loss       cls_loss         dis_loss         hard_loss       
0                0.9649432898     0.0192986242     0.5818172693     0.5197533965    
  Source acc: 1.000000  |  Target acc: 0.609375
  Best target acc: 0.629167

======== ROUND 46 ========  [Ablation: full]
==== Stage 1: SupCon Pre-training ====
epoch            total_loss       cls_loss        
0                0.0304841641     0.0304841641    
1                0.0035470766     0.0035470766    
==== Stage 2: Latent Domain PCL ====
epoch            total_loss       dis_loss         proto_loss       ent_pen_loss    
0                1.9527995586     1.7648365498     0.3499839306     0.0129710762    
Counter({np.int64(1): 1441, np.int64(0): 1259, np.int64(2): 1140})
==== Stage 3: Domain-invariant + HardNCE ====
epoch            total_loss       cls_loss         dis_loss         hard_loss       
0                1.2257770300     0.1410436779     0.6921034455     0.5608998537    
  Source acc: 1.000000  |  Target acc: 0.608333
  Best target acc: 0.629167

======== ROUND 47 ========  [Ablation: full]
==== Stage 1: SupCon Pre-training ====
epoch            total_loss       cls_loss        
0                0.0110908970     0.0110908970    
1                0.0017324497     0.0017324497    
==== Stage 2: Latent Domain PCL ====
epoch            total_loss       dis_loss         proto_loss       ent_pen_loss    
0                1.8754857779     1.8321545124     0.0776966214     0.0044829613    
Counter({np.int64(1): 1481, np.int64(0): 1259, np.int64(2): 1100})
==== Stage 3: Domain-invariant + HardNCE ====
epoch            total_loss       cls_loss         dis_loss         hard_loss       
0                1.1795976162     0.0299034454     0.7600633502     0.5566155314    
  Source acc: 1.000000  |  Target acc: 0.611458
  Best target acc: 0.629167

======== ROUND 48 ========  [Ablation: full]
==== Stage 1: SupCon Pre-training ====
epoch            total_loss       cls_loss        
0                0.0088233734     0.0088233734    
1                0.0292310175     0.0292310175    
==== Stage 2: Latent Domain PCL ====
epoch            total_loss       dis_loss         proto_loss       ent_pen_loss    
0                1.9006773233     1.8120496273     0.1767161191     0.0002696014    
Counter({np.int64(1): 1450, np.int64(0): 1310, np.int64(2): 1080})
==== Stage 3: Domain-invariant + HardNCE ====
epoch            total_loss       cls_loss         dis_loss         hard_loss       
0                1.0695924759     0.0430770665     0.6643431783     0.5173889399    
  Source acc: 1.000000  |  Target acc: 0.605208
  Best target acc: 0.629167

======== ROUND 49 ========  [Ablation: full]
==== Stage 1: SupCon Pre-training ====
epoch            total_loss       cls_loss        
0                0.0098408200     0.0098408200    
1                0.0098107094     0.0098107094    
==== Stage 2: Latent Domain PCL ====
epoch            total_loss       dis_loss         proto_loss       ent_pen_loss    
0                1.8307067156     1.7050824165     0.2335562706     0.0088461619    
Counter({np.int64(1): 1427, np.int64(0): 1372, np.int64(2): 1041})
==== Stage 3: Domain-invariant + HardNCE ====
epoch            total_loss       cls_loss         dis_loss         hard_loss       
0                1.1260234118     0.0267600622     0.6887883544     0.5863928795    
  Source acc: 1.000000  |  Target acc: 0.606250
  Best target acc: 0.629167
[ConfMatrix] saved to log/sens_beta0.7_xrf_user_s0 (cm shape=(8, 8))

Results saved to log/sens_beta0.7_xrf_user_s0
acc.txt: log/sens_beta0.7_xrf_user_s0/acc.txt
bestacc.txt: log/sens_beta0.7_xrf_user_s0/bestacc.txt
